[  276.774˙......


[70]HELLO! BOOT0 is starting!
[73]BOOT0 commit : {9f6fab4f-dirty}
[87]dram_para_total:0xf
[89]vaild para:6  select dram para0
[93][mmc]: mmc driver ver 2024-03-20 10:36
[103][mmc]: Wrong media type 0x0
[106][mmc]: ***Try SD card 0***
[121][mmc]: HSSDR52/SDR25 4 bit
[124][mmc]: 50000000 Hz
[126][mmc]: 119850 MB
[128][mmc]: ***SD/MMC 0 init OK!!!***
[134]DRAM BOOT DRIVE INFO: V0.601
[139]DRAM_VCC set to 560 mv
[141]DRAM CLK =2400 MHZ
[144]DRAM Type =9 (8:LPDDR4,9:LPDDR5)
[296]Training result is = 7
[299]DRAM Pstate 1 training, frequency is 1200 Mhz
[481]Training result is = 7
[483]DRAM Pstate 2 training, frequency is 800 Mhz
[831]Training result is = 7
[834]DRAM Pstate 3 training, frequency is 400 Mhz
[919]Training result is = 7
[922]DRAM Pstate 0 training, frequency is 2400 Mhz
[930]Actual DRAM SIZE =4096 M
[933]DRAM SIZE =4096 MBytes, para1 = a0fa, para2 = 10001001, dram_tpr13 = 65
[948]DRAM simple test OK.
[950]key press : 
[958]error:bad magic.
[1022]error: dtb not found for scp
[1025]mmc not para
[1027]Jump to ATF: monitor_base = 0x48000000, uboot_base = 0x4a000000, optee_base = 0x0
NOTICE:  BL31: OP-TEE 32bit detected
NOTICE:  BL31: U-BOOT 32bit detected
NOTICE:  BL31: v2.5(debug):5fc237a6a
NOTICE:  BL31: Built : 09:05:28, Feb 26 2025
NOTICE:  BL31: No DTB found.
ERROR:   Error initializing runtime service opteed_fast


U-Boot 2018.07-12-boot-aw2501-gb2d229198b2-dirty (Jan 06 2026 - 03:45:33 +0000) Allwinner Technology

[01.078]CPU:   Allwinner Family
[01.081]Model: Radxa Cubie A7A
I2C:   ready
[01.142]DRAM:  4 GiB
[01.151]Relocation Offset is: 75d89000
[01.201]secure enable bit: 0
[01.205]PMU: AXP8191
[01.207]PMU: AXP8191 VER_A
FDT ERROR:fdt_get_regulator_name:get property handle twi-supply error:FDT_ERR_INTERNAL
[01.218]bmu_axp515_probe pmic_bus_read fail
[01.222][AXP8191] onoff status: 0x50 = 0x1, 0x51 = 0x0
[01.227][AXP8191] charge status: 0x4 = 0x0
[01.231]CPU=1014 MHz,PLL6=1200 Mhz,AHB=200 Mhz, APB1=24Mhz  MBus=600Mhz
[01.237]gic: sec monitor mode
SPI ALL:   ready
[01.281]flash init start
[01.284]workmode = 0,storage type = 1
[01.287][mmc]: mmc driver ver uboot2018:2024-10-18 9:01:00 -- uboot2018:2025-03-28 10:03:00
[01.295][mmc]: get sdc_type fail and use default host:tm1.
[01.303][mmc]: can't find node "mmc0",will add new node
[01.308][mmc]: fdt err returned <no error>
[01.312][mmc]: Using default timing para
[01.315][mmc]: SUNXI SDMMC Controller Version:0x50530
[01.338][mmc]: card_caps:0x3000000a
[01.341][mmc]: host_caps:0x3000003f
[01.345]sunxi flash init ok
get value error
[01.355]Loading Environment from SUNXI_FLASH... OK
No ethernet found.
[01.392]NOT support bridge yet
[01.395]Warn: no find panel or bridge
[01.399]hdmi0@5520000 disconnected
[01.402]drm hdmi get mode: 1920x1080@60Hz
hdmi0@5520000: use force output detailed mode clock 148500 kHz, flags[5]
    H: 1920 2008 2052 2200
    V: 1080 1084 1089 1125
bus_format: 0
clk_set_rate: <NULL> has NULL parent
[01.504]suxni tcon hdmi set rate: 148500000Hz and get diff: -148500000Hz
[01.576]the secure storage item0 copy0 magic is bad
[01.587]the secure storage item0 copy1 magic is bad
[01.592]usb burn from boot
delay time 0
[01.598]usb prepare ok
[01.901]overtime
[01.905]do_burn_from_boot usb : no usb exist
skip update boot_param
cann't get the boot_base from the env
[01.918]update part info
[01.923]battery temp is -1
[01.928]update bootcmd
[01.936](not enough data: expected >= 8 cells, got 4 cells)
Link up timeout
Speed change timeout
PCIe speed of Gen1
Override default fdtfile to allwinner/sun60i-a733-cubie-a7s.dtb
[04.380]libfdt fdt_check_header(): FDT_ERR_BADMAGIC
[04.386]libfdt fdt_path_offset() returned FDT_ERR_BADMAGIC
[04.392][mmc]: get sunxi-mmc0 string failed
[04.396]The storage not support sample function
[04.402]## error: update_fdt_dram_para_from_bootpara : FDT_ERR_NOTFOUND
ret 0
[04.412]chip id : 0x00005100 0x00004900 0x0000c418 0x000022d4
[04.418]mac addr => 08:51:49:dc:f6:6c
[04.421]chip id : 0x00005100 0x00004900 0x0000c418 0x000022d4
[04.427]mac addr => 08:51:49:dc:f6:6d
[04.431]/chosen/rng-seed node not exit
[04.434]no battery, disabled battery functons
[04.439]Could not find nodeoffset for bat_supply
[04.443]update dts
curr_device:0
Device: SUNXI SD/MMC
Manufacturer ID: ad
OEM: 4c53
Name: USD00 
Bus Speed: 50000000
Mode : SD High Speed (50MHz)
Rd Block Len: 512
SD version 3.0
High Capacity: Yes
Capacity: 117 GiB
Bus Width: 4-bit
Erase Group Size: 512 Bytes
[ufs]info:Driver version 0.0.24 2024.12.30 16:00
[ufs]info:Cal words 0x60:val 0xac5e0000, 0x64:val 0x4d1da478
[ufs]err:uic c 16,uic a 0,1,0
[ufs]err:e 80000010,0,0,0,0
[ufs]err:int s 0,400
[ufs]err:Device not present
[ufs]err:wait device link startup failed
[ufs]info:peer link startup timeout
[ufs]info:Cal words 0x60:val 0xac5e0000, 0x64:val 0x4d1da478
[ufs]err:uic c 16,uic a 0,1,0
[ufs]err:e 80000010,0,0,0,0
[ufs]err:int s 0,400
[ufs]err:Device not present
[ufs]err:wait device link startup failed
[ufs]info:peer link startup timeout
[ufs]info:Cal words 0x60:val 0xac5e0000, 0x64:val 0x4d1da478
[ufs]err:uic c 16,uic a 0,1,0
[ufs]err:e 80000010,0,0,0,0
[ufs]err:int s 0,400
[ufs]err:Device not present
[ufs]err:wait device link startup failed
[ufs]info:peer link startup timeout
[ufs]info:Cal words 0x60:val 0xac5e0000, 0x64:val 0x4d1da478
[ufs]err:uic c 16,uic a 0,1,0
[ufs]err:e 80000010,0,0,0,0
[ufs]err:int s 0,400
[ufs]err:Device not present
[ufs]err:wait device link startup failed
[ufs]info:peer link startup timeout
[ufs]err:link startup failed -6
[ufs]err:ufshcd_probe() failed -6
fail to init ufs
sunxi_flash - sunxi_flash sub-system

Usage:
sunxi_flash sunxi_flash init storage_type
sunxi_flash read mem_addr part_name [size]
sunxi_flash read_mtd mem_addr part_name [size]
sunxi_flash write <mem_addr> <part_name> [size]
sunxi_flash write <mem_addr> <part_name> [offset] [size]
sunxi_flash write_mtd <mem_addr> <part_name>
sunxi_flash boot0 force_dram_update_size <new_val> 
sunxi_flash boot0 force_dram_update_flag <new_val> 

Hit any key to stop autoboot:  0 
=> <INTERRUPT>
=> <INTERRUPT>
=> <INTERRUPT>
=> <INTERRUPT>
=> <INTERRUPT>
=> <INTERRUPT>
=> <INTERRUPT>
=> <INTERRUPT>
=> <INTERRUPT>
=> <INTERRUPT>
=> <INTERRUPT>
=> <INTERRUPT>
=> <INTERRUPT>
=> <INTERRUPT>
=> <INTERRUPT>
=> <INTERRUPT>
=> <INTERRUPT>
=> <INTERRUPT>
=> <INTERRUPT>
=> <INTERRUPT>
=> <INTERRUPT>
=> <INTERRUPT>
=> <INTERRUPT>
=> <INTERRUPT>
=> <INTERRUPT>
=> setenv drm_debug 1
=> mmc dev 0
mmc0 is current device
=> mmc rescan
[05.535][mmc]: card_caps:0x3000000a
[05.538][mmc]: host_caps:0x3000003f
=> part list mmc 0

Partition Map for MMC device 0  --   Partition Type: EFI

Part	Start LBA	End LBA		Name
	Attributes
	Type GUID
	Partition GUID
  1	0x00008000	0x0000ffff	"primary"
	attrs:	0x0000000000000000
	type:	0fc63daf-8483-4772-8e79-3d69d8477de4
	guid:	0d30537f-ad9b-4bc3-b2f6-73066b8c4e39
  2	0x00010000	0x000a5fff	"primary"
	attrs:	0x0000000000000004
	type:	c12a7328-f81f-11d2-ba4b-00a0c93ec93b
	guid:	988049b8-f471-470d-ae91-a5d78cc7605d
  3	0x000a6000	0x0ea14fde	"primary"
	attrs:	0x0000000000000004
	type:	0fc63daf-8483-4772-8e79-3d69d8477de4
	guid:	db375e07-7682-4d4e-b8bc-a923dd0b027e
=> ext4load mmc 0:3 0x40080000 /boot/cthu/Image
43244032 bytes read in 1809 ms (22.8 MiB/s)
=> echo kernel_filesize=${filesize}
kernel_filesize=293da00
=> ext4load mmc 0:3 0x4fa00000 /boot/cthu/a733.dtb
4705 bytes read in 24 ms (191.4 KiB/s)
=> echo fdt_filesize=${filesize}
fdt_filesize=1261
=> fdt addr 0x4fa00000
=> fdt header
magic:			0xd00dfeed
totalsize:		0x1261 (4705)
off_dt_struct:		0x38
off_dt_strings:		0xffc
off_mem_rsvmap:		0x28
version:		17
last_comp_version:	16
boot_cpuid_phys:	0x0
size_dt_strings:	0x265
size_dt_struct:		0xfc4
number mem_rsv:		0x0

=> setenv bootargs console=ttyS0,115200n8 earlycon=uart8250,mmio32,0x02500000 loglevel=8 ignore_loglevel drm_debug=1 root=PARTUUID=db375e07-7682-4d4e-b8bc-a923dd0b027e rootfstype=ext4 rootwait ro rootflags=noload init=/bin/sh
=> booti 0x40080000 - 0x4fa00000
[07.965]libfdt fdt_path_offset() returned FDT_ERR_BADMAGIC
[07.970][mmc]: get sunxi-mmc0 string failed
[07.974]## error: sunxi_update_fdt_para_for_kernel : FDT_ERR_BADPATH
[07.980]The storage not support sample function
[07.984]## error: update_fdt_dram_para_from_bootpara : FDT_ERR_NOTFOUND
drm debug mode: 1 
[07.992]mac addr => 08:51:49:dc:f6:6c
[07.996]mac addr => 08:51:49:dc:f6:6d
[07.999]no battery, disabled battery functons
[08.003]Could not find nodeoffset for bat_supply
[08.008]update dts
[08.010]Starting kernel ...

[08.012]total: 8012 ms

[08.014][mmc]: MMC Device 2 not found
[08.018][mmc]: mmc 2 not find, so not exit
NOTICE:  [SCP] :wait arisc ready....
NOTICE:  [SCP] :arisc version: [d463b9da43dc50320f21ba51c6c51afe2db20d83]
NOTICE:  [SCP] :arisc startup ready
NOTICE:  [SCP] :arisc startup notify message feedback
NOTICE:  [SCP] :sunxi-arisc driver is starting
NOTICE:  BL3-1: Next image address = 0x40200000
NOTICE:  BL3-1: Next image spsr = 0x3c5
[    0.000000] Booting Linux on physical CPU 0x0000000000 [0x412fd050]
[    0.000000] Linux version 7.1.0-rc5-00232-g118de0368623 (enzo@strix) (aarch64-linux-gnu-gcc (Ubuntu 15.2.0-16ubuntu1) 15.2.0, GNU ld (GNU Binutils for Ubuntu) 2.46) #1 SMP PREEMPT Wed Jun 10 04:30:19 EDT 2026
[    0.000000] KASLR disabled due to lack of seed
[    0.000000] random: crng init done
[    0.000000] Machine model: Radxa Cubie A7S
[    0.000000] earlycon: uart8250 at MMIO32 0x0000000002500000 (options '')
[    0.000000] printk: legacy bootconsole [uart8250] enabled
[    0.000000] printk: debug: ignoring loglevel setting.
[    0.000000] efi: UEFI not found.
[    0.000000] OF: reserved mem: Reserved memory: No reserved-memory node in the DT
[    0.000000] NUMA: Faking a node at [mem 0x0000000040000000-0x000000013fffffff]
[    0.000000] NODE_DATA(0) allocated [mem 0x13f801d40-0x13f80443f]
[    0.000000] cma: Reserved 32 MiB at 0x00000000fe000000
[    0.000000] psci: probing for conduit method from DT.
[    0.000000] psci: PSCIv1.1 detected in firmware.
[    0.000000] psci: Using standard PSCI v0.2 function IDs
[    0.000000] psci: MIGRATE_INFO_TYPE not supported.
[    0.000000] psci: SMC Calling Convention v1.2
[    0.000000] Zone ranges:
[    0.000000]   DMA      [mem 0x0000000040000000-0x00000000ffffffff]
[    0.000000]   DMA32    empty
[    0.000000]   Normal   [mem 0x0000000100000000-0x000000013fffffff]
[    0.000000] Movable zone start for each node
[    0.000000] Early memory node ranges
[    0.000000]   node   0: [mem 0x0000000040000000-0x000000013fffffff]
[    0.000000] Initmem setup node 0 [mem 0x0000000040000000-0x000000013fffffff]
[    0.000000] percpu: Embedded 26 pages/cpu s66520 r8192 d31784 u106496
[    0.000000] pcpu-alloc: s66520 r8192 d31784 u106496 alloc=26*4096
[    0.000000] pcpu-alloc: [0] 0 [0] 1 [0] 2 [0] 3 [0] 4 [0] 5 [0] 6 [0] 7 
[    0.000000] Detected VIPT I-cache on CPU0
[    0.000000] CPU features: detected: GICv3 CPU interface
[    0.000000] CPU features: detected: ARM errata 1165522, 1319367, or 1530923
[    0.000000] alternatives: applying boot alternatives
[    0.000000] Kernel command line: console=ttyS0,115200n8 earlycon=uart8250,mmio32,0x02500000 loglevel=8 ignore_loglevel drm_debug=1 root=PARTUUID=db375e07-7682-4d4e-b8bc-a923dd0b027e rootfstype=ext4 rootwait ro rootflags=noload init=/bin/sh
[    0.000000] Unknown kernel command line parameters "drm_debug=1", will be passed to user space.
[    0.000000] printk: log buffer data + meta data: 131072 + 458752 = 589824 bytes
[    0.000000] Dentry cache hash table entries: 524288 (order: 10, 4194304 bytes, linear)
[    0.000000] Inode-cache hash table entries: 262144 (order: 9, 2097152 bytes, linear)
[    0.000000] software IO TLB: area num 8.
[    0.000000] software IO TLB: mapped [mem 0x00000000fa000000-0x00000000fe000000] (64MB)
[    0.000000] Fallback order for Node 0: 0 
[    0.000000] Built 1 zonelists, mobility grouping on.  Total pages: 1048576
[    0.000000] Policy zone: Normal
[    0.000000] mem auto-init: stack:all(zero), heap alloc:off, heap free:off
[    0.000000] SLUB: HWalign=64, Order=0-3, MinObjects=0, CPUs=8, Nodes=1
[    0.000000] rcu: Preemptible hierarchical RCU implementation.
[    0.000000] rcu: 	RCU event tracing is enabled.
[    0.000000] rcu: 	RCU restricting CPUs from NR_CPUS=512 to nr_cpu_ids=8.
[    0.000000] 	Trampoline variant of Tasks RCU enabled.
[    0.000000] 	Tracing variant of Tasks RCU enabled.
[    0.000000] rcu: RCU calculated value of scheduler-enlistment delay is 25 jiffies.
[    0.000000] rcu: Adjusting geometry for rcu_fanout_leaf=16, nr_cpu_ids=8
[    0.000000] RCU Tasks: Setting shift to 3 and lim to 1 rcu_task_cb_adjust=1 rcu_task_cpu_ids=8.
[    0.000000] NR_IRQS: 64, nr_irqs: 64, preallocated irqs: 0
[    0.000000] GICv3: 256 SPIs implemented
[    0.000000] GICv3: 0 Extended SPIs implemented
[    0.000000] Root IRQ handler: gic_handle_irq
[    0.000000] GICv3: GICv3 features: 16 PPIs
[    0.000000] GICv3: GICD_CTLR.DS=0, SCR_EL3.FIQ=0
[    0.000000] GICv3: CPU0: found redistributor 0 region 0:0x0000000003460000
[    0.000000] ITS: No ITS available, not enabling LPIs
[    0.000000] rcu: srcu_init: Setting srcu_struct sizes based on contention.
[    0.000000] arch_timer: cp15 timer running at 24.00MHz (virt).
[    0.000000] clocksource: arch_sys_counter: mask: 0xffffffffffffff max_cycles: 0x588fe9dc0, max_idle_ns: 440795202592 ns
[    0.000000] sched_clock: 56 bits at 24MHz, resolution 41ns, wraps every 4398046511097ns
[    0.008352] Console: colour dummy device 80x25
[    0.012898] Calibrating delay loop (skipped), value calculated using timer frequency.. 48.00 BogoMIPS (lpj=96000)
[    0.023171] pid_max: default: 32768 minimum: 301
[    0.028077] Mount-cache hash table entries: 8192 (order: 4, 65536 bytes, linear)
[    0.035517] Mountpoint-cache hash table entries: 8192 (order: 4, 65536 bytes, linear)
[    0.043640] VFS: Finished mounting rootfs on nullfs
[    0.049297] cacheinfo: Unable to detect cache hierarchy for CPU 0
[    0.056381] rcu: Hierarchical SRCU implementation.
[    0.061206] rcu: 	Max phase no-delay instances is 1000.
[    0.066653] Timer migration: 1 hierarchy levels; 8 children per group; 1 crossnode level
[    0.075152] EFI services will not be available.
[    0.080018] smp: Bringing up secondary CPUs ...
[    0.085065] Detected VIPT I-cache on CPU1
[    0.085128] GICv3: CPU1: found redistributor 100 region 0:0x0000000003480000
[    0.085168] CPU1: Booted secondary processor 0x0000000100 [0x412fd050]
[    0.085768] Detected VIPT I-cache on CPU2
[    0.085824] GICv3: CPU2: found redistributor 200 region 0:0x00000000034a0000
[    0.085859] CPU2: Booted secondary processor 0x0000000200 [0x412fd050]
[    0.086418] Detected VIPT I-cache on CPU3
[    0.086466] GICv3: CPU3: found redistributor 300 region 0:0x00000000034c0000
[    0.086495] CPU3: Booted secondary processor 0x0000000300 [0x412fd050]
[    0.087048] Detected VIPT I-cache on CPU4
[    0.087095] GICv3: CPU4: found redistributor 400 region 0:0x00000000034e0000
[    0.087122] CPU4: Booted secondary processor 0x0000000400 [0x412fd050]
[    0.087693] Detected VIPT I-cache on CPU5
[    0.087742] GICv3: CPU5: found redistributor 500 region 0:0x0000000003500000
[    0.087769] CPU5: Booted secondary processor 0x0000000500 [0x412fd050]
[    0.088340] CPU features: detected: Spectre-v4
[    0.088346] CPU features: detected: Spectre-BHB
[    0.088351] CPU features: detected: SSBS not fully self-synchronizing
[    0.088353] Detected PIPT I-cache on CPU6
[    0.088383] GICv3: CPU6: found redistributor 600 region 0:0x0000000003520000
[    0.088399] CPU6: Booted secondary processor 0x0000000600 [0x414fd0b1]
[    0.088948] Detected PIPT I-cache on CPU7
[    0.088982] GICv3: CPU7: found redistributor 700 region 0:0x0000000003540000
[    0.089000] CPU7: Booted secondary processor 0x0000000700 [0x414fd0b1]
[    0.089083] smp: Brought up 1 node, 8 CPUs
[    0.231773] SMP: Total of 8 processors activated.
[    0.236500] CPU: All CPU(s) started at EL1
[    0.240641] CPU features: detected: 32-bit EL0 Support
[    0.245797] CPU features: detected: Data cache clean to the PoU not required for I/D coherence
[    0.254436] CPU features: detected: Common not Private translations
[    0.260738] CPU features: detected: CRC32 instructions
[    0.265897] CPU features: detected: RCpc load-acquire (LDAPR)
[    0.271657] CPU features: detected: LSE atomic instructions
[    0.277236] CPU features: detected: Privileged Access Never
[    0.282813] CPU features: detected: PMUv3
[    0.286821] CPU features: detected: RAS Extension Support
[    0.292228] CPU features: detected: XNX
[    0.296060] CPU features: detected: Speculative Store Bypassing Safe (SSBS)
[    0.303077] alternatives: applying system-wide alternatives
[    0.312498] CPU features: detected: Hardware dirty bit management on CPU6-7
[    0.319919] Memory: 3966244K/4194304K available (18880K kernel code, 5302K rwdata, 14508K rodata, 3392K init, 718K bss, 190672K reserved, 32768K cma-reserved)
[    0.335544] devtmpfs: initialized
[    0.343472] clocksource: jiffies: mask: 0xffffffff max_cycles: 0xffffffff, max_idle_ns: 7645041785100000 ns
[    0.353278] posixtimers hash table entries: 4096 (order: 4, 65536 bytes, linear)
[    0.360766] futex hash table entries: 2048 (131072 bytes on 1 NUMA nodes, total 128 KiB, linear).
[    0.369976] 22000 pages in range for non-PLT usage
[    0.369983] 513520 pages in range for PLT usage
[    0.376593] DMI: not present or invalid.
[    0.387842] NET: Registered PF_NETLINK/PF_ROUTE protocol family
[    0.394754] DMA: preallocated 512 KiB GFP_KERNEL pool for atomic allocations
[    0.401983] DMA: preallocated 512 KiB GFP_KERNEL|GFP_DMA pool for atomic allocations
[    0.409780] audit: initializing netlink subsys (disabled)
[    0.415319] audit: type=2000 audit(0.264:1): state=initialized audit_enabled=0 res=1
[    0.416271] thermal_sys: Registered thermal governor 'step_wise'
[    0.423164] thermal_sys: Registered thermal governor 'power_allocator'
[    0.429257] cpuidle: using governor menu
[    0.439988] hw-breakpoint: found 6 breakpoint and 4 watchpoint registers.
[    0.446965] ASID allocator initialised with 65536 entries
[    0.454759] Serial: AMBA PL011 UART driver
[    0.460718] /soc/clock-controller@2002000: Fixed dependency cycle(s) with /soc/rtc@7090000
[    0.469035] /soc/clock-controller@7010000: Fixed dependency cycle(s) with /soc/clock-controller@2002000
[    0.478453] /soc/clock-controller@7010000: Fixed dependency cycle(s) with /soc/rtc@7090000
[    0.486744] /soc/rtc@7090000: Fixed dependency cycle(s) with /soc/clock-controller@7010000
[    0.496024] /soc/clock-controller@2002000: Fixed dependency cycle(s) with /soc/rtc@7090000
[    0.505760] /soc/clock-controller@7010000: Fixed dependency cycle(s) with /soc/clock-controller@2002000
[    0.515238] /soc/clock-controller@7010000: Fixed dependency cycle(s) with /soc/rtc@7090000
[    0.523901] /soc/clock-controller@7010000: Fixed dependency cycle(s) with /soc/rtc@7090000
[    0.532257] /soc/clock-controller@2002000: Fixed dependency cycle(s) with /soc/rtc@7090000
[    0.540639] /soc/rtc@7090000: Fixed dependency cycle(s) with /soc/clock-controller@7010000
[    0.550496] HugeTLB: registered 1.00 GiB page size, pre-allocated 0 pages
[    0.557323] HugeTLB: 0 KiB vmemmap can be freed for a 1.00 GiB page
[    0.563606] HugeTLB: registered 32.0 MiB page size, pre-allocated 0 pages
[    0.570417] HugeTLB: 0 KiB vmemmap can be freed for a 32.0 MiB page
[    0.576700] HugeTLB: registered 2.00 MiB page size, pre-allocated 0 pages
[    0.583492] HugeTLB: 0 KiB vmemmap can be freed for a 2.00 MiB page
[    0.589775] HugeTLB: registered 64.0 KiB page size, pre-allocated 0 pages
[    0.596569] HugeTLB: 0 KiB vmemmap can be freed for a 64.0 KiB page
[    0.604779] ACPI: Interpreter disabled.
[    0.610372] iommu: Default domain type: Translated
[    0.615181] iommu: DMA domain TLB invalidation policy: strict mode
[    0.622171] SCSI subsystem initialized
[    0.626088] libata version 3.00 loaded.
[    0.630168] usbcore: registered new interface driver usbfs
[    0.635725] usbcore: registered new interface driver hub
[    0.641076] usbcore: registered new device driver usb
[    0.646588] pps_core: LinuxPPS API ver. 1 registered
[    0.651584] pps_core: Software ver. 5.3.6 - Copyright 2005-2007 Rodolfo Giometti <giometti@linux.it>
[    0.660723] PTP clock support registered
[    0.664800] EDAC MC: Ver: 3.0.0
[    0.668231] scmi_core: SCMI protocol bus registered
[    0.673780] FPGA manager framework
[    0.678332] vgaarb: loaded
[    0.681433] clocksource: Switched to clocksource arch_sys_counter
[    0.687860] VFS: Disk quotas dquot_6.6.0
[    0.691819] VFS: Dquot-cache hash table entries: 512 (order 0, 4096 bytes)
[    0.699072] pnp: PnP ACPI: disabled
[    0.709396] NET: Registered PF_INET protocol family
[    0.714439] IP idents hash table entries: 65536 (order: 7, 524288 bytes, linear)
[    0.724957] tcp_listen_portaddr_hash hash table entries: 2048 (order: 3, 32768 bytes, linear)
[    0.733548] Table-perturb hash table entries: 65536 (order: 6, 262144 bytes, linear)
[    0.741293] TCP established hash table entries: 32768 (order: 6, 262144 bytes, linear)
[    0.749439] TCP bind hash table entries: 32768 (order: 8, 1048576 bytes, linear)
[    0.757596] TCP: Hash tables configured (established 32768 bind 32768)
[    0.764231] UDP hash table entries: 2048 (order: 5, 131072 bytes, linear)
[    0.771253] NET: Registered PF_UNIX/PF_LOCAL protocol family
[    0.777307] RPC: Registered named UNIX socket transport module.
[    0.783241] RPC: Registered udp transport module.
[    0.787956] RPC: Registered tcp transport module.
[    0.792670] RPC: Registered tcp-with-tls transport module.
[    0.798156] RPC: Registered tcp NFSv4.1 backchannel transport module.
[    0.804604] PCI: CLS 0 bytes, default 64
[    0.809018] kvm [1]: HYP mode not available
[    0.814419] Initialise system trusted keyrings
[    0.819044] workingset: timestamp_bits=42 (anon: 38) max_order=20 bucket_order=0 (anon: 0)
[    0.827735] squashfs: version 4.0 (2009/01/31) Phillip Lougher
[    0.833845] NFS: Registering the id_resolver key type
[    0.838929] Key type id_resolver registered
[    0.843126] Key type id_legacy registered
[    0.847189] nfs4filelayout_init: NFSv4 File Layout Driver Registering...
[    0.853910] nfs4flexfilelayout_init: NFSv4 Flexfile Layout Driver Registering...
[    0.861512] 9p: Installing v9fs 9p2000 file system support
[    0.867205] Key type asymmetric registered
[    0.871326] Asymmetric key parser 'x509' registered
[    0.876285] Block layer SCSI generic (bsg) driver version 0.4 loaded (major 244)
[    0.883686] io scheduler mq-deadline registered
[    0.888222] io scheduler kyber registered
[    0.892291] io scheduler bfq registered
[    0.903463] ledtrig-cpu: registered to indicate activity on CPUs
[    0.942646] Serial: 8250/16550 driver, 4 ports, IRQ sharing enabled
[    0.952818] msm_serial: driver initialized
[    0.957525] SuperH (H)SCI(F) driver initialized
[    0.962172] STM32 USART driver initialized
[    0.975101] loop: module loaded
[    0.979386] megasas: 07.734.00.00-rc1
[    0.988980] tun: Universal TUN/TAP device driver, 1.6
[    0.994791] thunder_xcv, ver 1.0
[    0.998118] thunder_bgx, ver 1.0
[    1.001419] nicpf, ver 1.0
[    1.005365] e1000: Intel(R) PRO/1000 Network Driver
[    1.010267] e1000: Copyright (c) 1999-2006 Intel Corporation.
[    1.016059] e1000e: Intel(R) PRO/1000 Network Driver
[    1.021036] e1000e: Copyright(c) 1999 - 2015 Intel Corporation.
[    1.027004] igb: Intel(R) Gigabit Ethernet Network Driver
[    1.032416] igb: Copyright (c) 2007-2014 Intel Corporation.
[    1.038057] igbvf: Intel(R) Gigabit Virtual Function Network Driver
[    1.044328] igbvf: Copyright (c) 2009 - 2012 Intel Corporation.
[    1.050548] sky2: driver version 1.30
[    1.055399] VFIO - User Level meta-driver version: 0.3
[    1.063453] usbcore: registered new interface driver usb-storage
[    1.074552] sun6i-rtc 7090000.rtc: registered as rtc0
[    1.079662] sun6i-rtc 7090000.rtc: setting system clock to 1970-01-02T00:00:08 UTC (86408)
[    1.088497] i2c_dev: i2c /dev entries driver
[    1.102802] SMCCC: SOC_ID: ARCH_SOC_ID not implemented, skipping ....
[    1.110167] usbcore: registered new interface driver usbhid
[    1.115760] usbhid: USB HID core driver
[    1.126009] NET: Registered PF_INET6 protocol family
[    1.131727] Segment Routing with IPv6
[    1.135451] In-situ OAM (IOAM) with IPv6
[    1.139451] NET: Registered PF_PACKET protocol family
[    1.144583] 9pnet: Installing 9P2000 support
[    1.148928] Key type dns_resolver registered
[    1.165654] registered taskstats version 1
[    1.170360] Loading compiled-in X.509 certificates
[    1.185788] Demotion targets for Node 0: null
[    1.205780] gpio gpiochip0: Static allocation of GPIO base is deprecated, use dynamic allocation.
[    1.225763] sun60i-a733-pinctrl 2000000.pinctrl: initialized sunXi PIO driver
[    1.234930] sun60i-a733-pinctrl 2000000.pinctrl: supply vcc-pb not found, using dummy regulator
[    1.244199] printk: legacy console [ttyS0] disabled
[    1.269707] 2500000.serial: ttyS0 at MMIO 0x2500000 (irq = 344, base_baud = 1500000) is a 16550A
[    1.278558] printk: legacy console [ttyS0] enabled
[    1.278558] printk: legacy console [ttyS0] enabled
[    1.288169] printk: legacy bootconsole [uart8250] disabled
[    1.288169] printk: legacy bootconsole [uart8250] disabled
[    1.303287] sun60i-a733-pinctrl 2000000.pinctrl: supply vcc-pf not found, using dummy regulator
[    1.303673] clk: Disabling unused clocks
[    1.312236] sunxi-mmc 4020000.mmc: diag enable begin
[    1.315935] clk-unused: root-begin name=iosc parent=(none) rate=16000000 flags=0x40 enable=0 prepare=0
[    1.330191] clk-unused: child-begin name=iosc-32k parent=iosc rate=31250 flags=0x40 enable=0 prepare=0
[    1.339500] clk-unused: child-begin name=osc32k parent=iosc-32k rate=31250 flags=0x0 enable=0 prepare=0
[    1.348896] clk-unused: child-begin name=irrx parent=osc32k rate=31250 flags=0x0 enable=0 prepare=0
[    1.357950] clk-unused: enable-lock-begin name=irrx parent=osc32k rate=31250 flags=0x0 enable=0 prepare=0
[    1.367516] clk-unused: enable-lock-end name=irrx parent=osc32k rate=31250 flags=0x0 enable=0 prepare=0
[    1.376898] clk-unused: is-enabled-begin name=irrx parent=osc32k rate=31250 flags=0x0 enable=0 prepare=0
[    1.386367] clk-unused: is-enabled-false name=irrx parent=osc32k rate=31250 flags=0x0 enable=0 prepare=0
[    1.395836] clk-unused: unlock-begin name=irrx parent=osc32k rate=31250 flags=0x0 enable=0 prepare=0
[    1.404969] clk-unused: unlock-end name=irrx parent=osc32k rate=31250 flags=0x0 enable=0 prepare=0
[    1.413931] clk-unused: subtree-done name=irrx parent=osc32k rate=31250 flags=0x0 enable=0 prepare=0
[    1.423071] clk-unused: child-end name=irrx parent=osc32k rate=31250 flags=0x0 enable=0 prepare=0
[    1.431948] clk-unused: child-begin name=irtx parent=osc32k rate=31250 flags=0x0 enable=0 prepare=0
[    1.440992] clk-unused: enable-lock-begin name=irtx parent=osc32k rate=31250 flags=0x0 enable=0 prepare=0
[    1.450556] clk-unused: enable-lock-end name=irtx parent=osc32k rate=31250 flags=0x0 enable=0 prepare=0
[    1.459937] clk-unused: is-enabled-begin name=irtx parent=osc32k rate=31250 flags=0x0 enable=0 prepare=0
[    1.469405] clk-unused: is-enabled-false name=irtx parent=osc32k rate=31250 flags=0x0 enable=0 prepare=0
[    1.478873] clk-unused: unlock-begin name=irtx parent=osc32k rate=31250 flags=0x0 enable=0 prepare=0
[    1.488008] clk-unused: unlock-end name=irtx parent=osc32k rate=31250 flags=0x0 enable=0 prepare=0
[    1.496965] clk-unused: subtree-done name=irtx parent=osc32k rate=31250 flags=0x0 enable=0 prepare=0
[    1.506095] clk-unused: child-end name=irtx parent=osc32k rate=31250 flags=0x0 enable=0 prepare=0
[    1.514965] clk-unused: child-begin name=sgpio parent=osc32k rate=31250 flags=0x0 enable=0 prepare=0
[    1.524096] clk-unused: enable-lock-begin name=sgpio parent=osc32k rate=31250 flags=0x0 enable=0 prepare=0
[    1.533746] clk-unused: enable-lock-end name=sgpio parent=osc32k rate=31250 flags=0x0 enable=0 prepare=0
[    1.543214] clk-unused: is-enabled-begin name=sgpio parent=osc32k rate=31250 flags=0x0 enable=0 prepare=0
[    1.552768] clk-unused: is-enabled-false name=sgpio parent=osc32k rate=31250 flags=0x0 enable=0 prepare=0
[    1.562322] clk-unused: unlock-begin name=sgpio parent=osc32k rate=31250 flags=0x0 enable=0 prepare=0
[    1.571550] clk-unused: unlock-end name=sgpio parent=osc32k rate=31250 flags=0x0 enable=0 prepare=0
[    1.580609] clk-unused: subtree-done name=sgpio parent=osc32k rate=31250 flags=0x0 enable=0 prepare=0
[    1.589831] clk-unused: child-end name=sgpio parent=osc32k rate=31250 flags=0x0 enable=0 prepare=0
[    1.598788] clk-unused: child-begin name=usb2-suspend parent=osc32k rate=31250 flags=0x0 enable=0 prepare=0
[    1.608527] clk-unused: enable-lock-begin name=usb2-suspend parent=osc32k rate=31250 flags=0x0 enable=0 prepare=0
[    1.618793] clk-unused: enable-lock-end name=usb2-suspend parent=osc32k rate=31250 flags=0x0 enable=0 prepare=0
[    1.628868] clk-unused: is-enabled-begin name=usb2-suspend parent=osc32k rate=31250 flags=0x0 enable=0 prepare=0
[    1.639030] clk-unused: is-enabled-false name=usb2-suspend parent=osc32k rate=31250 flags=0x0 enable=0 prepare=0
[    1.649191] clk-unused: unlock-begin name=usb2-suspend parent=osc32k rate=31250 flags=0x0 enable=0 prepare=0
[    1.659018] clk-unused: unlock-end name=usb2-suspend parent=osc32k rate=31250 flags=0x0 enable=0 prepare=0
[    1.668669] clk-unused: subtree-done name=usb2-suspend parent=osc32k rate=31250 flags=0x0 enable=0 prepare=0
[    1.678492] clk-unused: child-end name=usb2-suspend parent=osc32k rate=31250 flags=0x0 enable=0 prepare=0
[    1.688056] clk-unused: child-begin name=hdmi-cec parent=osc32k rate=31250 flags=0x0 enable=0 prepare=0
[    1.697450] clk-unused: enable-lock-begin name=hdmi-cec parent=osc32k rate=31250 flags=0x0 enable=0 prepare=0
[    1.707361] clk-unused: enable-lock-end name=hdmi-cec parent=osc32k rate=31250 flags=0x0 enable=0 prepare=0
[    1.717089] clk-unused: is-enabled-begin name=hdmi-cec parent=osc32k rate=31250 flags=0x0 enable=0 prepare=0
[    1.726903] clk-unused: is-enabled-false name=hdmi-cec parent=osc32k rate=31250 flags=0x0 enable=0 prepare=0
[    1.736718] clk-unused: unlock-begin name=hdmi-cec parent=osc32k rate=31250 flags=0x0 enable=0 prepare=0
[    1.746197] clk-unused: unlock-end name=hdmi-cec parent=osc32k rate=31250 flags=0x0 enable=0 prepare=0
[    1.755500] clk-unused: subtree-done name=hdmi-cec parent=osc32k rate=31250 flags=0x0 enable=0 prepare=0
[    1.764977] clk-unused: child-end name=hdmi-cec parent=osc32k rate=31250 flags=0x0 enable=0 prepare=0
[    1.774195] clk-unused: child-begin name=r-ir-rx parent=osc32k rate=31250 flags=0x0 enable=0 prepare=0
[    1.783499] clk-unused: diag-skip-rccu-unused name=r-ir-rx parent=osc32k rate=31250 flags=0x0 enable=0 prepare=0
[    1.793670] clk-unused: child-end name=r-ir-rx parent=osc32k rate=31250 flags=0x0 enable=0 prepare=0
[    1.802804] clk-unused: child-begin name=osc32k-fanout parent=osc32k rate=31250 flags=0x0 enable=0 prepare=0
[    1.812628] clk-unused: child-begin name=fanout0 parent=osc32k-fanout rate=31250 flags=0x0 enable=0 prepare=0
[    1.822547] clk-unused: enable-lock-begin name=fanout0 parent=osc32k-fanout rate=31250 flags=0x0 enable=0 prepare=0
[    1.832978] clk-unused: enable-lock-end name=fanout0 parent=osc32k-fanout rate=31250 flags=0x0 enable=0 prepare=0
[    1.843227] clk-unused: is-enabled-begin name=fanout0 parent=osc32k-fanout rate=31250 flags=0x0 enable=0 prepare=0
[    1.853561] clk-unused: is-enabled-false name=fanout0 parent=osc32k-fanout rate=31250 flags=0x0 enable=0 prepare=0
[    1.863896] clk-unused: unlock-begin name=fanout0 parent=osc32k-fanout rate=31250 flags=0x0 enable=0 prepare=0
[    1.873894] clk-unused: unlock-end name=fanout0 parent=osc32k-fanout rate=31250 flags=0x0 enable=0 prepare=0
[    1.883718] clk-unused: subtree-done name=fanout0 parent=osc32k-fanout rate=31250 flags=0x0 enable=0 prepare=0
[    1.893715] clk-unused: child-end name=fanout0 parent=osc32k-fanout rate=31250 flags=0x0 enable=0 prepare=0
[    1.903452] clk-unused: child-begin name=fanout1 parent=osc32k-fanout rate=31250 flags=0x0 enable=0 prepare=0
[    1.913367] clk-unused: enable-lock-begin name=fanout1 parent=osc32k-fanout rate=31250 flags=0x0 enable=0 prepare=0
[    1.923797] clk-unused: enable-lock-end name=fanout1 parent=osc32k-fanout rate=31250 flags=0x0 enable=0 prepare=0
[    1.934045] clk-unused: is-enabled-begin name=fanout1 parent=osc32k-fanout rate=31250 flags=0x0 enable=0 prepare=0
[    1.944381] clk-unused: is-enabled-false name=fanout1 parent=osc32k-fanout rate=31250 flags=0x0 enable=0 prepare=0
[    1.954716] clk-unused: unlock-begin name=fanout1 parent=osc32k-fanout rate=31250 flags=0x0 enable=0 prepare=0
[    1.964717] clk-unused: unlock-end name=fanout1 parent=osc32k-fanout rate=31250 flags=0x0 enable=0 prepare=0
[    1.974543] clk-unused: subtree-done name=fanout1 parent=osc32k-fanout rate=31250 flags=0x0 enable=0 prepare=0
[    1.984540] clk-unused: child-end name=fanout1 parent=osc32k-fanout rate=31250 flags=0x0 enable=0 prepare=0
[    1.994276] clk-unused: child-begin name=fanout2 parent=osc32k-fanout rate=31250 flags=0x0 enable=0 prepare=0
[    2.004187] clk-unused: enable-lock-begin name=fanout2 parent=osc32k-fanout rate=31250 flags=0x0 enable=0 prepare=0
[    2.014622] clk-unused: enable-lock-end name=fanout2 parent=osc32k-fanout rate=31250 flags=0x0 enable=0 prepare=0
[    2.024870] clk-unused: is-enabled-begin name=fanout2 parent=osc32k-fanout rate=31250 flags=0x0 enable=0 prepare=0
[    2.035205] clk-unused: is-enabled-false name=fanout2 parent=osc32k-fanout rate=31250 flags=0x0 enable=0 prepare=0
[    2.045540] clk-unused: unlock-begin name=fanout2 parent=osc32k-fanout rate=31250 flags=0x0 enable=0 prepare=0
[    2.055542] clk-unused: unlock-end name=fanout2 parent=osc32k-fanout rate=31250 flags=0x0 enable=0 prepare=0
[    2.065377] clk-unused: subtree-done name=fanout2 parent=osc32k-fanout rate=31250 flags=0x0 enable=0 prepare=0
[    2.075413] clk-unused: child-end name=fanout2 parent=osc32k-fanout rate=31250 flags=0x0 enable=0 prepare=0
[    2.085156] clk-unused: child-begin name=fanout3 parent=osc32k-fanout rate=31250 flags=0x0 enable=0 prepare=0
[    2.095070] clk-unused: enable-lock-begin name=fanout3 parent=osc32k-fanout rate=31250 flags=0x0 enable=0 prepare=0
[    2.105501] clk-unused: enable-lock-end name=fanout3 parent=osc32k-fanout rate=31250 flags=0x0 enable=0 prepare=0
[    2.115749] clk-unused: is-enabled-begin name=fanout3 parent=osc32k-fanout rate=31250 flags=0x0 enable=0 prepare=0
[    2.126084] clk-unused: is-enabled-false name=fanout3 parent=osc32k-fanout rate=31250 flags=0x0 enable=0 prepare=0
[    2.136419] clk-unused: unlock-begin name=fanout3 parent=osc32k-fanout rate=31250 flags=0x0 enable=0 prepare=0
[    2.146428] clk-unused: unlock-end name=fanout3 parent=osc32k-fanout rate=31250 flags=0x0 enable=0 prepare=0
[    2.156253] clk-unused: subtree-done name=fanout3 parent=osc32k-fanout rate=31250 flags=0x0 enable=0 prepare=0
[    2.166251] clk-unused: child-end name=fanout3 parent=osc32k-fanout rate=31250 flags=0x0 enable=0 prepare=0
[    2.175989] clk-unused: enable-lock-begin name=osc32k-fanout parent=osc32k rate=31250 flags=0x0 enable=0 prepare=0
[    2.186334] clk-unused: enable-lock-end name=osc32k-fanout parent=osc32k rate=31250 flags=0x0 enable=0 prepare=0
[    2.196496] clk-unused: is-enabled-begin name=osc32k-fanout parent=osc32k rate=31250 flags=0x0 enable=0 prepare=0
[    2.206749] clk-unused: is-enabled-false name=osc32k-fanout parent=osc32k rate=31250 flags=0x0 enable=0 prepare=0
[    2.216997] clk-unused: unlock-begin name=osc32k-fanout parent=osc32k rate=31250 flags=0x0 enable=0 prepare=0
[    2.226909] clk-unused: unlock-end name=osc32k-fanout parent=osc32k rate=31250 flags=0x0 enable=0 prepare=0
[    2.236645] clk-unused: subtree-done name=osc32k-fanout parent=osc32k rate=31250 flags=0x0 enable=0 prepare=0
[    2.246555] clk-unused: child-end name=osc32k-fanout parent=osc32k rate=31250 flags=0x0 enable=0 prepare=0
[    2.256209] clk-unused: child-begin name=rtc-32k parent=osc32k rate=31250 flags=0x0 enable=0 prepare=0
[    2.265514] clk-unused: enable-lock-begin name=rtc-32k parent=osc32k rate=31250 flags=0x0 enable=0 prepare=0
[    2.275336] clk-unused: enable-lock-end name=rtc-32k parent=osc32k rate=31250 flags=0x0 enable=0 prepare=0
[    2.284978] clk-unused: is-enabled-begin name=rtc-32k parent=osc32k rate=31250 flags=0x0 enable=0 prepare=0
[    2.294706] clk-unused: is-enabled-true name=rtc-32k parent=osc32k rate=31250 flags=0x0 enable=0 prepare=0
[    2.304347] clk-unused: disable-begin name=rtc-32k parent=osc32k rate=31250 flags=0x0 enable=0 prepare=0
[    2.313814] clk-unused: disable-end name=rtc-32k parent=osc32k rate=31250 flags=0x0 enable=0 prepare=0
[    2.323107] clk-unused: unlock-begin name=rtc-32k parent=osc32k rate=31250 flags=0x0 enable=0 prepare=0
[    2.332519] clk-unused: unlock-end name=rtc-32k parent=osc32k rate=31250 flags=0x0 enable=0 prepare=0
[    2.341741] clk-unused: subtree-done name=rtc-32k parent=osc32k rate=31250 flags=0x0 enable=0 prepare=0
[    2.351132] clk-unused: child-end name=rtc-32k parent=osc32k rate=31250 flags=0x0 enable=0 prepare=0
[    2.360266] clk-unused: enable-lock-begin name=osc32k parent=iosc-32k rate=31250 flags=0x0 enable=0 prepare=0
[    2.370179] clk-unused: enable-lock-end name=osc32k parent=iosc-32k rate=31250 flags=0x0 enable=0 prepare=0
[    2.379907] clk-unused: is-enabled-begin name=osc32k parent=iosc-32k rate=31250 flags=0x0 enable=0 prepare=0
[    2.389721] clk-unused: is-enabled-true name=osc32k parent=iosc-32k rate=31250 flags=0x0 enable=0 prepare=0
[    2.399449] clk-unused: disable-begin name=osc32k parent=iosc-32k rate=31250 flags=0x0 enable=0 prepare=0
[    2.409004] clk-unused: disable-end name=osc32k parent=iosc-32k rate=31250 flags=0x0 enable=0 prepare=0
[    2.418384] clk-unused: unlock-begin name=osc32k parent=iosc-32k rate=31250 flags=0x0 enable=0 prepare=0
[    2.427862] clk-unused: unlock-end name=osc32k parent=iosc-32k rate=31250 flags=0x0 enable=0 prepare=0
[    2.437165] clk-unused: subtree-done name=osc32k parent=iosc-32k rate=31250 flags=0x0 enable=0 prepare=0
[    2.446641] clk-unused: child-end name=osc32k parent=iosc-32k rate=31250 flags=0x0 enable=0 prepare=0
[    2.455858] clk-unused: enable-lock-begin name=iosc-32k parent=iosc rate=31250 flags=0x40 enable=0 prepare=0
[    2.465685] clk-unused: enable-lock-end name=iosc-32k parent=iosc rate=31250 flags=0x40 enable=0 prepare=0
[    2.475327] clk-unused: is-enabled-begin name=iosc-32k parent=iosc rate=31250 flags=0x40 enable=0 prepare=0
[    2.485054] clk-unused: is-enabled-false name=iosc-32k parent=iosc rate=31250 flags=0x40 enable=0 prepare=0
[    2.494780] clk-unused: unlock-begin name=iosc-32k parent=iosc rate=31250 flags=0x40 enable=0 prepare=0
[    2.504172] clk-unused: unlock-end name=iosc-32k parent=iosc rate=31250 flags=0x40 enable=0 prepare=0
[    2.513388] clk-unused: subtree-done name=iosc-32k parent=iosc rate=31250 flags=0x40 enable=0 prepare=0
[    2.522779] clk-unused: child-end name=iosc-32k parent=iosc rate=31250 flags=0x40 enable=0 prepare=0
[    2.531909] clk-unused: enable-lock-begin name=iosc parent=(none) rate=16000000 flags=0x40 enable=0 prepare=0
[    2.541820] clk-unused: enable-lock-end name=iosc parent=(none) rate=16000000 flags=0x40 enable=0 prepare=0
[    2.551548] clk-unused: is-enabled-begin name=iosc parent=(none) rate=16000000 flags=0x40 enable=0 prepare=0
[    2.561367] clk-unused: is-enabled-true name=iosc parent=(none) rate=16000000 flags=0x40 enable=0 prepare=0
[    2.571095] clk-unused: disable-begin name=iosc parent=(none) rate=16000000 flags=0x40 enable=0 prepare=0
[    2.580654] clk-unused: disable-end name=iosc parent=(none) rate=16000000 flags=0x40 enable=0 prepare=0
[    2.590035] clk-unused: unlock-begin name=iosc parent=(none) rate=16000000 flags=0x40 enable=0 prepare=0
[    2.599524] clk-unused: unlock-end name=iosc parent=(none) rate=16000000 flags=0x40 enable=0 prepare=0
[    2.608821] clk-unused: subtree-done name=iosc parent=(none) rate=16000000 flags=0x40 enable=0 prepare=0
[    2.618298] clk-unused: root-end name=iosc parent=(none) rate=16000000 flags=0x40 enable=0 prepare=0
[    2.627429] clk-unused: root-begin name=osc26M parent=(none) rate=26000000 flags=0x0 enable=1 prepare=1
[    2.636820] clk-unused: child-begin name=hosc-32k-mux parent=osc26M rate=32786 flags=0x0 enable=0 prepare=0
[    2.646556] clk-unused: child-begin name=hosc-32k parent=hosc-32k-mux rate=32786 flags=0x0 enable=0 prepare=0
[    2.656468] clk-unused: enable-lock-begin name=hosc-32k parent=hosc-32k-mux rate=32786 flags=0x0 enable=0 prepare=0
[    2.666898] clk-unused: enable-lock-end name=hosc-32k parent=hosc-32k-mux rate=32786 flags=0x0 enable=0 prepare=0
[    2.677147] clk-unused: is-enabled-begin name=hosc-32k parent=hosc-32k-mux rate=32786 flags=0x0 enable=0 prepare=0
[    2.687486] clk-unused: is-enabled-false name=hosc-32k parent=hosc-32k-mux rate=32786 flags=0x0 enable=0 prepare=0
[    2.697820] clk-unused: unlock-begin name=hosc-32k parent=hosc-32k-mux rate=32786 flags=0x0 enable=0 prepare=0
[    2.707826] clk-unused: unlock-end name=hosc-32k parent=hosc-32k-mux rate=32786 flags=0x0 enable=0 prepare=0
[    2.717651] clk-unused: subtree-done name=hosc-32k parent=hosc-32k-mux rate=32786 flags=0x0 enable=0 prepare=0
[    2.727650] clk-unused: child-end name=hosc-32k parent=hosc-32k-mux rate=32786 flags=0x0 enable=0 prepare=0
[    2.737388] clk-unused: enable-lock-begin name=hosc-32k-mux parent=osc26M rate=32786 flags=0x0 enable=0 prepare=0
[    2.747645] clk-unused: enable-lock-end name=hosc-32k-mux parent=osc26M rate=32786 flags=0x0 enable=0 prepare=0
[    2.757720] clk-unused: is-enabled-begin name=hosc-32k-mux parent=osc26M rate=32786 flags=0x0 enable=0 prepare=0
[    2.767886] clk-unused: is-enabled-true name=hosc-32k-mux parent=osc26M rate=32786 flags=0x0 enable=0 prepare=0
[    2.777960] clk-unused: disable-begin name=hosc-32k-mux parent=osc26M rate=32786 flags=0x0 enable=0 prepare=0
[    2.787865] clk-unused: disable-end name=hosc-32k-mux parent=osc26M rate=32786 flags=0x0 enable=0 prepare=0
[    2.797592] clk-unused: unlock-begin name=hosc-32k-mux parent=osc26M rate=32786 flags=0x0 enable=0 prepare=0
[    2.807417] clk-unused: unlock-end name=hosc-32k-mux parent=osc26M rate=32786 flags=0x0 enable=0 prepare=0
[    2.817070] clk-unused: subtree-done name=hosc-32k-mux parent=osc26M rate=32786 flags=0x0 enable=0 prepare=0
[    2.826894] clk-unused: child-end name=hosc-32k-mux parent=osc26M rate=32786 flags=0x0 enable=0 prepare=0
[    2.836457] clk-unused: child-begin name=hosc parent=osc26M rate=26000000 flags=0x0 enable=1 prepare=1
[    2.845760] clk-unused: child-begin name=pll-ref parent=hosc rate=24000000 flags=0x1 enable=4 prepare=4
[    2.855158] clk-unused: child-begin name=pll-de parent=pll-ref rate=1200000000 flags=0x1 enable=0 prepare=0
[    2.864898] clk-unused: child-begin name=pll-de-3x parent=pll-de rate=600000000 flags=0x0 enable=0 prepare=0
[    2.874723] clk-unused: child-begin name=de parent=pll-de-3x rate=600000000 flags=0x4 enable=0 prepare=0
[    2.884201] clk-unused: enable-lock-begin name=de parent=pll-de-3x rate=600000000 flags=0x4 enable=0 prepare=0
[    2.894198] clk-unused: enable-lock-end name=de parent=pll-de-3x rate=600000000 flags=0x4 enable=0 prepare=0
[    2.904013] clk-unused: is-enabled-begin name=de parent=pll-de-3x rate=600000000 flags=0x4 enable=0 prepare=0
[    2.913915] clk-unused: is-enabled-true name=de parent=pll-de-3x rate=600000000 flags=0x4 enable=0 prepare=0
[    2.923729] clk-unused: disable-begin name=de parent=pll-de-3x rate=600000000 flags=0x4 enable=0 prepare=0
[    2.933371] clk-unused: disable-end name=de parent=pll-de-3x rate=600000000 flags=0x4 enable=0 prepare=0
[    2.942837] clk-unused: unlock-begin name=de parent=pll-de-3x rate=600000000 flags=0x4 enable=0 prepare=0
[    2.952405] clk-unused: unlock-end name=de parent=pll-de-3x rate=600000000 flags=0x4 enable=0 prepare=0
[    2.961796] clk-unused: subtree-done name=de parent=pll-de-3x rate=600000000 flags=0x4 enable=0 prepare=0
[    2.971360] clk-unused: child-end name=de parent=pll-de-3x rate=600000000 flags=0x4 enable=0 prepare=0
[    2.980665] clk-unused: enable-lock-begin name=pll-de-3x parent=pll-de rate=600000000 flags=0x0 enable=0 prepare=0
[    2.991008] clk-unused: enable-lock-end name=pll-de-3x parent=pll-de rate=600000000 flags=0x0 enable=0 prepare=0
[    3.001169] clk-unused: is-enabled-begin name=pll-de-3x parent=pll-de rate=600000000 flags=0x0 enable=0 prepare=0
[    3.011417] clk-unused: is-enabled-true name=pll-de-3x parent=pll-de rate=600000000 flags=0x0 enable=0 prepare=0
[    3.021578] clk-unused: disable-begin name=pll-de-3x parent=pll-de rate=600000000 flags=0x0 enable=0 prepare=0
[    3.031565] clk-unused: disable-end name=pll-de-3x parent=pll-de rate=600000000 flags=0x0 enable=0 prepare=0
[    3.041379] clk-unused: unlock-begin name=pll-de-3x parent=pll-de rate=600000000 flags=0x0 enable=0 prepare=0
[    3.051293] clk-unused: unlock-end name=pll-de-3x parent=pll-de rate=600000000 flags=0x0 enable=0 prepare=0
[    3.061057] clk-unused: subtree-done name=pll-de-3x parent=pll-de rate=600000000 flags=0x0 enable=0 prepare=0
[    3.070971] clk-unused: child-end name=pll-de-3x parent=pll-de rate=600000000 flags=0x0 enable=0 prepare=0
[    3.080622] clk-unused: child-begin name=pll-de-4x parent=pll-de rate=600000000 flags=0x0 enable=0 prepare=0
[    3.090447] clk-unused: enable-lock-begin name=pll-de-4x parent=pll-de rate=600000000 flags=0x0 enable=0 prepare=0
[    3.100790] clk-unused: enable-lock-end name=pll-de-4x parent=pll-de rate=600000000 flags=0x0 enable=0 prepare=0
[    3.110952] clk-unused: is-enabled-begin name=pll-de-4x parent=pll-de rate=600000000 flags=0x0 enable=0 prepare=0
[    3.121200] clk-unused: is-enabled-true name=pll-de-4x parent=pll-de rate=600000000 flags=0x0 enable=0 prepare=0
[    3.131361] clk-unused: disable-begin name=pll-de-4x parent=pll-de rate=600000000 flags=0x0 enable=0 prepare=0
[    3.141349] clk-unused: disable-end name=pll-de-4x parent=pll-de rate=600000000 flags=0x0 enable=0 prepare=0
[    3.151162] clk-unused: unlock-begin name=pll-de-4x parent=pll-de rate=600000000 flags=0x0 enable=0 prepare=0
[    3.161083] clk-unused: unlock-end name=pll-de-4x parent=pll-de rate=600000000 flags=0x0 enable=0 prepare=0
[    3.170824] clk-unused: subtree-done name=pll-de-4x parent=pll-de rate=600000000 flags=0x0 enable=0 prepare=0
[    3.180735] clk-unused: child-end name=pll-de-4x parent=pll-de rate=600000000 flags=0x0 enable=0 prepare=0
[    3.190386] clk-unused: enable-lock-begin name=pll-de parent=pll-ref rate=1200000000 flags=0x1 enable=0 prepare=0
[    3.200644] clk-unused: enable-lock-end name=pll-de parent=pll-ref rate=1200000000 flags=0x1 enable=0 prepare=0
[    3.210718] clk-unused: is-enabled-begin name=pll-de parent=pll-ref rate=1200000000 flags=0x1 enable=0 prepare=0
[    3.220880] clk-unused: is-enabled-true name=pll-de parent=pll-ref rate=1200000000 flags=0x1 enable=0 prepare=0
[    3.230955] clk-unused: disable-begin name=pll-de parent=pll-ref rate=1200000000 flags=0x1 enable=0 prepare=0
[    3.240857] clk-unused: disable-end name=pll-de parent=pll-ref rate=1200000000 flags=0x1 enable=0 prepare=0
[    3.250584] clk-unused: unlock-begin name=pll-de parent=pll-ref rate=1200000000 flags=0x1 enable=0 prepare=0
[    3.260416] clk-unused: unlock-end name=pll-de parent=pll-ref rate=1200000000 flags=0x1 enable=0 prepare=0
[    3.270069] clk-unused: subtree-done name=pll-de parent=pll-ref rate=1200000000 flags=0x1 enable=0 prepare=0
[    3.279895] clk-unused: child-end name=pll-de parent=pll-ref rate=1200000000 flags=0x1 enable=0 prepare=0
[    3.289466] clk-unused: child-begin name=pll-npu parent=pll-ref rate=840000000 flags=0x1 enable=0 prepare=0
[    3.299204] clk-unused: child-begin name=npu parent=pll-npu rate=840000000 flags=0x0 enable=0 prepare=0
[    3.308595] clk-unused: enable-lock-begin name=npu parent=pll-npu rate=840000000 flags=0x0 enable=0 prepare=0
[    3.318508] clk-unused: enable-lock-end name=npu parent=pll-npu rate=840000000 flags=0x0 enable=0 prepare=0
[    3.328236] clk-unused: is-enabled-begin name=npu parent=pll-npu rate=840000000 flags=0x0 enable=0 prepare=0
[    3.338051] clk-unused: is-enabled-false name=npu parent=pll-npu rate=840000000 flags=0x0 enable=0 prepare=0
[    3.347866] clk-unused: unlock-begin name=npu parent=pll-npu rate=840000000 flags=0x0 enable=0 prepare=0
[    3.357351] clk-unused: unlock-end name=npu parent=pll-npu rate=840000000 flags=0x0 enable=0 prepare=0
[    3.366662] clk-unused: subtree-done name=npu parent=pll-npu rate=840000000 flags=0x0 enable=0 prepare=0
[    3.376143] clk-unused: child-end name=npu parent=pll-npu rate=840000000 flags=0x0 enable=0 prepare=0
[    3.385363] clk-unused: enable-lock-begin name=pll-npu parent=pll-ref rate=840000000 flags=0x1 enable=0 prepare=0
[    3.395620] clk-unused: enable-lock-end name=pll-npu parent=pll-ref rate=840000000 flags=0x1 enable=0 prepare=0
[    3.405696] clk-unused: is-enabled-begin name=pll-npu parent=pll-ref rate=840000000 flags=0x1 enable=0 prepare=0
[    3.415857] clk-unused: is-enabled-false name=pll-npu parent=pll-ref rate=840000000 flags=0x1 enable=0 prepare=0
[    3.426017] clk-unused: unlock-begin name=pll-npu parent=pll-ref rate=840000000 flags=0x1 enable=0 prepare=0
[    3.435850] clk-unused: unlock-end name=pll-npu parent=pll-ref rate=840000000 flags=0x1 enable=0 prepare=0
[    3.445502] clk-unused: subtree-done name=pll-npu parent=pll-ref rate=840000000 flags=0x1 enable=0 prepare=0
[    3.455325] clk-unused: child-end name=pll-npu parent=pll-ref rate=840000000 flags=0x1 enable=0 prepare=0
[    3.464889] clk-unused: child-begin name=pll-audio1 parent=pll-ref rate=3072000000 flags=0x1 enable=0 prepare=0
[    3.474974] clk-unused: child-begin name=pll-audio1-div5 parent=pll-audio1 rate=614400000 flags=0x0 enable=0 prepare=0
[    3.485668] clk-unused: enable-lock-begin name=pll-audio1-div5 parent=pll-audio1 rate=614400000 flags=0x0 enable=0 prepare=0
[    3.496880] clk-unused: enable-lock-end name=pll-audio1-div5 parent=pll-audio1 rate=614400000 flags=0x0 enable=0 prepare=0
[    3.507909] clk-unused: is-enabled-begin name=pll-audio1-div5 parent=pll-audio1 rate=614400000 flags=0x0 enable=0 prepare=0
[    3.519025] clk-unused: is-enabled-true name=pll-audio1-div5 parent=pll-audio1 rate=614400000 flags=0x0 enable=0 prepare=0
[    3.530053] clk-unused: disable-begin name=pll-audio1-div5 parent=pll-audio1 rate=614400000 flags=0x0 enable=0 prepare=0
[    3.540907] clk-unused: disable-end name=pll-audio1-div5 parent=pll-audio1 rate=614400000 flags=0x0 enable=0 prepare=0
[    3.551588] clk-unused: unlock-begin name=pll-audio1-div5 parent=pll-audio1 rate=614400000 flags=0x0 enable=0 prepare=0
[    3.562366] clk-unused: unlock-end name=pll-audio1-div5 parent=pll-audio1 rate=614400000 flags=0x0 enable=0 prepare=0
[    3.572971] clk-unused: subtree-done name=pll-audio1-div5 parent=pll-audio1 rate=614400000 flags=0x0 enable=0 prepare=0
[    3.583748] clk-unused: child-end name=pll-audio1-div5 parent=pll-audio1 rate=614400000 flags=0x0 enable=0 prepare=0
[    3.594268] clk-unused: child-begin name=pll-audio1-div2 parent=pll-audio1 rate=1536000000 flags=0x0 enable=0 prepare=0
[    3.605047] clk-unused: enable-lock-begin name=pll-audio1-div2 parent=pll-audio1 rate=1536000000 flags=0x0 enable=0 prepare=0
[    3.616345] clk-unused: enable-lock-end name=pll-audio1-div2 parent=pll-audio1 rate=1536000000 flags=0x0 enable=0 prepare=0
[    3.627461] clk-unused: is-enabled-begin name=pll-audio1-div2 parent=pll-audio1 rate=1536000000 flags=0x0 enable=0 prepare=0
[    3.638662] clk-unused: is-enabled-true name=pll-audio1-div2 parent=pll-audio1 rate=1536000000 flags=0x0 enable=0 prepare=0
[    3.649777] clk-unused: disable-begin name=pll-audio1-div2 parent=pll-audio1 rate=1536000000 flags=0x0 enable=0 prepare=0
[    3.660717] clk-unused: disable-end name=pll-audio1-div2 parent=pll-audio1 rate=1536000000 flags=0x0 enable=0 prepare=0
[    3.671484] clk-unused: unlock-begin name=pll-audio1-div2 parent=pll-audio1 rate=1536000000 flags=0x0 enable=0 prepare=0
[    3.682349] clk-unused: unlock-end name=pll-audio1-div2 parent=pll-audio1 rate=1536000000 flags=0x0 enable=0 prepare=0
[    3.693046] clk-unused: subtree-done name=pll-audio1-div2 parent=pll-audio1 rate=1536000000 flags=0x0 enable=0 prepare=0
[    3.703914] clk-unused: child-end name=pll-audio1-div2 parent=pll-audio1 rate=1536000000 flags=0x0 enable=0 prepare=0
[    3.714518] clk-unused: enable-lock-begin name=pll-audio1 parent=pll-ref rate=3072000000 flags=0x1 enable=0 prepare=0
[    3.725122] clk-unused: enable-lock-end name=pll-audio1 parent=pll-ref rate=3072000000 flags=0x1 enable=0 prepare=0
[    3.735544] clk-unused: is-enabled-begin name=pll-audio1 parent=pll-ref rate=3072000000 flags=0x1 enable=0 prepare=0
[    3.746052] clk-unused: is-enabled-false name=pll-audio1 parent=pll-ref rate=3072000000 flags=0x1 enable=0 prepare=0
[    3.756559] clk-unused: unlock-begin name=pll-audio1 parent=pll-ref rate=3072000000 flags=0x1 enable=0 prepare=0
[    3.766731] clk-unused: unlock-end name=pll-audio1 parent=pll-ref rate=3072000000 flags=0x1 enable=0 prepare=0
[    3.776729] clk-unused: subtree-done name=pll-audio1 parent=pll-ref rate=3072000000 flags=0x1 enable=0 prepare=0
[    3.786899] clk-unused: child-end name=pll-audio1 parent=pll-ref rate=3072000000 flags=0x1 enable=0 prepare=0
[    3.796818] clk-unused: child-begin name=pll-audio0-4x parent=pll-ref rate=98285714 flags=0x1 enable=0 prepare=0
[    3.806992] clk-unused: child-begin name=dmic parent=pll-audio0-4x rate=98285714 flags=0x0 enable=0 prepare=0
[    3.816907] clk-unused: enable-lock-begin name=dmic parent=pll-audio0-4x rate=98285714 flags=0x0 enable=0 prepare=0
[    3.827338] clk-unused: enable-lock-end name=dmic parent=pll-audio0-4x rate=98285714 flags=0x0 enable=0 prepare=0
[    3.837586] clk-unused: is-enabled-begin name=dmic parent=pll-audio0-4x rate=98285714 flags=0x0 enable=0 prepare=0
[    3.847921] clk-unused: is-enabled-false name=dmic parent=pll-audio0-4x rate=98285714 flags=0x0 enable=0 prepare=0
[    3.858255] clk-unused: unlock-begin name=dmic parent=pll-audio0-4x rate=98285714 flags=0x0 enable=0 prepare=0
[    3.868252] clk-unused: unlock-end name=dmic parent=pll-audio0-4x rate=98285714 flags=0x0 enable=0 prepare=0
[    3.878076] clk-unused: subtree-done name=dmic parent=pll-audio0-4x rate=98285714 flags=0x0 enable=0 prepare=0
[    3.888072] clk-unused: child-end name=dmic parent=pll-audio0-4x rate=98285714 flags=0x0 enable=0 prepare=0
[    3.897810] clk-unused: child-begin name=owa_tx parent=pll-audio0-4x rate=98285714 flags=0x0 enable=0 prepare=0
[    3.907894] clk-unused: enable-lock-begin name=owa_tx parent=pll-audio0-4x rate=98285714 flags=0x0 enable=0 prepare=0
[    3.918501] clk-unused: enable-lock-end name=owa_tx parent=pll-audio0-4x rate=98285714 flags=0x0 enable=0 prepare=0
[    3.928923] clk-unused: is-enabled-begin name=owa_tx parent=pll-audio0-4x rate=98285714 flags=0x0 enable=0 prepare=0
[    3.939430] clk-unused: is-enabled-false name=owa_tx parent=pll-audio0-4x rate=98285714 flags=0x0 enable=0 prepare=0
[    3.949938] clk-unused: unlock-begin name=owa_tx parent=pll-audio0-4x rate=98285714 flags=0x0 enable=0 prepare=0
[    3.960115] clk-unused: unlock-end name=owa_tx parent=pll-audio0-4x rate=98285714 flags=0x0 enable=0 prepare=0
[    3.970115] clk-unused: subtree-done name=owa_tx parent=pll-audio0-4x rate=98285714 flags=0x0 enable=0 prepare=0
[    3.980286] clk-unused: child-end name=owa_tx parent=pll-audio0-4x rate=98285714 flags=0x0 enable=0 prepare=0
[    3.990196] clk-unused: child-begin name=i2spcm2_asrc parent=pll-audio0-4x rate=98285714 flags=0x0 enable=0 prepare=0
[    4.000800] clk-unused: enable-lock-begin name=i2spcm2_asrc parent=pll-audio0-4x rate=98285714 flags=0x0 enable=0 prepare=0
[    4.011924] clk-unused: enable-lock-end name=i2spcm2_asrc parent=pll-audio0-4x rate=98285714 flags=0x0 enable=0 prepare=0
[    4.022866] clk-unused: is-enabled-begin name=i2spcm2_asrc parent=pll-audio0-4x rate=98285714 flags=0x0 enable=0 prepare=0
[    4.033894] clk-unused: is-enabled-false name=i2spcm2_asrc parent=pll-audio0-4x rate=98285714 flags=0x0 enable=0 prepare=0
[    4.044921] clk-unused: unlock-begin name=i2spcm2_asrc parent=pll-audio0-4x rate=98285714 flags=0x0 enable=0 prepare=0
[    4.055640] clk-unused: unlock-end name=i2spcm2_asrc parent=pll-audio0-4x rate=98285714 flags=0x0 enable=0 prepare=0
[    4.066160] clk-unused: subtree-done name=i2spcm2_asrc parent=pll-audio0-4x rate=98285714 flags=0x0 enable=0 prepare=0
[    4.076851] clk-unused: child-end name=i2spcm2_asrc parent=pll-audio0-4x rate=98285714 flags=0x0 enable=0 prepare=0
[    4.087281] clk-unused: child-begin name=i2spcm4 parent=pll-audio0-4x rate=98285714 flags=0x0 enable=0 prepare=0
[    4.097451] clk-unused: enable-lock-begin name=i2spcm4 parent=pll-audio0-4x rate=98285714 flags=0x0 enable=0 prepare=0
[    4.108143] clk-unused: enable-lock-end name=i2spcm4 parent=pll-audio0-4x rate=98285714 flags=0x0 enable=0 prepare=0
[    4.118650] clk-unused: is-enabled-begin name=i2spcm4 parent=pll-audio0-4x rate=98285714 flags=0x0 enable=0 prepare=0
[    4.129245] clk-unused: is-enabled-false name=i2spcm4 parent=pll-audio0-4x rate=98285714 flags=0x0 enable=0 prepare=0
[    4.139839] clk-unused: unlock-begin name=i2spcm4 parent=pll-audio0-4x rate=98285714 flags=0x0 enable=0 prepare=0
[    4.150096] clk-unused: unlock-end name=i2spcm4 parent=pll-audio0-4x rate=98285714 flags=0x0 enable=0 prepare=0
[    4.160184] clk-unused: subtree-done name=i2spcm4 parent=pll-audio0-4x rate=98285714 flags=0x0 enable=0 prepare=0
[    4.170441] clk-unused: child-end name=i2spcm4 parent=pll-audio0-4x rate=98285714 flags=0x0 enable=0 prepare=0
[    4.180438] clk-unused: child-begin name=i2spcm3 parent=pll-audio0-4x rate=98285714 flags=0x0 enable=0 prepare=0
[    4.190609] clk-unused: enable-lock-begin name=i2spcm3 parent=pll-audio0-4x rate=98285714 flags=0x0 enable=0 prepare=0
[    4.201300] clk-unused: enable-lock-end name=i2spcm3 parent=pll-audio0-4x rate=98285714 flags=0x0 enable=0 prepare=0
[    4.211808] clk-unused: is-enabled-begin name=i2spcm3 parent=pll-audio0-4x rate=98285714 flags=0x0 enable=0 prepare=0
[    4.222403] clk-unused: is-enabled-false name=i2spcm3 parent=pll-audio0-4x rate=98285714 flags=0x0 enable=0 prepare=0
[    4.232997] clk-unused: unlock-begin name=i2spcm3 parent=pll-audio0-4x rate=98285714 flags=0x0 enable=0 prepare=0
[    4.243264] clk-unused: unlock-end name=i2spcm3 parent=pll-audio0-4x rate=98285714 flags=0x0 enable=0 prepare=0
[    4.253350] clk-unused: subtree-done name=i2spcm3 parent=pll-audio0-4x rate=98285714 flags=0x0 enable=0 prepare=0
[    4.263610] clk-unused: child-end name=i2spcm3 parent=pll-audio0-4x rate=98285714 flags=0x0 enable=0 prepare=0
[    4.273608] clk-unused: child-begin name=i2spcm2 parent=pll-audio0-4x rate=98285714 flags=0x0 enable=0 prepare=0
[    4.283779] clk-unused: enable-lock-begin name=i2spcm2 parent=pll-audio0-4x rate=98285714 flags=0x0 enable=0 prepare=0
[    4.294473] clk-unused: enable-lock-end name=i2spcm2 parent=pll-audio0-4x rate=98285714 flags=0x0 enable=0 prepare=0
[    4.304981] clk-unused: is-enabled-begin name=i2spcm2 parent=pll-audio0-4x rate=98285714 flags=0x0 enable=0 prepare=0
[    4.315576] clk-unused: is-enabled-false name=i2spcm2 parent=pll-audio0-4x rate=98285714 flags=0x0 enable=0 prepare=0
[    4.326170] clk-unused: unlock-begin name=i2spcm2 parent=pll-audio0-4x rate=98285714 flags=0x0 enable=0 prepare=0
[    4.336436] clk-unused: unlock-end name=i2spcm2 parent=pll-audio0-4x rate=98285714 flags=0x0 enable=0 prepare=0
[    4.346524] clk-unused: subtree-done name=i2spcm2 parent=pll-audio0-4x rate=98285714 flags=0x0 enable=0 prepare=0
[    4.356782] clk-unused: child-end name=i2spcm2 parent=pll-audio0-4x rate=98285714 flags=0x0 enable=0 prepare=0
[    4.366789] clk-unused: child-begin name=i2spcm1 parent=pll-audio0-4x rate=98285714 flags=0x0 enable=0 prepare=0
[    4.376962] clk-unused: enable-lock-begin name=i2spcm1 parent=pll-audio0-4x rate=98285714 flags=0x0 enable=0 prepare=0
[    4.387660] clk-unused: enable-lock-end name=i2spcm1 parent=pll-audio0-4x rate=98285714 flags=0x0 enable=0 prepare=0
[    4.398168] clk-unused: is-enabled-begin name=i2spcm1 parent=pll-audio0-4x rate=98285714 flags=0x0 enable=0 prepare=0
[    4.408764] clk-unused: is-enabled-false name=i2spcm1 parent=pll-audio0-4x rate=98285714 flags=0x0 enable=0 prepare=0
[    4.419357] clk-unused: unlock-begin name=i2spcm1 parent=pll-audio0-4x rate=98285714 flags=0x0 enable=0 prepare=0
[    4.429620] clk-unused: unlock-end name=i2spcm1 parent=pll-audio0-4x rate=98285714 flags=0x0 enable=0 prepare=0
[    4.439704] clk-unused: subtree-done name=i2spcm1 parent=pll-audio0-4x rate=98285714 flags=0x0 enable=0 prepare=0
[    4.449961] clk-unused: child-end name=i2spcm1 parent=pll-audio0-4x rate=98285714 flags=0x0 enable=0 prepare=0
[    4.459959] clk-unused: child-begin name=i2spcm0 parent=pll-audio0-4x rate=98285714 flags=0x0 enable=0 prepare=0
[    4.470131] clk-unused: enable-lock-begin name=i2spcm0 parent=pll-audio0-4x rate=98285714 flags=0x0 enable=0 prepare=0
[    4.480823] clk-unused: enable-lock-end name=i2spcm0 parent=pll-audio0-4x rate=98285714 flags=0x0 enable=0 prepare=0
[    4.491331] clk-unused: is-enabled-begin name=i2spcm0 parent=pll-audio0-4x rate=98285714 flags=0x0 enable=0 prepare=0
[    4.501926] clk-unused: is-enabled-false name=i2spcm0 parent=pll-audio0-4x rate=98285714 flags=0x0 enable=0 prepare=0
[    4.512521] clk-unused: unlock-begin name=i2spcm0 parent=pll-audio0-4x rate=98285714 flags=0x0 enable=0 prepare=0
[    4.522785] clk-unused: unlock-end name=i2spcm0 parent=pll-audio0-4x rate=98285714 flags=0x0 enable=0 prepare=0
[    4.532872] clk-unused: subtree-done name=i2spcm0 parent=pll-audio0-4x rate=98285714 flags=0x0 enable=0 prepare=0
[    4.543128] clk-unused: child-end name=i2spcm0 parent=pll-audio0-4x rate=98285714 flags=0x0 enable=0 prepare=0
[    4.553125] clk-unused: enable-lock-begin name=pll-audio0-4x parent=pll-ref rate=98285714 flags=0x1 enable=0 prepare=0
[    4.563816] clk-unused: enable-lock-end name=pll-audio0-4x parent=pll-ref rate=98285714 flags=0x1 enable=0 prepare=0
[    4.574325] clk-unused: is-enabled-begin name=pll-audio0-4x parent=pll-ref rate=98285714 flags=0x1 enable=0 prepare=0
[    4.584919] clk-unused: is-enabled-false name=pll-audio0-4x parent=pll-ref rate=98285714 flags=0x1 enable=0 prepare=0
[    4.595513] clk-unused: unlock-begin name=pll-audio0-4x parent=pll-ref rate=98285714 flags=0x1 enable=0 prepare=0
[    4.605774] clk-unused: unlock-end name=pll-audio0-4x parent=pll-ref rate=98285714 flags=0x1 enable=0 prepare=0
[    4.615859] clk-unused: subtree-done name=pll-audio0-4x parent=pll-ref rate=98285714 flags=0x1 enable=0 prepare=0
[    4.626116] clk-unused: child-end name=pll-audio0-4x parent=pll-ref rate=98285714 flags=0x1 enable=0 prepare=0
[    4.636114] clk-unused: child-begin name=pll-ve1 parent=pll-ref rate=696000000 flags=0x1 enable=0 prepare=0
[    4.645851] clk-unused: child-begin name=ve-dec parent=pll-ve1 rate=696000000 flags=0x4 enable=0 prepare=0
[    4.655501] clk-unused: enable-lock-begin name=ve-dec parent=pll-ve1 rate=696000000 flags=0x4 enable=0 prepare=0
[    4.665673] clk-unused: enable-lock-end name=ve-dec parent=pll-ve1 rate=696000000 flags=0x4 enable=0 prepare=0
[    4.675661] clk-unused: is-enabled-begin name=ve-dec parent=pll-ve1 rate=696000000 flags=0x4 enable=0 prepare=0
[    4.685737] clk-unused: is-enabled-false name=ve-dec parent=pll-ve1 rate=696000000 flags=0x4 enable=0 prepare=0
[    4.695812] clk-unused: unlock-begin name=ve-dec parent=pll-ve1 rate=696000000 flags=0x4 enable=0 prepare=0
[    4.705548] clk-unused: unlock-end name=ve-dec parent=pll-ve1 rate=696000000 flags=0x4 enable=0 prepare=0
[    4.715114] clk-unused: subtree-done name=ve-dec parent=pll-ve1 rate=696000000 flags=0x4 enable=0 prepare=0
[    4.724852] clk-unused: child-end name=ve-dec parent=pll-ve1 rate=696000000 flags=0x4 enable=0 prepare=0
[    4.734329] clk-unused: enable-lock-begin name=pll-ve1 parent=pll-ref rate=696000000 flags=0x1 enable=0 prepare=0
[    4.744586] clk-unused: enable-lock-end name=pll-ve1 parent=pll-ref rate=696000000 flags=0x1 enable=0 prepare=0
[    4.754661] clk-unused: is-enabled-begin name=pll-ve1 parent=pll-ref rate=696000000 flags=0x1 enable=0 prepare=0
[    4.764823] clk-unused: is-enabled-false name=pll-ve1 parent=pll-ref rate=696000000 flags=0x1 enable=0 prepare=0
[    4.774984] clk-unused: unlock-begin name=pll-ve1 parent=pll-ref rate=696000000 flags=0x1 enable=0 prepare=0
[    4.784817] clk-unused: unlock-end name=pll-ve1 parent=pll-ref rate=696000000 flags=0x1 enable=0 prepare=0
[    4.794469] clk-unused: subtree-done name=pll-ve1 parent=pll-ref rate=696000000 flags=0x1 enable=0 prepare=0
[    4.804293] clk-unused: child-end name=pll-ve1 parent=pll-ref rate=696000000 flags=0x1 enable=0 prepare=0
[    4.813857] clk-unused: child-begin name=pll-ve0 parent=pll-ref rate=546000000 flags=0x1 enable=0 prepare=0
[    4.823598] clk-unused: child-begin name=ve-enc parent=pll-ve0 rate=546000000 flags=0x4 enable=0 prepare=0
[    4.833250] clk-unused: enable-lock-begin name=ve-enc parent=pll-ve0 rate=546000000 flags=0x4 enable=0 prepare=0
[    4.843421] clk-unused: enable-lock-end name=ve-enc parent=pll-ve0 rate=546000000 flags=0x4 enable=0 prepare=0
[    4.853410] clk-unused: is-enabled-begin name=ve-enc parent=pll-ve0 rate=546000000 flags=0x4 enable=0 prepare=0
[    4.863485] clk-unused: is-enabled-false name=ve-enc parent=pll-ve0 rate=546000000 flags=0x4 enable=0 prepare=0
[    4.873559] clk-unused: unlock-begin name=ve-enc parent=pll-ve0 rate=546000000 flags=0x4 enable=0 prepare=0
[    4.883303] clk-unused: unlock-end name=ve-enc parent=pll-ve0 rate=546000000 flags=0x4 enable=0 prepare=0
[    4.892868] clk-unused: subtree-done name=ve-enc parent=pll-ve0 rate=546000000 flags=0x4 enable=0 prepare=0
[    4.902608] clk-unused: child-end name=ve-enc parent=pll-ve0 rate=546000000 flags=0x4 enable=0 prepare=0
[    4.912085] clk-unused: enable-lock-begin name=pll-ve0 parent=pll-ref rate=546000000 flags=0x1 enable=0 prepare=0
[    4.922342] clk-unused: enable-lock-end name=pll-ve0 parent=pll-ref rate=546000000 flags=0x1 enable=0 prepare=0
[    4.932418] clk-unused: is-enabled-begin name=pll-ve0 parent=pll-ref rate=546000000 flags=0x1 enable=0 prepare=0
[    4.942579] clk-unused: is-enabled-false name=pll-ve0 parent=pll-ref rate=546000000 flags=0x1 enable=0 prepare=0
[    4.952740] clk-unused: unlock-begin name=pll-ve0 parent=pll-ref rate=546000000 flags=0x1 enable=0 prepare=0
[    4.962567] clk-unused: unlock-end name=pll-ve0 parent=pll-ref rate=546000000 flags=0x1 enable=0 prepare=0
[    4.972219] clk-unused: subtree-done name=pll-ve0 parent=pll-ref rate=546000000 flags=0x1 enable=0 prepare=0
[    4.982042] clk-unused: child-end name=pll-ve0 parent=pll-ref rate=546000000 flags=0x1 enable=0 prepare=0
[    4.991605] clk-unused: child-begin name=pll-video2-8x parent=pll-ref rate=2376000000 flags=0x1 enable=0 prepare=0
[    5.001951] clk-unused: child-begin name=pll-video2-3x parent=pll-video2-8x rate=792000000 flags=0x0 enable=0 prepare=0
[    5.012729] clk-unused: enable-lock-begin name=pll-video2-3x parent=pll-video2-8x rate=792000000 flags=0x0 enable=0 prepare=0
[    5.024026] clk-unused: enable-lock-end name=pll-video2-3x parent=pll-video2-8x rate=792000000 flags=0x0 enable=0 prepare=0
[    5.035141] clk-unused: is-enabled-begin name=pll-video2-3x parent=pll-video2-8x rate=792000000 flags=0x0 enable=0 prepare=0
[    5.046343] clk-unused: is-enabled-true name=pll-video2-3x parent=pll-video2-8x rate=792000000 flags=0x0 enable=0 prepare=0
[    5.057457] clk-unused: disable-begin name=pll-video2-3x parent=pll-video2-8x rate=792000000 flags=0x0 enable=0 prepare=0
[    5.068398] clk-unused: disable-end name=pll-video2-3x parent=pll-video2-8x rate=792000000 flags=0x0 enable=0 prepare=0
[    5.079166] clk-unused: unlock-begin name=pll-video2-3x parent=pll-video2-8x rate=792000000 flags=0x0 enable=0 prepare=0
[    5.090066] clk-unused: unlock-end name=pll-video2-3x parent=pll-video2-8x rate=792000000 flags=0x0 enable=0 prepare=0
[    5.100760] clk-unused: subtree-done name=pll-video2-3x parent=pll-video2-8x rate=792000000 flags=0x0 enable=0 prepare=0
[    5.111624] clk-unused: child-end name=pll-video2-3x parent=pll-video2-8x rate=792000000 flags=0x0 enable=0 prepare=0
[    5.122229] clk-unused: child-begin name=pll-video2-4x parent=pll-video2-8x rate=1188000000 flags=0x0 enable=0 prepare=0
[    5.133093] clk-unused: child-begin name=isp parent=pll-video2-4x rate=297000000 flags=0x0 enable=0 prepare=0
[    5.143006] clk-unused: enable-lock-begin name=isp parent=pll-video2-4x rate=297000000 flags=0x0 enable=0 prepare=0
[    5.153436] clk-unused: enable-lock-end name=isp parent=pll-video2-4x rate=297000000 flags=0x0 enable=0 prepare=0
[    5.163684] clk-unused: is-enabled-begin name=isp parent=pll-video2-4x rate=297000000 flags=0x0 enable=0 prepare=0
[    5.174019] clk-unused: is-enabled-false name=isp parent=pll-video2-4x rate=297000000 flags=0x0 enable=0 prepare=0
[    5.184353] clk-unused: unlock-begin name=isp parent=pll-video2-4x rate=297000000 flags=0x0 enable=0 prepare=0
[    5.194354] clk-unused: unlock-end name=isp parent=pll-video2-4x rate=297000000 flags=0x0 enable=0 prepare=0
[    5.204179] clk-unused: subtree-done name=isp parent=pll-video2-4x rate=297000000 flags=0x0 enable=0 prepare=0
[    5.214176] clk-unused: child-end name=isp parent=pll-video2-4x rate=297000000 flags=0x0 enable=0 prepare=0
[    5.223914] clk-unused: child-begin name=csi parent=pll-video2-4x rate=297000000 flags=0x0 enable=0 prepare=0
[    5.233824] clk-unused: enable-lock-begin name=csi parent=pll-video2-4x rate=297000000 flags=0x0 enable=0 prepare=0
[    5.244255] clk-unused: enable-lock-end name=csi parent=pll-video2-4x rate=297000000 flags=0x0 enable=0 prepare=0
[    5.254503] clk-unused: is-enabled-begin name=csi parent=pll-video2-4x rate=297000000 flags=0x0 enable=0 prepare=0
[    5.264838] clk-unused: is-enabled-false name=csi parent=pll-video2-4x rate=297000000 flags=0x0 enable=0 prepare=0
[    5.275173] clk-unused: unlock-begin name=csi parent=pll-video2-4x rate=297000000 flags=0x0 enable=0 prepare=0
[    5.285171] clk-unused: unlock-end name=csi parent=pll-video2-4x rate=297000000 flags=0x0 enable=0 prepare=0
[    5.294995] clk-unused: subtree-done name=csi parent=pll-video2-4x rate=297000000 flags=0x0 enable=0 prepare=0
[    5.304995] clk-unused: child-end name=csi parent=pll-video2-4x rate=297000000 flags=0x0 enable=0 prepare=0
[    5.314732] clk-unused: enable-lock-begin name=pll-video2-4x parent=pll-video2-8x rate=1188000000 flags=0x0 enable=0 prepare=0
[    5.326119] clk-unused: enable-lock-end name=pll-video2-4x parent=pll-video2-8x rate=1188000000 flags=0x0 enable=0 prepare=0
[    5.337320] clk-unused: is-enabled-begin name=pll-video2-4x parent=pll-video2-8x rate=1188000000 flags=0x0 enable=0 prepare=0
[    5.348608] clk-unused: is-enabled-true name=pll-video2-4x parent=pll-video2-8x rate=1188000000 flags=0x0 enable=0 prepare=0
[    5.359810] clk-unused: disable-begin name=pll-video2-4x parent=pll-video2-8x rate=1188000000 flags=0x0 enable=0 prepare=0
[    5.370836] clk-unused: disable-end name=pll-video2-4x parent=pll-video2-8x rate=1188000000 flags=0x0 enable=0 prepare=0
[    5.381690] clk-unused: unlock-begin name=pll-video2-4x parent=pll-video2-8x rate=1188000000 flags=0x0 enable=0 prepare=0
[    5.392663] clk-unused: unlock-end name=pll-video2-4x parent=pll-video2-8x rate=1188000000 flags=0x0 enable=0 prepare=0
[    5.403449] clk-unused: subtree-done name=pll-video2-4x parent=pll-video2-8x rate=1188000000 flags=0x0 enable=0 prepare=0
[    5.414405] clk-unused: child-end name=pll-video2-4x parent=pll-video2-8x rate=1188000000 flags=0x0 enable=0 prepare=0
[    5.425096] clk-unused: enable-lock-begin name=pll-video2-8x parent=pll-ref rate=2376000000 flags=0x1 enable=0 prepare=0
[    5.435960] clk-unused: enable-lock-end name=pll-video2-8x parent=pll-ref rate=2376000000 flags=0x1 enable=0 prepare=0
[    5.446642] clk-unused: is-enabled-begin name=pll-video2-8x parent=pll-ref rate=2376000000 flags=0x1 enable=0 prepare=0
[    5.457410] clk-unused: is-enabled-true name=pll-video2-8x parent=pll-ref rate=2376000000 flags=0x1 enable=0 prepare=0
[    5.468090] clk-unused: disable-begin name=pll-video2-8x parent=pll-ref rate=2376000000 flags=0x1 enable=0 prepare=0
[    5.478598] clk-unused: disable-end name=pll-video2-8x parent=pll-ref rate=2376000000 flags=0x1 enable=0 prepare=0
[    5.488933] clk-unused: unlock-begin name=pll-video2-8x parent=pll-ref rate=2376000000 flags=0x1 enable=0 prepare=0
[    5.499365] clk-unused: unlock-end name=pll-video2-8x parent=pll-ref rate=2376000000 flags=0x1 enable=0 prepare=0
[    5.509622] clk-unused: subtree-done name=pll-video2-8x parent=pll-ref rate=2376000000 flags=0x1 enable=0 prepare=0
[    5.520055] clk-unused: child-end name=pll-video2-8x parent=pll-ref rate=2376000000 flags=0x1 enable=0 prepare=0
[    5.530226] clk-unused: child-begin name=pll-video1-8x parent=pll-ref rate=2376000000 flags=0x1 enable=0 prepare=0
[    5.540570] clk-unused: child-begin name=pll-video1-3x parent=pll-video1-8x rate=792000000 flags=0x0 enable=0 prepare=0
[    5.551349] clk-unused: enable-lock-begin name=pll-video1-3x parent=pll-video1-8x rate=792000000 flags=0x0 enable=0 prepare=0
[    5.562646] clk-unused: enable-lock-end name=pll-video1-3x parent=pll-video1-8x rate=792000000 flags=0x0 enable=0 prepare=0
[    5.573761] clk-unused: is-enabled-begin name=pll-video1-3x parent=pll-video1-8x rate=792000000 flags=0x0 enable=0 prepare=0
[    5.584962] clk-unused: is-enabled-true name=pll-video1-3x parent=pll-video1-8x rate=792000000 flags=0x0 enable=0 prepare=0
[    5.596077] clk-unused: disable-begin name=pll-video1-3x parent=pll-video1-8x rate=792000000 flags=0x0 enable=0 prepare=0
[    5.607019] clk-unused: disable-end name=pll-video1-3x parent=pll-video1-8x rate=792000000 flags=0x0 enable=0 prepare=0
[    5.617787] clk-unused: unlock-begin name=pll-video1-3x parent=pll-video1-8x rate=792000000 flags=0x0 enable=0 prepare=0
[    5.628654] clk-unused: unlock-end name=pll-video1-3x parent=pll-video1-8x rate=792000000 flags=0x0 enable=0 prepare=0
[    5.639345] clk-unused: subtree-done name=pll-video1-3x parent=pll-video1-8x rate=792000000 flags=0x0 enable=0 prepare=0
[    5.650216] clk-unused: child-end name=pll-video1-3x parent=pll-video1-8x rate=792000000 flags=0x0 enable=0 prepare=0
[    5.660821] clk-unused: child-begin name=pll-video1-4x parent=pll-video1-8x rate=1188000000 flags=0x0 enable=0 prepare=0
[    5.671684] clk-unused: enable-lock-begin name=pll-video1-4x parent=pll-video1-8x rate=1188000000 flags=0x0 enable=0 prepare=0
[    5.683069] clk-unused: enable-lock-end name=pll-video1-4x parent=pll-video1-8x rate=1188000000 flags=0x0 enable=0 prepare=0
[    5.694271] clk-unused: is-enabled-begin name=pll-video1-4x parent=pll-video1-8x rate=1188000000 flags=0x0 enable=0 prepare=0
[    5.705559] clk-unused: is-enabled-true name=pll-video1-4x parent=pll-video1-8x rate=1188000000 flags=0x0 enable=0 prepare=0
[    5.716760] clk-unused: disable-begin name=pll-video1-4x parent=pll-video1-8x rate=1188000000 flags=0x0 enable=0 prepare=0
[    5.727787] clk-unused: disable-end name=pll-video1-4x parent=pll-video1-8x rate=1188000000 flags=0x0 enable=0 prepare=0
[    5.738641] clk-unused: unlock-begin name=pll-video1-4x parent=pll-video1-8x rate=1188000000 flags=0x0 enable=0 prepare=0
[    5.749596] clk-unused: unlock-end name=pll-video1-4x parent=pll-video1-8x rate=1188000000 flags=0x0 enable=0 prepare=0
[    5.760374] clk-unused: subtree-done name=pll-video1-4x parent=pll-video1-8x rate=1188000000 flags=0x0 enable=0 prepare=0
[    5.771324] clk-unused: child-end name=pll-video1-4x parent=pll-video1-8x rate=1188000000 flags=0x0 enable=0 prepare=0
[    5.782014] clk-unused: enable-lock-begin name=pll-video1-8x parent=pll-ref rate=2376000000 flags=0x1 enable=0 prepare=0
[    5.792878] clk-unused: enable-lock-end name=pll-video1-8x parent=pll-ref rate=2376000000 flags=0x1 enable=0 prepare=0
[    5.803560] clk-unused: is-enabled-begin name=pll-video1-8x parent=pll-ref rate=2376000000 flags=0x1 enable=0 prepare=0
[    5.814329] clk-unused: is-enabled-true name=pll-video1-8x parent=pll-ref rate=2376000000 flags=0x1 enable=0 prepare=0
[    5.825009] clk-unused: disable-begin name=pll-video1-8x parent=pll-ref rate=2376000000 flags=0x1 enable=0 prepare=0
[    5.835518] clk-unused: disable-end name=pll-video1-8x parent=pll-ref rate=2376000000 flags=0x1 enable=0 prepare=0
[    5.845851] clk-unused: unlock-begin name=pll-video1-8x parent=pll-ref rate=2376000000 flags=0x1 enable=0 prepare=0
[    5.856285] clk-unused: unlock-end name=pll-video1-8x parent=pll-ref rate=2376000000 flags=0x1 enable=0 prepare=0
[    5.866542] clk-unused: subtree-done name=pll-video1-8x parent=pll-ref rate=2376000000 flags=0x1 enable=0 prepare=0
[    5.876972] clk-unused: child-end name=pll-video1-8x parent=pll-ref rate=2376000000 flags=0x1 enable=0 prepare=0
[    5.887142] clk-unused: child-begin name=pll-video0-8x parent=pll-ref rate=2376000000 flags=0x1 enable=0 prepare=0
[    5.897485] clk-unused: child-begin name=pll-video0-3x parent=pll-video0-8x rate=792000000 flags=0x0 enable=0 prepare=0
[    5.908277] clk-unused: child-begin name=lpc parent=pll-video0-3x rate=792000000 flags=0x0 enable=0 prepare=0
[    5.918190] clk-unused: enable-lock-begin name=lpc parent=pll-video0-3x rate=792000000 flags=0x0 enable=0 prepare=0
[    5.928623] clk-unused: enable-lock-end name=lpc parent=pll-video0-3x rate=792000000 flags=0x0 enable=0 prepare=0
[    5.938872] clk-unused: is-enabled-begin name=lpc parent=pll-video0-3x rate=792000000 flags=0x0 enable=0 prepare=0
[    5.949207] clk-unused: is-enabled-false name=lpc parent=pll-video0-3x rate=792000000 flags=0x0 enable=0 prepare=0
[    5.959541] clk-unused: unlock-begin name=lpc parent=pll-video0-3x rate=792000000 flags=0x0 enable=0 prepare=0
[    5.969543] clk-unused: unlock-end name=lpc parent=pll-video0-3x rate=792000000 flags=0x0 enable=0 prepare=0
[    5.979368] clk-unused: subtree-done name=lpc parent=pll-video0-3x rate=792000000 flags=0x0 enable=0 prepare=0
[    5.989365] clk-unused: child-end name=lpc parent=pll-video0-3x rate=792000000 flags=0x0 enable=0 prepare=0
[    5.999102] clk-unused: enable-lock-begin name=pll-video0-3x parent=pll-video0-8x rate=792000000 flags=0x0 enable=0 prepare=0
[    6.010400] clk-unused: enable-lock-end name=pll-video0-3x parent=pll-video0-8x rate=792000000 flags=0x0 enable=0 prepare=0
[    6.021516] clk-unused: is-enabled-begin name=pll-video0-3x parent=pll-video0-8x rate=792000000 flags=0x0 enable=0 prepare=0
[    6.032718] clk-unused: is-enabled-true name=pll-video0-3x parent=pll-video0-8x rate=792000000 flags=0x0 enable=0 prepare=0
[    6.043833] clk-unused: disable-begin name=pll-video0-3x parent=pll-video0-8x rate=792000000 flags=0x0 enable=0 prepare=0
[    6.054773] clk-unused: disable-end name=pll-video0-3x parent=pll-video0-8x rate=792000000 flags=0x0 enable=0 prepare=0
[    6.065540] clk-unused: unlock-begin name=pll-video0-3x parent=pll-video0-8x rate=792000000 flags=0x0 enable=0 prepare=0
[    6.076431] clk-unused: unlock-end name=pll-video0-3x parent=pll-video0-8x rate=792000000 flags=0x0 enable=0 prepare=0
[    6.087124] clk-unused: subtree-done name=pll-video0-3x parent=pll-video0-8x rate=792000000 flags=0x0 enable=0 prepare=0
[    6.097989] clk-unused: child-end name=pll-video0-3x parent=pll-video0-8x rate=792000000 flags=0x0 enable=0 prepare=0
[    6.108593] clk-unused: child-begin name=pll-video0-4x parent=pll-video0-8x rate=1188000000 flags=0x0 enable=0 prepare=0
[    6.119457] clk-unused: child-begin name=fanout-27M parent=pll-video0-4x rate=1188000000 flags=0x0 enable=0 prepare=0
[    6.130062] clk-unused: enable-lock-begin name=fanout-27M parent=pll-video0-4x rate=1188000000 flags=0x0 enable=0 prepare=0
[    6.141186] clk-unused: enable-lock-end name=fanout-27M parent=pll-video0-4x rate=1188000000 flags=0x0 enable=0 prepare=0
[    6.152128] clk-unused: is-enabled-begin name=fanout-27M parent=pll-video0-4x rate=1188000000 flags=0x0 enable=0 prepare=0
[    6.163156] clk-unused: is-enabled-false name=fanout-27M parent=pll-video0-4x rate=1188000000 flags=0x0 enable=0 prepare=0
[    6.174185] clk-unused: unlock-begin name=fanout-27M parent=pll-video0-4x rate=1188000000 flags=0x0 enable=0 prepare=0
[    6.184887] clk-unused: unlock-end name=fanout-27M parent=pll-video0-4x rate=1188000000 flags=0x0 enable=0 prepare=0
[    6.195406] clk-unused: subtree-done name=fanout-27M parent=pll-video0-4x rate=1188000000 flags=0x0 enable=0 prepare=0
[    6.206098] clk-unused: child-end name=fanout-27M parent=pll-video0-4x rate=1188000000 flags=0x0 enable=0 prepare=0
[    6.216528] clk-unused: child-begin name=hdmi-tv parent=pll-video0-4x rate=1188000000 flags=0x0 enable=0 prepare=0
[    6.226871] clk-unused: enable-lock-begin name=hdmi-tv parent=pll-video0-4x rate=1188000000 flags=0x0 enable=0 prepare=0
[    6.237736] clk-unused: enable-lock-end name=hdmi-tv parent=pll-video0-4x rate=1188000000 flags=0x0 enable=0 prepare=0
[    6.248418] clk-unused: is-enabled-begin name=hdmi-tv parent=pll-video0-4x rate=1188000000 flags=0x0 enable=0 prepare=0
[    6.259187] clk-unused: is-enabled-false name=hdmi-tv parent=pll-video0-4x rate=1188000000 flags=0x0 enable=0 prepare=0
[    6.269954] clk-unused: unlock-begin name=hdmi-tv parent=pll-video0-4x rate=1188000000 flags=0x0 enable=0 prepare=0
[    6.280386] clk-unused: unlock-end name=hdmi-tv parent=pll-video0-4x rate=1188000000 flags=0x0 enable=0 prepare=0
[    6.290646] clk-unused: subtree-done name=hdmi-tv parent=pll-video0-4x rate=1188000000 flags=0x0 enable=0 prepare=0
[    6.301076] clk-unused: child-end name=hdmi-tv parent=pll-video0-4x rate=1188000000 flags=0x0 enable=0 prepare=0
[    6.311246] clk-unused: child-begin name=edp-tv parent=pll-video0-4x rate=1188000000 flags=0x0 enable=0 prepare=0
[    6.321503] clk-unused: enable-lock-begin name=edp-tv parent=pll-video0-4x rate=1188000000 flags=0x0 enable=0 prepare=0
[    6.332280] clk-unused: enable-lock-end name=edp-tv parent=pll-video0-4x rate=1188000000 flags=0x0 enable=0 prepare=0
[    6.342875] clk-unused: is-enabled-begin name=edp-tv parent=pll-video0-4x rate=1188000000 flags=0x0 enable=0 prepare=0
[    6.353555] clk-unused: is-enabled-false name=edp-tv parent=pll-video0-4x rate=1188000000 flags=0x0 enable=0 prepare=0
[    6.364236] clk-unused: unlock-begin name=edp-tv parent=pll-video0-4x rate=1188000000 flags=0x0 enable=0 prepare=0
[    6.374582] clk-unused: unlock-end name=edp-tv parent=pll-video0-4x rate=1188000000 flags=0x0 enable=0 prepare=0
[    6.384763] clk-unused: subtree-done name=edp-tv parent=pll-video0-4x rate=1188000000 flags=0x0 enable=0 prepare=0
[    6.395111] clk-unused: child-end name=edp-tv parent=pll-video0-4x rate=1188000000 flags=0x0 enable=0 prepare=0
[    6.405198] clk-unused: child-begin name=combphy1 parent=pll-video0-4x rate=1188000000 flags=0x0 enable=0 prepare=0
[    6.415637] clk-unused: enable-lock-begin name=combphy1 parent=pll-video0-4x rate=1188000000 flags=0x0 enable=0 prepare=0
[    6.426592] clk-unused: enable-lock-end name=combphy1 parent=pll-video0-4x rate=1188000000 flags=0x0 enable=0 prepare=0
[    6.437362] clk-unused: is-enabled-begin name=combphy1 parent=pll-video0-4x rate=1188000000 flags=0x0 enable=0 prepare=0
[    6.448216] clk-unused: is-enabled-false name=combphy1 parent=pll-video0-4x rate=1188000000 flags=0x0 enable=0 prepare=0
[    6.459071] clk-unused: unlock-begin name=combphy1 parent=pll-video0-4x rate=1188000000 flags=0x0 enable=0 prepare=0
[    6.469597] clk-unused: unlock-end name=combphy1 parent=pll-video0-4x rate=1188000000 flags=0x0 enable=0 prepare=0
[    6.479945] clk-unused: subtree-done name=combphy1 parent=pll-video0-4x rate=1188000000 flags=0x0 enable=0 prepare=0
[    6.490463] clk-unused: child-end name=combphy1 parent=pll-video0-4x rate=1188000000 flags=0x0 enable=0 prepare=0
[    6.500724] clk-unused: child-begin name=combphy0 parent=pll-video0-4x rate=1188000000 flags=0x0 enable=0 prepare=0
[    6.511156] clk-unused: enable-lock-begin name=combphy0 parent=pll-video0-4x rate=1188000000 flags=0x0 enable=0 prepare=0
[    6.522108] clk-unused: enable-lock-end name=combphy0 parent=pll-video0-4x rate=1188000000 flags=0x0 enable=0 prepare=0
[    6.532877] clk-unused: is-enabled-begin name=combphy0 parent=pll-video0-4x rate=1188000000 flags=0x0 enable=0 prepare=0
[    6.543731] clk-unused: is-enabled-false name=combphy0 parent=pll-video0-4x rate=1188000000 flags=0x0 enable=0 prepare=0
[    6.554585] clk-unused: unlock-begin name=combphy0 parent=pll-video0-4x rate=1188000000 flags=0x0 enable=0 prepare=0
[    6.565103] clk-unused: unlock-end name=combphy0 parent=pll-video0-4x rate=1188000000 flags=0x0 enable=0 prepare=0
[    6.575446] clk-unused: subtree-done name=combphy0 parent=pll-video0-4x rate=1188000000 flags=0x0 enable=0 prepare=0
[    6.585964] clk-unused: child-end name=combphy0 parent=pll-video0-4x rate=1188000000 flags=0x0 enable=0 prepare=0
[    6.596221] clk-unused: child-begin name=tcon-lcd2 parent=pll-video0-4x rate=1188000000 flags=0x0 enable=0 prepare=0
[    6.606742] clk-unused: enable-lock-begin name=tcon-lcd2 parent=pll-video0-4x rate=1188000000 flags=0x0 enable=0 prepare=0
[    6.617781] clk-unused: enable-lock-end name=tcon-lcd2 parent=pll-video0-4x rate=1188000000 flags=0x0 enable=0 prepare=0
[    6.628637] clk-unused: is-enabled-begin name=tcon-lcd2 parent=pll-video0-4x rate=1188000000 flags=0x0 enable=0 prepare=0
[    6.639579] clk-unused: is-enabled-false name=tcon-lcd2 parent=pll-video0-4x rate=1188000000 flags=0x0 enable=0 prepare=0
[    6.650519] clk-unused: unlock-begin name=tcon-lcd2 parent=pll-video0-4x rate=1188000000 flags=0x0 enable=0 prepare=0
[    6.661123] clk-unused: unlock-end name=tcon-lcd2 parent=pll-video0-4x rate=1188000000 flags=0x0 enable=0 prepare=0
[    6.671555] clk-unused: subtree-done name=tcon-lcd2 parent=pll-video0-4x rate=1188000000 flags=0x0 enable=0 prepare=0
[    6.682157] clk-unused: child-end name=tcon-lcd2 parent=pll-video0-4x rate=1188000000 flags=0x0 enable=0 prepare=0
[    6.692500] clk-unused: child-begin name=tcon-lcd1 parent=pll-video0-4x rate=1188000000 flags=0x0 enable=0 prepare=0
[    6.703016] clk-unused: enable-lock-begin name=tcon-lcd1 parent=pll-video0-4x rate=1188000000 flags=0x0 enable=0 prepare=0
[    6.714056] clk-unused: enable-lock-end name=tcon-lcd1 parent=pll-video0-4x rate=1188000000 flags=0x0 enable=0 prepare=0
[    6.724912] clk-unused: is-enabled-begin name=tcon-lcd1 parent=pll-video0-4x rate=1188000000 flags=0x0 enable=0 prepare=0
[    6.735853] clk-unused: is-enabled-false name=tcon-lcd1 parent=pll-video0-4x rate=1188000000 flags=0x0 enable=0 prepare=0
[    6.746794] clk-unused: unlock-begin name=tcon-lcd1 parent=pll-video0-4x rate=1188000000 flags=0x0 enable=0 prepare=0
[    6.757407] clk-unused: unlock-end name=tcon-lcd1 parent=pll-video0-4x rate=1188000000 flags=0x0 enable=0 prepare=0
[    6.767838] clk-unused: subtree-done name=tcon-lcd1 parent=pll-video0-4x rate=1188000000 flags=0x0 enable=0 prepare=0
[    6.778443] clk-unused: child-end name=tcon-lcd1 parent=pll-video0-4x rate=1188000000 flags=0x0 enable=0 prepare=0
[    6.788787] clk-unused: child-begin name=tcon-lcd0 parent=pll-video0-4x rate=1188000000 flags=0x0 enable=0 prepare=0
[    6.799306] clk-unused: enable-lock-begin name=tcon-lcd0 parent=pll-video0-4x rate=1188000000 flags=0x0 enable=0 prepare=0
[    6.810344] clk-unused: enable-lock-end name=tcon-lcd0 parent=pll-video0-4x rate=1188000000 flags=0x0 enable=0 prepare=0
[    6.821200] clk-unused: is-enabled-begin name=tcon-lcd0 parent=pll-video0-4x rate=1188000000 flags=0x0 enable=0 prepare=0
[    6.832142] clk-unused: is-enabled-false name=tcon-lcd0 parent=pll-video0-4x rate=1188000000 flags=0x0 enable=0 prepare=0
[    6.843082] clk-unused: unlock-begin name=tcon-lcd0 parent=pll-video0-4x rate=1188000000 flags=0x0 enable=0 prepare=0
[    6.853689] clk-unused: unlock-end name=tcon-lcd0 parent=pll-video0-4x rate=1188000000 flags=0x0 enable=0 prepare=0
[    6.864122] clk-unused: subtree-done name=tcon-lcd0 parent=pll-video0-4x rate=1188000000 flags=0x0 enable=0 prepare=0
[    6.874726] clk-unused: child-end name=tcon-lcd0 parent=pll-video0-4x rate=1188000000 flags=0x0 enable=0 prepare=0
[    6.885069] clk-unused: child-begin name=eink-panel parent=pll-video0-4x rate=1188000000 flags=0x4 enable=0 prepare=0
[    6.895674] clk-unused: enable-lock-begin name=eink-panel parent=pll-video0-4x rate=1188000000 flags=0x4 enable=0 prepare=0
[    6.906797] clk-unused: enable-lock-end name=eink-panel parent=pll-video0-4x rate=1188000000 flags=0x4 enable=0 prepare=0
[    6.917739] clk-unused: is-enabled-begin name=eink-panel parent=pll-video0-4x rate=1188000000 flags=0x4 enable=0 prepare=0
[    6.928767] clk-unused: is-enabled-false name=eink-panel parent=pll-video0-4x rate=1188000000 flags=0x4 enable=0 prepare=0
[    6.939795] clk-unused: unlock-begin name=eink-panel parent=pll-video0-4x rate=1188000000 flags=0x4 enable=0 prepare=0
[    6.950494] clk-unused: unlock-end name=eink-panel parent=pll-video0-4x rate=1188000000 flags=0x4 enable=0 prepare=0
[    6.961015] clk-unused: subtree-done name=eink-panel parent=pll-video0-4x rate=1188000000 flags=0x4 enable=0 prepare=0
[    6.971708] clk-unused: child-end name=eink-panel parent=pll-video0-4x rate=1188000000 flags=0x4 enable=0 prepare=0
[    6.982139] clk-unused: enable-lock-begin name=pll-video0-4x parent=pll-video0-8x rate=1188000000 flags=0x0 enable=0 prepare=0
[    6.993523] clk-unused: enable-lock-end name=pll-video0-4x parent=pll-video0-8x rate=1188000000 flags=0x0 enable=0 prepare=0
[    7.004724] clk-unused: is-enabled-begin name=pll-video0-4x parent=pll-video0-8x rate=1188000000 flags=0x0 enable=0 prepare=0
[    7.016011] clk-unused: is-enabled-true name=pll-video0-4x parent=pll-video0-8x rate=1188000000 flags=0x0 enable=0 prepare=0
[    7.027212] clk-unused: disable-begin name=pll-video0-4x parent=pll-video0-8x rate=1188000000 flags=0x0 enable=0 prepare=0
[    7.038239] clk-unused: disable-end name=pll-video0-4x parent=pll-video0-8x rate=1188000000 flags=0x0 enable=0 prepare=0
[    7.049094] clk-unused: unlock-begin name=pll-video0-4x parent=pll-video0-8x rate=1188000000 flags=0x0 enable=0 prepare=0
[    7.060078] clk-unused: unlock-end name=pll-video0-4x parent=pll-video0-8x rate=1188000000 flags=0x0 enable=0 prepare=0
[    7.070862] clk-unused: subtree-done name=pll-video0-4x parent=pll-video0-8x rate=1188000000 flags=0x0 enable=0 prepare=0
[    7.081813] clk-unused: child-end name=pll-video0-4x parent=pll-video0-8x rate=1188000000 flags=0x0 enable=0 prepare=0
[    7.092504] clk-unused: enable-lock-begin name=pll-video0-8x parent=pll-ref rate=2376000000 flags=0x1 enable=0 prepare=0
[    7.103367] clk-unused: enable-lock-end name=pll-video0-8x parent=pll-ref rate=2376000000 flags=0x1 enable=0 prepare=0
[    7.114049] clk-unused: is-enabled-begin name=pll-video0-8x parent=pll-ref rate=2376000000 flags=0x1 enable=0 prepare=0
[    7.124817] clk-unused: is-enabled-true name=pll-video0-8x parent=pll-ref rate=2376000000 flags=0x1 enable=0 prepare=0
[    7.135499] clk-unused: disable-begin name=pll-video0-8x parent=pll-ref rate=2376000000 flags=0x1 enable=0 prepare=0
[    7.146007] clk-unused: disable-end name=pll-video0-8x parent=pll-ref rate=2376000000 flags=0x1 enable=0 prepare=0
[    7.156341] clk-unused: unlock-begin name=pll-video0-8x parent=pll-ref rate=2376000000 flags=0x1 enable=0 prepare=0
[    7.166772] clk-unused: unlock-end name=pll-video0-8x parent=pll-ref rate=2376000000 flags=0x1 enable=0 prepare=0
[    7.177033] clk-unused: subtree-done name=pll-video0-8x parent=pll-ref rate=2376000000 flags=0x1 enable=0 prepare=0
[    7.187464] clk-unused: child-end name=pll-video0-8x parent=pll-ref rate=2376000000 flags=0x1 enable=0 prepare=0
[    7.197635] clk-unused: child-begin name=pll-gpu parent=pll-ref rate=840000000 flags=0x1 enable=0 prepare=0
[    7.207372] clk-unused: child-begin name=gpu parent=pll-gpu rate=840000000 flags=0x0 enable=0 prepare=0
[    7.216762] clk-unused: enable-lock-begin name=gpu parent=pll-gpu rate=840000000 flags=0x0 enable=0 prepare=0
[    7.226673] clk-unused: enable-lock-end name=gpu parent=pll-gpu rate=840000000 flags=0x0 enable=0 prepare=0
[    7.236401] clk-unused: is-enabled-begin name=gpu parent=pll-gpu rate=840000000 flags=0x0 enable=0 prepare=0
[    7.246216] clk-unused: is-enabled-false name=gpu parent=pll-gpu rate=840000000 flags=0x0 enable=0 prepare=0
[    7.256029] clk-unused: unlock-begin name=gpu parent=pll-gpu rate=840000000 flags=0x0 enable=0 prepare=0
[    7.265505] clk-unused: unlock-end name=gpu parent=pll-gpu rate=840000000 flags=0x0 enable=0 prepare=0
[    7.274809] clk-unused: subtree-done name=gpu parent=pll-gpu rate=840000000 flags=0x0 enable=0 prepare=0
[    7.284290] clk-unused: child-end name=gpu parent=pll-gpu rate=840000000 flags=0x0 enable=0 prepare=0
[    7.293508] clk-unused: enable-lock-begin name=pll-gpu parent=pll-ref rate=840000000 flags=0x1 enable=0 prepare=0
[    7.303764] clk-unused: enable-lock-end name=pll-gpu parent=pll-ref rate=840000000 flags=0x1 enable=0 prepare=0
[    7.313840] clk-unused: is-enabled-begin name=pll-gpu parent=pll-ref rate=840000000 flags=0x1 enable=0 prepare=0
[    7.324002] clk-unused: is-enabled-false name=pll-gpu parent=pll-ref rate=840000000 flags=0x1 enable=0 prepare=0
[    7.334163] clk-unused: unlock-begin name=pll-gpu parent=pll-ref rate=840000000 flags=0x1 enable=0 prepare=0
[    7.343996] clk-unused: unlock-end name=pll-gpu parent=pll-ref rate=840000000 flags=0x1 enable=0 prepare=0
[    7.353647] clk-unused: subtree-done name=pll-gpu parent=pll-ref rate=840000000 flags=0x1 enable=0 prepare=0
[    7.363471] clk-unused: child-end name=pll-gpu parent=pll-ref rate=840000000 flags=0x1 enable=0 prepare=0
[    7.373036] clk-unused: child-begin name=pll-periph1-4x parent=pll-ref rate=2400000000 flags=0x1 enable=1 prepare=1
[    7.383466] clk-unused: child-begin name=pll-periph1-480M parent=pll-periph1-4x rate=480000000 flags=0x0 enable=0 prepare=0
[    7.394594] clk-unused: child-begin name=pll-periph1-160M parent=pll-periph1-480M rate=160000000 flags=0x0 enable=0 prepare=0
[    7.405892] clk-unused: enable-lock-begin name=pll-periph1-160M parent=pll-periph1-480M rate=160000000 flags=0x0 enable=0 prepare=0
[    7.417710] clk-unused: enable-lock-end name=pll-periph1-160M parent=pll-periph1-480M rate=160000000 flags=0x0 enable=0 prepare=0
[    7.429345] clk-unused: is-enabled-begin name=pll-periph1-160M parent=pll-periph1-480M rate=160000000 flags=0x0 enable=0 prepare=0
[    7.441066] clk-unused: is-enabled-false name=pll-periph1-160M parent=pll-periph1-480M rate=160000000 flags=0x0 enable=0 prepare=0
[    7.452787] clk-unused: unlock-begin name=pll-periph1-160M parent=pll-periph1-480M rate=160000000 flags=0x0 enable=0 prepare=0
[    7.464182] clk-unused: unlock-end name=pll-periph1-160M parent=pll-periph1-480M rate=160000000 flags=0x0 enable=0 prepare=0
[    7.475403] clk-unused: subtree-done name=pll-periph1-160M parent=pll-periph1-480M rate=160000000 flags=0x0 enable=0 prepare=0
[    7.486789] clk-unused: child-end name=pll-periph1-160M parent=pll-periph1-480M rate=160000000 flags=0x0 enable=0 prepare=0
[    7.497917] clk-unused: enable-lock-begin name=pll-periph1-480M parent=pll-periph1-4x rate=480000000 flags=0x0 enable=0 prepare=0
[    7.509564] clk-unused: enable-lock-end name=pll-periph1-480M parent=pll-periph1-4x rate=480000000 flags=0x0 enable=0 prepare=0
[    7.521026] clk-unused: is-enabled-begin name=pll-periph1-480M parent=pll-periph1-4x rate=480000000 flags=0x0 enable=0 prepare=0
[    7.532574] clk-unused: is-enabled-true name=pll-periph1-480M parent=pll-periph1-4x rate=480000000 flags=0x0 enable=0 prepare=0
[    7.544035] clk-unused: disable-begin name=pll-periph1-480M parent=pll-periph1-4x rate=480000000 flags=0x0 enable=0 prepare=0
[    7.555323] clk-unused: disable-end name=pll-periph1-480M parent=pll-periph1-4x rate=480000000 flags=0x0 enable=0 prepare=0
[    7.566437] clk-unused: unlock-begin name=pll-periph1-480M parent=pll-periph1-4x rate=480000000 flags=0x0 enable=0 prepare=0
[    7.577648] clk-unused: unlock-end name=pll-periph1-480M parent=pll-periph1-4x rate=480000000 flags=0x0 enable=0 prepare=0
[    7.588685] clk-unused: subtree-done name=pll-periph1-480M parent=pll-periph1-4x rate=480000000 flags=0x0 enable=0 prepare=0
[    7.599902] clk-unused: child-end name=pll-periph1-480M parent=pll-periph1-4x rate=480000000 flags=0x0 enable=0 prepare=0
[    7.610857] clk-unused: child-begin name=pll-periph1-800M parent=pll-periph1-4x rate=800000000 flags=0x0 enable=0 prepare=0
[    7.621981] clk-unused: enable-lock-begin name=pll-periph1-800M parent=pll-periph1-4x rate=800000000 flags=0x0 enable=0 prepare=0
[    7.633626] clk-unused: enable-lock-end name=pll-periph1-800M parent=pll-periph1-4x rate=800000000 flags=0x0 enable=0 prepare=0
[    7.645087] clk-unused: is-enabled-begin name=pll-periph1-800M parent=pll-periph1-4x rate=800000000 flags=0x0 enable=0 prepare=0
[    7.656635] clk-unused: is-enabled-true name=pll-periph1-800M parent=pll-periph1-4x rate=800000000 flags=0x0 enable=0 prepare=0
[    7.668096] clk-unused: disable-begin name=pll-periph1-800M parent=pll-periph1-4x rate=800000000 flags=0x0 enable=0 prepare=0
[    7.679384] clk-unused: disable-end name=pll-periph1-800M parent=pll-periph1-4x rate=800000000 flags=0x0 enable=0 prepare=0
[    7.690497] clk-unused: unlock-begin name=pll-periph1-800M parent=pll-periph1-4x rate=800000000 flags=0x0 enable=0 prepare=0
[    7.701710] clk-unused: unlock-end name=pll-periph1-800M parent=pll-periph1-4x rate=800000000 flags=0x0 enable=0 prepare=0
[    7.712748] clk-unused: subtree-done name=pll-periph1-800M parent=pll-periph1-4x rate=800000000 flags=0x0 enable=0 prepare=0
