[  400.961˙......


[70]HELLO! BOOT0 is starting!
[73]BOOT0 commit : {9f6fab4f-dirty}
[87]dram_para_total:0xf
[89]vaild para:6  select dram para0
[93][mmc]: mmc driver ver 2024-03-20 10:36
[103][mmc]: Wrong media type 0x0
[106][mmc]: ***Try SD card 0***
[121][mmc]: HSSDR52/SDR25 4 bit
[124][mmc]: 50000000 Hz
[126][mmc]: 119850 MB
[128][mmc]: ***SD/MMC 0 init OK!!!***
[134]DRAM BOOT DRIVE INFO: V0.601
[138]DRAM_VCC set to 560 mv
[141]DRAM CLK =2400 MHZ
[144]DRAM Type =9 (8:LPDDR4,9:LPDDR5)
[296]Training result is = 7
[299]DRAM Pstate 1 training, frequency is 1200 Mhz
[481]Training result is = 7
[483]DRAM Pstate 2 training, frequency is 800 Mhz
[831]Training result is = 7
[833]DRAM Pstate 3 training, frequency is 400 Mhz
[919]Training result is = 7
[921]DRAM Pstate 0 training, frequency is 2400 Mhz
[930]Actual DRAM SIZE =4096 M
[933]DRAM SIZE =4096 MBytes, para1 = a0fa, para2 = 10001001, dram_tpr13 = 65
[948]DRAM simple test OK.
[950]key press : 
[958]error:bad magic.
[1021]error: dtb not found for scp
[1025]mmc not para
[1027]Jump to ATF: monitor_base = 0x48000000, uboot_base = 0x4a000000, optee_base = 0x0
NOTICE:  BL31: OP-TEE 32bit detected
NOTICE:  BL31: U-BOOT 32bit detected
NOTICE:  BL31: v2.5(debug):5fc237a6a
NOTICE:  BL31: Built : 09:05:28, Feb 26 2025
NOTICE:  BL31: No DTB found.
ERROR:   Error initializing runtime service opteed_fast


U-Boot 2018.07-12-boot-aw2501-gb2d229198b2-dirty (Jan 06 2026 - 03:45:33 +0000) Allwinner Technology

[01.078]CPU:   Allwinner Family
[01.081]Model: Radxa Cubie A7A
I2C:   ready
[01.142]DRAM:  4 GiB
[01.150]Relocation Offset is: 75d89000
[01.201]secure enable bit: 0
[01.204]PMU: AXP8191
[01.206]PMU: AXP8191 VER_A
FDT ERROR:fdt_get_regulator_name:get property handle twi-supply error:FDT_ERR_INTERNAL
[01.218]bmu_axp515_probe pmic_bus_read fail
[01.222][AXP8191] onoff status: 0x50 = 0x1, 0x51 = 0x0
[01.227][AXP8191] charge status: 0x4 = 0x0
[01.231]CPU=1014 MHz,PLL6=1200 Mhz,AHB=200 Mhz, APB1=24Mhz  MBus=600Mhz
[01.237]gic: sec monitor mode
SPI ALL:   ready
[01.281]flash init start
[01.283]workmode = 0,storage type = 1
[01.286][mmc]: mmc driver ver uboot2018:2024-10-18 9:01:00 -- uboot2018:2025-03-28 10:03:00
[01.295][mmc]: get sdc_type fail and use default host:tm1.
[01.303][mmc]: can't find node "mmc0",will add new node
[01.307][mmc]: fdt err returned <no error>
[01.311][mmc]: Using default timing para
[01.315][mmc]: SUNXI SDMMC Controller Version:0x50530
[01.338][mmc]: card_caps:0x3000000a
[01.341][mmc]: host_caps:0x3000003f
[01.345]sunxi flash init ok
get value error
[01.354]Loading Environment from SUNXI_FLASH... OK
No ethernet found.
[01.392]NOT support bridge yet
[01.394]Warn: no find panel or bridge
[01.398]hdmi0@5520000 disconnected
[01.401]drm hdmi get mode: 1920x1080@60Hz
hdmi0@5520000: use force output detailed mode clock 148500 kHz, flags[5]
    H: 1920 2008 2052 2200
    V: 1080 1084 1089 1125
bus_format: 0
clk_set_rate: <NULL> has NULL parent
[01.504]suxni tcon hdmi set rate: 148500000Hz and get diff: -148500000Hz
[01.575]the secure storage item0 copy0 magic is bad
[01.587]the secure storage item0 copy1 magic is bad
[01.591]usb burn from boot
delay time 0
[01.598]usb prepare ok
[01.901]overtime
[01.905]do_burn_from_boot usb : no usb exist
skip update boot_param
cann't get the boot_base from the env
[01.918]update part info
[01.923]battery temp is -1
[01.928]update bootcmd
[01.936](not enough data: expected >= 8 cells, got 4 cells)
Link up timeout
Speed change timeout
PCIe speed of Gen1
Override default fdtfile to allwinner/sun60i-a733-cubie-a7s.dtb
[04.380]libfdt fdt_check_header(): FDT_ERR_BADMAGIC
[04.386]libfdt fdt_path_offset() returned FDT_ERR_BADMAGIC
[04.392][mmc]: get sunxi-mmc0 string failed
[04.396]The storage not support sample function
[04.402]## error: update_fdt_dram_para_from_bootpara : FDT_ERR_NOTFOUND
ret 0
[04.412]chip id : 0x00005100 0x00004900 0x0000c418 0x000022d4
[04.418]mac addr => 08:51:49:dc:f6:6c
[04.421]chip id : 0x00005100 0x00004900 0x0000c418 0x000022d4
[04.427]mac addr => 08:51:49:dc:f6:6d
[04.431]/chosen/rng-seed node not exit
[04.434]no battery, disabled battery functons
[04.439]Could not find nodeoffset for bat_supply
[04.443]update dts
curr_device:0
Device: SUNXI SD/MMC
Manufacturer ID: ad
OEM: 4c53
Name: USD00 
Bus Speed: 50000000
Mode : SD High Speed (50MHz)
Rd Block Len: 512
SD version 3.0
High Capacity: Yes
Capacity: 117 GiB
Bus Width: 4-bit
Erase Group Size: 512 Bytes
[ufs]info:Driver version 0.0.24 2024.12.30 16:00
[ufs]info:Cal words 0x60:val 0xac5e0000, 0x64:val 0x4d1da478
[ufs]err:uic c 16,uic a 0,1,0
[ufs]err:e 80000010,0,0,0,0
[ufs]err:int s 0,400
[ufs]err:Device not present
[ufs]err:wait device link startup failed
[ufs]info:peer link startup timeout
[ufs]info:Cal words 0x60:val 0xac5e0000, 0x64:val 0x4d1da478
[ufs]err:uic c 16,uic a 0,1,0
[ufs]err:e 80000010,0,0,0,0
[ufs]err:int s 0,400
[ufs]err:Device not present
[ufs]err:wait device link startup failed
[ufs]info:peer link startup timeout
[ufs]info:Cal words 0x60:val 0xac5e0000, 0x64:val 0x4d1da478
[ufs]err:uic c 16,uic a 0,1,0
[ufs]err:e 80000010,0,0,0,0
[ufs]err:int s 0,400
[ufs]err:Device not present
[ufs]err:wait device link startup failed
[ufs]info:peer link startup timeout
[ufs]info:Cal words 0x60:val 0xac5e0000, 0x64:val 0x4d1da478
[ufs]err:uic c 16,uic a 0,1,0
[ufs]err:e 80000010,0,0,0,0
[ufs]err:int s 0,400
[ufs]err:Device not present
[ufs]err:wait device link startup failed
[ufs]info:peer link startup timeout
[ufs]err:link startup failed -6
[ufs]err:ufshcd_probe() failed -6
fail to init ufs
sunxi_flash - sunxi_flash sub-system

Usage:
sunxi_flash sunxi_flash init storage_type
sunxi_flash read mem_addr part_name [size]
sunxi_flash read_mtd mem_addr part_name [size]
sunxi_flash write <mem_addr> <part_name> [size]
sunxi_flash write <mem_addr> <part_name> [offset] [size]
sunxi_flash write_mtd <mem_addr> <part_name>
sunxi_flash boot0 force_dram_update_size <new_val> 
sunxi_flash boot0 force_dram_update_flag <new_val> 

Hit any key to stop autoboot:  0 
=> <INTERRUPT>
=> <INTERRUPT>
=> <INTERRUPT>
=> <INTERRUPT>
=> <INTERRUPT>
=> <INTERRUPT>
=> <INTERRUPT>
=> <INTERRUPT>
=> <INTERRUPT>
=> <INTERRUPT>
=> <INTERRUPT>
=> <INTERRUPT>
=> <INTERRUPT>
=> <INTERRUPT>
=> <INTERRUPT>
=> <INTERRUPT>
=> <INTERRUPT>
=> <INTERRUPT>
=> <INTERRUPT>
=> <INTERRUPT>
=> <INTERRUPT>
=> <INTERRUPT>
=> <INTERRUPT>
=> <INTERRUPT>
=> setenv drm_debug 1
=> mmc dev 0
mmc0 is current device
=> mmc rescan
[05.541][mmc]: card_caps:0x3000000a
[05.544][mmc]: host_caps:0x3000003f
=> part list mmc 0

Partition Map for MMC device 0  --   Partition Type: EFI

Part	Start LBA	End LBA		Name
	Attributes
	Type GUID
	Partition GUID
  1	0x00008000	0x0000ffff	"primary"
	attrs:	0x0000000000000000
	type:	0fc63daf-8483-4772-8e79-3d69d8477de4
	guid:	0d30537f-ad9b-4bc3-b2f6-73066b8c4e39
  2	0x00010000	0x000a5fff	"primary"
	attrs:	0x0000000000000004
	type:	c12a7328-f81f-11d2-ba4b-00a0c93ec93b
	guid:	988049b8-f471-470d-ae91-a5d78cc7605d
  3	0x000a6000	0x0ea14fde	"primary"
	attrs:	0x0000000000000004
	type:	0fc63daf-8483-4772-8e79-3d69d8477de4
	guid:	db375e07-7682-4d4e-b8bc-a923dd0b027e
=> ext4load mmc 0:3 0x40080000 /boot/cthu/Image
43244032 bytes read in 1810 ms (22.8 MiB/s)
=> echo kernel_filesize=${filesize}
kernel_filesize=293da00
=> ext4load mmc 0:3 0x4fa00000 /boot/cthu/a733.dtb
4705 bytes read in 25 ms (183.6 KiB/s)
=> echo fdt_filesize=${filesize}
fdt_filesize=1261
=> fdt addr 0x4fa00000
=> fdt header
magic:			0xd00dfeed
totalsize:		0x1261 (4705)
off_dt_struct:		0x38
off_dt_strings:		0xffc
off_mem_rsvmap:		0x28
version:		17
last_comp_version:	16
boot_cpuid_phys:	0x0
size_dt_strings:	0x265
size_dt_struct:		0xfc4
number mem_rsv:		0x0

=> setenv bootargs console=ttyS0,115200n8 earlycon=uart8250,mmio32,0x02500000 loglevel=8 ignore_loglevel drm_debug=1 root=PARTUUID=db375e07-7682-4d4e-b8bc-a923dd0b027e rootfstype=ext4 rootwait ro rootflags=noload init=/bin/sh
=> booti 0x40080000 - 0x4fa00000
[07.971]libfdt fdt_path_offset() returned FDT_ERR_BADMAGIC
[07.976][mmc]: get sunxi-mmc0 string failed
[07.980]## error: sunxi_update_fdt_para_for_kernel : FDT_ERR_BADPATH
[07.986]The storage not support sample function
[07.990]## error: update_fdt_dram_para_from_bootpara : FDT_ERR_NOTFOUND
drm debug mode: 1 
[07.998]mac addr => 08:51:49:dc:f6:6c
[08.002]mac addr => 08:51:49:dc:f6:6d
[08.005]no battery, disabled battery functons
[08.009]Could not find nodeoffset for bat_supply
[08.014]update dts
[08.016]Starting kernel ...

[08.018]total: 8018 ms

[08.020][mmc]: MMC Device 2 not found
[08.024][mmc]: mmc 2 not find, so not exit
NOTICE:  [SCP] :wait arisc ready....
NOTICE:  [SCP] :arisc version: [d463b9da43dc50320f21ba51c6c51afe2db20d83]
NOTICE:  [SCP] :arisc startup ready
NOTICE:  [SCP] :arisc startup notify message feedback
NOTICE:  [SCP] :sunxi-arisc driver is starting
NOTICE:  BL3-1: Next image address = 0x40200000
NOTICE:  BL3-1: Next image spsr = 0x3c5
[    0.000000] Booting Linux on physical CPU 0x0000000000 [0x412fd050]
[    0.000000] Linux version 7.1.0-rc5-00221-g3efc8c1ee7a2 (enzo@strix) (aarch64-linux-gnu-gcc (Ubuntu 15.2.0-16ubuntu1) 15.2.0, GNU ld (GNU Binutils for Ubuntu) 2.46) #1 SMP PREEMPT Wed Jun 10 03:06:53 EDT 2026
[    0.000000] KASLR disabled due to lack of seed
[    0.000000] random: crng init done
[    0.000000] Machine model: Radxa Cubie A7S
[    0.000000] earlycon: uart8250 at MMIO32 0x0000000002500000 (options '')
[    0.000000] printk: legacy bootconsole [uart8250] enabled
[    0.000000] printk: debug: ignoring loglevel setting.
[    0.000000] efi: UEFI not found.
[    0.000000] OF: reserved mem: Reserved memory: No reserved-memory node in the DT
[    0.000000] NUMA: Faking a node at [mem 0x0000000040000000-0x000000013fffffff]
[    0.000000] NODE_DATA(0) allocated [mem 0x13f801d40-0x13f80443f]
[    0.000000] cma: Reserved 32 MiB at 0x00000000fe000000
[    0.000000] psci: probing for conduit method from DT.
[    0.000000] psci: PSCIv1.1 detected in firmware.
[    0.000000] psci: Using standard PSCI v0.2 function IDs
[    0.000000] psci: MIGRATE_INFO_TYPE not supported.
[    0.000000] psci: SMC Calling Convention v1.2
[    0.000000] Zone ranges:
[    0.000000]   DMA      [mem 0x0000000040000000-0x00000000ffffffff]
[    0.000000]   DMA32    empty
[    0.000000]   Normal   [mem 0x0000000100000000-0x000000013fffffff]
[    0.000000] Movable zone start for each node
[    0.000000] Early memory node ranges
[    0.000000]   node   0: [mem 0x0000000040000000-0x000000013fffffff]
[    0.000000] Initmem setup node 0 [mem 0x0000000040000000-0x000000013fffffff]
[    0.000000] percpu: Embedded 26 pages/cpu s66520 r8192 d31784 u106496
[    0.000000] pcpu-alloc: s66520 r8192 d31784 u106496 alloc=26*4096
[    0.000000] pcpu-alloc: [0] 0 [0] 1 [0] 2 [0] 3 [0] 4 [0] 5 [0] 6 [0] 7 
[    0.000000] Detected VIPT I-cache on CPU0
[    0.000000] CPU features: detected: GICv3 CPU interface
[    0.000000] CPU features: detected: ARM errata 1165522, 1319367, or 1530923
[    0.000000] alternatives: applying boot alternatives
[    0.000000] Kernel command line: console=ttyS0,115200n8 earlycon=uart8250,mmio32,0x02500000 loglevel=8 ignore_loglevel drm_debug=1 root=PARTUUID=db375e07-7682-4d4e-b8bc-a923dd0b027e rootfstype=ext4 rootwait ro rootflags=noload init=/bin/sh
[    0.000000] Unknown kernel command line parameters "drm_debug=1", will be passed to user space.
[    0.000000] printk: log buffer data + meta data: 131072 + 458752 = 589824 bytes
[    0.000000] Dentry cache hash table entries: 524288 (order: 10, 4194304 bytes, linear)
[    0.000000] Inode-cache hash table entries: 262144 (order: 9, 2097152 bytes, linear)
[    0.000000] software IO TLB: area num 8.
[    0.000000] software IO TLB: mapped [mem 0x00000000fa000000-0x00000000fe000000] (64MB)
[    0.000000] Fallback order for Node 0: 0 
[    0.000000] Built 1 zonelists, mobility grouping on.  Total pages: 1048576
[    0.000000] Policy zone: Normal
[    0.000000] mem auto-init: stack:all(zero), heap alloc:off, heap free:off
[    0.000000] SLUB: HWalign=64, Order=0-3, MinObjects=0, CPUs=8, Nodes=1
[    0.000000] rcu: Preemptible hierarchical RCU implementation.
[    0.000000] rcu: 	RCU event tracing is enabled.
[    0.000000] rcu: 	RCU restricting CPUs from NR_CPUS=512 to nr_cpu_ids=8.
[    0.000000] 	Trampoline variant of Tasks RCU enabled.
[    0.000000] 	Tracing variant of Tasks RCU enabled.
[    0.000000] rcu: RCU calculated value of scheduler-enlistment delay is 25 jiffies.
[    0.000000] rcu: Adjusting geometry for rcu_fanout_leaf=16, nr_cpu_ids=8
[    0.000000] RCU Tasks: Setting shift to 3 and lim to 1 rcu_task_cb_adjust=1 rcu_task_cpu_ids=8.
[    0.000000] NR_IRQS: 64, nr_irqs: 64, preallocated irqs: 0
[    0.000000] GICv3: 256 SPIs implemented
[    0.000000] GICv3: 0 Extended SPIs implemented
[    0.000000] Root IRQ handler: gic_handle_irq
[    0.000000] GICv3: GICv3 features: 16 PPIs
[    0.000000] GICv3: GICD_CTLR.DS=0, SCR_EL3.FIQ=0
[    0.000000] GICv3: CPU0: found redistributor 0 region 0:0x0000000003460000
[    0.000000] ITS: No ITS available, not enabling LPIs
[    0.000000] rcu: srcu_init: Setting srcu_struct sizes based on contention.
[    0.000000] arch_timer: cp15 timer running at 24.00MHz (virt).
[    0.000000] clocksource: arch_sys_counter: mask: 0xffffffffffffff max_cycles: 0x588fe9dc0, max_idle_ns: 440795202592 ns
[    0.000000] sched_clock: 56 bits at 24MHz, resolution 41ns, wraps every 4398046511097ns
[    0.008361] Console: colour dummy device 80x25
[    0.012920] Calibrating delay loop (skipped), value calculated using timer frequency.. 48.00 BogoMIPS (lpj=96000)
[    0.023184] pid_max: default: 32768 minimum: 301
[    0.028102] Mount-cache hash table entries: 8192 (order: 4, 65536 bytes, linear)
[    0.035551] Mountpoint-cache hash table entries: 8192 (order: 4, 65536 bytes, linear)
[    0.043700] VFS: Finished mounting rootfs on nullfs
[    0.049385] cacheinfo: Unable to detect cache hierarchy for CPU 0
[    0.056476] rcu: Hierarchical SRCU implementation.
[    0.061276] rcu: 	Max phase no-delay instances is 1000.
[    0.066716] Timer migration: 1 hierarchy levels; 8 children per group; 1 crossnode level
[    0.075226] EFI services will not be available.
[    0.080084] smp: Bringing up secondary CPUs ...
[    0.085115] Detected VIPT I-cache on CPU1
[    0.085177] GICv3: CPU1: found redistributor 100 region 0:0x0000000003480000
[    0.085216] CPU1: Booted secondary processor 0x0000000100 [0x412fd050]
[    0.085811] Detected VIPT I-cache on CPU2
[    0.085868] GICv3: CPU2: found redistributor 200 region 0:0x00000000034a0000
[    0.085902] CPU2: Booted secondary processor 0x0000000200 [0x412fd050]
[    0.086465] Detected VIPT I-cache on CPU3
[    0.086515] GICv3: CPU3: found redistributor 300 region 0:0x00000000034c0000
[    0.086544] CPU3: Booted secondary processor 0x0000000300 [0x412fd050]
[    0.087101] Detected VIPT I-cache on CPU4
[    0.087149] GICv3: CPU4: found redistributor 400 region 0:0x00000000034e0000
[    0.087177] CPU4: Booted secondary processor 0x0000000400 [0x412fd050]
[    0.087749] Detected VIPT I-cache on CPU5
[    0.087800] GICv3: CPU5: found redistributor 500 region 0:0x0000000003500000
[    0.087828] CPU5: Booted secondary processor 0x0000000500 [0x412fd050]
[    0.088409] CPU features: detected: Spectre-v4
[    0.088415] CPU features: detected: Spectre-BHB
[    0.088420] CPU features: detected: SSBS not fully self-synchronizing
[    0.088423] Detected PIPT I-cache on CPU6
[    0.088451] GICv3: CPU6: found redistributor 600 region 0:0x0000000003520000
[    0.088467] CPU6: Booted secondary processor 0x0000000600 [0x414fd0b1]
[    0.089013] Detected PIPT I-cache on CPU7
[    0.089048] GICv3: CPU7: found redistributor 700 region 0:0x0000000003540000
[    0.089064] CPU7: Booted secondary processor 0x0000000700 [0x414fd0b1]
[    0.089148] smp: Brought up 1 node, 8 CPUs
[    0.231942] SMP: Total of 8 processors activated.
[    0.236678] CPU: All CPU(s) started at EL1
[    0.240819] CPU features: detected: 32-bit EL0 Support
[    0.245957] CPU features: detected: Data cache clean to the PoU not required for I/D coherence
[    0.254579] CPU features: detected: Common not Private translations
[    0.260854] CPU features: detected: CRC32 instructions
[    0.266004] CPU features: detected: RCpc load-acquire (LDAPR)
[    0.271756] CPU features: detected: LSE atomic instructions
[    0.277334] CPU features: detected: Privileged Access Never
[    0.282919] CPU features: detected: PMUv3
[    0.286937] CPU features: detected: RAS Extension Support
[    0.292360] CPU features: detected: XNX
[    0.296209] CPU features: detected: Speculative Store Bypassing Safe (SSBS)
[    0.303227] alternatives: applying system-wide alternatives
[    0.312680] CPU features: detected: Hardware dirty bit management on CPU6-7
[    0.320115] Memory: 3966244K/4194304K available (18880K kernel code, 5302K rwdata, 14508K rodata, 3392K init, 718K bss, 190672K reserved, 32768K cma-reserved)
[    0.335734] devtmpfs: initialized
[    0.343698] clocksource: jiffies: mask: 0xffffffff max_cycles: 0xffffffff, max_idle_ns: 7645041785100000 ns
[    0.353478] posixtimers hash table entries: 4096 (order: 4, 65536 bytes, linear)
[    0.360976] futex hash table entries: 2048 (131072 bytes on 1 NUMA nodes, total 128 KiB, linear).
[    0.370177] 22000 pages in range for non-PLT usage
[    0.370185] 513520 pages in range for PLT usage
[    0.376847] DMI: not present or invalid.
[    0.388101] NET: Registered PF_NETLINK/PF_ROUTE protocol family
[    0.395000] DMA: preallocated 512 KiB GFP_KERNEL pool for atomic allocations
[    0.402217] DMA: preallocated 512 KiB GFP_KERNEL|GFP_DMA pool for atomic allocations
[    0.410004] audit: initializing netlink subsys (disabled)
[    0.415537] audit: type=2000 audit(0.264:1): state=initialized audit_enabled=0 res=1
[    0.416482] thermal_sys: Registered thermal governor 'step_wise'
[    0.423390] thermal_sys: Registered thermal governor 'power_allocator'
[    0.429465] cpuidle: using governor menu
[    0.440194] hw-breakpoint: found 6 breakpoint and 4 watchpoint registers.
[    0.447154] ASID allocator initialised with 65536 entries
[    0.454936] Serial: AMBA PL011 UART driver
[    0.460910] /soc/clock-controller@2002000: Fixed dependency cycle(s) with /soc/rtc@7090000
[    0.469245] /soc/clock-controller@7010000: Fixed dependency cycle(s) with /soc/clock-controller@2002000
[    0.478681] /soc/clock-controller@7010000: Fixed dependency cycle(s) with /soc/rtc@7090000
[    0.486972] /soc/rtc@7090000: Fixed dependency cycle(s) with /soc/clock-controller@7010000
[    0.496255] /soc/clock-controller@2002000: Fixed dependency cycle(s) with /soc/rtc@7090000
[    0.505955] /soc/clock-controller@7010000: Fixed dependency cycle(s) with /soc/clock-controller@2002000
[    0.515414] /soc/clock-controller@7010000: Fixed dependency cycle(s) with /soc/rtc@7090000
[    0.524097] /soc/clock-controller@7010000: Fixed dependency cycle(s) with /soc/rtc@7090000
[    0.532453] /soc/clock-controller@2002000: Fixed dependency cycle(s) with /soc/rtc@7090000
[    0.540838] /soc/rtc@7090000: Fixed dependency cycle(s) with /soc/clock-controller@7010000
[    0.550701] HugeTLB: registered 1.00 GiB page size, pre-allocated 0 pages
[    0.557528] HugeTLB: 0 KiB vmemmap can be freed for a 1.00 GiB page
[    0.563803] HugeTLB: registered 32.0 MiB page size, pre-allocated 0 pages
[    0.570614] HugeTLB: 0 KiB vmemmap can be freed for a 32.0 MiB page
[    0.576896] HugeTLB: registered 2.00 MiB page size, pre-allocated 0 pages
[    0.583697] HugeTLB: 0 KiB vmemmap can be freed for a 2.00 MiB page
[    0.589963] HugeTLB: registered 64.0 KiB page size, pre-allocated 0 pages
[    0.596765] HugeTLB: 0 KiB vmemmap can be freed for a 64.0 KiB page
[    0.604966] ACPI: Interpreter disabled.
[    0.610549] iommu: Default domain type: Translated
[    0.615385] iommu: DMA domain TLB invalidation policy: strict mode
[    0.622378] SCSI subsystem initialized
[    0.626314] libata version 3.00 loaded.
[    0.630394] usbcore: registered new interface driver usbfs
[    0.635933] usbcore: registered new interface driver hub
[    0.641299] usbcore: registered new device driver usb
[    0.646817] pps_core: LinuxPPS API ver. 1 registered
[    0.651816] pps_core: Software ver. 5.3.6 - Copyright 2005-2007 Rodolfo Giometti <giometti@linux.it>
[    0.660978] PTP clock support registered
[    0.665059] EDAC MC: Ver: 3.0.0
[    0.668484] scmi_core: SCMI protocol bus registered
[    0.674011] FPGA manager framework
[    0.678558] vgaarb: loaded
[    0.681688] clocksource: Switched to clocksource arch_sys_counter
[    0.688113] VFS: Disk quotas dquot_6.6.0
[    0.692081] VFS: Dquot-cache hash table entries: 512 (order 0, 4096 bytes)
[    0.699345] pnp: PnP ACPI: disabled
[    0.709700] NET: Registered PF_INET protocol family
[    0.714743] IP idents hash table entries: 65536 (order: 7, 524288 bytes, linear)
[    0.725249] tcp_listen_portaddr_hash hash table entries: 2048 (order: 3, 32768 bytes, linear)
[    0.733860] Table-perturb hash table entries: 65536 (order: 6, 262144 bytes, linear)
[    0.741625] TCP established hash table entries: 32768 (order: 6, 262144 bytes, linear)
[    0.749782] TCP bind hash table entries: 32768 (order: 8, 1048576 bytes, linear)
[    0.757954] TCP: Hash tables configured (established 32768 bind 32768)
[    0.764608] UDP hash table entries: 2048 (order: 5, 131072 bytes, linear)
[    0.771648] NET: Registered PF_UNIX/PF_LOCAL protocol family
[    0.777661] RPC: Registered named UNIX socket transport module.
[    0.783604] RPC: Registered udp transport module.
[    0.788321] RPC: Registered tcp transport module.
[    0.793052] RPC: Registered tcp-with-tls transport module.
[    0.798545] RPC: Registered tcp NFSv4.1 backchannel transport module.
[    0.805007] PCI: CLS 0 bytes, default 64
[    0.809409] kvm [1]: HYP mode not available
[    0.814741] Initialise system trusted keyrings
[    0.819366] workingset: timestamp_bits=42 (anon: 38) max_order=20 bucket_order=0 (anon: 0)
[    0.828031] squashfs: version 4.0 (2009/01/31) Phillip Lougher
[    0.834151] NFS: Registering the id_resolver key type
[    0.839263] Key type id_resolver registered
[    0.843451] Key type id_legacy registered
[    0.847514] nfs4filelayout_init: NFSv4 File Layout Driver Registering...
[    0.854228] nfs4flexfilelayout_init: NFSv4 Flexfile Layout Driver Registering...
[    0.861811] 9p: Installing v9fs 9p2000 file system support
[    0.867510] Key type asymmetric registered
[    0.871656] Asymmetric key parser 'x509' registered
[    0.876593] Block layer SCSI generic (bsg) driver version 0.4 loaded (major 244)
[    0.884028] io scheduler mq-deadline registered
[    0.888571] io scheduler kyber registered
[    0.892640] io scheduler bfq registered
[    0.903851] ledtrig-cpu: registered to indicate activity on CPUs
[    0.942934] Serial: 8250/16550 driver, 4 ports, IRQ sharing enabled
[    0.953087] msm_serial: driver initialized
[    0.957765] SuperH (H)SCI(F) driver initialized
[    0.962454] STM32 USART driver initialized
[    0.975525] loop: module loaded
[    0.979696] megasas: 07.734.00.00-rc1
[    0.989152] tun: Universal TUN/TAP device driver, 1.6
[    0.994972] thunder_xcv, ver 1.0
[    0.998280] thunder_bgx, ver 1.0
[    1.001560] nicpf, ver 1.0
[    1.005497] e1000: Intel(R) PRO/1000 Network Driver
[    1.010426] e1000: Copyright (c) 1999-2006 Intel Corporation.
[    1.016231] e1000e: Intel(R) PRO/1000 Network Driver
[    1.021237] e1000e: Copyright(c) 1999 - 2015 Intel Corporation.
[    1.027214] igb: Intel(R) Gigabit Ethernet Network Driver
[    1.032626] igb: Copyright (c) 2007-2014 Intel Corporation.
[    1.038264] igbvf: Intel(R) Gigabit Virtual Function Network Driver
[    1.044551] igbvf: Copyright (c) 2009 - 2012 Intel Corporation.
[    1.050800] sky2: driver version 1.30
[    1.055671] VFIO - User Level meta-driver version: 0.3
[    1.063697] usbcore: registered new interface driver usb-storage
[    1.074983] sun6i-rtc 7090000.rtc: registered as rtc0
[    1.080100] sun6i-rtc 7090000.rtc: setting system clock to 1970-01-02T00:00:08 UTC (86408)
[    1.088883] i2c_dev: i2c /dev entries driver
[    1.103157] SMCCC: SOC_ID: ARCH_SOC_ID not implemented, skipping ....
[    1.110513] usbcore: registered new interface driver usbhid
[    1.116116] usbhid: USB HID core driver
[    1.126342] NET: Registered PF_INET6 protocol family
[    1.131979] Segment Routing with IPv6
[    1.135714] In-situ OAM (IOAM) with IPv6
[    1.139709] NET: Registered PF_PACKET protocol family
[    1.144845] 9pnet: Installing 9P2000 support
[    1.149180] Key type dns_resolver registered
[    1.165990] registered taskstats version 1
[    1.170507] Loading compiled-in X.509 certificates
[    1.186527] Demotion targets for Node 0: null
[    1.206494] gpio gpiochip0: Static allocation of GPIO base is deprecated, use dynamic allocation.
[    1.226333] sun60i-a733-pinctrl 2000000.pinctrl: initialized sunXi PIO driver
[    1.235351] sun60i-a733-pinctrl 2000000.pinctrl: supply vcc-pb not found, using dummy regulator
[    1.244657] printk: legacy console [ttyS0] disabled
[    1.270161] 2500000.serial: ttyS0 at MMIO 0x2500000 (irq = 344, base_baud = 1500000) is a 16550A
[    1.279024] printk: legacy console [ttyS0] enabled
[    1.279024] printk: legacy console [ttyS0] enabled
[    1.288677] printk: legacy bootconsole [uart8250] disabled
[    1.288677] printk: legacy bootconsole [uart8250] disabled
[    1.304169] clk: Disabling unused clocks
[    1.305392] sun60i-a733-pinctrl 2000000.pinctrl: supply vcc-pf not found, using dummy regulator
[    1.308118] clk-unused: root-begin name=iosc parent=(none) rate=16000000 flags=0x40 enable=0 prepare=0
[    1.326107] clk-unused: child-begin name=iosc-32k parent=iosc rate=31250 flags=0x40 enable=0 prepare=0
[    1.335413] clk-unused: child-begin name=osc32k parent=iosc-32k rate=31250 flags=0x0 enable=0 prepare=0
[    1.344804] clk-unused: child-begin name=irrx parent=osc32k rate=31250 flags=0x0 enable=0 prepare=0
[    1.353849] clk-unused: enable-lock-begin name=irrx parent=osc32k rate=31250 flags=0x0 enable=0 prepare=0
[    1.363412] clk-unused: enable-lock-end name=irrx parent=osc32k rate=31250 flags=0x0 enable=0 prepare=0
[    1.372794] clk-unused: is-enabled-begin name=irrx parent=osc32k rate=31250 flags=0x0 enable=0 prepare=0
[    1.382263] clk-unused: is-enabled-false name=irrx parent=osc32k rate=31250 flags=0x0 enable=0 prepare=0
[    1.391731] clk-unused: unlock-begin name=irrx parent=osc32k rate=31250 flags=0x0 enable=0 prepare=0
[    1.400861] clk-unused: unlock-end name=irrx parent=osc32k rate=31250 flags=0x0 enable=0 prepare=0
[    1.409820] clk-unused: subtree-done name=irrx parent=osc32k rate=31250 flags=0x0 enable=0 prepare=0
[    1.418958] clk-unused: child-end name=irrx parent=osc32k rate=31250 flags=0x0 enable=0 prepare=0
[    1.427835] clk-unused: child-begin name=irtx parent=osc32k rate=31250 flags=0x0 enable=0 prepare=0
[    1.436880] clk-unused: enable-lock-begin name=irtx parent=osc32k rate=31250 flags=0x0 enable=0 prepare=0
[    1.446444] clk-unused: enable-lock-end name=irtx parent=osc32k rate=31250 flags=0x0 enable=0 prepare=0
[    1.455825] clk-unused: is-enabled-begin name=irtx parent=osc32k rate=31250 flags=0x0 enable=0 prepare=0
[    1.465293] clk-unused: is-enabled-false name=irtx parent=osc32k rate=31250 flags=0x0 enable=0 prepare=0
[    1.474760] clk-unused: unlock-begin name=irtx parent=osc32k rate=31250 flags=0x0 enable=0 prepare=0
[    1.483893] clk-unused: unlock-end name=irtx parent=osc32k rate=31250 flags=0x0 enable=0 prepare=0
[    1.492851] clk-unused: subtree-done name=irtx parent=osc32k rate=31250 flags=0x0 enable=0 prepare=0
[    1.501981] clk-unused: child-end name=irtx parent=osc32k rate=31250 flags=0x0 enable=0 prepare=0
[    1.510851] clk-unused: child-begin name=sgpio parent=osc32k rate=31250 flags=0x0 enable=0 prepare=0
[    1.519981] clk-unused: enable-lock-begin name=sgpio parent=osc32k rate=31250 flags=0x0 enable=0 prepare=0
[    1.529632] clk-unused: enable-lock-end name=sgpio parent=osc32k rate=31250 flags=0x0 enable=0 prepare=0
[    1.539099] clk-unused: is-enabled-begin name=sgpio parent=osc32k rate=31250 flags=0x0 enable=0 prepare=0
[    1.548655] clk-unused: is-enabled-false name=sgpio parent=osc32k rate=31250 flags=0x0 enable=0 prepare=0
[    1.558209] clk-unused: unlock-begin name=sgpio parent=osc32k rate=31250 flags=0x0 enable=0 prepare=0
[    1.567436] clk-unused: unlock-end name=sgpio parent=osc32k rate=31250 flags=0x0 enable=0 prepare=0
[    1.576493] clk-unused: subtree-done name=sgpio parent=osc32k rate=31250 flags=0x0 enable=0 prepare=0
[    1.585713] clk-unused: child-end name=sgpio parent=osc32k rate=31250 flags=0x0 enable=0 prepare=0
[    1.594671] clk-unused: child-begin name=usb2-suspend parent=osc32k rate=31250 flags=0x0 enable=0 prepare=0
[    1.604408] clk-unused: enable-lock-begin name=usb2-suspend parent=osc32k rate=31250 flags=0x0 enable=0 prepare=0
[    1.614674] clk-unused: enable-lock-end name=usb2-suspend parent=osc32k rate=31250 flags=0x0 enable=0 prepare=0
[    1.624749] clk-unused: is-enabled-begin name=usb2-suspend parent=osc32k rate=31250 flags=0x0 enable=0 prepare=0
[    1.634911] clk-unused: is-enabled-false name=usb2-suspend parent=osc32k rate=31250 flags=0x0 enable=0 prepare=0
[    1.645072] clk-unused: unlock-begin name=usb2-suspend parent=osc32k rate=31250 flags=0x0 enable=0 prepare=0
[    1.654901] clk-unused: unlock-end name=usb2-suspend parent=osc32k rate=31250 flags=0x0 enable=0 prepare=0
[    1.664552] clk-unused: subtree-done name=usb2-suspend parent=osc32k rate=31250 flags=0x0 enable=0 prepare=0
[    1.674375] clk-unused: child-end name=usb2-suspend parent=osc32k rate=31250 flags=0x0 enable=0 prepare=0
[    1.683938] clk-unused: child-begin name=hdmi-cec parent=osc32k rate=31250 flags=0x0 enable=0 prepare=0
[    1.693329] clk-unused: enable-lock-begin name=hdmi-cec parent=osc32k rate=31250 flags=0x0 enable=0 prepare=0
[    1.703239] clk-unused: enable-lock-end name=hdmi-cec parent=osc32k rate=31250 flags=0x0 enable=0 prepare=0
[    1.712967] clk-unused: is-enabled-begin name=hdmi-cec parent=osc32k rate=31250 flags=0x0 enable=0 prepare=0
[    1.722783] clk-unused: is-enabled-false name=hdmi-cec parent=osc32k rate=31250 flags=0x0 enable=0 prepare=0
[    1.732597] clk-unused: unlock-begin name=hdmi-cec parent=osc32k rate=31250 flags=0x0 enable=0 prepare=0
[    1.742076] clk-unused: unlock-end name=hdmi-cec parent=osc32k rate=31250 flags=0x0 enable=0 prepare=0
[    1.751379] clk-unused: subtree-done name=hdmi-cec parent=osc32k rate=31250 flags=0x0 enable=0 prepare=0
[    1.760857] clk-unused: child-end name=hdmi-cec parent=osc32k rate=31250 flags=0x0 enable=0 prepare=0
[    1.770074] clk-unused: child-begin name=r-ir-rx parent=osc32k rate=31250 flags=0x0 enable=0 prepare=0
[    1.779379] clk-unused: diag-skip-rccu-unused name=r-ir-rx parent=osc32k rate=31250 flags=0x0 enable=0 prepare=0
[    1.789549] clk-unused: child-end name=r-ir-rx parent=osc32k rate=31250 flags=0x0 enable=0 prepare=0
[    1.798679] clk-unused: child-begin name=osc32k-fanout parent=osc32k rate=31250 flags=0x0 enable=0 prepare=0
[    1.808503] clk-unused: child-begin name=fanout0 parent=osc32k-fanout rate=31250 flags=0x0 enable=0 prepare=0
[    1.818420] clk-unused: enable-lock-begin name=fanout0 parent=osc32k-fanout rate=31250 flags=0x0 enable=0 prepare=0
[    1.828852] clk-unused: enable-lock-end name=fanout0 parent=osc32k-fanout rate=31250 flags=0x0 enable=0 prepare=0
[    1.839101] clk-unused: is-enabled-begin name=fanout0 parent=osc32k-fanout rate=31250 flags=0x0 enable=0 prepare=0
[    1.849435] clk-unused: is-enabled-false name=fanout0 parent=osc32k-fanout rate=31250 flags=0x0 enable=0 prepare=0
[    1.859769] clk-unused: unlock-begin name=fanout0 parent=osc32k-fanout rate=31250 flags=0x0 enable=0 prepare=0
[    1.869766] clk-unused: unlock-end name=fanout0 parent=osc32k-fanout rate=31250 flags=0x0 enable=0 prepare=0
[    1.879590] clk-unused: subtree-done name=fanout0 parent=osc32k-fanout rate=31250 flags=0x0 enable=0 prepare=0
[    1.889586] clk-unused: child-end name=fanout0 parent=osc32k-fanout rate=31250 flags=0x0 enable=0 prepare=0
[    1.899324] clk-unused: child-begin name=fanout1 parent=osc32k-fanout rate=31250 flags=0x0 enable=0 prepare=0
[    1.909233] clk-unused: enable-lock-begin name=fanout1 parent=osc32k-fanout rate=31250 flags=0x0 enable=0 prepare=0
[    1.919663] clk-unused: enable-lock-end name=fanout1 parent=osc32k-fanout rate=31250 flags=0x0 enable=0 prepare=0
[    1.929911] clk-unused: is-enabled-begin name=fanout1 parent=osc32k-fanout rate=31250 flags=0x0 enable=0 prepare=0
[    1.940247] clk-unused: is-enabled-false name=fanout1 parent=osc32k-fanout rate=31250 flags=0x0 enable=0 prepare=0
[    1.950582] clk-unused: unlock-begin name=fanout1 parent=osc32k-fanout rate=31250 flags=0x0 enable=0 prepare=0
[    1.960583] clk-unused: unlock-end name=fanout1 parent=osc32k-fanout rate=31250 flags=0x0 enable=0 prepare=0
[    1.970408] clk-unused: subtree-done name=fanout1 parent=osc32k-fanout rate=31250 flags=0x0 enable=0 prepare=0
[    1.980404] clk-unused: child-end name=fanout1 parent=osc32k-fanout rate=31250 flags=0x0 enable=0 prepare=0
[    1.990141] clk-unused: child-begin name=fanout2 parent=osc32k-fanout rate=31250 flags=0x0 enable=0 prepare=0
[    2.000051] clk-unused: enable-lock-begin name=fanout2 parent=osc32k-fanout rate=31250 flags=0x0 enable=0 prepare=0
[    2.010482] clk-unused: enable-lock-end name=fanout2 parent=osc32k-fanout rate=31250 flags=0x0 enable=0 prepare=0
[    2.020731] clk-unused: is-enabled-begin name=fanout2 parent=osc32k-fanout rate=31250 flags=0x0 enable=0 prepare=0
[    2.031065] clk-unused: is-enabled-false name=fanout2 parent=osc32k-fanout rate=31250 flags=0x0 enable=0 prepare=0
[    2.041400] clk-unused: unlock-begin name=fanout2 parent=osc32k-fanout rate=31250 flags=0x0 enable=0 prepare=0
[    2.051399] clk-unused: unlock-end name=fanout2 parent=osc32k-fanout rate=31250 flags=0x0 enable=0 prepare=0
[    2.061223] clk-unused: subtree-done name=fanout2 parent=osc32k-fanout rate=31250 flags=0x0 enable=0 prepare=0
[    2.071240] clk-unused: child-end name=fanout2 parent=osc32k-fanout rate=31250 flags=0x0 enable=0 prepare=0
[    2.081015] clk-unused: child-begin name=fanout3 parent=osc32k-fanout rate=31250 flags=0x0 enable=0 prepare=0
[    2.090929] clk-unused: enable-lock-begin name=fanout3 parent=osc32k-fanout rate=31250 flags=0x0 enable=0 prepare=0
[    2.101359] clk-unused: enable-lock-end name=fanout3 parent=osc32k-fanout rate=31250 flags=0x0 enable=0 prepare=0
[    2.111609] clk-unused: is-enabled-begin name=fanout3 parent=osc32k-fanout rate=31250 flags=0x0 enable=0 prepare=0
[    2.121944] clk-unused: is-enabled-false name=fanout3 parent=osc32k-fanout rate=31250 flags=0x0 enable=0 prepare=0
[    2.132277] clk-unused: unlock-begin name=fanout3 parent=osc32k-fanout rate=31250 flags=0x0 enable=0 prepare=0
[    2.142285] clk-unused: unlock-end name=fanout3 parent=osc32k-fanout rate=31250 flags=0x0 enable=0 prepare=0
[    2.152111] clk-unused: subtree-done name=fanout3 parent=osc32k-fanout rate=31250 flags=0x0 enable=0 prepare=0
[    2.162107] clk-unused: child-end name=fanout3 parent=osc32k-fanout rate=31250 flags=0x0 enable=0 prepare=0
[    2.171844] clk-unused: enable-lock-begin name=osc32k-fanout parent=osc32k rate=31250 flags=0x0 enable=0 prepare=0
[    2.182190] clk-unused: enable-lock-end name=osc32k-fanout parent=osc32k rate=31250 flags=0x0 enable=0 prepare=0
[    2.192351] clk-unused: is-enabled-begin name=osc32k-fanout parent=osc32k rate=31250 flags=0x0 enable=0 prepare=0
[    2.202605] clk-unused: is-enabled-false name=osc32k-fanout parent=osc32k rate=31250 flags=0x0 enable=0 prepare=0
[    2.212852] clk-unused: unlock-begin name=osc32k-fanout parent=osc32k rate=31250 flags=0x0 enable=0 prepare=0
[    2.222764] clk-unused: unlock-end name=osc32k-fanout parent=osc32k rate=31250 flags=0x0 enable=0 prepare=0
[    2.232501] clk-unused: subtree-done name=osc32k-fanout parent=osc32k rate=31250 flags=0x0 enable=0 prepare=0
[    2.242412] clk-unused: child-end name=osc32k-fanout parent=osc32k rate=31250 flags=0x0 enable=0 prepare=0
[    2.252062] clk-unused: child-begin name=rtc-32k parent=osc32k rate=31250 flags=0x0 enable=0 prepare=0
[    2.261366] clk-unused: enable-lock-begin name=rtc-32k parent=osc32k rate=31250 flags=0x0 enable=0 prepare=0
[    2.271189] clk-unused: enable-lock-end name=rtc-32k parent=osc32k rate=31250 flags=0x0 enable=0 prepare=0
[    2.280832] clk-unused: is-enabled-begin name=rtc-32k parent=osc32k rate=31250 flags=0x0 enable=0 prepare=0
[    2.290558] clk-unused: is-enabled-true name=rtc-32k parent=osc32k rate=31250 flags=0x0 enable=0 prepare=0
[    2.300199] clk-unused: disable-begin name=rtc-32k parent=osc32k rate=31250 flags=0x0 enable=0 prepare=0
[    2.309667] clk-unused: disable-end name=rtc-32k parent=osc32k rate=31250 flags=0x0 enable=0 prepare=0
[    2.318961] clk-unused: unlock-begin name=rtc-32k parent=osc32k rate=31250 flags=0x0 enable=0 prepare=0
[    2.328372] clk-unused: unlock-end name=rtc-32k parent=osc32k rate=31250 flags=0x0 enable=0 prepare=0
[    2.337593] clk-unused: subtree-done name=rtc-32k parent=osc32k rate=31250 flags=0x0 enable=0 prepare=0
[    2.346983] clk-unused: child-end name=rtc-32k parent=osc32k rate=31250 flags=0x0 enable=0 prepare=0
[    2.356113] clk-unused: enable-lock-begin name=osc32k parent=iosc-32k rate=31250 flags=0x0 enable=0 prepare=0
[    2.366024] clk-unused: enable-lock-end name=osc32k parent=iosc-32k rate=31250 flags=0x0 enable=0 prepare=0
[    2.375753] clk-unused: is-enabled-begin name=osc32k parent=iosc-32k rate=31250 flags=0x0 enable=0 prepare=0
[    2.385568] clk-unused: is-enabled-true name=osc32k parent=iosc-32k rate=31250 flags=0x0 enable=0 prepare=0
[    2.395295] clk-unused: disable-begin name=osc32k parent=iosc-32k rate=31250 flags=0x0 enable=0 prepare=0
[    2.404849] clk-unused: disable-end name=osc32k parent=iosc-32k rate=31250 flags=0x0 enable=0 prepare=0
[    2.414231] clk-unused: unlock-begin name=osc32k parent=iosc-32k rate=31250 flags=0x0 enable=0 prepare=0
[    2.423712] clk-unused: unlock-end name=osc32k parent=iosc-32k rate=31250 flags=0x0 enable=0 prepare=0
[    2.433016] clk-unused: subtree-done name=osc32k parent=iosc-32k rate=31250 flags=0x0 enable=0 prepare=0
[    2.442492] clk-unused: child-end name=osc32k parent=iosc-32k rate=31250 flags=0x0 enable=0 prepare=0
[    2.451709] clk-unused: enable-lock-begin name=iosc-32k parent=iosc rate=31250 flags=0x40 enable=0 prepare=0
[    2.461533] clk-unused: enable-lock-end name=iosc-32k parent=iosc rate=31250 flags=0x40 enable=0 prepare=0
[    2.471174] clk-unused: is-enabled-begin name=iosc-32k parent=iosc rate=31250 flags=0x40 enable=0 prepare=0
[    2.480902] clk-unused: is-enabled-false name=iosc-32k parent=iosc rate=31250 flags=0x40 enable=0 prepare=0
[    2.490628] clk-unused: unlock-begin name=iosc-32k parent=iosc rate=31250 flags=0x40 enable=0 prepare=0
[    2.500020] clk-unused: unlock-end name=iosc-32k parent=iosc rate=31250 flags=0x40 enable=0 prepare=0
[    2.509236] clk-unused: subtree-done name=iosc-32k parent=iosc rate=31250 flags=0x40 enable=0 prepare=0
[    2.518627] clk-unused: child-end name=iosc-32k parent=iosc rate=31250 flags=0x40 enable=0 prepare=0
[    2.527758] clk-unused: enable-lock-begin name=iosc parent=(none) rate=16000000 flags=0x40 enable=0 prepare=0
[    2.537668] clk-unused: enable-lock-end name=iosc parent=(none) rate=16000000 flags=0x40 enable=0 prepare=0
[    2.547397] clk-unused: is-enabled-begin name=iosc parent=(none) rate=16000000 flags=0x40 enable=0 prepare=0
[    2.557217] clk-unused: is-enabled-true name=iosc parent=(none) rate=16000000 flags=0x40 enable=0 prepare=0
[    2.566944] clk-unused: disable-begin name=iosc parent=(none) rate=16000000 flags=0x40 enable=0 prepare=0
[    2.576504] clk-unused: disable-end name=iosc parent=(none) rate=16000000 flags=0x40 enable=0 prepare=0
[    2.585884] clk-unused: unlock-begin name=iosc parent=(none) rate=16000000 flags=0x40 enable=0 prepare=0
[    2.595369] clk-unused: unlock-end name=iosc parent=(none) rate=16000000 flags=0x40 enable=0 prepare=0
[    2.604674] clk-unused: subtree-done name=iosc parent=(none) rate=16000000 flags=0x40 enable=0 prepare=0
[    2.614151] clk-unused: root-end name=iosc parent=(none) rate=16000000 flags=0x40 enable=0 prepare=0
[    2.623281] clk-unused: root-begin name=osc26M parent=(none) rate=26000000 flags=0x0 enable=1 prepare=1
[    2.632672] clk-unused: child-begin name=hosc-32k-mux parent=osc26M rate=32786 flags=0x0 enable=0 prepare=0
[    2.642409] clk-unused: child-begin name=hosc-32k parent=hosc-32k-mux rate=32786 flags=0x0 enable=0 prepare=0
[    2.652320] clk-unused: enable-lock-begin name=hosc-32k parent=hosc-32k-mux rate=32786 flags=0x0 enable=0 prepare=0
[    2.662750] clk-unused: enable-lock-end name=hosc-32k parent=hosc-32k-mux rate=32786 flags=0x0 enable=0 prepare=0
[    2.672999] clk-unused: is-enabled-begin name=hosc-32k parent=hosc-32k-mux rate=32786 flags=0x0 enable=0 prepare=0
[    2.683338] clk-unused: is-enabled-false name=hosc-32k parent=hosc-32k-mux rate=32786 flags=0x0 enable=0 prepare=0
[    2.693671] clk-unused: unlock-begin name=hosc-32k parent=hosc-32k-mux rate=32786 flags=0x0 enable=0 prepare=0
[    2.703677] clk-unused: unlock-end name=hosc-32k parent=hosc-32k-mux rate=32786 flags=0x0 enable=0 prepare=0
[    2.713502] clk-unused: subtree-done name=hosc-32k parent=hosc-32k-mux rate=32786 flags=0x0 enable=0 prepare=0
[    2.723501] clk-unused: child-end name=hosc-32k parent=hosc-32k-mux rate=32786 flags=0x0 enable=0 prepare=0
[    2.733238] clk-unused: enable-lock-begin name=hosc-32k-mux parent=osc26M rate=32786 flags=0x0 enable=0 prepare=0
[    2.743494] clk-unused: enable-lock-end name=hosc-32k-mux parent=osc26M rate=32786 flags=0x0 enable=0 prepare=0
[    2.753569] clk-unused: is-enabled-begin name=hosc-32k-mux parent=osc26M rate=32786 flags=0x0 enable=0 prepare=0
[    2.763735] clk-unused: is-enabled-true name=hosc-32k-mux parent=osc26M rate=32786 flags=0x0 enable=0 prepare=0
[    2.773809] clk-unused: disable-begin name=hosc-32k-mux parent=osc26M rate=32786 flags=0x0 enable=0 prepare=0
[    2.783715] clk-unused: disable-end name=hosc-32k-mux parent=osc26M rate=32786 flags=0x0 enable=0 prepare=0
[    2.793442] clk-unused: unlock-begin name=hosc-32k-mux parent=osc26M rate=32786 flags=0x0 enable=0 prepare=0
[    2.803267] clk-unused: unlock-end name=hosc-32k-mux parent=osc26M rate=32786 flags=0x0 enable=0 prepare=0
[    2.812918] clk-unused: subtree-done name=hosc-32k-mux parent=osc26M rate=32786 flags=0x0 enable=0 prepare=0
[    2.822740] clk-unused: child-end name=hosc-32k-mux parent=osc26M rate=32786 flags=0x0 enable=0 prepare=0
[    2.832304] clk-unused: child-begin name=hosc parent=osc26M rate=26000000 flags=0x0 enable=1 prepare=1
[    2.841609] clk-unused: child-begin name=pll-ref parent=hosc rate=24000000 flags=0x1 enable=4 prepare=4
[    2.851007] clk-unused: child-begin name=pll-de parent=pll-ref rate=1200000000 flags=0x1 enable=0 prepare=0
[    2.860747] clk-unused: child-begin name=pll-de-3x parent=pll-de rate=600000000 flags=0x0 enable=0 prepare=0
[    2.870572] clk-unused: child-begin name=de parent=pll-de-3x rate=600000000 flags=0x4 enable=0 prepare=0
[    2.880049] clk-unused: enable-lock-begin name=de parent=pll-de-3x rate=600000000 flags=0x4 enable=0 prepare=0
[    2.890046] clk-unused: enable-lock-end name=de parent=pll-de-3x rate=600000000 flags=0x4 enable=0 prepare=0
[    2.899862] clk-unused: is-enabled-begin name=de parent=pll-de-3x rate=600000000 flags=0x4 enable=0 prepare=0
[    2.909764] clk-unused: is-enabled-true name=de parent=pll-de-3x rate=600000000 flags=0x4 enable=0 prepare=0
[    2.919578] clk-unused: disable-begin name=de parent=pll-de-3x rate=600000000 flags=0x4 enable=0 prepare=0
[    2.929220] clk-unused: disable-end name=de parent=pll-de-3x rate=600000000 flags=0x4 enable=0 prepare=0
[    2.938688] clk-unused: unlock-begin name=de parent=pll-de-3x rate=600000000 flags=0x4 enable=0 prepare=0
[    2.948253] clk-unused: unlock-end name=de parent=pll-de-3x rate=600000000 flags=0x4 enable=0 prepare=0
[    2.957642] clk-unused: subtree-done name=de parent=pll-de-3x rate=600000000 flags=0x4 enable=0 prepare=0
[    2.967206] clk-unused: child-end name=de parent=pll-de-3x rate=600000000 flags=0x4 enable=0 prepare=0
[    2.976509] clk-unused: enable-lock-begin name=pll-de-3x parent=pll-de rate=600000000 flags=0x0 enable=0 prepare=0
[    2.986852] clk-unused: enable-lock-end name=pll-de-3x parent=pll-de rate=600000000 flags=0x0 enable=0 prepare=0
[    2.997014] clk-unused: is-enabled-begin name=pll-de-3x parent=pll-de rate=600000000 flags=0x0 enable=0 prepare=0
[    3.007262] clk-unused: is-enabled-true name=pll-de-3x parent=pll-de rate=600000000 flags=0x0 enable=0 prepare=0
[    3.017422] clk-unused: disable-begin name=pll-de-3x parent=pll-de rate=600000000 flags=0x0 enable=0 prepare=0
[    3.027409] clk-unused: disable-end name=pll-de-3x parent=pll-de rate=600000000 flags=0x0 enable=0 prepare=0
[    3.037223] clk-unused: unlock-begin name=pll-de-3x parent=pll-de rate=600000000 flags=0x0 enable=0 prepare=0
[    3.047134] clk-unused: unlock-end name=pll-de-3x parent=pll-de rate=600000000 flags=0x0 enable=0 prepare=0
[    3.056871] clk-unused: subtree-done name=pll-de-3x parent=pll-de rate=600000000 flags=0x0 enable=0 prepare=0
[    3.066781] clk-unused: child-end name=pll-de-3x parent=pll-de rate=600000000 flags=0x0 enable=0 prepare=0
[    3.076430] clk-unused: child-begin name=pll-de-4x parent=pll-de rate=600000000 flags=0x0 enable=0 prepare=0
[    3.086288] clk-unused: enable-lock-begin name=pll-de-4x parent=pll-de rate=600000000 flags=0x0 enable=0 prepare=0
[    3.096635] clk-unused: enable-lock-end name=pll-de-4x parent=pll-de rate=600000000 flags=0x0 enable=0 prepare=0
[    3.106797] clk-unused: is-enabled-begin name=pll-de-4x parent=pll-de rate=600000000 flags=0x0 enable=0 prepare=0
[    3.117046] clk-unused: is-enabled-true name=pll-de-4x parent=pll-de rate=600000000 flags=0x0 enable=0 prepare=0
[    3.127206] clk-unused: disable-begin name=pll-de-4x parent=pll-de rate=600000000 flags=0x0 enable=0 prepare=0
[    3.137193] clk-unused: disable-end name=pll-de-4x parent=pll-de rate=600000000 flags=0x0 enable=0 prepare=0
[    3.147008] clk-unused: unlock-begin name=pll-de-4x parent=pll-de rate=600000000 flags=0x0 enable=0 prepare=0
[    3.156929] clk-unused: unlock-end name=pll-de-4x parent=pll-de rate=600000000 flags=0x0 enable=0 prepare=0
[    3.166668] clk-unused: subtree-done name=pll-de-4x parent=pll-de rate=600000000 flags=0x0 enable=0 prepare=0
[    3.176579] clk-unused: child-end name=pll-de-4x parent=pll-de rate=600000000 flags=0x0 enable=0 prepare=0
[    3.186229] clk-unused: enable-lock-begin name=pll-de parent=pll-ref rate=1200000000 flags=0x1 enable=0 prepare=0
[    3.196487] clk-unused: enable-lock-end name=pll-de parent=pll-ref rate=1200000000 flags=0x1 enable=0 prepare=0
[    3.206562] clk-unused: is-enabled-begin name=pll-de parent=pll-ref rate=1200000000 flags=0x1 enable=0 prepare=0
[    3.216724] clk-unused: is-enabled-true name=pll-de parent=pll-ref rate=1200000000 flags=0x1 enable=0 prepare=0
[    3.226797] clk-unused: disable-begin name=pll-de parent=pll-ref rate=1200000000 flags=0x1 enable=0 prepare=0
[    3.236699] clk-unused: disable-end name=pll-de parent=pll-ref rate=1200000000 flags=0x1 enable=0 prepare=0
[    3.246425] clk-unused: unlock-begin name=pll-de parent=pll-ref rate=1200000000 flags=0x1 enable=0 prepare=0
[    3.256257] clk-unused: unlock-end name=pll-de parent=pll-ref rate=1200000000 flags=0x1 enable=0 prepare=0
[    3.265911] clk-unused: subtree-done name=pll-de parent=pll-ref rate=1200000000 flags=0x1 enable=0 prepare=0
[    3.275734] clk-unused: child-end name=pll-de parent=pll-ref rate=1200000000 flags=0x1 enable=0 prepare=0
[    3.285303] clk-unused: child-begin name=pll-npu parent=pll-ref rate=840000000 flags=0x1 enable=0 prepare=0
[    3.295041] clk-unused: child-begin name=npu parent=pll-npu rate=840000000 flags=0x0 enable=0 prepare=0
[    3.304432] clk-unused: enable-lock-begin name=npu parent=pll-npu rate=840000000 flags=0x0 enable=0 prepare=0
[    3.314344] clk-unused: enable-lock-end name=npu parent=pll-npu rate=840000000 flags=0x0 enable=0 prepare=0
[    3.324072] clk-unused: is-enabled-begin name=npu parent=pll-npu rate=840000000 flags=0x0 enable=0 prepare=0
[    3.333886] clk-unused: is-enabled-false name=npu parent=pll-npu rate=840000000 flags=0x0 enable=0 prepare=0
[    3.343701] clk-unused: unlock-begin name=npu parent=pll-npu rate=840000000 flags=0x0 enable=0 prepare=0
[    3.353189] clk-unused: unlock-end name=npu parent=pll-npu rate=840000000 flags=0x0 enable=0 prepare=0
[    3.362500] clk-unused: subtree-done name=npu parent=pll-npu rate=840000000 flags=0x0 enable=0 prepare=0
[    3.371980] clk-unused: child-end name=npu parent=pll-npu rate=840000000 flags=0x0 enable=0 prepare=0
[    3.381199] clk-unused: enable-lock-begin name=pll-npu parent=pll-ref rate=840000000 flags=0x1 enable=0 prepare=0
[    3.391455] clk-unused: enable-lock-end name=pll-npu parent=pll-ref rate=840000000 flags=0x1 enable=0 prepare=0
[    3.401530] clk-unused: is-enabled-begin name=pll-npu parent=pll-ref rate=840000000 flags=0x1 enable=0 prepare=0
[    3.411691] clk-unused: is-enabled-false name=pll-npu parent=pll-ref rate=840000000 flags=0x1 enable=0 prepare=0
[    3.421851] clk-unused: unlock-begin name=pll-npu parent=pll-ref rate=840000000 flags=0x1 enable=0 prepare=0
[    3.431685] clk-unused: unlock-end name=pll-npu parent=pll-ref rate=840000000 flags=0x1 enable=0 prepare=0
[    3.441337] clk-unused: subtree-done name=pll-npu parent=pll-ref rate=840000000 flags=0x1 enable=0 prepare=0
[    3.451162] clk-unused: child-end name=pll-npu parent=pll-ref rate=840000000 flags=0x1 enable=0 prepare=0
[    3.460725] clk-unused: child-begin name=pll-audio1 parent=pll-ref rate=3072000000 flags=0x1 enable=0 prepare=0
[    3.470809] clk-unused: child-begin name=pll-audio1-div5 parent=pll-audio1 rate=614400000 flags=0x0 enable=0 prepare=0
[    3.481499] clk-unused: enable-lock-begin name=pll-audio1-div5 parent=pll-audio1 rate=614400000 flags=0x0 enable=0 prepare=0
[    3.492711] clk-unused: enable-lock-end name=pll-audio1-div5 parent=pll-audio1 rate=614400000 flags=0x0 enable=0 prepare=0
[    3.503739] clk-unused: is-enabled-begin name=pll-audio1-div5 parent=pll-audio1 rate=614400000 flags=0x0 enable=0 prepare=0
[    3.514854] clk-unused: is-enabled-true name=pll-audio1-div5 parent=pll-audio1 rate=614400000 flags=0x0 enable=0 prepare=0
[    3.525882] clk-unused: disable-begin name=pll-audio1-div5 parent=pll-audio1 rate=614400000 flags=0x0 enable=0 prepare=0
[    3.536736] clk-unused: disable-end name=pll-audio1-div5 parent=pll-audio1 rate=614400000 flags=0x0 enable=0 prepare=0
[    3.547416] clk-unused: unlock-begin name=pll-audio1-div5 parent=pll-audio1 rate=614400000 flags=0x0 enable=0 prepare=0
[    3.558194] clk-unused: unlock-end name=pll-audio1-div5 parent=pll-audio1 rate=614400000 flags=0x0 enable=0 prepare=0
[    3.568797] clk-unused: subtree-done name=pll-audio1-div5 parent=pll-audio1 rate=614400000 flags=0x0 enable=0 prepare=0
[    3.579573] clk-unused: child-end name=pll-audio1-div5 parent=pll-audio1 rate=614400000 flags=0x0 enable=0 prepare=0
[    3.590090] clk-unused: child-begin name=pll-audio1-div2 parent=pll-audio1 rate=1536000000 flags=0x0 enable=0 prepare=0
[    3.600867] clk-unused: enable-lock-begin name=pll-audio1-div2 parent=pll-audio1 rate=1536000000 flags=0x0 enable=0 prepare=0
[    3.612165] clk-unused: enable-lock-end name=pll-audio1-div2 parent=pll-audio1 rate=1536000000 flags=0x0 enable=0 prepare=0
[    3.623280] clk-unused: is-enabled-begin name=pll-audio1-div2 parent=pll-audio1 rate=1536000000 flags=0x0 enable=0 prepare=0
[    3.634481] clk-unused: is-enabled-true name=pll-audio1-div2 parent=pll-audio1 rate=1536000000 flags=0x0 enable=0 prepare=0
[    3.645595] clk-unused: disable-begin name=pll-audio1-div2 parent=pll-audio1 rate=1536000000 flags=0x0 enable=0 prepare=0
[    3.656536] clk-unused: disable-end name=pll-audio1-div2 parent=pll-audio1 rate=1536000000 flags=0x0 enable=0 prepare=0
[    3.667303] clk-unused: unlock-begin name=pll-audio1-div2 parent=pll-audio1 rate=1536000000 flags=0x0 enable=0 prepare=0
[    3.678168] clk-unused: unlock-end name=pll-audio1-div2 parent=pll-audio1 rate=1536000000 flags=0x0 enable=0 prepare=0
[    3.688865] clk-unused: subtree-done name=pll-audio1-div2 parent=pll-audio1 rate=1536000000 flags=0x0 enable=0 prepare=0
[    3.699730] clk-unused: child-end name=pll-audio1-div2 parent=pll-audio1 rate=1536000000 flags=0x0 enable=0 prepare=0
[    3.710334] clk-unused: enable-lock-begin name=pll-audio1 parent=pll-ref rate=3072000000 flags=0x1 enable=0 prepare=0
[    3.720938] clk-unused: enable-lock-end name=pll-audio1 parent=pll-ref rate=3072000000 flags=0x1 enable=0 prepare=0
[    3.731359] clk-unused: is-enabled-begin name=pll-audio1 parent=pll-ref rate=3072000000 flags=0x1 enable=0 prepare=0
[    3.741867] clk-unused: is-enabled-false name=pll-audio1 parent=pll-ref rate=3072000000 flags=0x1 enable=0 prepare=0
[    3.752373] clk-unused: unlock-begin name=pll-audio1 parent=pll-ref rate=3072000000 flags=0x1 enable=0 prepare=0
[    3.762552] clk-unused: unlock-end name=pll-audio1 parent=pll-ref rate=3072000000 flags=0x1 enable=0 prepare=0
[    3.772551] clk-unused: subtree-done name=pll-audio1 parent=pll-ref rate=3072000000 flags=0x1 enable=0 prepare=0
[    3.782723] clk-unused: child-end name=pll-audio1 parent=pll-ref rate=3072000000 flags=0x1 enable=0 prepare=0
[    3.792634] clk-unused: child-begin name=pll-audio0-4x parent=pll-ref rate=98285714 flags=0x1 enable=0 prepare=0
[    3.802805] clk-unused: child-begin name=dmic parent=pll-audio0-4x rate=98285714 flags=0x0 enable=0 prepare=0
[    3.812716] clk-unused: enable-lock-begin name=dmic parent=pll-audio0-4x rate=98285714 flags=0x0 enable=0 prepare=0
[    3.823147] clk-unused: enable-lock-end name=dmic parent=pll-audio0-4x rate=98285714 flags=0x0 enable=0 prepare=0
[    3.833396] clk-unused: is-enabled-begin name=dmic parent=pll-audio0-4x rate=98285714 flags=0x0 enable=0 prepare=0
[    3.843732] clk-unused: is-enabled-false name=dmic parent=pll-audio0-4x rate=98285714 flags=0x0 enable=0 prepare=0
[    3.854066] clk-unused: unlock-begin name=dmic parent=pll-audio0-4x rate=98285714 flags=0x0 enable=0 prepare=0
[    3.864063] clk-unused: unlock-end name=dmic parent=pll-audio0-4x rate=98285714 flags=0x0 enable=0 prepare=0
[    3.873886] clk-unused: subtree-done name=dmic parent=pll-audio0-4x rate=98285714 flags=0x0 enable=0 prepare=0
[    3.883882] clk-unused: child-end name=dmic parent=pll-audio0-4x rate=98285714 flags=0x0 enable=0 prepare=0
[    3.893618] clk-unused: child-begin name=owa_tx parent=pll-audio0-4x rate=98285714 flags=0x0 enable=0 prepare=0
[    3.903701] clk-unused: enable-lock-begin name=owa_tx parent=pll-audio0-4x rate=98285714 flags=0x0 enable=0 prepare=0
[    3.914305] clk-unused: enable-lock-end name=owa_tx parent=pll-audio0-4x rate=98285714 flags=0x0 enable=0 prepare=0
[    3.924727] clk-unused: is-enabled-begin name=owa_tx parent=pll-audio0-4x rate=98285714 flags=0x0 enable=0 prepare=0
[    3.935234] clk-unused: is-enabled-false name=owa_tx parent=pll-audio0-4x rate=98285714 flags=0x0 enable=0 prepare=0
[    3.945742] clk-unused: unlock-begin name=owa_tx parent=pll-audio0-4x rate=98285714 flags=0x0 enable=0 prepare=0
[    3.955919] clk-unused: unlock-end name=owa_tx parent=pll-audio0-4x rate=98285714 flags=0x0 enable=0 prepare=0
[    3.965918] clk-unused: subtree-done name=owa_tx parent=pll-audio0-4x rate=98285714 flags=0x0 enable=0 prepare=0
[    3.976088] clk-unused: child-end name=owa_tx parent=pll-audio0-4x rate=98285714 flags=0x0 enable=0 prepare=0
[    3.985998] clk-unused: child-begin name=i2spcm2_asrc parent=pll-audio0-4x rate=98285714 flags=0x0 enable=0 prepare=0
[    3.996602] clk-unused: enable-lock-begin name=i2spcm2_asrc parent=pll-audio0-4x rate=98285714 flags=0x0 enable=0 prepare=0
[    4.007725] clk-unused: enable-lock-end name=i2spcm2_asrc parent=pll-audio0-4x rate=98285714 flags=0x0 enable=0 prepare=0
[    4.018668] clk-unused: is-enabled-begin name=i2spcm2_asrc parent=pll-audio0-4x rate=98285714 flags=0x0 enable=0 prepare=0
[    4.029696] clk-unused: is-enabled-false name=i2spcm2_asrc parent=pll-audio0-4x rate=98285714 flags=0x0 enable=0 prepare=0
[    4.040724] clk-unused: unlock-begin name=i2spcm2_asrc parent=pll-audio0-4x rate=98285714 flags=0x0 enable=0 prepare=0
[    4.051415] clk-unused: unlock-end name=i2spcm2_asrc parent=pll-audio0-4x rate=98285714 flags=0x0 enable=0 prepare=0
[    4.061932] clk-unused: subtree-done name=i2spcm2_asrc parent=pll-audio0-4x rate=98285714 flags=0x0 enable=0 prepare=0
[    4.072623] clk-unused: child-end name=i2spcm2_asrc parent=pll-audio0-4x rate=98285714 flags=0x0 enable=0 prepare=0
[    4.083087] clk-unused: child-begin name=i2spcm4 parent=pll-audio0-4x rate=98285714 flags=0x0 enable=0 prepare=0
[    4.093262] clk-unused: enable-lock-begin name=i2spcm4 parent=pll-audio0-4x rate=98285714 flags=0x0 enable=0 prepare=0
[    4.103955] clk-unused: enable-lock-end name=i2spcm4 parent=pll-audio0-4x rate=98285714 flags=0x0 enable=0 prepare=0
[    4.114464] clk-unused: is-enabled-begin name=i2spcm4 parent=pll-audio0-4x rate=98285714 flags=0x0 enable=0 prepare=0
[    4.125059] clk-unused: is-enabled-false name=i2spcm4 parent=pll-audio0-4x rate=98285714 flags=0x0 enable=0 prepare=0
[    4.135653] clk-unused: unlock-begin name=i2spcm4 parent=pll-audio0-4x rate=98285714 flags=0x0 enable=0 prepare=0
[    4.145910] clk-unused: unlock-end name=i2spcm4 parent=pll-audio0-4x rate=98285714 flags=0x0 enable=0 prepare=0
[    4.155994] clk-unused: subtree-done name=i2spcm4 parent=pll-audio0-4x rate=98285714 flags=0x0 enable=0 prepare=0
[    4.166252] clk-unused: child-end name=i2spcm4 parent=pll-audio0-4x rate=98285714 flags=0x0 enable=0 prepare=0
[    4.176249] clk-unused: child-begin name=i2spcm3 parent=pll-audio0-4x rate=98285714 flags=0x0 enable=0 prepare=0
[    4.186419] clk-unused: enable-lock-begin name=i2spcm3 parent=pll-audio0-4x rate=98285714 flags=0x0 enable=0 prepare=0
[    4.197109] clk-unused: enable-lock-end name=i2spcm3 parent=pll-audio0-4x rate=98285714 flags=0x0 enable=0 prepare=0
[    4.207617] clk-unused: is-enabled-begin name=i2spcm3 parent=pll-audio0-4x rate=98285714 flags=0x0 enable=0 prepare=0
[    4.218212] clk-unused: is-enabled-false name=i2spcm3 parent=pll-audio0-4x rate=98285714 flags=0x0 enable=0 prepare=0
[    4.228806] clk-unused: unlock-begin name=i2spcm3 parent=pll-audio0-4x rate=98285714 flags=0x0 enable=0 prepare=0
[    4.239075] clk-unused: unlock-end name=i2spcm3 parent=pll-audio0-4x rate=98285714 flags=0x0 enable=0 prepare=0
[    4.249161] clk-unused: subtree-done name=i2spcm3 parent=pll-audio0-4x rate=98285714 flags=0x0 enable=0 prepare=0
[    4.259418] clk-unused: child-end name=i2spcm3 parent=pll-audio0-4x rate=98285714 flags=0x0 enable=0 prepare=0
[    4.269415] clk-unused: child-begin name=i2spcm2 parent=pll-audio0-4x rate=98285714 flags=0x0 enable=0 prepare=0
[    4.279593] clk-unused: enable-lock-begin name=i2spcm2 parent=pll-audio0-4x rate=98285714 flags=0x0 enable=0 prepare=0
[    4.290288] clk-unused: enable-lock-end name=i2spcm2 parent=pll-audio0-4x rate=98285714 flags=0x0 enable=0 prepare=0
[    4.300797] clk-unused: is-enabled-begin name=i2spcm2 parent=pll-audio0-4x rate=98285714 flags=0x0 enable=0 prepare=0
[    4.311392] clk-unused: is-enabled-false name=i2spcm2 parent=pll-audio0-4x rate=98285714 flags=0x0 enable=0 prepare=0
[    4.321987] clk-unused: unlock-begin name=i2spcm2 parent=pll-audio0-4x rate=98285714 flags=0x0 enable=0 prepare=0
[    4.332250] clk-unused: unlock-end name=i2spcm2 parent=pll-audio0-4x rate=98285714 flags=0x0 enable=0 prepare=0
[    4.342337] clk-unused: subtree-done name=i2spcm2 parent=pll-audio0-4x rate=98285714 flags=0x0 enable=0 prepare=0
[    4.352593] clk-unused: child-end name=i2spcm2 parent=pll-audio0-4x rate=98285714 flags=0x0 enable=0 prepare=0
[    4.362590] clk-unused: child-begin name=i2spcm1 parent=pll-audio0-4x rate=98285714 flags=0x0 enable=0 prepare=0
[    4.372770] clk-unused: enable-lock-begin name=i2spcm1 parent=pll-audio0-4x rate=98285714 flags=0x0 enable=0 prepare=0
[    4.383467] clk-unused: enable-lock-end name=i2spcm1 parent=pll-audio0-4x rate=98285714 flags=0x0 enable=0 prepare=0
[    4.393975] clk-unused: is-enabled-begin name=i2spcm1 parent=pll-audio0-4x rate=98285714 flags=0x0 enable=0 prepare=0
[    4.404570] clk-unused: is-enabled-false name=i2spcm1 parent=pll-audio0-4x rate=98285714 flags=0x0 enable=0 prepare=0
[    4.415164] clk-unused: unlock-begin name=i2spcm1 parent=pll-audio0-4x rate=98285714 flags=0x0 enable=0 prepare=0
[    4.425424] clk-unused: unlock-end name=i2spcm1 parent=pll-audio0-4x rate=98285714 flags=0x0 enable=0 prepare=0
[    4.435509] clk-unused: subtree-done name=i2spcm1 parent=pll-audio0-4x rate=98285714 flags=0x0 enable=0 prepare=0
[    4.445766] clk-unused: child-end name=i2spcm1 parent=pll-audio0-4x rate=98285714 flags=0x0 enable=0 prepare=0
[    4.455762] clk-unused: child-begin name=i2spcm0 parent=pll-audio0-4x rate=98285714 flags=0x0 enable=0 prepare=0
[    4.465934] clk-unused: enable-lock-begin name=i2spcm0 parent=pll-audio0-4x rate=98285714 flags=0x0 enable=0 prepare=0
[    4.476626] clk-unused: enable-lock-end name=i2spcm0 parent=pll-audio0-4x rate=98285714 flags=0x0 enable=0 prepare=0
[    4.487134] clk-unused: is-enabled-begin name=i2spcm0 parent=pll-audio0-4x rate=98285714 flags=0x0 enable=0 prepare=0
[    4.497728] clk-unused: is-enabled-false name=i2spcm0 parent=pll-audio0-4x rate=98285714 flags=0x0 enable=0 prepare=0
[    4.508323] clk-unused: unlock-begin name=i2spcm0 parent=pll-audio0-4x rate=98285714 flags=0x0 enable=0 prepare=0
[    4.518586] clk-unused: unlock-end name=i2spcm0 parent=pll-audio0-4x rate=98285714 flags=0x0 enable=0 prepare=0
[    4.528673] clk-unused: subtree-done name=i2spcm0 parent=pll-audio0-4x rate=98285714 flags=0x0 enable=0 prepare=0
[    4.538930] clk-unused: child-end name=i2spcm0 parent=pll-audio0-4x rate=98285714 flags=0x0 enable=0 prepare=0
[    4.548927] clk-unused: enable-lock-begin name=pll-audio0-4x parent=pll-ref rate=98285714 flags=0x1 enable=0 prepare=0
[    4.559617] clk-unused: enable-lock-end name=pll-audio0-4x parent=pll-ref rate=98285714 flags=0x1 enable=0 prepare=0
[    4.570125] clk-unused: is-enabled-begin name=pll-audio0-4x parent=pll-ref rate=98285714 flags=0x1 enable=0 prepare=0
[    4.580720] clk-unused: is-enabled-false name=pll-audio0-4x parent=pll-ref rate=98285714 flags=0x1 enable=0 prepare=0
[    4.591315] clk-unused: unlock-begin name=pll-audio0-4x parent=pll-ref rate=98285714 flags=0x1 enable=0 prepare=0
[    4.601572] clk-unused: unlock-end name=pll-audio0-4x parent=pll-ref rate=98285714 flags=0x1 enable=0 prepare=0
[    4.611657] clk-unused: subtree-done name=pll-audio0-4x parent=pll-ref rate=98285714 flags=0x1 enable=0 prepare=0
[    4.621914] clk-unused: child-end name=pll-audio0-4x parent=pll-ref rate=98285714 flags=0x1 enable=0 prepare=0
[    4.631910] clk-unused: child-begin name=pll-ve1 parent=pll-ref rate=696000000 flags=0x1 enable=0 prepare=0
[    4.641647] clk-unused: child-begin name=ve-dec parent=pll-ve1 rate=696000000 flags=0x4 enable=0 prepare=0
[    4.651297] clk-unused: enable-lock-begin name=ve-dec parent=pll-ve1 rate=696000000 flags=0x4 enable=0 prepare=0
[    4.661469] clk-unused: enable-lock-end name=ve-dec parent=pll-ve1 rate=696000000 flags=0x4 enable=0 prepare=0
[    4.671458] clk-unused: is-enabled-begin name=ve-dec parent=pll-ve1 rate=696000000 flags=0x4 enable=0 prepare=0
[    4.681533] clk-unused: is-enabled-false name=ve-dec parent=pll-ve1 rate=696000000 flags=0x4 enable=0 prepare=0
[    4.691606] clk-unused: unlock-begin name=ve-dec parent=pll-ve1 rate=696000000 flags=0x4 enable=0 prepare=0
[    4.701344] clk-unused: unlock-end name=ve-dec parent=pll-ve1 rate=696000000 flags=0x4 enable=0 prepare=0
[    4.710907] clk-unused: subtree-done name=ve-dec parent=pll-ve1 rate=696000000 flags=0x4 enable=0 prepare=0
[    4.720645] clk-unused: child-end name=ve-dec parent=pll-ve1 rate=696000000 flags=0x4 enable=0 prepare=0
[    4.730122] clk-unused: enable-lock-begin name=pll-ve1 parent=pll-ref rate=696000000 flags=0x1 enable=0 prepare=0
[    4.740379] clk-unused: enable-lock-end name=pll-ve1 parent=pll-ref rate=696000000 flags=0x1 enable=0 prepare=0
[    4.750455] clk-unused: is-enabled-begin name=pll-ve1 parent=pll-ref rate=696000000 flags=0x1 enable=0 prepare=0
[    4.760617] clk-unused: is-enabled-false name=pll-ve1 parent=pll-ref rate=696000000 flags=0x1 enable=0 prepare=0
[    4.770778] clk-unused: unlock-begin name=pll-ve1 parent=pll-ref rate=696000000 flags=0x1 enable=0 prepare=0
[    4.780610] clk-unused: unlock-end name=pll-ve1 parent=pll-ref rate=696000000 flags=0x1 enable=0 prepare=0
[    4.790269] clk-unused: subtree-done name=pll-ve1 parent=pll-ref rate=696000000 flags=0x1 enable=0 prepare=0
[    4.800094] clk-unused: child-end name=pll-ve1 parent=pll-ref rate=696000000 flags=0x1 enable=0 prepare=0
[    4.809660] clk-unused: child-begin name=pll-ve0 parent=pll-ref rate=546000000 flags=0x1 enable=0 prepare=0
[    4.819398] clk-unused: child-begin name=ve-enc parent=pll-ve0 rate=546000000 flags=0x4 enable=0 prepare=0
[    4.829049] clk-unused: enable-lock-begin name=ve-enc parent=pll-ve0 rate=546000000 flags=0x4 enable=0 prepare=0
[    4.839222] clk-unused: enable-lock-end name=ve-enc parent=pll-ve0 rate=546000000 flags=0x4 enable=0 prepare=0
[    4.849210] clk-unused: is-enabled-begin name=ve-enc parent=pll-ve0 rate=546000000 flags=0x4 enable=0 prepare=0
[    4.859285] clk-unused: is-enabled-false name=ve-enc parent=pll-ve0 rate=546000000 flags=0x4 enable=0 prepare=0
[    4.869359] clk-unused: unlock-begin name=ve-enc parent=pll-ve0 rate=546000000 flags=0x4 enable=0 prepare=0
[    4.879095] clk-unused: unlock-end name=ve-enc parent=pll-ve0 rate=546000000 flags=0x4 enable=0 prepare=0
[    4.888658] clk-unused: subtree-done name=ve-enc parent=pll-ve0 rate=546000000 flags=0x4 enable=0 prepare=0
[    4.898395] clk-unused: child-end name=ve-enc parent=pll-ve0 rate=546000000 flags=0x4 enable=0 prepare=0
[    4.907872] clk-unused: enable-lock-begin name=pll-ve0 parent=pll-ref rate=546000000 flags=0x1 enable=0 prepare=0
[    4.918129] clk-unused: enable-lock-end name=pll-ve0 parent=pll-ref rate=546000000 flags=0x1 enable=0 prepare=0
[    4.928205] clk-unused: is-enabled-begin name=pll-ve0 parent=pll-ref rate=546000000 flags=0x1 enable=0 prepare=0
[    4.938366] clk-unused: is-enabled-false name=pll-ve0 parent=pll-ref rate=546000000 flags=0x1 enable=0 prepare=0
[    4.948526] clk-unused: unlock-begin name=pll-ve0 parent=pll-ref rate=546000000 flags=0x1 enable=0 prepare=0
[    4.958351] clk-unused: unlock-end name=pll-ve0 parent=pll-ref rate=546000000 flags=0x1 enable=0 prepare=0
[    4.968002] clk-unused: subtree-done name=pll-ve0 parent=pll-ref rate=546000000 flags=0x1 enable=0 prepare=0
[    4.977824] clk-unused: child-end name=pll-ve0 parent=pll-ref rate=546000000 flags=0x1 enable=0 prepare=0
[    4.987387] clk-unused: child-begin name=pll-video2-8x parent=pll-ref rate=2376000000 flags=0x1 enable=0 prepare=0
[    4.997731] clk-unused: child-begin name=pll-video2-3x parent=pll-video2-8x rate=792000000 flags=0x0 enable=0 prepare=0
[    5.008510] clk-unused: enable-lock-begin name=pll-video2-3x parent=pll-video2-8x rate=792000000 flags=0x0 enable=0 prepare=0
[    5.019807] clk-unused: enable-lock-end name=pll-video2-3x parent=pll-video2-8x rate=792000000 flags=0x0 enable=0 prepare=0
[    5.030922] clk-unused: is-enabled-begin name=pll-video2-3x parent=pll-video2-8x rate=792000000 flags=0x0 enable=0 prepare=0
[    5.042124] clk-unused: is-enabled-true name=pll-video2-3x parent=pll-video2-8x rate=792000000 flags=0x0 enable=0 prepare=0
[    5.053239] clk-unused: disable-begin name=pll-video2-3x parent=pll-video2-8x rate=792000000 flags=0x0 enable=0 prepare=0
[    5.064180] clk-unused: disable-end name=pll-video2-3x parent=pll-video2-8x rate=792000000 flags=0x0 enable=0 prepare=0
[    5.074948] clk-unused: unlock-begin name=pll-video2-3x parent=pll-video2-8x rate=792000000 flags=0x0 enable=0 prepare=0
[    5.085853] clk-unused: unlock-end name=pll-video2-3x parent=pll-video2-8x rate=792000000 flags=0x0 enable=0 prepare=0
[    5.096549] clk-unused: subtree-done name=pll-video2-3x parent=pll-video2-8x rate=792000000 flags=0x0 enable=0 prepare=0
[    5.107414] clk-unused: child-end name=pll-video2-3x parent=pll-video2-8x rate=792000000 flags=0x0 enable=0 prepare=0
[    5.118018] clk-unused: child-begin name=pll-video2-4x parent=pll-video2-8x rate=1188000000 flags=0x0 enable=0 prepare=0
[    5.128883] clk-unused: child-begin name=isp parent=pll-video2-4x rate=297000000 flags=0x0 enable=0 prepare=0
[    5.138795] clk-unused: enable-lock-begin name=isp parent=pll-video2-4x rate=297000000 flags=0x0 enable=0 prepare=0
[    5.149226] clk-unused: enable-lock-end name=isp parent=pll-video2-4x rate=297000000 flags=0x0 enable=0 prepare=0
[    5.159474] clk-unused: is-enabled-begin name=isp parent=pll-video2-4x rate=297000000 flags=0x0 enable=0 prepare=0
[    5.169810] clk-unused: is-enabled-false name=isp parent=pll-video2-4x rate=297000000 flags=0x0 enable=0 prepare=0
[    5.180144] clk-unused: unlock-begin name=isp parent=pll-video2-4x rate=297000000 flags=0x0 enable=0 prepare=0
[    5.190144] clk-unused: unlock-end name=isp parent=pll-video2-4x rate=297000000 flags=0x0 enable=0 prepare=0
[    5.199968] clk-unused: subtree-done name=isp parent=pll-video2-4x rate=297000000 flags=0x0 enable=0 prepare=0
[    5.209965] clk-unused: child-end name=isp parent=pll-video2-4x rate=297000000 flags=0x0 enable=0 prepare=0
[    5.219702] clk-unused: child-begin name=csi parent=pll-video2-4x rate=297000000 flags=0x0 enable=0 prepare=0
[    5.229612] clk-unused: enable-lock-begin name=csi parent=pll-video2-4x rate=297000000 flags=0x0 enable=0 prepare=0
[    5.240043] clk-unused: enable-lock-end name=csi parent=pll-video2-4x rate=297000000 flags=0x0 enable=0 prepare=0
[    5.250291] clk-unused: is-enabled-begin name=csi parent=pll-video2-4x rate=297000000 flags=0x0 enable=0 prepare=0
[    5.260626] clk-unused: is-enabled-false name=csi parent=pll-video2-4x rate=297000000 flags=0x0 enable=0 prepare=0
[    5.270961] clk-unused: unlock-begin name=csi parent=pll-video2-4x rate=297000000 flags=0x0 enable=0 prepare=0
[    5.280958] clk-unused: unlock-end name=csi parent=pll-video2-4x rate=297000000 flags=0x0 enable=0 prepare=0
[    5.290783] clk-unused: subtree-done name=csi parent=pll-video2-4x rate=297000000 flags=0x0 enable=0 prepare=0
[    5.300789] clk-unused: child-end name=csi parent=pll-video2-4x rate=297000000 flags=0x0 enable=0 prepare=0
[    5.310528] clk-unused: enable-lock-begin name=pll-video2-4x parent=pll-video2-8x rate=1188000000 flags=0x0 enable=0 prepare=0
[    5.321912] clk-unused: enable-lock-end name=pll-video2-4x parent=pll-video2-8x rate=1188000000 flags=0x0 enable=0 prepare=0
[    5.333114] clk-unused: is-enabled-begin name=pll-video2-4x parent=pll-video2-8x rate=1188000000 flags=0x0 enable=0 prepare=0
[    5.344403] clk-unused: is-enabled-true name=pll-video2-4x parent=pll-video2-8x rate=1188000000 flags=0x0 enable=0 prepare=0
[    5.355604] clk-unused: disable-begin name=pll-video2-4x parent=pll-video2-8x rate=1188000000 flags=0x0 enable=0 prepare=0
[    5.366632] clk-unused: disable-end name=pll-video2-4x parent=pll-video2-8x rate=1188000000 flags=0x0 enable=0 prepare=0
[    5.377486] clk-unused: unlock-begin name=pll-video2-4x parent=pll-video2-8x rate=1188000000 flags=0x0 enable=0 prepare=0
[    5.388446] clk-unused: unlock-end name=pll-video2-4x parent=pll-video2-8x rate=1188000000 flags=0x0 enable=0 prepare=0
[    5.399230] clk-unused: subtree-done name=pll-video2-4x parent=pll-video2-8x rate=1188000000 flags=0x0 enable=0 prepare=0
[    5.410181] clk-unused: child-end name=pll-video2-4x parent=pll-video2-8x rate=1188000000 flags=0x0 enable=0 prepare=0
[    5.420873] clk-unused: enable-lock-begin name=pll-video2-8x parent=pll-ref rate=2376000000 flags=0x1 enable=0 prepare=0
[    5.431736] clk-unused: enable-lock-end name=pll-video2-8x parent=pll-ref rate=2376000000 flags=0x1 enable=0 prepare=0
[    5.442417] clk-unused: is-enabled-begin name=pll-video2-8x parent=pll-ref rate=2376000000 flags=0x1 enable=0 prepare=0
[    5.453186] clk-unused: is-enabled-true name=pll-video2-8x parent=pll-ref rate=2376000000 flags=0x1 enable=0 prepare=0
[    5.463866] clk-unused: disable-begin name=pll-video2-8x parent=pll-ref rate=2376000000 flags=0x1 enable=0 prepare=0
[    5.474374] clk-unused: disable-end name=pll-video2-8x parent=pll-ref rate=2376000000 flags=0x1 enable=0 prepare=0
[    5.484709] clk-unused: unlock-begin name=pll-video2-8x parent=pll-ref rate=2376000000 flags=0x1 enable=0 prepare=0
[    5.495140] clk-unused: unlock-end name=pll-video2-8x parent=pll-ref rate=2376000000 flags=0x1 enable=0 prepare=0
[    5.505397] clk-unused: subtree-done name=pll-video2-8x parent=pll-ref rate=2376000000 flags=0x1 enable=0 prepare=0
[    5.515826] clk-unused: child-end name=pll-video2-8x parent=pll-ref rate=2376000000 flags=0x1 enable=0 prepare=0
[    5.525998] clk-unused: child-begin name=pll-video1-8x parent=pll-ref rate=2376000000 flags=0x1 enable=0 prepare=0
[    5.536341] clk-unused: child-begin name=pll-video1-3x parent=pll-video1-8x rate=792000000 flags=0x0 enable=0 prepare=0
[    5.547119] clk-unused: enable-lock-begin name=pll-video1-3x parent=pll-video1-8x rate=792000000 flags=0x0 enable=0 prepare=0
[    5.558416] clk-unused: enable-lock-end name=pll-video1-3x parent=pll-video1-8x rate=792000000 flags=0x0 enable=0 prepare=0
[    5.569531] clk-unused: is-enabled-begin name=pll-video1-3x parent=pll-video1-8x rate=792000000 flags=0x0 enable=0 prepare=0
[    5.580732] clk-unused: is-enabled-true name=pll-video1-3x parent=pll-video1-8x rate=792000000 flags=0x0 enable=0 prepare=0
[    5.591845] clk-unused: disable-begin name=pll-video1-3x parent=pll-video1-8x rate=792000000 flags=0x0 enable=0 prepare=0
[    5.602787] clk-unused: disable-end name=pll-video1-3x parent=pll-video1-8x rate=792000000 flags=0x0 enable=0 prepare=0
[    5.613555] clk-unused: unlock-begin name=pll-video1-3x parent=pll-video1-8x rate=792000000 flags=0x0 enable=0 prepare=0
[    5.624419] clk-unused: unlock-end name=pll-video1-3x parent=pll-video1-8x rate=792000000 flags=0x0 enable=0 prepare=0
[    5.635110] clk-unused: subtree-done name=pll-video1-3x parent=pll-video1-8x rate=792000000 flags=0x0 enable=0 prepare=0
[    5.645980] clk-unused: child-end name=pll-video1-3x parent=pll-video1-8x rate=792000000 flags=0x0 enable=0 prepare=0
[    5.656585] clk-unused: child-begin name=pll-video1-4x parent=pll-video1-8x rate=1188000000 flags=0x0 enable=0 prepare=0
[    5.667448] clk-unused: enable-lock-begin name=pll-video1-4x parent=pll-video1-8x rate=1188000000 flags=0x0 enable=0 prepare=0
[    5.678834] clk-unused: enable-lock-end name=pll-video1-4x parent=pll-video1-8x rate=1188000000 flags=0x0 enable=0 prepare=0
[    5.690035] clk-unused: is-enabled-begin name=pll-video1-4x parent=pll-video1-8x rate=1188000000 flags=0x0 enable=0 prepare=0
[    5.701324] clk-unused: is-enabled-true name=pll-video1-4x parent=pll-video1-8x rate=1188000000 flags=0x0 enable=0 prepare=0
[    5.712524] clk-unused: disable-begin name=pll-video1-4x parent=pll-video1-8x rate=1188000000 flags=0x0 enable=0 prepare=0
[    5.723552] clk-unused: disable-end name=pll-video1-4x parent=pll-video1-8x rate=1188000000 flags=0x0 enable=0 prepare=0
[    5.734406] clk-unused: unlock-begin name=pll-video1-4x parent=pll-video1-8x rate=1188000000 flags=0x0 enable=0 prepare=0
[    5.745357] clk-unused: unlock-end name=pll-video1-4x parent=pll-video1-8x rate=1188000000 flags=0x0 enable=0 prepare=0
[    5.756134] clk-unused: subtree-done name=pll-video1-4x parent=pll-video1-8x rate=1188000000 flags=0x0 enable=0 prepare=0
[    5.767084] clk-unused: child-end name=pll-video1-4x parent=pll-video1-8x rate=1188000000 flags=0x0 enable=0 prepare=0
[    5.777775] clk-unused: enable-lock-begin name=pll-video1-8x parent=pll-ref rate=2376000000 flags=0x1 enable=0 prepare=0
[    5.788638] clk-unused: enable-lock-end name=pll-video1-8x parent=pll-ref rate=2376000000 flags=0x1 enable=0 prepare=0
[    5.799320] clk-unused: is-enabled-begin name=pll-video1-8x parent=pll-ref rate=2376000000 flags=0x1 enable=0 prepare=0
[    5.810089] clk-unused: is-enabled-true name=pll-video1-8x parent=pll-ref rate=2376000000 flags=0x1 enable=0 prepare=0
[    5.820769] clk-unused: disable-begin name=pll-video1-8x parent=pll-ref rate=2376000000 flags=0x1 enable=0 prepare=0
[    5.831278] clk-unused: disable-end name=pll-video1-8x parent=pll-ref rate=2376000000 flags=0x1 enable=0 prepare=0
[    5.841611] clk-unused: unlock-begin name=pll-video1-8x parent=pll-ref rate=2376000000 flags=0x1 enable=0 prepare=0
[    5.852055] clk-unused: unlock-end name=pll-video1-8x parent=pll-ref rate=2376000000 flags=0x1 enable=0 prepare=0
[    5.862313] clk-unused: subtree-done name=pll-video1-8x parent=pll-ref rate=2376000000 flags=0x1 enable=0 prepare=0
[    5.872746] clk-unused: child-end name=pll-video1-8x parent=pll-ref rate=2376000000 flags=0x1 enable=0 prepare=0
[    5.882918] clk-unused: child-begin name=pll-video0-8x parent=pll-ref rate=2376000000 flags=0x1 enable=0 prepare=0
[    5.893262] clk-unused: child-begin name=pll-video0-3x parent=pll-video0-8x rate=792000000 flags=0x0 enable=0 prepare=0
[    5.904048] clk-unused: child-begin name=lpc parent=pll-video0-3x rate=792000000 flags=0x0 enable=0 prepare=0
[    5.913962] clk-unused: enable-lock-begin name=lpc parent=pll-video0-3x rate=792000000 flags=0x0 enable=0 prepare=0
[    5.924394] clk-unused: enable-lock-end name=lpc parent=pll-video0-3x rate=792000000 flags=0x0 enable=0 prepare=0
[    5.934642] clk-unused: is-enabled-begin name=lpc parent=pll-video0-3x rate=792000000 flags=0x0 enable=0 prepare=0
[    5.944977] clk-unused: is-enabled-false name=lpc parent=pll-video0-3x rate=792000000 flags=0x0 enable=0 prepare=0
[    5.955311] clk-unused: unlock-begin name=lpc parent=pll-video0-3x rate=792000000 flags=0x0 enable=0 prepare=0
[    5.965309] clk-unused: unlock-end name=lpc parent=pll-video0-3x rate=792000000 flags=0x0 enable=0 prepare=0
[    5.975133] clk-unused: subtree-done name=lpc parent=pll-video0-3x rate=792000000 flags=0x0 enable=0 prepare=0
[    5.985129] clk-unused: child-end name=lpc parent=pll-video0-3x rate=792000000 flags=0x0 enable=0 prepare=0
[    5.994867] clk-unused: enable-lock-begin name=pll-video0-3x parent=pll-video0-8x rate=792000000 flags=0x0 enable=0 prepare=0
[    6.006163] clk-unused: enable-lock-end name=pll-video0-3x parent=pll-video0-8x rate=792000000 flags=0x0 enable=0 prepare=0
[    6.017278] clk-unused: is-enabled-begin name=pll-video0-3x parent=pll-video0-8x rate=792000000 flags=0x0 enable=0 prepare=0
[    6.028479] clk-unused: is-enabled-true name=pll-video0-3x parent=pll-video0-8x rate=792000000 flags=0x0 enable=0 prepare=0
[    6.039593] clk-unused: disable-begin name=pll-video0-3x parent=pll-video0-8x rate=792000000 flags=0x0 enable=0 prepare=0
[    6.050534] clk-unused: disable-end name=pll-video0-3x parent=pll-video0-8x rate=792000000 flags=0x0 enable=0 prepare=0
[    6.061302] clk-unused: unlock-begin name=pll-video0-3x parent=pll-video0-8x rate=792000000 flags=0x0 enable=0 prepare=0
[    6.072198] clk-unused: unlock-end name=pll-video0-3x parent=pll-video0-8x rate=792000000 flags=0x0 enable=0 prepare=0
[    6.082892] clk-unused: subtree-done name=pll-video0-3x parent=pll-video0-8x rate=792000000 flags=0x0 enable=0 prepare=0
[    6.093757] clk-unused: child-end name=pll-video0-3x parent=pll-video0-8x rate=792000000 flags=0x0 enable=0 prepare=0
[    6.104361] clk-unused: child-begin name=pll-video0-4x parent=pll-video0-8x rate=1188000000 flags=0x0 enable=0 prepare=0
[    6.115225] clk-unused: child-begin name=fanout-27M parent=pll-video0-4x rate=1188000000 flags=0x0 enable=0 prepare=0
[    6.125831] clk-unused: enable-lock-begin name=fanout-27M parent=pll-video0-4x rate=1188000000 flags=0x0 enable=0 prepare=0
[    6.136955] clk-unused: enable-lock-end name=fanout-27M parent=pll-video0-4x rate=1188000000 flags=0x0 enable=0 prepare=0
[    6.147897] clk-unused: is-enabled-begin name=fanout-27M parent=pll-video0-4x rate=1188000000 flags=0x0 enable=0 prepare=0
[    6.158925] clk-unused: is-enabled-false name=fanout-27M parent=pll-video0-4x rate=1188000000 flags=0x0 enable=0 prepare=0
[    6.169953] clk-unused: unlock-begin name=fanout-27M parent=pll-video0-4x rate=1188000000 flags=0x0 enable=0 prepare=0
[    6.180653] clk-unused: unlock-end name=fanout-27M parent=pll-video0-4x rate=1188000000 flags=0x0 enable=0 prepare=0
[    6.191171] clk-unused: subtree-done name=fanout-27M parent=pll-video0-4x rate=1188000000 flags=0x0 enable=0 prepare=0
[    6.201862] clk-unused: child-end name=fanout-27M parent=pll-video0-4x rate=1188000000 flags=0x0 enable=0 prepare=0
[    6.212293] clk-unused: child-begin name=hdmi-tv parent=pll-video0-4x rate=1188000000 flags=0x0 enable=0 prepare=0
[    6.222636] clk-unused: enable-lock-begin name=hdmi-tv parent=pll-video0-4x rate=1188000000 flags=0x0 enable=0 prepare=0
[    6.233501] clk-unused: enable-lock-end name=hdmi-tv parent=pll-video0-4x rate=1188000000 flags=0x0 enable=0 prepare=0
[    6.244184] clk-unused: is-enabled-begin name=hdmi-tv parent=pll-video0-4x rate=1188000000 flags=0x0 enable=0 prepare=0
[    6.254951] clk-unused: is-enabled-false name=hdmi-tv parent=pll-video0-4x rate=1188000000 flags=0x0 enable=0 prepare=0
[    6.265718] clk-unused: unlock-begin name=hdmi-tv parent=pll-video0-4x rate=1188000000 flags=0x0 enable=0 prepare=0
[    6.276150] clk-unused: unlock-end name=hdmi-tv parent=pll-video0-4x rate=1188000000 flags=0x0 enable=0 prepare=0
[    6.286409] clk-unused: subtree-done name=hdmi-tv parent=pll-video0-4x rate=1188000000 flags=0x0 enable=0 prepare=0
[    6.296839] clk-unused: child-end name=hdmi-tv parent=pll-video0-4x rate=1188000000 flags=0x0 enable=0 prepare=0
[    6.307009] clk-unused: child-begin name=edp-tv parent=pll-video0-4x rate=1188000000 flags=0x0 enable=0 prepare=0
[    6.317266] clk-unused: enable-lock-begin name=edp-tv parent=pll-video0-4x rate=1188000000 flags=0x0 enable=0 prepare=0
[    6.328042] clk-unused: enable-lock-end name=edp-tv parent=pll-video0-4x rate=1188000000 flags=0x0 enable=0 prepare=0
[    6.338638] clk-unused: is-enabled-begin name=edp-tv parent=pll-video0-4x rate=1188000000 flags=0x0 enable=0 prepare=0
[    6.349320] clk-unused: is-enabled-false name=edp-tv parent=pll-video0-4x rate=1188000000 flags=0x0 enable=0 prepare=0
[    6.360000] clk-unused: unlock-begin name=edp-tv parent=pll-video0-4x rate=1188000000 flags=0x0 enable=0 prepare=0
[    6.370345] clk-unused: unlock-end name=edp-tv parent=pll-video0-4x rate=1188000000 flags=0x0 enable=0 prepare=0
[    6.380515] clk-unused: subtree-done name=edp-tv parent=pll-video0-4x rate=1188000000 flags=0x0 enable=0 prepare=0
[    6.390873] clk-unused: child-end name=edp-tv parent=pll-video0-4x rate=1188000000 flags=0x0 enable=0 prepare=0
[    6.400959] clk-unused: child-begin name=combphy1 parent=pll-video0-4x rate=1188000000 flags=0x0 enable=0 prepare=0
[    6.411391] clk-unused: enable-lock-begin name=combphy1 parent=pll-video0-4x rate=1188000000 flags=0x0 enable=0 prepare=0
[    6.422348] clk-unused: enable-lock-end name=combphy1 parent=pll-video0-4x rate=1188000000 flags=0x0 enable=0 prepare=0
[    6.433118] clk-unused: is-enabled-begin name=combphy1 parent=pll-video0-4x rate=1188000000 flags=0x0 enable=0 prepare=0
[    6.443973] clk-unused: is-enabled-false name=combphy1 parent=pll-video0-4x rate=1188000000 flags=0x0 enable=0 prepare=0
[    6.454827] clk-unused: unlock-begin name=combphy1 parent=pll-video0-4x rate=1188000000 flags=0x0 enable=0 prepare=0
[    6.465353] clk-unused: unlock-end name=combphy1 parent=pll-video0-4x rate=1188000000 flags=0x0 enable=0 prepare=0
[    6.475700] clk-unused: subtree-done name=combphy1 parent=pll-video0-4x rate=1188000000 flags=0x0 enable=0 prepare=0
[    6.486218] clk-unused: child-end name=combphy1 parent=pll-video0-4x rate=1188000000 flags=0x0 enable=0 prepare=0
[    6.496476] clk-unused: child-begin name=combphy0 parent=pll-video0-4x rate=1188000000 flags=0x0 enable=0 prepare=0
[    6.506906] clk-unused: enable-lock-begin name=combphy0 parent=pll-video0-4x rate=1188000000 flags=0x0 enable=0 prepare=0
[    6.517856] clk-unused: enable-lock-end name=combphy0 parent=pll-video0-4x rate=1188000000 flags=0x0 enable=0 prepare=0
[    6.528624] clk-unused: is-enabled-begin name=combphy0 parent=pll-video0-4x rate=1188000000 flags=0x0 enable=0 prepare=0
[    6.539479] clk-unused: is-enabled-false name=combphy0 parent=pll-video0-4x rate=1188000000 flags=0x0 enable=0 prepare=0
[    6.550333] clk-unused: unlock-begin name=combphy0 parent=pll-video0-4x rate=1188000000 flags=0x0 enable=0 prepare=0
[    6.560851] clk-unused: unlock-end name=combphy0 parent=pll-video0-4x rate=1188000000 flags=0x0 enable=0 prepare=0
[    6.571195] clk-unused: subtree-done name=combphy0 parent=pll-video0-4x rate=1188000000 flags=0x0 enable=0 prepare=0
[    6.581712] clk-unused: child-end name=combphy0 parent=pll-video0-4x rate=1188000000 flags=0x0 enable=0 prepare=0
[    6.591969] clk-unused: child-begin name=tcon-lcd2 parent=pll-video0-4x rate=1188000000 flags=0x0 enable=0 prepare=0
[    6.602486] clk-unused: enable-lock-begin name=tcon-lcd2 parent=pll-video0-4x rate=1188000000 flags=0x0 enable=0 prepare=0
[    6.613524] clk-unused: enable-lock-end name=tcon-lcd2 parent=pll-video0-4x rate=1188000000 flags=0x0 enable=0 prepare=0
[    6.624379] clk-unused: is-enabled-begin name=tcon-lcd2 parent=pll-video0-4x rate=1188000000 flags=0x0 enable=0 prepare=0
[    6.635320] clk-unused: is-enabled-false name=tcon-lcd2 parent=pll-video0-4x rate=1188000000 flags=0x0 enable=0 prepare=0
[    6.646260] clk-unused: unlock-begin name=tcon-lcd2 parent=pll-video0-4x rate=1188000000 flags=0x0 enable=0 prepare=0
[    6.656864] clk-unused: unlock-end name=tcon-lcd2 parent=pll-video0-4x rate=1188000000 flags=0x0 enable=0 prepare=0
[    6.667295] clk-unused: subtree-done name=tcon-lcd2 parent=pll-video0-4x rate=1188000000 flags=0x0 enable=0 prepare=0
[    6.677898] clk-unused: child-end name=tcon-lcd2 parent=pll-video0-4x rate=1188000000 flags=0x0 enable=0 prepare=0
[    6.688242] clk-unused: child-begin name=tcon-lcd1 parent=pll-video0-4x rate=1188000000 flags=0x0 enable=0 prepare=0
[    6.698759] clk-unused: enable-lock-begin name=tcon-lcd1 parent=pll-video0-4x rate=1188000000 flags=0x0 enable=0 prepare=0
[    6.709796] clk-unused: enable-lock-end name=tcon-lcd1 parent=pll-video0-4x rate=1188000000 flags=0x0 enable=0 prepare=0
[    6.720652] clk-unused: is-enabled-begin name=tcon-lcd1 parent=pll-video0-4x rate=1188000000 flags=0x0 enable=0 prepare=0
[    6.731592] clk-unused: is-enabled-false name=tcon-lcd1 parent=pll-video0-4x rate=1188000000 flags=0x0 enable=0 prepare=0
[    6.742533] clk-unused: unlock-begin name=tcon-lcd1 parent=pll-video0-4x rate=1188000000 flags=0x0 enable=0 prepare=0
[    6.753145] clk-unused: unlock-end name=tcon-lcd1 parent=pll-video0-4x rate=1188000000 flags=0x0 enable=0 prepare=0
[    6.763576] clk-unused: subtree-done name=tcon-lcd1 parent=pll-video0-4x rate=1188000000 flags=0x0 enable=0 prepare=0
[    6.774179] clk-unused: child-end name=tcon-lcd1 parent=pll-video0-4x rate=1188000000 flags=0x0 enable=0 prepare=0
[    6.784523] clk-unused: child-begin name=tcon-lcd0 parent=pll-video0-4x rate=1188000000 flags=0x0 enable=0 prepare=0
[    6.795040] clk-unused: enable-lock-begin name=tcon-lcd0 parent=pll-video0-4x rate=1188000000 flags=0x0 enable=0 prepare=0
[    6.806077] clk-unused: enable-lock-end name=tcon-lcd0 parent=pll-video0-4x rate=1188000000 flags=0x0 enable=0 prepare=0
[    6.816931] clk-unused: is-enabled-begin name=tcon-lcd0 parent=pll-video0-4x rate=1188000000 flags=0x0 enable=0 prepare=0
[    6.827874] clk-unused: is-enabled-false name=tcon-lcd0 parent=pll-video0-4x rate=1188000000 flags=0x0 enable=0 prepare=0
[    6.838815] clk-unused: unlock-begin name=tcon-lcd0 parent=pll-video0-4x rate=1188000000 flags=0x0 enable=0 prepare=0
[    6.849423] clk-unused: unlock-end name=tcon-lcd0 parent=pll-video0-4x rate=1188000000 flags=0x0 enable=0 prepare=0
[    6.859856] clk-unused: subtree-done name=tcon-lcd0 parent=pll-video0-4x rate=1188000000 flags=0x0 enable=0 prepare=0
[    6.870459] clk-unused: child-end name=tcon-lcd0 parent=pll-video0-4x rate=1188000000 flags=0x0 enable=0 prepare=0
[    6.880802] clk-unused: child-begin name=eink-panel parent=pll-video0-4x rate=1188000000 flags=0x4 enable=0 prepare=0
[    6.891406] clk-unused: enable-lock-begin name=eink-panel parent=pll-video0-4x rate=1188000000 flags=0x4 enable=0 prepare=0
[    6.902538] clk-unused: enable-lock-end name=eink-panel parent=pll-video0-4x rate=1188000000 flags=0x4 enable=0 prepare=0
[    6.913481] clk-unused: is-enabled-begin name=eink-panel parent=pll-video0-4x rate=1188000000 flags=0x4 enable=0 prepare=0
[    6.924510] clk-unused: is-enabled-false name=eink-panel parent=pll-video0-4x rate=1188000000 flags=0x4 enable=0 prepare=0
[    6.935537] clk-unused: unlock-begin name=eink-panel parent=pll-video0-4x rate=1188000000 flags=0x4 enable=0 prepare=0
[    6.946233] clk-unused: unlock-end name=eink-panel parent=pll-video0-4x rate=1188000000 flags=0x4 enable=0 prepare=0
[    6.956752] clk-unused: subtree-done name=eink-panel parent=pll-video0-4x rate=1188000000 flags=0x4 enable=0 prepare=0
[    6.967442] clk-unused: child-end name=eink-panel parent=pll-video0-4x rate=1188000000 flags=0x4 enable=0 prepare=0
[    6.977873] clk-unused: enable-lock-begin name=pll-video0-4x parent=pll-video0-8x rate=1188000000 flags=0x0 enable=0 prepare=0
[    6.989257] clk-unused: enable-lock-end name=pll-video0-4x parent=pll-video0-8x rate=1188000000 flags=0x0 enable=0 prepare=0
[    7.000459] clk-unused: is-enabled-begin name=pll-video0-4x parent=pll-video0-8x rate=1188000000 flags=0x0 enable=0 prepare=0
[    7.011747] clk-unused: is-enabled-true name=pll-video0-4x parent=pll-video0-8x rate=1188000000 flags=0x0 enable=0 prepare=0
[    7.022947] clk-unused: disable-begin name=pll-video0-4x parent=pll-video0-8x rate=1188000000 flags=0x0 enable=0 prepare=0
[    7.033975] clk-unused: disable-end name=pll-video0-4x parent=pll-video0-8x rate=1188000000 flags=0x0 enable=0 prepare=0
[    7.044829] clk-unused: unlock-begin name=pll-video0-4x parent=pll-video0-8x rate=1188000000 flags=0x0 enable=0 prepare=0
[    7.055789] clk-unused: unlock-end name=pll-video0-4x parent=pll-video0-8x rate=1188000000 flags=0x0 enable=0 prepare=0
[    7.066567] clk-unused: subtree-done name=pll-video0-4x parent=pll-video0-8x rate=1188000000 flags=0x0 enable=0 prepare=0
[    7.077518] clk-unused: child-end name=pll-video0-4x parent=pll-video0-8x rate=1188000000 flags=0x0 enable=0 prepare=0
[    7.088241] clk-unused: enable-lock-begin name=pll-video0-8x parent=pll-ref rate=2376000000 flags=0x1 enable=0 prepare=0
[    7.099108] clk-unused: enable-lock-end name=pll-video0-8x parent=pll-ref rate=2376000000 flags=0x1 enable=0 prepare=0
[    7.109791] clk-unused: is-enabled-begin name=pll-video0-8x parent=pll-ref rate=2376000000 flags=0x1 enable=0 prepare=0
[    7.120559] clk-unused: is-enabled-true name=pll-video0-8x parent=pll-ref rate=2376000000 flags=0x1 enable=0 prepare=0
[    7.131239] clk-unused: disable-begin name=pll-video0-8x parent=pll-ref rate=2376000000 flags=0x1 enable=0 prepare=0
[    7.141748] clk-unused: disable-end name=pll-video0-8x parent=pll-ref rate=2376000000 flags=0x1 enable=0 prepare=0
[    7.152082] clk-unused: unlock-begin name=pll-video0-8x parent=pll-ref rate=2376000000 flags=0x1 enable=0 prepare=0
[    7.162514] clk-unused: unlock-end name=pll-video0-8x parent=pll-ref rate=2376000000 flags=0x1 enable=0 prepare=0
[    7.172772] clk-unused: subtree-done name=pll-video0-8x parent=pll-ref rate=2376000000 flags=0x1 enable=0 prepare=0
[    7.183201] clk-unused: child-end name=pll-video0-8x parent=pll-ref rate=2376000000 flags=0x1 enable=0 prepare=0
[    7.193372] clk-unused: child-begin name=pll-gpu parent=pll-ref rate=840000000 flags=0x1 enable=0 prepare=0
[    7.203110] clk-unused: child-begin name=gpu parent=pll-gpu rate=840000000 flags=0x0 enable=0 prepare=0
[    7.212500] clk-unused: enable-lock-begin name=gpu parent=pll-gpu rate=840000000 flags=0x0 enable=0 prepare=0
[    7.222412] clk-unused: enable-lock-end name=gpu parent=pll-gpu rate=840000000 flags=0x0 enable=0 prepare=0
[    7.232141] clk-unused: is-enabled-begin name=gpu parent=pll-gpu rate=840000000 flags=0x0 enable=0 prepare=0
[    7.241955] clk-unused: is-enabled-false name=gpu parent=pll-gpu rate=840000000 flags=0x0 enable=0 prepare=0
[    7.251769] clk-unused: unlock-begin name=gpu parent=pll-gpu rate=840000000 flags=0x0 enable=0 prepare=0
[    7.261245] clk-unused: unlock-end name=gpu parent=pll-gpu rate=840000000 flags=0x0 enable=0 prepare=0
[    7.270548] clk-unused: subtree-done name=gpu parent=pll-gpu rate=840000000 flags=0x0 enable=0 prepare=0
[    7.280026] clk-unused: child-end name=gpu parent=pll-gpu rate=840000000 flags=0x0 enable=0 prepare=0
[    7.289243] clk-unused: enable-lock-begin name=pll-gpu parent=pll-ref rate=840000000 flags=0x1 enable=0 prepare=0
[    7.299499] clk-unused: enable-lock-end name=pll-gpu parent=pll-ref rate=840000000 flags=0x1 enable=0 prepare=0
[    7.309574] clk-unused: is-enabled-begin name=pll-gpu parent=pll-ref rate=840000000 flags=0x1 enable=0 prepare=0
[    7.319736] clk-unused: is-enabled-false name=pll-gpu parent=pll-ref rate=840000000 flags=0x1 enable=0 prepare=0
[    7.329896] clk-unused: unlock-begin name=pll-gpu parent=pll-ref rate=840000000 flags=0x1 enable=0 prepare=0
[    7.339728] clk-unused: unlock-end name=pll-gpu parent=pll-ref rate=840000000 flags=0x1 enable=0 prepare=0
[    7.349380] clk-unused: subtree-done name=pll-gpu parent=pll-ref rate=840000000 flags=0x1 enable=0 prepare=0
[    7.359204] clk-unused: child-end name=pll-gpu parent=pll-ref rate=840000000 flags=0x1 enable=0 prepare=0
[    7.368767] clk-unused: child-begin name=pll-periph1-4x parent=pll-ref rate=2400000000 flags=0x1 enable=1 prepare=1
[    7.379198] clk-unused: child-begin name=pll-periph1-480M parent=pll-periph1-4x rate=480000000 flags=0x0 enable=0 prepare=0
[    7.390324] clk-unused: child-begin name=pll-periph1-160M parent=pll-periph1-480M rate=160000000 flags=0x0 enable=0 prepare=0
[    7.401622] clk-unused: enable-lock-begin name=pll-periph1-160M parent=pll-periph1-480M rate=160000000 flags=0x0 enable=0 prepare=0
[    7.413447] clk-unused: enable-lock-end name=pll-periph1-160M parent=pll-periph1-480M rate=160000000 flags=0x0 enable=0 prepare=0
[    7.425083] clk-unused: is-enabled-begin name=pll-periph1-160M parent=pll-periph1-480M rate=160000000 flags=0x0 enable=0 prepare=0
[    7.436804] clk-unused: is-enabled-false name=pll-periph1-160M parent=pll-periph1-480M rate=160000000 flags=0x0 enable=0 prepare=0
[    7.448525] clk-unused: unlock-begin name=pll-periph1-160M parent=pll-periph1-480M rate=160000000 flags=0x0 enable=0 prepare=0
[    7.459912] clk-unused: unlock-end name=pll-periph1-160M parent=pll-periph1-480M rate=160000000 flags=0x0 enable=0 prepare=0
[    7.471129] clk-unused: subtree-done name=pll-periph1-160M parent=pll-periph1-480M rate=160000000 flags=0x0 enable=0 prepare=0
[    7.482514] clk-unused: child-end name=pll-periph1-160M parent=pll-periph1-480M rate=160000000 flags=0x0 enable=0 prepare=0
[    7.493639] clk-unused: enable-lock-begin name=pll-periph1-480M parent=pll-periph1-4x rate=480000000 flags=0x0 enable=0 prepare=0
[    7.505282] clk-unused: enable-lock-end name=pll-periph1-480M parent=pll-periph1-4x rate=480000000 flags=0x0 enable=0 prepare=0
[    7.516744] clk-unused: is-enabled-begin name=pll-periph1-480M parent=pll-periph1-4x rate=480000000 flags=0x0 enable=0 prepare=0
[    7.528291] clk-unused: is-enabled-true name=pll-periph1-480M parent=pll-periph1-4x rate=480000000 flags=0x0 enable=0 prepare=0
[    7.539752] clk-unused: disable-begin name=pll-periph1-480M parent=pll-periph1-4x rate=480000000 flags=0x0 enable=0 prepare=0
[    7.551040] clk-unused: disable-end name=pll-periph1-480M parent=pll-periph1-4x rate=480000000 flags=0x0 enable=0 prepare=0
[    7.562155] clk-unused: unlock-begin name=pll-periph1-480M parent=pll-periph1-4x rate=480000000 flags=0x0 enable=0 prepare=0
[    7.573366] clk-unused: unlock-end name=pll-periph1-480M parent=pll-periph1-4x rate=480000000 flags=0x0 enable=0 prepare=0
[    7.584404] clk-unused: subtree-done name=pll-periph1-480M parent=pll-periph1-4x rate=480000000 flags=0x0 enable=0 prepare=0
[    7.595621] clk-unused: child-end name=pll-periph1-480M parent=pll-periph1-4x rate=480000000 flags=0x0 enable=0 prepare=0
[    7.606573] clk-unused: child-begin name=pll-periph1-800M parent=pll-periph1-4x rate=800000000 flags=0x0 enable=0 prepare=0
[    7.617697] clk-unused: enable-lock-begin name=pll-periph1-800M parent=pll-periph1-4x rate=800000000 flags=0x0 enable=0 prepare=0
[    7.629342] clk-unused: enable-lock-end name=pll-periph1-800M parent=pll-periph1-4x rate=800000000 flags=0x0 enable=0 prepare=0
[    7.640804] clk-unused: is-enabled-begin name=pll-periph1-800M parent=pll-periph1-4x rate=800000000 flags=0x0 enable=0 prepare=0
[    7.652352] clk-unused: is-enabled-true name=pll-periph1-800M parent=pll-periph1-4x rate=800000000 flags=0x0 enable=0 prepare=0
[    7.663813] clk-unused: disable-begin name=pll-periph1-800M parent=pll-periph1-4x rate=800000000 flags=0x0 enable=0 prepare=0
[    7.675101] clk-unused: disable-end name=pll-periph1-800M parent=pll-periph1-4x rate=800000000 flags=0x0 enable=0 prepare=0
[    7.686215] clk-unused: unlock-begin name=pll-periph1-800M parent=pll-periph1-4x rate=800000000 flags=0x0 enable=0 prepare=0
[    7.697427] clk-unused: unlock-end name=pll-periph1-800M parent=pll-periph1-4x rate=800000000 flags=0x0 enable=0 prepare=0
[    7.708464] clk-unused: subtree-done name=pll-periph1-800M parent=pll-periph1-4x rate=800000000 flags=0x0 enable=0 prepare=0
[    7.719673] clk-unused: child-end name=pll-periph1-800M parent=pll-periph1-4x rate=800000000 flags=0x0 enable=0 prepare=0
