......


[70]HELLO! BOOT0 is starting!
[73]BOOT0 commit : {9f6fab4f-dirty}
[87]dram_para_total:0xf
[89]vaild para:6  select dram para0
[93]key press : 
[95][mmc]: mmc driver ver 2024-03-20 10:36
[104][mmc]: Wrong media type 0x0
[108][mmc]: ***Try SD card 0***
[123][mmc]: HSSDR52/SDR25 4 bit
[126][mmc]: 50000000 Hz
[128][mmc]: 119850 MB
[130][mmc]: ***SD/MMC 0 init OK!!!***
[136]DRAM BOOT DRIVE INFO: V0.601
[140]DRAM_VCC set to 560 mv
[143]DRAM CLK =2400 MHZ
[145]DRAM Type =9 (8:LPDDR4,9:LPDDR5)
[298]Training result is = 7
[301]DRAM Pstate 1 training, frequency is 1200 Mhz
[482]Training result is = 7
[485]DRAM Pstate 2 training, frequency is 800 Mhz
[833]Training result is = 7
[835]DRAM Pstate 3 training, frequency is 400 Mhz
[921]Training result is = 7
[923]DRAM Pstate 0 training, frequency is 2400 Mhz
[932]Actual DRAM SIZE =4096 M
[935]DRAM SIZE =4096 MBytes, para1 = a0fa, para2 = 10001001, dram_tpr13 = 65
[949]DRAM simple test OK.
[952]key press : 
[960]error:bad magic.
[1024]error: dtb not found for scp
[1027]mmc not para
[1029]Jump to ATF: monitor_base = 0x48000000, uboot_base = 0x4a000000, optee_base = 0x0
NOTICE:  BL31: OP-TEE 32bit detected
NOTICE:  BL31: U-BOOT 32bit detected
NOTICE:  BL31: v2.5(debug):5fc237a6a
NOTICE:  BL31: Built : 09:05:28, Feb 26 2025
NOTICE:  BL31: No DTB found.
ERROR:   Error initializing runtime service opteed_fast


U-Boot 2018.07-12-boot-aw2501-gb2d229198b2-dirty (Jan 06 2026 - 03:45:33 +0000) Allwinner Technology

[01.080]CPU:   Allwinner Family
[01.083]Model: Radxa Cubie A7A
I2C:   ready
[01.144]DRAM:  4 GiB
[01.153]Relocation Offset is: 75d89000
[01.203]secure enable bit: 0
[01.206]PMU: AXP8191
[01.208]PMU: AXP8191 VER_A
FDT ERROR:fdt_get_regulator_name:get property handle twi-supply error:FDT_ERR_INTERNAL
[01.220]bmu_axp515_probe pmic_bus_read fail
[01.224][AXP8191] onoff status: 0x50 = 0x1, 0x51 = 0x0
[01.229][AXP8191] charge status: 0x4 = 0x0
[01.233]CPU=1014 MHz,PLL6=1200 Mhz,AHB=200 Mhz, APB1=24Mhz  MBus=600Mhz
[01.239]gic: sec monitor mode
SPI ALL:   ready
[01.283]flash init start
[01.285]workmode = 0,storage type = 1
[01.289][mmc]: mmc driver ver uboot2018:2024-10-18 9:01:00 -- uboot2018:2025-03-28 10:03:00
[01.297][mmc]: get sdc_type fail and use default host:tm1.
[01.305][mmc]: can't find node "mmc0",will add new node
[01.310][mmc]: fdt err returned <no error>
[01.314][mmc]: Using default timing para
[01.317][mmc]: SUNXI SDMMC Controller Version:0x50530
[01.340][mmc]: card_caps:0x3000000a
[01.343][mmc]: host_caps:0x3000003f
[01.347]sunxi flash init ok
get value error
[01.357]Loading Environment from SUNXI_FLASH... OK
No ethernet found.
[01.394]NOT support bridge yet
[01.397]Warn: no find panel or bridge
[01.401]hdmi0@5520000 disconnected
[01.404]drm hdmi get mode: 1920x1080@60Hz
hdmi0@5520000: use force output detailed mode clock 148500 kHz, flags[5]
    H: 1920 2008 2052 2200
    V: 1080 1084 1089 1125
bus_format: 0
clk_set_rate: <NULL> has NULL parent
[01.506]suxni tcon hdmi set rate: 148500000Hz and get diff: -148500000Hz
[01.578]the secure storage item0 copy0 magic is bad
[01.590]the secure storage item0 copy1 magic is bad
[01.594]usb burn from boot
delay time 0
[01.601]usb prepare ok
[01.904]overtime
[01.908]do_burn_from_boot usb : no usb exist
skip update boot_param
cann't get the boot_base from the env
[01.922]update part info
[01.926]battery temp is -1
[01.931]update bootcmd
[01.939](not enough data: expected >= 8 cells, got 4 cells)
Link up timeout
Speed change timeout
PCIe speed of Gen1
Override default fdtfile to allwinner/sun60i-a733-cubie-a7s.dtb
[04.383]libfdt fdt_check_header(): FDT_ERR_BADMAGIC
[04.389]libfdt fdt_path_offset() returned FDT_ERR_BADMAGIC
[04.395][mmc]: get sunxi-mmc0 string failed
[04.399]The storage not support sample function
[04.405]## error: update_fdt_dram_para_from_bootpara : FDT_ERR_NOTFOUND
ret 0
[04.416]chip id : 0x00005100 0x00004900 0x0000c418 0x000022d4
[04.421]mac addr => 08:51:49:dc:f6:6c
[04.424]chip id : 0x00005100 0x00004900 0x0000c418 0x000022d4
[04.430]mac addr => 08:51:49:dc:f6:6d
[04.434]/chosen/rng-seed node not exit
[04.437]no battery, disabled battery functons
[04.442]Could not find nodeoffset for bat_supply
[04.446]update dts
curr_device:0
Device: SUNXI SD/MMC
Manufacturer ID: ad
OEM: 4c53
Name: USD00 
Bus Speed: 50000000
Mode : SD High Speed (50MHz)
Rd Block Len: 512
SD version 3.0
High Capacity: Yes
Capacity: 117 GiB
Bus Width: 4-bit
Erase Group Size: 512 Bytes
[ufs]info:Driver version 0.0.24 2024.12.30 16:00
[ufs]info:Cal words 0x60:val 0xac5e0000, 0x64:val 0x4d1da478
[ufs]err:uic c 16,uic a 0,1,0
[ufs]err:e 80000010,0,0,0,0
[ufs]err:int s 0,400
[ufs]err:Device not present
[ufs]err:wait device link startup failed
[ufs]info:peer link startup timeout
[ufs]info:Cal words 0x60:val 0xac5e0000, 0x64:val 0x4d1da478
[ufs]err:uic c 16,uic a 0,1,0
[ufs]err:e 80000010,0,0,0,0
[ufs]err:int s 0,400
[ufs]err:Device not present
[ufs]err:wait device link startup failed
[ufs]info:peer link startup timeout
[ufs]info:Cal words 0x60:val 0xac5e0000, 0x64:val 0x4d1da478
[ufs]err:uic c 16,uic a 0,1,0
[ufs]err:e 80000010,0,0,0,0
[ufs]err:int s 0,400
[ufs]err:Device not present
[ufs]err:wait device link startup failed
[ufs]info:peer link startup timeout
[ufs]info:Cal words 0x60:val 0xac5e0000, 0x64:val 0x4d1da478
[ufs]err:uic c 16,uic a 0,1,0
[ufs]err:e 80000010,0,0,0,0
[ufs]err:int s 0,400
[ufs]err:Device not present
[ufs]err:wait device link startup failed
[ufs]info:peer link startup timeout
[ufs]err:link startup failed -6
[ufs]err:ufshcd_probe() failed -6
fail to init ufs
sunxi_flash - sunxi_flash sub-system

Usage:
sunxi_flash sunxi_flash init storage_type
sunxi_flash read mem_addr part_name [size]
sunxi_flash read_mtd mem_addr part_name [size]
sunxi_flash write <mem_addr> <part_name> [size]
sunxi_flash write <mem_addr> <part_name> [offset] [size]
sunxi_flash write_mtd <mem_addr> <part_name>
sunxi_flash boot0 force_dram_update_size <new_val> 
sunxi_flash boot0 force_dram_update_flag <new_val> 

Hit any key to stop autoboot:  0 
=> <INTERRUPT>
=> <INTERRUPT>
=> <INTERRUPT>
=> <INTERRUPT>
=> <INTERRUPT>
=> <INTERRUPT>
=> <INTERRUPT>
=> <INTERRUPT>
=> <INTERRUPT>
=> <INTERRUPT>
=> <INTERRUPT>
=> <INTERRUPT>
=> <INTERRUPT>
=> <INTERRUPT>
=> <INTERRUPT>
=> <INTERRUPT>
=> <INTERRUPT>
=> <INTERRUPT>
=> <INTERRUPT>
=> <INTERRUPT>
=> <INTERRUPT>
=> <INTERRUPT>
=> <INTERRUPT>
=> <INTERRUPT>
=> <INTERRUPT>
=> setenv drm_debug 1
=> mmc dev 0
mmc0 is current device
=> mmc rescan
[05.546][mmc]: card_caps:0x3000000a
[05.549][mmc]: host_caps:0x3000003f
=> part list mmc 0

Partition Map for MMC device 0  --   Partition Type: EFI

Part	Start LBA	End LBA		Name
	Attributes
	Type GUID
	Partition GUID
  1	0x00008000	0x0000ffff	"primary"
	attrs:	0x0000000000000000
	type:	0fc63daf-8483-4772-8e79-3d69d8477de4
	guid:	0d30537f-ad9b-4bc3-b2f6-73066b8c4e39
  2	0x00010000	0x000a5fff	"primary"
	attrs:	0x0000000000000004
	type:	c12a7328-f81f-11d2-ba4b-00a0c93ec93b
	guid:	988049b8-f471-470d-ae91-a5d78cc7605d
  3	0x000a6000	0x0ea14fde	"primary"
	attrs:	0x0000000000000004
	type:	0fc63daf-8483-4772-8e79-3d69d8477de4
	guid:	db375e07-7682-4d4e-b8bc-a923dd0b027e
=> ext4load mmc 0:3 0x40080000 /boot/cthu/Image
43244032 bytes read in 1811 ms (22.8 MiB/s)
=> echo kernel_filesize=${filesize}
kernel_filesize=293da00
=> ext4load mmc 0:3 0x4fa00000 /boot/cthu/a733.dtb
4761 bytes read in 25 ms (185.5 KiB/s)
=> echo fdt_filesize=${filesize}
fdt_filesize=1299
=> fdt addr 0x4fa00000
=> fdt header
magic:			0xd00dfeed
totalsize:		0x1299 (4761)
off_dt_struct:		0x38
off_dt_strings:		0x1034
off_mem_rsvmap:		0x28
version:		17
last_comp_version:	16
boot_cpuid_phys:	0x0
size_dt_strings:	0x265
size_dt_struct:		0xffc
number mem_rsv:		0x0

=> setenv bootargs console=ttyS0,115200n8 earlycon=uart8250,mmio32,0x02500000 loglevel=8 ignore_loglevel drm_debug=1 root=PARTUUID=db375e07-7682-4d4e-b8bc-a923dd0b027e rootfstype=ext4 rootwait ro rootflags=noload init=/bin/sh
=> booti 0x40080000 - 0x4fa00000
[07.976]libfdt fdt_path_offset() returned FDT_ERR_BADMAGIC
[07.981][mmc]: get sunxi-mmc0 string failed
[07.985]## error: sunxi_update_fdt_para_for_kernel : FDT_ERR_BADPATH
[07.991]The storage not support sample function
[07.995]## error: update_fdt_dram_para_from_bootpara : FDT_ERR_NOTFOUND
drm debug mode: 1 
[08.003]mac addr => 08:51:49:dc:f6:6c
[08.007]mac addr => 08:51:49:dc:f6:6d
[08.010]no battery, disabled battery functons
[08.014]Could not find nodeoffset for bat_supply
[08.019]update dts
[08.021]Starting kernel ...

[08.023]total: 8023 ms

[08.026][mmc]: MMC Device 2 not found
[08.029][mmc]: mmc 2 not find, so not exit
NOTICE:  [SCP] :wait arisc ready....
NOTICE:  [SCP] :arisc version: [d463b9da43dc50320f21ba51c6c51afe2db20d83]
NOTICE:  [SCP] :arisc startup ready
NOTICE:  [SCP] :arisc startup notify message feedback
NOTICE:  [SCP] :sunxi-arisc driver is starting
NOTICE:  BL3-1: Next image address = 0x40200000
NOTICE:  BL3-1: Next image spsr = 0x3c5
[    0.000000] Booting Linux on physical CPU 0x0000000000 [0x412fd050]
[    0.000000] Linux version 7.1.0-rc5-00268-g44b8af4ff269 (enzo@strix) (aarch64-linux-gnu-gcc (Ubuntu 15.2.0-16ubuntu1) 15.2.0, GNU ld (GNU Binutils for Ubuntu) 2.46) #1 SMP PREEMPT Wed Jun 10 11:35:34 EDT 2026
[    0.000000] KASLR disabled due to lack of seed
[    0.000000] random: crng init done
[    0.000000] Machine model: Radxa Cubie A7S
[    0.000000] earlycon: uart8250 at MMIO32 0x0000000002500000 (options '')
[    0.000000] printk: legacy bootconsole [uart8250] enabled
[    0.000000] printk: debug: ignoring loglevel setting.
[    0.000000] efi: UEFI not found.
[    0.000000] OF: reserved mem: Reserved memory: No reserved-memory node in the DT
[    0.000000] NUMA: Faking a node at [mem 0x0000000040000000-0x000000013fffffff]
[    0.000000] NODE_DATA(0) allocated [mem 0x13f801d40-0x13f80443f]
[    0.000000] cma: Reserved 32 MiB at 0x00000000fe000000
[    0.000000] psci: probing for conduit method from DT.
[    0.000000] psci: PSCIv1.1 detected in firmware.
[    0.000000] psci: Using standard PSCI v0.2 function IDs
[    0.000000] psci: MIGRATE_INFO_TYPE not supported.
[    0.000000] psci: SMC Calling Convention v1.2
[    0.000000] Zone ranges:
[    0.000000]   DMA      [mem 0x0000000040000000-0x00000000ffffffff]
[    0.000000]   DMA32    empty
[    0.000000]   Normal   [mem 0x0000000100000000-0x000000013fffffff]
[    0.000000] Movable zone start for each node
[    0.000000] Early memory node ranges
[    0.000000]   node   0: [mem 0x0000000040000000-0x000000013fffffff]
[    0.000000] Initmem setup node 0 [mem 0x0000000040000000-0x000000013fffffff]
[    0.000000] percpu: Embedded 26 pages/cpu s66520 r8192 d31784 u106496
[    0.000000] pcpu-alloc: s66520 r8192 d31784 u106496 alloc=26*4096
[    0.000000] pcpu-alloc: [0] 0 [0] 1 [0] 2 [0] 3 [0] 4 [0] 5 [0] 6 [0] 7 
[    0.000000] Detected VIPT I-cache on CPU0
[    0.000000] CPU features: detected: GICv3 CPU interface
[    0.000000] CPU features: detected: ARM errata 1165522, 1319367, or 1530923
[    0.000000] alternatives: applying boot alternatives
[    0.000000] Kernel command line: console=ttyS0,115200n8 earlycon=uart8250,mmio32,0x02500000 loglevel=8 ignore_loglevel drm_debug=1 root=PARTUUID=db375e07-7682-4d4e-b8bc-a923dd0b027e rootfstype=ext4 rootwait ro rootflags=noload init=/bin/sh
[    0.000000] Unknown kernel command line parameters "drm_debug=1", will be passed to user space.
[    0.000000] printk: log buffer data + meta data: 131072 + 458752 = 589824 bytes
[    0.000000] Dentry cache hash table entries: 524288 (order: 10, 4194304 bytes, linear)
[    0.000000] Inode-cache hash table entries: 262144 (order: 9, 2097152 bytes, linear)
[    0.000000] software IO TLB: area num 8.
[    0.000000] software IO TLB: mapped [mem 0x00000000fa000000-0x00000000fe000000] (64MB)
[    0.000000] Fallback order for Node 0: 0 
[    0.000000] Built 1 zonelists, mobility grouping on.  Total pages: 1048576
[    0.000000] Policy zone: Normal
[    0.000000] mem auto-init: stack:all(zero), heap alloc:off, heap free:off
[    0.000000] SLUB: HWalign=64, Order=0-3, MinObjects=0, CPUs=8, Nodes=1
[    0.000000] rcu: Preemptible hierarchical RCU implementation.
[    0.000000] rcu: 	RCU event tracing is enabled.
[    0.000000] rcu: 	RCU restricting CPUs from NR_CPUS=512 to nr_cpu_ids=8.
[    0.000000] 	Trampoline variant of Tasks RCU enabled.
[    0.000000] 	Tracing variant of Tasks RCU enabled.
[    0.000000] rcu: RCU calculated value of scheduler-enlistment delay is 25 jiffies.
[    0.000000] rcu: Adjusting geometry for rcu_fanout_leaf=16, nr_cpu_ids=8
[    0.000000] RCU Tasks: Setting shift to 3 and lim to 1 rcu_task_cb_adjust=1 rcu_task_cpu_ids=8.
[    0.000000] NR_IRQS: 64, nr_irqs: 64, preallocated irqs: 0
[    0.000000] GICv3: 256 SPIs implemented
[    0.000000] GICv3: 0 Extended SPIs implemented
[    0.000000] Root IRQ handler: gic_handle_irq
[    0.000000] GICv3: GICv3 features: 16 PPIs
[    0.000000] GICv3: GICD_CTLR.DS=0, SCR_EL3.FIQ=0
[    0.000000] GICv3: CPU0: found redistributor 0 region 0:0x0000000003460000
[    0.000000] ITS: No ITS available, not enabling LPIs
[    0.000000] rcu: srcu_init: Setting srcu_struct sizes based on contention.
[    0.000000] arch_timer: cp15 timer running at 24.00MHz (virt).
[    0.000000] clocksource: arch_sys_counter: mask: 0xffffffffffffff max_cycles: 0x588fe9dc0, max_idle_ns: 440795202592 ns
[    0.000000] sched_clock: 56 bits at 24MHz, resolution 41ns, wraps every 4398046511097ns
[    0.008350] Console: colour dummy device 80x25
[    0.012901] Calibrating delay loop (skipped), value calculated using timer frequency.. 48.00 BogoMIPS (lpj=96000)
[    0.023181] pid_max: default: 32768 minimum: 301
[    0.028087] Mount-cache hash table entries: 8192 (order: 4, 65536 bytes, linear)
[    0.035554] Mountpoint-cache hash table entries: 8192 (order: 4, 65536 bytes, linear)
[    0.043673] VFS: Finished mounting rootfs on nullfs
[    0.049347] cacheinfo: Unable to detect cache hierarchy for CPU 0
[    0.056434] rcu: Hierarchical SRCU implementation.
[    0.061259] rcu: 	Max phase no-delay instances is 1000.
[    0.066699] Timer migration: 1 hierarchy levels; 8 children per group; 1 crossnode level
[    0.075208] EFI services will not be available.
[    0.080098] smp: Bringing up secondary CPUs ...
[    0.085126] Detected VIPT I-cache on CPU1
[    0.085190] GICv3: CPU1: found redistributor 100 region 0:0x0000000003480000
[    0.085229] CPU1: Booted secondary processor 0x0000000100 [0x412fd050]
[    0.085824] Detected VIPT I-cache on CPU2
[    0.085878] GICv3: CPU2: found redistributor 200 region 0:0x00000000034a0000
[    0.085912] CPU2: Booted secondary processor 0x0000000200 [0x412fd050]
[    0.086469] Detected VIPT I-cache on CPU3
[    0.086520] GICv3: CPU3: found redistributor 300 region 0:0x00000000034c0000
[    0.086550] CPU3: Booted secondary processor 0x0000000300 [0x412fd050]
[    0.087106] Detected VIPT I-cache on CPU4
[    0.087155] GICv3: CPU4: found redistributor 400 region 0:0x00000000034e0000
[    0.087182] CPU4: Booted secondary processor 0x0000000400 [0x412fd050]
[    0.087750] Detected VIPT I-cache on CPU5
[    0.087801] GICv3: CPU5: found redistributor 500 region 0:0x0000000003500000
[    0.087829] CPU5: Booted secondary processor 0x0000000500 [0x412fd050]
[    0.088410] CPU features: detected: Spectre-v4
[    0.088415] CPU features: detected: Spectre-BHB
[    0.088420] CPU features: detected: SSBS not fully self-synchronizing
[    0.088423] Detected PIPT I-cache on CPU6
[    0.088452] GICv3: CPU6: found redistributor 600 region 0:0x0000000003520000
[    0.088468] CPU6: Booted secondary processor 0x0000000600 [0x414fd0b1]
[    0.089013] Detected PIPT I-cache on CPU7
[    0.089048] GICv3: CPU7: found redistributor 700 region 0:0x0000000003540000
[    0.089064] CPU7: Booted secondary processor 0x0000000700 [0x414fd0b1]
[    0.089148] smp: Brought up 1 node, 8 CPUs
[    0.231868] SMP: Total of 8 processors activated.
[    0.236596] CPU: All CPU(s) started at EL1
[    0.240737] CPU features: detected: 32-bit EL0 Support
[    0.245885] CPU features: detected: Data cache clean to the PoU not required for I/D coherence
[    0.254514] CPU features: detected: Common not Private translations
[    0.260789] CPU features: detected: CRC32 instructions
[    0.265931] CPU features: detected: RCpc load-acquire (LDAPR)
[    0.271673] CPU features: detected: LSE atomic instructions
[    0.277260] CPU features: detected: Privileged Access Never
[    0.282855] CPU features: detected: PMUv3
[    0.286871] CPU features: detected: RAS Extension Support
[    0.292269] CPU features: detected: XNX
[    0.296100] CPU features: detected: Speculative Store Bypassing Safe (SSBS)
[    0.303127] alternatives: applying system-wide alternatives
[    0.312568] CPU features: detected: Hardware dirty bit management on CPU6-7
[    0.319984] Memory: 3966244K/4194304K available (18880K kernel code, 5302K rwdata, 14508K rodata, 3392K init, 718K bss, 190672K reserved, 32768K cma-reserved)
[    0.335656] devtmpfs: initialized
[    0.343660] clocksource: jiffies: mask: 0xffffffff max_cycles: 0xffffffff, max_idle_ns: 7645041785100000 ns
[    0.353440] posixtimers hash table entries: 4096 (order: 4, 65536 bytes, linear)
[    0.360947] futex hash table entries: 2048 (131072 bytes on 1 NUMA nodes, total 128 KiB, linear).
[    0.370143] 22000 pages in range for non-PLT usage
[    0.370151] 513520 pages in range for PLT usage
[    0.376781] DMI: not present or invalid.
[    0.388020] NET: Registered PF_NETLINK/PF_ROUTE protocol family
[    0.394949] DMA: preallocated 512 KiB GFP_KERNEL pool for atomic allocations
[    0.402141] DMA: preallocated 512 KiB GFP_KERNEL|GFP_DMA pool for atomic allocations
[    0.409937] audit: initializing netlink subsys (disabled)
[    0.415468] audit: type=2000 audit(0.264:1): state=initialized audit_enabled=0 res=1
[    0.416425] thermal_sys: Registered thermal governor 'step_wise'
[    0.423285] thermal_sys: Registered thermal governor 'power_allocator'
[    0.429373] cpuidle: using governor menu
[    0.440097] hw-breakpoint: found 6 breakpoint and 4 watchpoint registers.
[    0.447075] ASID allocator initialised with 65536 entries
[    0.454833] Serial: AMBA PL011 UART driver
[    0.460807] /soc/clock-controller@2002000: Fixed dependency cycle(s) with /soc/rtc@7090000
[    0.469125] /soc/clock-controller@7010000: Fixed dependency cycle(s) with /soc/clock-controller@2002000
[    0.478525] /soc/clock-controller@7010000: Fixed dependency cycle(s) with /soc/rtc@7090000
[    0.486825] /soc/rtc@7090000: Fixed dependency cycle(s) with /soc/clock-controller@7010000
[    0.496107] /soc/clock-controller@2002000: Fixed dependency cycle(s) with /soc/rtc@7090000
[    0.505834] /soc/clock-controller@7010000: Fixed dependency cycle(s) with /soc/clock-controller@2002000
[    0.515310] /soc/clock-controller@7010000: Fixed dependency cycle(s) with /soc/rtc@7090000
[    0.523968] /soc/clock-controller@7010000: Fixed dependency cycle(s) with /soc/rtc@7090000
[    0.532305] /soc/clock-controller@2002000: Fixed dependency cycle(s) with /soc/rtc@7090000
[    0.540713] /soc/rtc@7090000: Fixed dependency cycle(s) with /soc/clock-controller@7010000
[    0.550595] HugeTLB: registered 1.00 GiB page size, pre-allocated 0 pages
[    0.557415] HugeTLB: 0 KiB vmemmap can be freed for a 1.00 GiB page
[    0.563698] HugeTLB: registered 32.0 MiB page size, pre-allocated 0 pages
[    0.570501] HugeTLB: 0 KiB vmemmap can be freed for a 32.0 MiB page
[    0.576766] HugeTLB: registered 2.00 MiB page size, pre-allocated 0 pages
[    0.583549] HugeTLB: 0 KiB vmemmap can be freed for a 2.00 MiB page
[    0.589823] HugeTLB: registered 64.0 KiB page size, pre-allocated 0 pages
[    0.596626] HugeTLB: 0 KiB vmemmap can be freed for a 64.0 KiB page
[    0.604816] ACPI: Interpreter disabled.
[    0.610358] iommu: Default domain type: Translated
[    0.615189] iommu: DMA domain TLB invalidation policy: strict mode
[    0.622087] SCSI subsystem initialized
[    0.626011] libata version 3.00 loaded.
[    0.630104] usbcore: registered new interface driver usbfs
[    0.635643] usbcore: registered new interface driver hub
[    0.641005] usbcore: registered new device driver usb
[    0.646546] pps_core: LinuxPPS API ver. 1 registered
[    0.651556] pps_core: Software ver. 5.3.6 - Copyright 2005-2007 Rodolfo Giometti <giometti@linux.it>
[    0.660711] PTP clock support registered
[    0.664768] EDAC MC: Ver: 3.0.0
[    0.668209] scmi_core: SCMI protocol bus registered
[    0.673758] FPGA manager framework
[    0.678324] vgaarb: loaded
[    0.681458] clocksource: Switched to clocksource arch_sys_counter
[    0.687862] VFS: Disk quotas dquot_6.6.0
[    0.691816] VFS: Dquot-cache hash table entries: 512 (order 0, 4096 bytes)
[    0.699096] pnp: PnP ACPI: disabled
[    0.709262] NET: Registered PF_INET protocol family
[    0.714316] IP idents hash table entries: 65536 (order: 7, 524288 bytes, linear)
[    0.724796] tcp_listen_portaddr_hash hash table entries: 2048 (order: 3, 32768 bytes, linear)
[    0.733370] Table-perturb hash table entries: 65536 (order: 6, 262144 bytes, linear)
[    0.741127] TCP established hash table entries: 32768 (order: 6, 262144 bytes, linear)
[    0.749277] TCP bind hash table entries: 32768 (order: 8, 1048576 bytes, linear)
[    0.757440] TCP: Hash tables configured (established 32768 bind 32768)
[    0.764115] UDP hash table entries: 2048 (order: 5, 131072 bytes, linear)
[    0.771146] NET: Registered PF_UNIX/PF_LOCAL protocol family
[    0.777144] RPC: Registered named UNIX socket transport module.
[    0.783082] RPC: Registered udp transport module.
[    0.787800] RPC: Registered tcp transport module.
[    0.792513] RPC: Registered tcp-with-tls transport module.
[    0.798008] RPC: Registered tcp NFSv4.1 backchannel transport module.
[    0.804463] PCI: CLS 0 bytes, default 64
[    0.808819] kvm [1]: HYP mode not available
[    0.814139] Initialise system trusted keyrings
[    0.818742] workingset: timestamp_bits=42 (anon: 38) max_order=20 bucket_order=0 (anon: 0)
[    0.827412] squashfs: version 4.0 (2009/01/31) Phillip Lougher
[    0.833540] NFS: Registering the id_resolver key type
[    0.838631] Key type id_resolver registered
[    0.842836] Key type id_legacy registered
[    0.846916] nfs4filelayout_init: NFSv4 File Layout Driver Registering...
[    0.853639] nfs4flexfilelayout_init: NFSv4 Flexfile Layout Driver Registering...
[    0.861218] 9p: Installing v9fs 9p2000 file system support
[    0.866906] Key type asymmetric registered
[    0.871016] Asymmetric key parser 'x509' registered
[    0.875958] Block layer SCSI generic (bsg) driver version 0.4 loaded (major 244)
[    0.883376] io scheduler mq-deadline registered
[    0.887911] io scheduler kyber registered
[    0.891977] io scheduler bfq registered
[    0.903054] ledtrig-cpu: registered to indicate activity on CPUs
[    0.942116] Serial: 8250/16550 driver, 4 ports, IRQ sharing enabled
[    0.952208] msm_serial: driver initialized
[    0.956830] SuperH (H)SCI(F) driver initialized
[    0.961524] STM32 USART driver initialized
[    0.974412] loop: module loaded
[    0.978652] megasas: 07.734.00.00-rc1
[    0.988034] tun: Universal TUN/TAP device driver, 1.6
[    0.993879] thunder_xcv, ver 1.0
[    0.997173] thunder_bgx, ver 1.0
[    1.000474] nicpf, ver 1.0
[    1.004412] e1000: Intel(R) PRO/1000 Network Driver
[    1.009311] e1000: Copyright (c) 1999-2006 Intel Corporation.
[    1.015114] e1000e: Intel(R) PRO/1000 Network Driver
[    1.020104] e1000e: Copyright(c) 1999 - 2015 Intel Corporation.
[    1.026081] igb: Intel(R) Gigabit Ethernet Network Driver
[    1.031485] igb: Copyright (c) 2007-2014 Intel Corporation.
[    1.037119] igbvf: Intel(R) Gigabit Virtual Function Network Driver
[    1.043414] igbvf: Copyright (c) 2009 - 2012 Intel Corporation.
[    1.049681] sky2: driver version 1.30
[    1.054539] VFIO - User Level meta-driver version: 0.3
[    1.062583] usbcore: registered new interface driver usb-storage
[    1.073689] sun6i-rtc 7090000.rtc: registered as rtc0
[    1.078789] sun6i-rtc 7090000.rtc: setting system clock to 1970-01-02T00:00:08 UTC (86408)
[    1.087563] i2c_dev: i2c /dev entries driver
[    1.101952] SMCCC: SOC_ID: ARCH_SOC_ID not implemented, skipping ....
[    1.109272] usbcore: registered new interface driver usbhid
[    1.114866] usbhid: USB HID core driver
[    1.125135] NET: Registered PF_INET6 protocol family
[    1.130831] Segment Routing with IPv6
[    1.134556] In-situ OAM (IOAM) with IPv6
[    1.138544] NET: Registered PF_PACKET protocol family
[    1.143713] 9pnet: Installing 9P2000 support
[    1.148048] Key type dns_resolver registered
[    1.164763] registered taskstats version 1
[    1.169278] Loading compiled-in X.509 certificates
[    1.184794] Demotion targets for Node 0: null
[    1.204921] gpio gpiochip0: Static allocation of GPIO base is deprecated, use dynamic allocation.
[    1.224766] sun60i-a733-pinctrl 2000000.pinctrl: initialized sunXi PIO driver
[    1.233887] sun60i-a733-pinctrl 2000000.pinctrl: supply vcc-pb not found, using dummy regulator
[    1.243162] printk: legacy console [ttyS0] disabled
[    1.268665] 2500000.serial: ttyS0 at MMIO 0x2500000 (irq = 344, base_baud = 1500000) is a 16550A
[    1.277515] printk: legacy console [ttyS0] enabled
[    1.277515] printk: legacy console [ttyS0] enabled
[    1.287165] printk: legacy bootconsole [uart8250] disabled
[    1.287165] printk: legacy bootconsole [uart8250] disabled
[    1.302245] sun60i-a733-pinctrl 2000000.pinctrl: supply vcc-pf not found, using dummy regulator
[    1.302632] clk: Disabling unused clocks
[    1.311187] sunxi-mmc 4020000.mmc: diag enable begin
[    1.314887] clk-unused: root-begin name=iosc parent=(none) rate=16000000 flags=0x40 enable=0 prepare=0
[    1.329145] clk-unused: child-begin name=iosc-32k parent=iosc rate=31250 flags=0x40 enable=0 prepare=0
[    1.338450] clk-unused: child-begin name=osc32k parent=iosc-32k rate=31250 flags=0x0 enable=0 prepare=0
[    1.347842] clk-unused: child-begin name=irrx parent=osc32k rate=31250 flags=0x0 enable=0 prepare=0
[    1.356893] clk-unused: enable-lock-begin name=irrx parent=osc32k rate=31250 flags=0x0 enable=0 prepare=0
[    1.366457] clk-unused: enable-lock-end name=irrx parent=osc32k rate=31250 flags=0x0 enable=0 prepare=0
[    1.375839] clk-unused: is-enabled-begin name=irrx parent=osc32k rate=31250 flags=0x0 enable=0 prepare=0
[    1.385308] clk-unused: is-enabled-false name=irrx parent=osc32k rate=31250 flags=0x0 enable=0 prepare=0
[    1.394776] clk-unused: unlock-begin name=irrx parent=osc32k rate=31250 flags=0x0 enable=0 prepare=0
[    1.403907] clk-unused: unlock-end name=irrx parent=osc32k rate=31250 flags=0x0 enable=0 prepare=0
[    1.412864] clk-unused: subtree-done name=irrx parent=osc32k rate=31250 flags=0x0 enable=0 prepare=0
[    1.422001] clk-unused: child-end name=irrx parent=osc32k rate=31250 flags=0x0 enable=0 prepare=0
[    1.430878] clk-unused: child-begin name=irtx parent=osc32k rate=31250 flags=0x0 enable=0 prepare=0
[    1.439922] clk-unused: enable-lock-begin name=irtx parent=osc32k rate=31250 flags=0x0 enable=0 prepare=0
[    1.449487] clk-unused: enable-lock-end name=irtx parent=osc32k rate=31250 flags=0x0 enable=0 prepare=0
[    1.458868] clk-unused: is-enabled-begin name=irtx parent=osc32k rate=31250 flags=0x0 enable=0 prepare=0
[    1.468337] clk-unused: is-enabled-false name=irtx parent=osc32k rate=31250 flags=0x0 enable=0 prepare=0
[    1.477803] clk-unused: unlock-begin name=irtx parent=osc32k rate=31250 flags=0x0 enable=0 prepare=0
[    1.486940] clk-unused: unlock-end name=irtx parent=osc32k rate=31250 flags=0x0 enable=0 prepare=0
[    1.495898] clk-unused: subtree-done name=irtx parent=osc32k rate=31250 flags=0x0 enable=0 prepare=0
[    1.505028] clk-unused: child-end name=irtx parent=osc32k rate=31250 flags=0x0 enable=0 prepare=0
[    1.513898] clk-unused: child-begin name=sgpio parent=osc32k rate=31250 flags=0x0 enable=0 prepare=0
[    1.523030] clk-unused: enable-lock-begin name=sgpio parent=osc32k rate=31250 flags=0x0 enable=0 prepare=0
[    1.532681] clk-unused: enable-lock-end name=sgpio parent=osc32k rate=31250 flags=0x0 enable=0 prepare=0
[    1.542149] clk-unused: is-enabled-begin name=sgpio parent=osc32k rate=31250 flags=0x0 enable=0 prepare=0
[    1.551703] clk-unused: is-enabled-false name=sgpio parent=osc32k rate=31250 flags=0x0 enable=0 prepare=0
[    1.561258] clk-unused: unlock-begin name=sgpio parent=osc32k rate=31250 flags=0x0 enable=0 prepare=0
[    1.570484] clk-unused: unlock-end name=sgpio parent=osc32k rate=31250 flags=0x0 enable=0 prepare=0
[    1.579544] clk-unused: subtree-done name=sgpio parent=osc32k rate=31250 flags=0x0 enable=0 prepare=0
[    1.588762] clk-unused: child-end name=sgpio parent=osc32k rate=31250 flags=0x0 enable=0 prepare=0
[    1.597724] clk-unused: child-begin name=usb2-suspend parent=osc32k rate=31250 flags=0x0 enable=0 prepare=0
[    1.607464] clk-unused: enable-lock-begin name=usb2-suspend parent=osc32k rate=31250 flags=0x0 enable=0 prepare=0
[    1.617722] clk-unused: enable-lock-end name=usb2-suspend parent=osc32k rate=31250 flags=0x0 enable=0 prepare=0
[    1.627797] clk-unused: is-enabled-begin name=usb2-suspend parent=osc32k rate=31250 flags=0x0 enable=0 prepare=0
[    1.637959] clk-unused: is-enabled-false name=usb2-suspend parent=osc32k rate=31250 flags=0x0 enable=0 prepare=0
[    1.648119] clk-unused: unlock-begin name=usb2-suspend parent=osc32k rate=31250 flags=0x0 enable=0 prepare=0
[    1.657953] clk-unused: unlock-end name=usb2-suspend parent=osc32k rate=31250 flags=0x0 enable=0 prepare=0
[    1.667604] clk-unused: subtree-done name=usb2-suspend parent=osc32k rate=31250 flags=0x0 enable=0 prepare=0
[    1.677427] clk-unused: child-end name=usb2-suspend parent=osc32k rate=31250 flags=0x0 enable=0 prepare=0
[    1.686991] clk-unused: child-begin name=hdmi-cec parent=osc32k rate=31250 flags=0x0 enable=0 prepare=0
[    1.696382] clk-unused: enable-lock-begin name=hdmi-cec parent=osc32k rate=31250 flags=0x0 enable=0 prepare=0
[    1.706296] clk-unused: enable-lock-end name=hdmi-cec parent=osc32k rate=31250 flags=0x0 enable=0 prepare=0
[    1.716025] clk-unused: is-enabled-begin name=hdmi-cec parent=osc32k rate=31250 flags=0x0 enable=0 prepare=0
[    1.725840] clk-unused: is-enabled-false name=hdmi-cec parent=osc32k rate=31250 flags=0x0 enable=0 prepare=0
[    1.735654] clk-unused: unlock-begin name=hdmi-cec parent=osc32k rate=31250 flags=0x0 enable=0 prepare=0
[    1.745133] clk-unused: unlock-end name=hdmi-cec parent=osc32k rate=31250 flags=0x0 enable=0 prepare=0
[    1.754437] clk-unused: subtree-done name=hdmi-cec parent=osc32k rate=31250 flags=0x0 enable=0 prepare=0
[    1.763913] clk-unused: child-end name=hdmi-cec parent=osc32k rate=31250 flags=0x0 enable=0 prepare=0
[    1.773129] clk-unused: child-begin name=r-ir-rx parent=osc32k rate=31250 flags=0x0 enable=0 prepare=0
[    1.782434] clk-unused: diag-skip-rccu-unused name=r-ir-rx parent=osc32k rate=31250 flags=0x0 enable=0 prepare=0
[    1.792605] clk-unused: child-end name=r-ir-rx parent=osc32k rate=31250 flags=0x0 enable=0 prepare=0
[    1.801736] clk-unused: child-begin name=osc32k-fanout parent=osc32k rate=31250 flags=0x0 enable=0 prepare=0
[    1.811564] clk-unused: child-begin name=fanout0 parent=osc32k-fanout rate=31250 flags=0x0 enable=0 prepare=0
[    1.821481] clk-unused: enable-lock-begin name=fanout0 parent=osc32k-fanout rate=31250 flags=0x0 enable=0 prepare=0
[    1.831912] clk-unused: enable-lock-end name=fanout0 parent=osc32k-fanout rate=31250 flags=0x0 enable=0 prepare=0
[    1.842160] clk-unused: is-enabled-begin name=fanout0 parent=osc32k-fanout rate=31250 flags=0x0 enable=0 prepare=0
[    1.852495] clk-unused: is-enabled-false name=fanout0 parent=osc32k-fanout rate=31250 flags=0x0 enable=0 prepare=0
[    1.862829] clk-unused: unlock-begin name=fanout0 parent=osc32k-fanout rate=31250 flags=0x0 enable=0 prepare=0
[    1.872827] clk-unused: unlock-end name=fanout0 parent=osc32k-fanout rate=31250 flags=0x0 enable=0 prepare=0
[    1.882651] clk-unused: subtree-done name=fanout0 parent=osc32k-fanout rate=31250 flags=0x0 enable=0 prepare=0
[    1.892647] clk-unused: child-end name=fanout0 parent=osc32k-fanout rate=31250 flags=0x0 enable=0 prepare=0
[    1.902384] clk-unused: child-begin name=fanout1 parent=osc32k-fanout rate=31250 flags=0x0 enable=0 prepare=0
[    1.912295] clk-unused: enable-lock-begin name=fanout1 parent=osc32k-fanout rate=31250 flags=0x0 enable=0 prepare=0
[    1.922730] clk-unused: enable-lock-end name=fanout1 parent=osc32k-fanout rate=31250 flags=0x0 enable=0 prepare=0
[    1.932978] clk-unused: is-enabled-begin name=fanout1 parent=osc32k-fanout rate=31250 flags=0x0 enable=0 prepare=0
[    1.943313] clk-unused: is-enabled-false name=fanout1 parent=osc32k-fanout rate=31250 flags=0x0 enable=0 prepare=0
[    1.953647] clk-unused: unlock-begin name=fanout1 parent=osc32k-fanout rate=31250 flags=0x0 enable=0 prepare=0
[    1.963648] clk-unused: unlock-end name=fanout1 parent=osc32k-fanout rate=31250 flags=0x0 enable=0 prepare=0
[    1.973473] clk-unused: subtree-done name=fanout1 parent=osc32k-fanout rate=31250 flags=0x0 enable=0 prepare=0
[    1.983471] clk-unused: child-end name=fanout1 parent=osc32k-fanout rate=31250 flags=0x0 enable=0 prepare=0
[    1.993208] clk-unused: child-begin name=fanout2 parent=osc32k-fanout rate=31250 flags=0x0 enable=0 prepare=0
[    2.003119] clk-unused: enable-lock-begin name=fanout2 parent=osc32k-fanout rate=31250 flags=0x0 enable=0 prepare=0
[    2.013551] clk-unused: enable-lock-end name=fanout2 parent=osc32k-fanout rate=31250 flags=0x0 enable=0 prepare=0
[    2.023800] clk-unused: is-enabled-begin name=fanout2 parent=osc32k-fanout rate=31250 flags=0x0 enable=0 prepare=0
[    2.034136] clk-unused: is-enabled-false name=fanout2 parent=osc32k-fanout rate=31250 flags=0x0 enable=0 prepare=0
[    2.044470] clk-unused: unlock-begin name=fanout2 parent=osc32k-fanout rate=31250 flags=0x0 enable=0 prepare=0
[    2.054473] clk-unused: unlock-end name=fanout2 parent=osc32k-fanout rate=31250 flags=0x0 enable=0 prepare=0
[    2.064297] clk-unused: subtree-done name=fanout2 parent=osc32k-fanout rate=31250 flags=0x0 enable=0 prepare=0
[    2.074301] clk-unused: child-end name=fanout2 parent=osc32k-fanout rate=31250 flags=0x0 enable=0 prepare=0
[    2.084054] clk-unused: child-begin name=fanout3 parent=osc32k-fanout rate=31250 flags=0x0 enable=0 prepare=0
[    2.094003] clk-unused: enable-lock-begin name=fanout3 parent=osc32k-fanout rate=31250 flags=0x0 enable=0 prepare=0
[    2.104436] clk-unused: enable-lock-end name=fanout3 parent=osc32k-fanout rate=31250 flags=0x0 enable=0 prepare=0
[    2.114685] clk-unused: is-enabled-begin name=fanout3 parent=osc32k-fanout rate=31250 flags=0x0 enable=0 prepare=0
[    2.125020] clk-unused: is-enabled-false name=fanout3 parent=osc32k-fanout rate=31250 flags=0x0 enable=0 prepare=0
[    2.135354] clk-unused: unlock-begin name=fanout3 parent=osc32k-fanout rate=31250 flags=0x0 enable=0 prepare=0
[    2.145354] clk-unused: unlock-end name=fanout3 parent=osc32k-fanout rate=31250 flags=0x0 enable=0 prepare=0
[    2.155178] clk-unused: subtree-done name=fanout3 parent=osc32k-fanout rate=31250 flags=0x0 enable=0 prepare=0
[    2.165179] clk-unused: child-end name=fanout3 parent=osc32k-fanout rate=31250 flags=0x0 enable=0 prepare=0
[    2.174918] clk-unused: enable-lock-begin name=osc32k-fanout parent=osc32k rate=31250 flags=0x0 enable=0 prepare=0
[    2.185270] clk-unused: enable-lock-end name=osc32k-fanout parent=osc32k rate=31250 flags=0x0 enable=0 prepare=0
[    2.195431] clk-unused: is-enabled-begin name=osc32k-fanout parent=osc32k rate=31250 flags=0x0 enable=0 prepare=0
[    2.205684] clk-unused: is-enabled-false name=osc32k-fanout parent=osc32k rate=31250 flags=0x0 enable=0 prepare=0
[    2.215933] clk-unused: unlock-begin name=osc32k-fanout parent=osc32k rate=31250 flags=0x0 enable=0 prepare=0
[    2.225847] clk-unused: unlock-end name=osc32k-fanout parent=osc32k rate=31250 flags=0x0 enable=0 prepare=0
[    2.235585] clk-unused: subtree-done name=osc32k-fanout parent=osc32k rate=31250 flags=0x0 enable=0 prepare=0
[    2.245494] clk-unused: child-end name=osc32k-fanout parent=osc32k rate=31250 flags=0x0 enable=0 prepare=0
[    2.255145] clk-unused: child-begin name=rtc-32k parent=osc32k rate=31250 flags=0x0 enable=0 prepare=0
[    2.264448] clk-unused: enable-lock-begin name=rtc-32k parent=osc32k rate=31250 flags=0x0 enable=0 prepare=0
[    2.274274] clk-unused: enable-lock-end name=rtc-32k parent=osc32k rate=31250 flags=0x0 enable=0 prepare=0
[    2.283915] clk-unused: is-enabled-begin name=rtc-32k parent=osc32k rate=31250 flags=0x0 enable=0 prepare=0
[    2.293644] clk-unused: is-enabled-true name=rtc-32k parent=osc32k rate=31250 flags=0x0 enable=0 prepare=0
[    2.303284] clk-unused: disable-begin name=rtc-32k parent=osc32k rate=31250 flags=0x0 enable=0 prepare=0
[    2.312750] clk-unused: disable-end name=rtc-32k parent=osc32k rate=31250 flags=0x0 enable=0 prepare=0
[    2.322045] clk-unused: unlock-begin name=rtc-32k parent=osc32k rate=31250 flags=0x0 enable=0 prepare=0
[    2.331454] clk-unused: unlock-end name=rtc-32k parent=osc32k rate=31250 flags=0x0 enable=0 prepare=0
[    2.340682] clk-unused: subtree-done name=rtc-32k parent=osc32k rate=31250 flags=0x0 enable=0 prepare=0
[    2.350075] clk-unused: child-end name=rtc-32k parent=osc32k rate=31250 flags=0x0 enable=0 prepare=0
[    2.359205] clk-unused: enable-lock-begin name=osc32k parent=iosc-32k rate=31250 flags=0x0 enable=0 prepare=0
[    2.369117] clk-unused: enable-lock-end name=osc32k parent=iosc-32k rate=31250 flags=0x0 enable=0 prepare=0
[    2.378845] clk-unused: is-enabled-begin name=osc32k parent=iosc-32k rate=31250 flags=0x0 enable=0 prepare=0
[    2.388659] clk-unused: is-enabled-true name=osc32k parent=iosc-32k rate=31250 flags=0x0 enable=0 prepare=0
[    2.398386] clk-unused: disable-begin name=osc32k parent=iosc-32k rate=31250 flags=0x0 enable=0 prepare=0
[    2.407940] clk-unused: disable-end name=osc32k parent=iosc-32k rate=31250 flags=0x0 enable=0 prepare=0
[    2.417321] clk-unused: unlock-begin name=osc32k parent=iosc-32k rate=31250 flags=0x0 enable=0 prepare=0
[    2.426805] clk-unused: unlock-end name=osc32k parent=iosc-32k rate=31250 flags=0x0 enable=0 prepare=0
[    2.436110] clk-unused: subtree-done name=osc32k parent=iosc-32k rate=31250 flags=0x0 enable=0 prepare=0
[    2.445587] clk-unused: child-end name=osc32k parent=iosc-32k rate=31250 flags=0x0 enable=0 prepare=0
[    2.454803] clk-unused: enable-lock-begin name=iosc-32k parent=iosc rate=31250 flags=0x40 enable=0 prepare=0
[    2.464626] clk-unused: enable-lock-end name=iosc-32k parent=iosc rate=31250 flags=0x40 enable=0 prepare=0
[    2.474267] clk-unused: is-enabled-begin name=iosc-32k parent=iosc rate=31250 flags=0x40 enable=0 prepare=0
[    2.483995] clk-unused: is-enabled-false name=iosc-32k parent=iosc rate=31250 flags=0x40 enable=0 prepare=0
[    2.493722] clk-unused: unlock-begin name=iosc-32k parent=iosc rate=31250 flags=0x40 enable=0 prepare=0
[    2.503113] clk-unused: unlock-end name=iosc-32k parent=iosc rate=31250 flags=0x40 enable=0 prepare=0
[    2.512329] clk-unused: subtree-done name=iosc-32k parent=iosc rate=31250 flags=0x40 enable=0 prepare=0
[    2.521719] clk-unused: child-end name=iosc-32k parent=iosc rate=31250 flags=0x40 enable=0 prepare=0
[    2.530852] clk-unused: enable-lock-begin name=iosc parent=(none) rate=16000000 flags=0x40 enable=0 prepare=0
[    2.540764] clk-unused: enable-lock-end name=iosc parent=(none) rate=16000000 flags=0x40 enable=0 prepare=0
[    2.550492] clk-unused: is-enabled-begin name=iosc parent=(none) rate=16000000 flags=0x40 enable=0 prepare=0
[    2.560312] clk-unused: is-enabled-true name=iosc parent=(none) rate=16000000 flags=0x40 enable=0 prepare=0
[    2.570039] clk-unused: disable-begin name=iosc parent=(none) rate=16000000 flags=0x40 enable=0 prepare=0
[    2.579599] clk-unused: disable-end name=iosc parent=(none) rate=16000000 flags=0x40 enable=0 prepare=0
[    2.588979] clk-unused: unlock-begin name=iosc parent=(none) rate=16000000 flags=0x40 enable=0 prepare=0
[    2.598464] clk-unused: unlock-end name=iosc parent=(none) rate=16000000 flags=0x40 enable=0 prepare=0
[    2.607770] clk-unused: subtree-done name=iosc parent=(none) rate=16000000 flags=0x40 enable=0 prepare=0
[    2.617248] clk-unused: root-end name=iosc parent=(none) rate=16000000 flags=0x40 enable=0 prepare=0
[    2.626379] clk-unused: root-begin name=osc26M parent=(none) rate=26000000 flags=0x0 enable=1 prepare=1
[    2.635773] clk-unused: child-begin name=hosc-32k-mux parent=osc26M rate=32786 flags=0x0 enable=0 prepare=0
[    2.645511] clk-unused: child-begin name=hosc-32k parent=hosc-32k-mux rate=32786 flags=0x0 enable=0 prepare=0
[    2.655424] clk-unused: enable-lock-begin name=hosc-32k parent=hosc-32k-mux rate=32786 flags=0x0 enable=0 prepare=0
[    2.665854] clk-unused: enable-lock-end name=hosc-32k parent=hosc-32k-mux rate=32786 flags=0x0 enable=0 prepare=0
[    2.676102] clk-unused: is-enabled-begin name=hosc-32k parent=hosc-32k-mux rate=32786 flags=0x0 enable=0 prepare=0
[    2.686441] clk-unused: is-enabled-false name=hosc-32k parent=hosc-32k-mux rate=32786 flags=0x0 enable=0 prepare=0
[    2.696775] clk-unused: unlock-begin name=hosc-32k parent=hosc-32k-mux rate=32786 flags=0x0 enable=0 prepare=0
[    2.706780] clk-unused: unlock-end name=hosc-32k parent=hosc-32k-mux rate=32786 flags=0x0 enable=0 prepare=0
[    2.716607] clk-unused: subtree-done name=hosc-32k parent=hosc-32k-mux rate=32786 flags=0x0 enable=0 prepare=0
[    2.726604] clk-unused: child-end name=hosc-32k parent=hosc-32k-mux rate=32786 flags=0x0 enable=0 prepare=0
[    2.736341] clk-unused: enable-lock-begin name=hosc-32k-mux parent=osc26M rate=32786 flags=0x0 enable=0 prepare=0
[    2.746601] clk-unused: enable-lock-end name=hosc-32k-mux parent=osc26M rate=32786 flags=0x0 enable=0 prepare=0
[    2.756676] clk-unused: is-enabled-begin name=hosc-32k-mux parent=osc26M rate=32786 flags=0x0 enable=0 prepare=0
[    2.766842] clk-unused: is-enabled-true name=hosc-32k-mux parent=osc26M rate=32786 flags=0x0 enable=0 prepare=0
[    2.776916] clk-unused: disable-begin name=hosc-32k-mux parent=osc26M rate=32786 flags=0x0 enable=0 prepare=0
[    2.786822] clk-unused: disable-end name=hosc-32k-mux parent=osc26M rate=32786 flags=0x0 enable=0 prepare=0
[    2.796550] clk-unused: unlock-begin name=hosc-32k-mux parent=osc26M rate=32786 flags=0x0 enable=0 prepare=0
[    2.806374] clk-unused: unlock-end name=hosc-32k-mux parent=osc26M rate=32786 flags=0x0 enable=0 prepare=0
[    2.816024] clk-unused: subtree-done name=hosc-32k-mux parent=osc26M rate=32786 flags=0x0 enable=0 prepare=0
[    2.825847] clk-unused: child-end name=hosc-32k-mux parent=osc26M rate=32786 flags=0x0 enable=0 prepare=0
[    2.835411] clk-unused: child-begin name=hosc parent=osc26M rate=26000000 flags=0x0 enable=1 prepare=1
[    2.844716] clk-unused: child-begin name=pll-ref parent=hosc rate=24000000 flags=0x1 enable=4 prepare=4
[    2.854115] clk-unused: child-begin name=pll-de parent=pll-ref rate=1200000000 flags=0x1 enable=0 prepare=0
[    2.863856] clk-unused: child-begin name=pll-de-3x parent=pll-de rate=600000000 flags=0x0 enable=0 prepare=0
[    2.873680] clk-unused: child-begin name=de parent=pll-de-3x rate=600000000 flags=0x4 enable=0 prepare=0
[    2.883157] clk-unused: enable-lock-begin name=de parent=pll-de-3x rate=600000000 flags=0x4 enable=0 prepare=0
[    2.893154] clk-unused: enable-lock-end name=de parent=pll-de-3x rate=600000000 flags=0x4 enable=0 prepare=0
[    2.902968] clk-unused: is-enabled-begin name=de parent=pll-de-3x rate=600000000 flags=0x4 enable=0 prepare=0
[    2.912871] clk-unused: is-enabled-true name=de parent=pll-de-3x rate=600000000 flags=0x4 enable=0 prepare=0
[    2.922684] clk-unused: disable-begin name=de parent=pll-de-3x rate=600000000 flags=0x4 enable=0 prepare=0
[    2.932325] clk-unused: disable-end name=de parent=pll-de-3x rate=600000000 flags=0x4 enable=0 prepare=0
[    2.941791] clk-unused: unlock-begin name=de parent=pll-de-3x rate=600000000 flags=0x4 enable=0 prepare=0
[    2.951356] clk-unused: unlock-end name=de parent=pll-de-3x rate=600000000 flags=0x4 enable=0 prepare=0
[    2.960750] clk-unused: subtree-done name=de parent=pll-de-3x rate=600000000 flags=0x4 enable=0 prepare=0
[    2.970314] clk-unused: child-end name=de parent=pll-de-3x rate=600000000 flags=0x4 enable=0 prepare=0
[    2.979618] clk-unused: enable-lock-begin name=pll-de-3x parent=pll-de rate=600000000 flags=0x0 enable=0 prepare=0
[    2.989962] clk-unused: enable-lock-end name=pll-de-3x parent=pll-de rate=600000000 flags=0x0 enable=0 prepare=0
[    3.000123] clk-unused: is-enabled-begin name=pll-de-3x parent=pll-de rate=600000000 flags=0x0 enable=0 prepare=0
[    3.010370] clk-unused: is-enabled-true name=pll-de-3x parent=pll-de rate=600000000 flags=0x0 enable=0 prepare=0
[    3.020531] clk-unused: disable-begin name=pll-de-3x parent=pll-de rate=600000000 flags=0x0 enable=0 prepare=0
[    3.030518] clk-unused: disable-end name=pll-de-3x parent=pll-de rate=600000000 flags=0x0 enable=0 prepare=0
[    3.040331] clk-unused: unlock-begin name=pll-de-3x parent=pll-de rate=600000000 flags=0x0 enable=0 prepare=0
[    3.050243] clk-unused: unlock-end name=pll-de-3x parent=pll-de rate=600000000 flags=0x0 enable=0 prepare=0
[    3.059981] clk-unused: subtree-done name=pll-de-3x parent=pll-de rate=600000000 flags=0x0 enable=0 prepare=0
[    3.069894] clk-unused: child-end name=pll-de-3x parent=pll-de rate=600000000 flags=0x0 enable=0 prepare=0
[    3.079546] clk-unused: child-begin name=pll-de-4x parent=pll-de rate=600000000 flags=0x0 enable=0 prepare=0
[    3.089369] clk-unused: enable-lock-begin name=pll-de-4x parent=pll-de rate=600000000 flags=0x0 enable=0 prepare=0
[    3.099712] clk-unused: enable-lock-end name=pll-de-4x parent=pll-de rate=600000000 flags=0x0 enable=0 prepare=0
[    3.109874] clk-unused: is-enabled-begin name=pll-de-4x parent=pll-de rate=600000000 flags=0x0 enable=0 prepare=0
[    3.120122] clk-unused: is-enabled-true name=pll-de-4x parent=pll-de rate=600000000 flags=0x0 enable=0 prepare=0
[    3.130283] clk-unused: disable-begin name=pll-de-4x parent=pll-de rate=600000000 flags=0x0 enable=0 prepare=0
[    3.140270] clk-unused: disable-end name=pll-de-4x parent=pll-de rate=600000000 flags=0x0 enable=0 prepare=0
[    3.150083] clk-unused: unlock-begin name=pll-de-4x parent=pll-de rate=600000000 flags=0x0 enable=0 prepare=0
[    3.160036] clk-unused: unlock-end name=pll-de-4x parent=pll-de rate=600000000 flags=0x0 enable=0 prepare=0
[    3.169777] clk-unused: subtree-done name=pll-de-4x parent=pll-de rate=600000000 flags=0x0 enable=0 prepare=0
[    3.179691] clk-unused: child-end name=pll-de-4x parent=pll-de rate=600000000 flags=0x0 enable=0 prepare=0
[    3.189342] clk-unused: enable-lock-begin name=pll-de parent=pll-ref rate=1200000000 flags=0x1 enable=0 prepare=0
[    3.199600] clk-unused: enable-lock-end name=pll-de parent=pll-ref rate=1200000000 flags=0x1 enable=0 prepare=0
[    3.209674] clk-unused: is-enabled-begin name=pll-de parent=pll-ref rate=1200000000 flags=0x1 enable=0 prepare=0
[    3.219836] clk-unused: is-enabled-true name=pll-de parent=pll-ref rate=1200000000 flags=0x1 enable=0 prepare=0
[    3.229910] clk-unused: disable-begin name=pll-de parent=pll-ref rate=1200000000 flags=0x1 enable=0 prepare=0
[    3.239812] clk-unused: disable-end name=pll-de parent=pll-ref rate=1200000000 flags=0x1 enable=0 prepare=0
[    3.249539] clk-unused: unlock-begin name=pll-de parent=pll-ref rate=1200000000 flags=0x1 enable=0 prepare=0
[    3.259370] clk-unused: unlock-end name=pll-de parent=pll-ref rate=1200000000 flags=0x1 enable=0 prepare=0
[    3.269024] clk-unused: subtree-done name=pll-de parent=pll-ref rate=1200000000 flags=0x1 enable=0 prepare=0
[    3.278848] clk-unused: child-end name=pll-de parent=pll-ref rate=1200000000 flags=0x1 enable=0 prepare=0
[    3.288417] clk-unused: child-begin name=pll-npu parent=pll-ref rate=840000000 flags=0x1 enable=0 prepare=0
[    3.298158] clk-unused: child-begin name=npu parent=pll-npu rate=840000000 flags=0x0 enable=0 prepare=0
[    3.307549] clk-unused: enable-lock-begin name=npu parent=pll-npu rate=840000000 flags=0x0 enable=0 prepare=0
[    3.317462] clk-unused: enable-lock-end name=npu parent=pll-npu rate=840000000 flags=0x0 enable=0 prepare=0
[    3.327190] clk-unused: is-enabled-begin name=npu parent=pll-npu rate=840000000 flags=0x0 enable=0 prepare=0
[    3.337004] clk-unused: is-enabled-false name=npu parent=pll-npu rate=840000000 flags=0x0 enable=0 prepare=0
[    3.346817] clk-unused: unlock-begin name=npu parent=pll-npu rate=840000000 flags=0x0 enable=0 prepare=0
[    3.356294] clk-unused: unlock-end name=npu parent=pll-npu rate=840000000 flags=0x0 enable=0 prepare=0
[    3.365608] clk-unused: subtree-done name=npu parent=pll-npu rate=840000000 flags=0x0 enable=0 prepare=0
[    3.375089] clk-unused: child-end name=npu parent=pll-npu rate=840000000 flags=0x0 enable=0 prepare=0
[    3.384309] clk-unused: enable-lock-begin name=pll-npu parent=pll-ref rate=840000000 flags=0x1 enable=0 prepare=0
[    3.394570] clk-unused: enable-lock-end name=pll-npu parent=pll-ref rate=840000000 flags=0x1 enable=0 prepare=0
[    3.404646] clk-unused: is-enabled-begin name=pll-npu parent=pll-ref rate=840000000 flags=0x1 enable=0 prepare=0
[    3.414808] clk-unused: is-enabled-false name=pll-npu parent=pll-ref rate=840000000 flags=0x1 enable=0 prepare=0
[    3.424968] clk-unused: unlock-begin name=pll-npu parent=pll-ref rate=840000000 flags=0x1 enable=0 prepare=0
[    3.434801] clk-unused: unlock-end name=pll-npu parent=pll-ref rate=840000000 flags=0x1 enable=0 prepare=0
[    3.444452] clk-unused: subtree-done name=pll-npu parent=pll-ref rate=840000000 flags=0x1 enable=0 prepare=0
[    3.454275] clk-unused: child-end name=pll-npu parent=pll-ref rate=840000000 flags=0x1 enable=0 prepare=0
[    3.463839] clk-unused: child-begin name=pll-audio1 parent=pll-ref rate=3072000000 flags=0x1 enable=0 prepare=0
[    3.473924] clk-unused: child-begin name=pll-audio1-div5 parent=pll-audio1 rate=614400000 flags=0x0 enable=0 prepare=0
[    3.484614] clk-unused: enable-lock-begin name=pll-audio1-div5 parent=pll-audio1 rate=614400000 flags=0x0 enable=0 prepare=0
[    3.495827] clk-unused: enable-lock-end name=pll-audio1-div5 parent=pll-audio1 rate=614400000 flags=0x0 enable=0 prepare=0
[    3.506855] clk-unused: is-enabled-begin name=pll-audio1-div5 parent=pll-audio1 rate=614400000 flags=0x0 enable=0 prepare=0
[    3.517970] clk-unused: is-enabled-true name=pll-audio1-div5 parent=pll-audio1 rate=614400000 flags=0x0 enable=0 prepare=0
[    3.528998] clk-unused: disable-begin name=pll-audio1-div5 parent=pll-audio1 rate=614400000 flags=0x0 enable=0 prepare=0
[    3.539853] clk-unused: disable-end name=pll-audio1-div5 parent=pll-audio1 rate=614400000 flags=0x0 enable=0 prepare=0
[    3.550534] clk-unused: unlock-begin name=pll-audio1-div5 parent=pll-audio1 rate=614400000 flags=0x0 enable=0 prepare=0
[    3.561315] clk-unused: unlock-end name=pll-audio1-div5 parent=pll-audio1 rate=614400000 flags=0x0 enable=0 prepare=0
[    3.571919] clk-unused: subtree-done name=pll-audio1-div5 parent=pll-audio1 rate=614400000 flags=0x0 enable=0 prepare=0
[    3.582696] clk-unused: child-end name=pll-audio1-div5 parent=pll-audio1 rate=614400000 flags=0x0 enable=0 prepare=0
[    3.593214] clk-unused: child-begin name=pll-audio1-div2 parent=pll-audio1 rate=1536000000 flags=0x0 enable=0 prepare=0
[    3.603990] clk-unused: enable-lock-begin name=pll-audio1-div2 parent=pll-audio1 rate=1536000000 flags=0x0 enable=0 prepare=0
[    3.615289] clk-unused: enable-lock-end name=pll-audio1-div2 parent=pll-audio1 rate=1536000000 flags=0x0 enable=0 prepare=0
[    3.626405] clk-unused: is-enabled-begin name=pll-audio1-div2 parent=pll-audio1 rate=1536000000 flags=0x0 enable=0 prepare=0
[    3.637607] clk-unused: is-enabled-true name=pll-audio1-div2 parent=pll-audio1 rate=1536000000 flags=0x0 enable=0 prepare=0
[    3.648721] clk-unused: disable-begin name=pll-audio1-div2 parent=pll-audio1 rate=1536000000 flags=0x0 enable=0 prepare=0
[    3.659662] clk-unused: disable-end name=pll-audio1-div2 parent=pll-audio1 rate=1536000000 flags=0x0 enable=0 prepare=0
[    3.670429] clk-unused: unlock-begin name=pll-audio1-div2 parent=pll-audio1 rate=1536000000 flags=0x0 enable=0 prepare=0
[    3.681297] clk-unused: unlock-end name=pll-audio1-div2 parent=pll-audio1 rate=1536000000 flags=0x0 enable=0 prepare=0
[    3.691995] clk-unused: subtree-done name=pll-audio1-div2 parent=pll-audio1 rate=1536000000 flags=0x0 enable=0 prepare=0
[    3.702859] clk-unused: child-end name=pll-audio1-div2 parent=pll-audio1 rate=1536000000 flags=0x0 enable=0 prepare=0
[    3.713463] clk-unused: enable-lock-begin name=pll-audio1 parent=pll-ref rate=3072000000 flags=0x1 enable=0 prepare=0
[    3.724066] clk-unused: enable-lock-end name=pll-audio1 parent=pll-ref rate=3072000000 flags=0x1 enable=0 prepare=0
[    3.734487] clk-unused: is-enabled-begin name=pll-audio1 parent=pll-ref rate=3072000000 flags=0x1 enable=0 prepare=0
[    3.744996] clk-unused: is-enabled-false name=pll-audio1 parent=pll-ref rate=3072000000 flags=0x1 enable=0 prepare=0
[    3.755504] clk-unused: unlock-begin name=pll-audio1 parent=pll-ref rate=3072000000 flags=0x1 enable=0 prepare=0
[    3.765675] clk-unused: unlock-end name=pll-audio1 parent=pll-ref rate=3072000000 flags=0x1 enable=0 prepare=0
[    3.775672] clk-unused: subtree-done name=pll-audio1 parent=pll-ref rate=3072000000 flags=0x1 enable=0 prepare=0
[    3.785851] clk-unused: child-end name=pll-audio1 parent=pll-ref rate=3072000000 flags=0x1 enable=0 prepare=0
[    3.795764] clk-unused: child-begin name=pll-audio0-4x parent=pll-ref rate=98285714 flags=0x1 enable=0 prepare=0
[    3.805936] clk-unused: child-begin name=dmic parent=pll-audio0-4x rate=98285714 flags=0x0 enable=0 prepare=0
[    3.815848] clk-unused: enable-lock-begin name=dmic parent=pll-audio0-4x rate=98285714 flags=0x0 enable=0 prepare=0
[    3.826279] clk-unused: enable-lock-end name=dmic parent=pll-audio0-4x rate=98285714 flags=0x0 enable=0 prepare=0
[    3.836528] clk-unused: is-enabled-begin name=dmic parent=pll-audio0-4x rate=98285714 flags=0x0 enable=0 prepare=0
[    3.846863] clk-unused: is-enabled-false name=dmic parent=pll-audio0-4x rate=98285714 flags=0x0 enable=0 prepare=0
[    3.857198] clk-unused: unlock-begin name=dmic parent=pll-audio0-4x rate=98285714 flags=0x0 enable=0 prepare=0
[    3.867195] clk-unused: unlock-end name=dmic parent=pll-audio0-4x rate=98285714 flags=0x0 enable=0 prepare=0
[    3.877019] clk-unused: subtree-done name=dmic parent=pll-audio0-4x rate=98285714 flags=0x0 enable=0 prepare=0
[    3.887016] clk-unused: child-end name=dmic parent=pll-audio0-4x rate=98285714 flags=0x0 enable=0 prepare=0
[    3.896757] clk-unused: child-begin name=owa_tx parent=pll-audio0-4x rate=98285714 flags=0x0 enable=0 prepare=0
[    3.906841] clk-unused: enable-lock-begin name=owa_tx parent=pll-audio0-4x rate=98285714 flags=0x0 enable=0 prepare=0
[    3.917446] clk-unused: enable-lock-end name=owa_tx parent=pll-audio0-4x rate=98285714 flags=0x0 enable=0 prepare=0
[    3.927867] clk-unused: is-enabled-begin name=owa_tx parent=pll-audio0-4x rate=98285714 flags=0x0 enable=0 prepare=0
[    3.938376] clk-unused: is-enabled-false name=owa_tx parent=pll-audio0-4x rate=98285714 flags=0x0 enable=0 prepare=0
[    3.948884] clk-unused: unlock-begin name=owa_tx parent=pll-audio0-4x rate=98285714 flags=0x0 enable=0 prepare=0
[    3.959061] clk-unused: unlock-end name=owa_tx parent=pll-audio0-4x rate=98285714 flags=0x0 enable=0 prepare=0
[    3.969060] clk-unused: subtree-done name=owa_tx parent=pll-audio0-4x rate=98285714 flags=0x0 enable=0 prepare=0
[    3.979231] clk-unused: child-end name=owa_tx parent=pll-audio0-4x rate=98285714 flags=0x0 enable=0 prepare=0
[    3.989141] clk-unused: child-begin name=i2spcm2_asrc parent=pll-audio0-4x rate=98285714 flags=0x0 enable=0 prepare=0
[    3.999748] clk-unused: enable-lock-begin name=i2spcm2_asrc parent=pll-audio0-4x rate=98285714 flags=0x0 enable=0 prepare=0
[    4.010872] clk-unused: enable-lock-end name=i2spcm2_asrc parent=pll-audio0-4x rate=98285714 flags=0x0 enable=0 prepare=0
[    4.021813] clk-unused: is-enabled-begin name=i2spcm2_asrc parent=pll-audio0-4x rate=98285714 flags=0x0 enable=0 prepare=0
[    4.032842] clk-unused: is-enabled-false name=i2spcm2_asrc parent=pll-audio0-4x rate=98285714 flags=0x0 enable=0 prepare=0
[    4.043871] clk-unused: unlock-begin name=i2spcm2_asrc parent=pll-audio0-4x rate=98285714 flags=0x0 enable=0 prepare=0
[    4.054562] clk-unused: unlock-end name=i2spcm2_asrc parent=pll-audio0-4x rate=98285714 flags=0x0 enable=0 prepare=0
[    4.065080] clk-unused: subtree-done name=i2spcm2_asrc parent=pll-audio0-4x rate=98285714 flags=0x0 enable=0 prepare=0
[    4.075771] clk-unused: child-end name=i2spcm2_asrc parent=pll-audio0-4x rate=98285714 flags=0x0 enable=0 prepare=0
[    4.086201] clk-unused: child-begin name=i2spcm4 parent=pll-audio0-4x rate=98285714 flags=0x0 enable=0 prepare=0
[    4.096371] clk-unused: enable-lock-begin name=i2spcm4 parent=pll-audio0-4x rate=98285714 flags=0x0 enable=0 prepare=0
[    4.107096] clk-unused: enable-lock-end name=i2spcm4 parent=pll-audio0-4x rate=98285714 flags=0x0 enable=0 prepare=0
[    4.117606] clk-unused: is-enabled-begin name=i2spcm4 parent=pll-audio0-4x rate=98285714 flags=0x0 enable=0 prepare=0
[    4.128201] clk-unused: is-enabled-false name=i2spcm4 parent=pll-audio0-4x rate=98285714 flags=0x0 enable=0 prepare=0
[    4.138795] clk-unused: unlock-begin name=i2spcm4 parent=pll-audio0-4x rate=98285714 flags=0x0 enable=0 prepare=0
[    4.149053] clk-unused: unlock-end name=i2spcm4 parent=pll-audio0-4x rate=98285714 flags=0x0 enable=0 prepare=0
[    4.159139] clk-unused: subtree-done name=i2spcm4 parent=pll-audio0-4x rate=98285714 flags=0x0 enable=0 prepare=0
[    4.169396] clk-unused: child-end name=i2spcm4 parent=pll-audio0-4x rate=98285714 flags=0x0 enable=0 prepare=0
[    4.179393] clk-unused: child-begin name=i2spcm3 parent=pll-audio0-4x rate=98285714 flags=0x0 enable=0 prepare=0
[    4.189563] clk-unused: enable-lock-begin name=i2spcm3 parent=pll-audio0-4x rate=98285714 flags=0x0 enable=0 prepare=0
[    4.200254] clk-unused: enable-lock-end name=i2spcm3 parent=pll-audio0-4x rate=98285714 flags=0x0 enable=0 prepare=0
[    4.210763] clk-unused: is-enabled-begin name=i2spcm3 parent=pll-audio0-4x rate=98285714 flags=0x0 enable=0 prepare=0
[    4.221358] clk-unused: is-enabled-false name=i2spcm3 parent=pll-audio0-4x rate=98285714 flags=0x0 enable=0 prepare=0
[    4.231951] clk-unused: unlock-begin name=i2spcm3 parent=pll-audio0-4x rate=98285714 flags=0x0 enable=0 prepare=0
[    4.242220] clk-unused: unlock-end name=i2spcm3 parent=pll-audio0-4x rate=98285714 flags=0x0 enable=0 prepare=0
[    4.252306] clk-unused: subtree-done name=i2spcm3 parent=pll-audio0-4x rate=98285714 flags=0x0 enable=0 prepare=0
[    4.262564] clk-unused: child-end name=i2spcm3 parent=pll-audio0-4x rate=98285714 flags=0x0 enable=0 prepare=0
[    4.272561] clk-unused: child-begin name=i2spcm2 parent=pll-audio0-4x rate=98285714 flags=0x0 enable=0 prepare=0
[    4.282732] clk-unused: enable-lock-begin name=i2spcm2 parent=pll-audio0-4x rate=98285714 flags=0x0 enable=0 prepare=0
[    4.293431] clk-unused: enable-lock-end name=i2spcm2 parent=pll-audio0-4x rate=98285714 flags=0x0 enable=0 prepare=0
[    4.303940] clk-unused: is-enabled-begin name=i2spcm2 parent=pll-audio0-4x rate=98285714 flags=0x0 enable=0 prepare=0
[    4.314535] clk-unused: is-enabled-false name=i2spcm2 parent=pll-audio0-4x rate=98285714 flags=0x0 enable=0 prepare=0
[    4.325129] clk-unused: unlock-begin name=i2spcm2 parent=pll-audio0-4x rate=98285714 flags=0x0 enable=0 prepare=0
[    4.335387] clk-unused: unlock-end name=i2spcm2 parent=pll-audio0-4x rate=98285714 flags=0x0 enable=0 prepare=0
[    4.345477] clk-unused: subtree-done name=i2spcm2 parent=pll-audio0-4x rate=98285714 flags=0x0 enable=0 prepare=0
[    4.355735] clk-unused: child-end name=i2spcm2 parent=pll-audio0-4x rate=98285714 flags=0x0 enable=0 prepare=0
[    4.365732] clk-unused: child-begin name=i2spcm1 parent=pll-audio0-4x rate=98285714 flags=0x0 enable=0 prepare=0
[    4.375902] clk-unused: enable-lock-begin name=i2spcm1 parent=pll-audio0-4x rate=98285714 flags=0x0 enable=0 prepare=0
[    4.386603] clk-unused: enable-lock-end name=i2spcm1 parent=pll-audio0-4x rate=98285714 flags=0x0 enable=0 prepare=0
[    4.397112] clk-unused: is-enabled-begin name=i2spcm1 parent=pll-audio0-4x rate=98285714 flags=0x0 enable=0 prepare=0
[    4.407706] clk-unused: is-enabled-false name=i2spcm1 parent=pll-audio0-4x rate=98285714 flags=0x0 enable=0 prepare=0
[    4.418301] clk-unused: unlock-begin name=i2spcm1 parent=pll-audio0-4x rate=98285714 flags=0x0 enable=0 prepare=0
[    4.428563] clk-unused: unlock-end name=i2spcm1 parent=pll-audio0-4x rate=98285714 flags=0x0 enable=0 prepare=0
[    4.438647] clk-unused: subtree-done name=i2spcm1 parent=pll-audio0-4x rate=98285714 flags=0x0 enable=0 prepare=0
[    4.448903] clk-unused: child-end name=i2spcm1 parent=pll-audio0-4x rate=98285714 flags=0x0 enable=0 prepare=0
[    4.458903] clk-unused: child-begin name=i2spcm0 parent=pll-audio0-4x rate=98285714 flags=0x0 enable=0 prepare=0
[    4.469074] clk-unused: enable-lock-begin name=i2spcm0 parent=pll-audio0-4x rate=98285714 flags=0x0 enable=0 prepare=0
[    4.479766] clk-unused: enable-lock-end name=i2spcm0 parent=pll-audio0-4x rate=98285714 flags=0x0 enable=0 prepare=0
[    4.490274] clk-unused: is-enabled-begin name=i2spcm0 parent=pll-audio0-4x rate=98285714 flags=0x0 enable=0 prepare=0
[    4.500869] clk-unused: is-enabled-false name=i2spcm0 parent=pll-audio0-4x rate=98285714 flags=0x0 enable=0 prepare=0
[    4.511463] clk-unused: unlock-begin name=i2spcm0 parent=pll-audio0-4x rate=98285714 flags=0x0 enable=0 prepare=0
[    4.521727] clk-unused: unlock-end name=i2spcm0 parent=pll-audio0-4x rate=98285714 flags=0x0 enable=0 prepare=0
[    4.531813] clk-unused: subtree-done name=i2spcm0 parent=pll-audio0-4x rate=98285714 flags=0x0 enable=0 prepare=0
[    4.542071] clk-unused: child-end name=i2spcm0 parent=pll-audio0-4x rate=98285714 flags=0x0 enable=0 prepare=0
[    4.552068] clk-unused: enable-lock-begin name=pll-audio0-4x parent=pll-ref rate=98285714 flags=0x1 enable=0 prepare=0
[    4.562762] clk-unused: enable-lock-end name=pll-audio0-4x parent=pll-ref rate=98285714 flags=0x1 enable=0 prepare=0
[    4.573271] clk-unused: is-enabled-begin name=pll-audio0-4x parent=pll-ref rate=98285714 flags=0x1 enable=0 prepare=0
[    4.583865] clk-unused: is-enabled-false name=pll-audio0-4x parent=pll-ref rate=98285714 flags=0x1 enable=0 prepare=0
[    4.594459] clk-unused: unlock-begin name=pll-audio0-4x parent=pll-ref rate=98285714 flags=0x1 enable=0 prepare=0
[    4.604717] clk-unused: unlock-end name=pll-audio0-4x parent=pll-ref rate=98285714 flags=0x1 enable=0 prepare=0
[    4.614802] clk-unused: subtree-done name=pll-audio0-4x parent=pll-ref rate=98285714 flags=0x1 enable=0 prepare=0
[    4.625058] clk-unused: child-end name=pll-audio0-4x parent=pll-ref rate=98285714 flags=0x1 enable=0 prepare=0
[    4.635055] clk-unused: child-begin name=pll-ve1 parent=pll-ref rate=696000000 flags=0x1 enable=0 prepare=0
[    4.644793] clk-unused: child-begin name=ve-dec parent=pll-ve1 rate=696000000 flags=0x4 enable=0 prepare=0
[    4.654444] clk-unused: enable-lock-begin name=ve-dec parent=pll-ve1 rate=696000000 flags=0x4 enable=0 prepare=0
[    4.664616] clk-unused: enable-lock-end name=ve-dec parent=pll-ve1 rate=696000000 flags=0x4 enable=0 prepare=0
[    4.674604] clk-unused: is-enabled-begin name=ve-dec parent=pll-ve1 rate=696000000 flags=0x4 enable=0 prepare=0
[    4.684680] clk-unused: is-enabled-false name=ve-dec parent=pll-ve1 rate=696000000 flags=0x4 enable=0 prepare=0
[    4.694755] clk-unused: unlock-begin name=ve-dec parent=pll-ve1 rate=696000000 flags=0x4 enable=0 prepare=0
[    4.704495] clk-unused: unlock-end name=ve-dec parent=pll-ve1 rate=696000000 flags=0x4 enable=0 prepare=0
[    4.714059] clk-unused: subtree-done name=ve-dec parent=pll-ve1 rate=696000000 flags=0x4 enable=0 prepare=0
[    4.723797] clk-unused: child-end name=ve-dec parent=pll-ve1 rate=696000000 flags=0x4 enable=0 prepare=0
[    4.733275] clk-unused: enable-lock-begin name=pll-ve1 parent=pll-ref rate=696000000 flags=0x1 enable=0 prepare=0
[    4.743533] clk-unused: enable-lock-end name=pll-ve1 parent=pll-ref rate=696000000 flags=0x1 enable=0 prepare=0
[    4.753607] clk-unused: is-enabled-begin name=pll-ve1 parent=pll-ref rate=696000000 flags=0x1 enable=0 prepare=0
[    4.763769] clk-unused: is-enabled-false name=pll-ve1 parent=pll-ref rate=696000000 flags=0x1 enable=0 prepare=0
[    4.773930] clk-unused: unlock-begin name=pll-ve1 parent=pll-ref rate=696000000 flags=0x1 enable=0 prepare=0
[    4.783761] clk-unused: unlock-end name=pll-ve1 parent=pll-ref rate=696000000 flags=0x1 enable=0 prepare=0
[    4.793414] clk-unused: subtree-done name=pll-ve1 parent=pll-ref rate=696000000 flags=0x1 enable=0 prepare=0
[    4.803244] clk-unused: child-end name=pll-ve1 parent=pll-ref rate=696000000 flags=0x1 enable=0 prepare=0
[    4.812814] clk-unused: child-begin name=pll-ve0 parent=pll-ref rate=546000000 flags=0x1 enable=0 prepare=0
[    4.822552] clk-unused: child-begin name=ve-enc parent=pll-ve0 rate=546000000 flags=0x4 enable=0 prepare=0
[    4.832202] clk-unused: enable-lock-begin name=ve-enc parent=pll-ve0 rate=546000000 flags=0x4 enable=0 prepare=0
[    4.842374] clk-unused: enable-lock-end name=ve-enc parent=pll-ve0 rate=546000000 flags=0x4 enable=0 prepare=0
[    4.852362] clk-unused: is-enabled-begin name=ve-enc parent=pll-ve0 rate=546000000 flags=0x4 enable=0 prepare=0
[    4.862436] clk-unused: is-enabled-false name=ve-enc parent=pll-ve0 rate=546000000 flags=0x4 enable=0 prepare=0
[    4.872511] clk-unused: unlock-begin name=ve-enc parent=pll-ve0 rate=546000000 flags=0x4 enable=0 prepare=0
[    4.882247] clk-unused: unlock-end name=ve-enc parent=pll-ve0 rate=546000000 flags=0x4 enable=0 prepare=0
[    4.891811] clk-unused: subtree-done name=ve-enc parent=pll-ve0 rate=546000000 flags=0x4 enable=0 prepare=0
[    4.901550] clk-unused: child-end name=ve-enc parent=pll-ve0 rate=546000000 flags=0x4 enable=0 prepare=0
[    4.911027] clk-unused: enable-lock-begin name=pll-ve0 parent=pll-ref rate=546000000 flags=0x1 enable=0 prepare=0
[    4.921286] clk-unused: enable-lock-end name=pll-ve0 parent=pll-ref rate=546000000 flags=0x1 enable=0 prepare=0
[    4.931362] clk-unused: is-enabled-begin name=pll-ve0 parent=pll-ref rate=546000000 flags=0x1 enable=0 prepare=0
[    4.941523] clk-unused: is-enabled-false name=pll-ve0 parent=pll-ref rate=546000000 flags=0x1 enable=0 prepare=0
[    4.951684] clk-unused: unlock-begin name=pll-ve0 parent=pll-ref rate=546000000 flags=0x1 enable=0 prepare=0
[    4.961508] clk-unused: unlock-end name=pll-ve0 parent=pll-ref rate=546000000 flags=0x1 enable=0 prepare=0
[    4.971158] clk-unused: subtree-done name=pll-ve0 parent=pll-ref rate=546000000 flags=0x1 enable=0 prepare=0
[    4.980982] clk-unused: child-end name=pll-ve0 parent=pll-ref rate=546000000 flags=0x1 enable=0 prepare=0
[    4.990546] clk-unused: child-begin name=pll-video2-8x parent=pll-ref rate=2376000000 flags=0x1 enable=0 prepare=0
[    5.000891] clk-unused: child-begin name=pll-video2-3x parent=pll-video2-8x rate=792000000 flags=0x0 enable=0 prepare=0
[    5.011669] clk-unused: enable-lock-begin name=pll-video2-3x parent=pll-video2-8x rate=792000000 flags=0x0 enable=0 prepare=0
[    5.022970] clk-unused: enable-lock-end name=pll-video2-3x parent=pll-video2-8x rate=792000000 flags=0x0 enable=0 prepare=0
[    5.034085] clk-unused: is-enabled-begin name=pll-video2-3x parent=pll-video2-8x rate=792000000 flags=0x0 enable=0 prepare=0
[    5.045286] clk-unused: is-enabled-true name=pll-video2-3x parent=pll-video2-8x rate=792000000 flags=0x0 enable=0 prepare=0
[    5.056400] clk-unused: disable-begin name=pll-video2-3x parent=pll-video2-8x rate=792000000 flags=0x0 enable=0 prepare=0
[    5.067341] clk-unused: disable-end name=pll-video2-3x parent=pll-video2-8x rate=792000000 flags=0x0 enable=0 prepare=0
[    5.078108] clk-unused: unlock-begin name=pll-video2-3x parent=pll-video2-8x rate=792000000 flags=0x0 enable=0 prepare=0
[    5.088980] clk-unused: unlock-end name=pll-video2-3x parent=pll-video2-8x rate=792000000 flags=0x0 enable=0 prepare=0
[    5.099702] clk-unused: subtree-done name=pll-video2-3x parent=pll-video2-8x rate=792000000 flags=0x0 enable=0 prepare=0
[    5.110571] clk-unused: child-end name=pll-video2-3x parent=pll-video2-8x rate=792000000 flags=0x0 enable=0 prepare=0
[    5.121175] clk-unused: child-begin name=pll-video2-4x parent=pll-video2-8x rate=1188000000 flags=0x0 enable=0 prepare=0
[    5.132043] clk-unused: child-begin name=isp parent=pll-video2-4x rate=297000000 flags=0x0 enable=0 prepare=0
[    5.141955] clk-unused: enable-lock-begin name=isp parent=pll-video2-4x rate=297000000 flags=0x0 enable=0 prepare=0
[    5.152388] clk-unused: enable-lock-end name=isp parent=pll-video2-4x rate=297000000 flags=0x0 enable=0 prepare=0
[    5.162637] clk-unused: is-enabled-begin name=isp parent=pll-video2-4x rate=297000000 flags=0x0 enable=0 prepare=0
[    5.172972] clk-unused: is-enabled-false name=isp parent=pll-video2-4x rate=297000000 flags=0x0 enable=0 prepare=0
[    5.183307] clk-unused: unlock-begin name=isp parent=pll-video2-4x rate=297000000 flags=0x0 enable=0 prepare=0
[    5.193304] clk-unused: unlock-end name=isp parent=pll-video2-4x rate=297000000 flags=0x0 enable=0 prepare=0
[    5.203128] clk-unused: subtree-done name=isp parent=pll-video2-4x rate=297000000 flags=0x0 enable=0 prepare=0
[    5.213125] clk-unused: child-end name=isp parent=pll-video2-4x rate=297000000 flags=0x0 enable=0 prepare=0
[    5.222862] clk-unused: child-begin name=csi parent=pll-video2-4x rate=297000000 flags=0x0 enable=0 prepare=0
[    5.232773] clk-unused: enable-lock-begin name=csi parent=pll-video2-4x rate=297000000 flags=0x0 enable=0 prepare=0
[    5.243206] clk-unused: enable-lock-end name=csi parent=pll-video2-4x rate=297000000 flags=0x0 enable=0 prepare=0
[    5.253455] clk-unused: is-enabled-begin name=csi parent=pll-video2-4x rate=297000000 flags=0x0 enable=0 prepare=0
[    5.263791] clk-unused: is-enabled-false name=csi parent=pll-video2-4x rate=297000000 flags=0x0 enable=0 prepare=0
[    5.274125] clk-unused: unlock-begin name=csi parent=pll-video2-4x rate=297000000 flags=0x0 enable=0 prepare=0
[    5.284123] clk-unused: unlock-end name=csi parent=pll-video2-4x rate=297000000 flags=0x0 enable=0 prepare=0
[    5.293947] clk-unused: subtree-done name=csi parent=pll-video2-4x rate=297000000 flags=0x0 enable=0 prepare=0
[    5.303944] clk-unused: child-end name=csi parent=pll-video2-4x rate=297000000 flags=0x0 enable=0 prepare=0
[    5.313688] clk-unused: enable-lock-begin name=pll-video2-4x parent=pll-video2-8x rate=1188000000 flags=0x0 enable=0 prepare=0
[    5.325075] clk-unused: enable-lock-end name=pll-video2-4x parent=pll-video2-8x rate=1188000000 flags=0x0 enable=0 prepare=0
[    5.336276] clk-unused: is-enabled-begin name=pll-video2-4x parent=pll-video2-8x rate=1188000000 flags=0x0 enable=0 prepare=0
[    5.347565] clk-unused: is-enabled-true name=pll-video2-4x parent=pll-video2-8x rate=1188000000 flags=0x0 enable=0 prepare=0
[    5.358765] clk-unused: disable-begin name=pll-video2-4x parent=pll-video2-8x rate=1188000000 flags=0x0 enable=0 prepare=0
[    5.369793] clk-unused: disable-end name=pll-video2-4x parent=pll-video2-8x rate=1188000000 flags=0x0 enable=0 prepare=0
[    5.380648] clk-unused: unlock-begin name=pll-video2-4x parent=pll-video2-8x rate=1188000000 flags=0x0 enable=0 prepare=0
[    5.391609] clk-unused: unlock-end name=pll-video2-4x parent=pll-video2-8x rate=1188000000 flags=0x0 enable=0 prepare=0
[    5.402391] clk-unused: subtree-done name=pll-video2-4x parent=pll-video2-8x rate=1188000000 flags=0x0 enable=0 prepare=0
[    5.413342] clk-unused: child-end name=pll-video2-4x parent=pll-video2-8x rate=1188000000 flags=0x0 enable=0 prepare=0
[    5.424033] clk-unused: enable-lock-begin name=pll-video2-8x parent=pll-ref rate=2376000000 flags=0x1 enable=0 prepare=0
[    5.434898] clk-unused: enable-lock-end name=pll-video2-8x parent=pll-ref rate=2376000000 flags=0x1 enable=0 prepare=0
[    5.445580] clk-unused: is-enabled-begin name=pll-video2-8x parent=pll-ref rate=2376000000 flags=0x1 enable=0 prepare=0
[    5.456348] clk-unused: is-enabled-true name=pll-video2-8x parent=pll-ref rate=2376000000 flags=0x1 enable=0 prepare=0
[    5.467029] clk-unused: disable-begin name=pll-video2-8x parent=pll-ref rate=2376000000 flags=0x1 enable=0 prepare=0
[    5.477537] clk-unused: disable-end name=pll-video2-8x parent=pll-ref rate=2376000000 flags=0x1 enable=0 prepare=0
[    5.487871] clk-unused: unlock-begin name=pll-video2-8x parent=pll-ref rate=2376000000 flags=0x1 enable=0 prepare=0
[    5.498305] clk-unused: unlock-end name=pll-video2-8x parent=pll-ref rate=2376000000 flags=0x1 enable=0 prepare=0
[    5.508563] clk-unused: subtree-done name=pll-video2-8x parent=pll-ref rate=2376000000 flags=0x1 enable=0 prepare=0
[    5.518992] clk-unused: child-end name=pll-video2-8x parent=pll-ref rate=2376000000 flags=0x1 enable=0 prepare=0
[    5.529163] clk-unused: child-begin name=pll-video1-8x parent=pll-ref rate=2376000000 flags=0x1 enable=0 prepare=0
[    5.539508] clk-unused: child-begin name=pll-video1-3x parent=pll-video1-8x rate=792000000 flags=0x0 enable=0 prepare=0
[    5.550286] clk-unused: enable-lock-begin name=pll-video1-3x parent=pll-video1-8x rate=792000000 flags=0x0 enable=0 prepare=0
[    5.561583] clk-unused: enable-lock-end name=pll-video1-3x parent=pll-video1-8x rate=792000000 flags=0x0 enable=0 prepare=0
[    5.572698] clk-unused: is-enabled-begin name=pll-video1-3x parent=pll-video1-8x rate=792000000 flags=0x0 enable=0 prepare=0
[    5.583899] clk-unused: is-enabled-true name=pll-video1-3x parent=pll-video1-8x rate=792000000 flags=0x0 enable=0 prepare=0
[    5.595013] clk-unused: disable-begin name=pll-video1-3x parent=pll-video1-8x rate=792000000 flags=0x0 enable=0 prepare=0
[    5.605954] clk-unused: disable-end name=pll-video1-3x parent=pll-video1-8x rate=792000000 flags=0x0 enable=0 prepare=0
[    5.616721] clk-unused: unlock-begin name=pll-video1-3x parent=pll-video1-8x rate=792000000 flags=0x0 enable=0 prepare=0
[    5.627589] clk-unused: unlock-end name=pll-video1-3x parent=pll-video1-8x rate=792000000 flags=0x0 enable=0 prepare=0
[    5.638281] clk-unused: subtree-done name=pll-video1-3x parent=pll-video1-8x rate=792000000 flags=0x0 enable=0 prepare=0
[    5.649151] clk-unused: child-end name=pll-video1-3x parent=pll-video1-8x rate=792000000 flags=0x0 enable=0 prepare=0
[    5.659756] clk-unused: child-begin name=pll-video1-4x parent=pll-video1-8x rate=1188000000 flags=0x0 enable=0 prepare=0
[    5.670621] clk-unused: enable-lock-begin name=pll-video1-4x parent=pll-video1-8x rate=1188000000 flags=0x0 enable=0 prepare=0
[    5.682005] clk-unused: enable-lock-end name=pll-video1-4x parent=pll-video1-8x rate=1188000000 flags=0x0 enable=0 prepare=0
[    5.693207] clk-unused: is-enabled-begin name=pll-video1-4x parent=pll-video1-8x rate=1188000000 flags=0x0 enable=0 prepare=0
[    5.704495] clk-unused: is-enabled-true name=pll-video1-4x parent=pll-video1-8x rate=1188000000 flags=0x0 enable=0 prepare=0
[    5.715695] clk-unused: disable-begin name=pll-video1-4x parent=pll-video1-8x rate=1188000000 flags=0x0 enable=0 prepare=0
[    5.726723] clk-unused: disable-end name=pll-video1-4x parent=pll-video1-8x rate=1188000000 flags=0x0 enable=0 prepare=0
[    5.737578] clk-unused: unlock-begin name=pll-video1-4x parent=pll-video1-8x rate=1188000000 flags=0x0 enable=0 prepare=0
[    5.748532] clk-unused: unlock-end name=pll-video1-4x parent=pll-video1-8x rate=1188000000 flags=0x0 enable=0 prepare=0
[    5.759309] clk-unused: subtree-done name=pll-video1-4x parent=pll-video1-8x rate=1188000000 flags=0x0 enable=0 prepare=0
[    5.770259] clk-unused: child-end name=pll-video1-4x parent=pll-video1-8x rate=1188000000 flags=0x0 enable=0 prepare=0
[    5.780951] clk-unused: enable-lock-begin name=pll-video1-8x parent=pll-ref rate=2376000000 flags=0x1 enable=0 prepare=0
[    5.791813] clk-unused: enable-lock-end name=pll-video1-8x parent=pll-ref rate=2376000000 flags=0x1 enable=0 prepare=0
[    5.802495] clk-unused: is-enabled-begin name=pll-video1-8x parent=pll-ref rate=2376000000 flags=0x1 enable=0 prepare=0
[    5.813263] clk-unused: is-enabled-true name=pll-video1-8x parent=pll-ref rate=2376000000 flags=0x1 enable=0 prepare=0
[    5.823943] clk-unused: disable-begin name=pll-video1-8x parent=pll-ref rate=2376000000 flags=0x1 enable=0 prepare=0
[    5.834451] clk-unused: disable-end name=pll-video1-8x parent=pll-ref rate=2376000000 flags=0x1 enable=0 prepare=0
[    5.844785] clk-unused: unlock-begin name=pll-video1-8x parent=pll-ref rate=2376000000 flags=0x1 enable=0 prepare=0
[    5.855225] clk-unused: unlock-end name=pll-video1-8x parent=pll-ref rate=2376000000 flags=0x1 enable=0 prepare=0
[    5.865484] clk-unused: subtree-done name=pll-video1-8x parent=pll-ref rate=2376000000 flags=0x1 enable=0 prepare=0
[    5.875915] clk-unused: child-end name=pll-video1-8x parent=pll-ref rate=2376000000 flags=0x1 enable=0 prepare=0
[    5.886086] clk-unused: child-begin name=pll-video0-8x parent=pll-ref rate=2376000000 flags=0x1 enable=0 prepare=0
[    5.896430] clk-unused: child-begin name=pll-video0-3x parent=pll-video0-8x rate=792000000 flags=0x0 enable=0 prepare=0
[    5.907216] clk-unused: child-begin name=lpc parent=pll-video0-3x rate=792000000 flags=0x0 enable=0 prepare=0
[    5.917128] clk-unused: enable-lock-begin name=lpc parent=pll-video0-3x rate=792000000 flags=0x0 enable=0 prepare=0
[    5.927560] clk-unused: enable-lock-end name=lpc parent=pll-video0-3x rate=792000000 flags=0x0 enable=0 prepare=0
[    5.937809] clk-unused: is-enabled-begin name=lpc parent=pll-video0-3x rate=792000000 flags=0x0 enable=0 prepare=0
[    5.948144] clk-unused: is-enabled-false name=lpc parent=pll-video0-3x rate=792000000 flags=0x0 enable=0 prepare=0
[    5.958479] clk-unused: unlock-begin name=lpc parent=pll-video0-3x rate=792000000 flags=0x0 enable=0 prepare=0
[    5.968480] clk-unused: unlock-end name=lpc parent=pll-video0-3x rate=792000000 flags=0x0 enable=0 prepare=0
[    5.978303] clk-unused: subtree-done name=lpc parent=pll-video0-3x rate=792000000 flags=0x0 enable=0 prepare=0
[    5.988300] clk-unused: child-end name=lpc parent=pll-video0-3x rate=792000000 flags=0x0 enable=0 prepare=0
[    5.998038] clk-unused: enable-lock-begin name=pll-video0-3x parent=pll-video0-8x rate=792000000 flags=0x0 enable=0 prepare=0
[    6.009335] clk-unused: enable-lock-end name=pll-video0-3x parent=pll-video0-8x rate=792000000 flags=0x0 enable=0 prepare=0
[    6.020450] clk-unused: is-enabled-begin name=pll-video0-3x parent=pll-video0-8x rate=792000000 flags=0x0 enable=0 prepare=0
[    6.031651] clk-unused: is-enabled-true name=pll-video0-3x parent=pll-video0-8x rate=792000000 flags=0x0 enable=0 prepare=0
[    6.042766] clk-unused: disable-begin name=pll-video0-3x parent=pll-video0-8x rate=792000000 flags=0x0 enable=0 prepare=0
[    6.053706] clk-unused: disable-end name=pll-video0-3x parent=pll-video0-8x rate=792000000 flags=0x0 enable=0 prepare=0
[    6.064473] clk-unused: unlock-begin name=pll-video0-3x parent=pll-video0-8x rate=792000000 flags=0x0 enable=0 prepare=0
[    6.075341] clk-unused: unlock-end name=pll-video0-3x parent=pll-video0-8x rate=792000000 flags=0x0 enable=0 prepare=0
[    6.086063] clk-unused: subtree-done name=pll-video0-3x parent=pll-video0-8x rate=792000000 flags=0x0 enable=0 prepare=0
[    6.096931] clk-unused: child-end name=pll-video0-3x parent=pll-video0-8x rate=792000000 flags=0x0 enable=0 prepare=0
[    6.107535] clk-unused: child-begin name=pll-video0-4x parent=pll-video0-8x rate=1188000000 flags=0x0 enable=0 prepare=0
[    6.118400] clk-unused: child-begin name=fanout-27M parent=pll-video0-4x rate=1188000000 flags=0x0 enable=0 prepare=0
[    6.129005] clk-unused: enable-lock-begin name=fanout-27M parent=pll-video0-4x rate=1188000000 flags=0x0 enable=0 prepare=0
[    6.140130] clk-unused: enable-lock-end name=fanout-27M parent=pll-video0-4x rate=1188000000 flags=0x0 enable=0 prepare=0
[    6.151071] clk-unused: is-enabled-begin name=fanout-27M parent=pll-video0-4x rate=1188000000 flags=0x0 enable=0 prepare=0
[    6.162101] clk-unused: is-enabled-false name=fanout-27M parent=pll-video0-4x rate=1188000000 flags=0x0 enable=0 prepare=0
[    6.173129] clk-unused: unlock-begin name=fanout-27M parent=pll-video0-4x rate=1188000000 flags=0x0 enable=0 prepare=0
[    6.183830] clk-unused: unlock-end name=fanout-27M parent=pll-video0-4x rate=1188000000 flags=0x0 enable=0 prepare=0
[    6.194350] clk-unused: subtree-done name=fanout-27M parent=pll-video0-4x rate=1188000000 flags=0x0 enable=0 prepare=0
[    6.205042] clk-unused: child-end name=fanout-27M parent=pll-video0-4x rate=1188000000 flags=0x0 enable=0 prepare=0
[    6.215472] clk-unused: child-begin name=hdmi-tv parent=pll-video0-4x rate=1188000000 flags=0x0 enable=0 prepare=0
[    6.225816] clk-unused: enable-lock-begin name=hdmi-tv parent=pll-video0-4x rate=1188000000 flags=0x0 enable=0 prepare=0
[    6.236682] clk-unused: enable-lock-end name=hdmi-tv parent=pll-video0-4x rate=1188000000 flags=0x0 enable=0 prepare=0
[    6.247364] clk-unused: is-enabled-begin name=hdmi-tv parent=pll-video0-4x rate=1188000000 flags=0x0 enable=0 prepare=0
[    6.258132] clk-unused: is-enabled-false name=hdmi-tv parent=pll-video0-4x rate=1188000000 flags=0x0 enable=0 prepare=0
[    6.268899] clk-unused: unlock-begin name=hdmi-tv parent=pll-video0-4x rate=1188000000 flags=0x0 enable=0 prepare=0
[    6.279329] clk-unused: unlock-end name=hdmi-tv parent=pll-video0-4x rate=1188000000 flags=0x0 enable=0 prepare=0
[    6.289589] clk-unused: subtree-done name=hdmi-tv parent=pll-video0-4x rate=1188000000 flags=0x0 enable=0 prepare=0
[    6.300019] clk-unused: child-end name=hdmi-tv parent=pll-video0-4x rate=1188000000 flags=0x0 enable=0 prepare=0
[    6.310190] clk-unused: child-begin name=edp-tv parent=pll-video0-4x rate=1188000000 flags=0x0 enable=0 prepare=0
[    6.320446] clk-unused: enable-lock-begin name=edp-tv parent=pll-video0-4x rate=1188000000 flags=0x0 enable=0 prepare=0
[    6.331222] clk-unused: enable-lock-end name=edp-tv parent=pll-video0-4x rate=1188000000 flags=0x0 enable=0 prepare=0
[    6.341817] clk-unused: is-enabled-begin name=edp-tv parent=pll-video0-4x rate=1188000000 flags=0x0 enable=0 prepare=0
[    6.352499] clk-unused: is-enabled-false name=edp-tv parent=pll-video0-4x rate=1188000000 flags=0x0 enable=0 prepare=0
[    6.363180] clk-unused: unlock-begin name=edp-tv parent=pll-video0-4x rate=1188000000 flags=0x0 enable=0 prepare=0
[    6.373532] clk-unused: unlock-end name=edp-tv parent=pll-video0-4x rate=1188000000 flags=0x0 enable=0 prepare=0
[    6.383706] clk-unused: subtree-done name=edp-tv parent=pll-video0-4x rate=1188000000 flags=0x0 enable=0 prepare=0
[    6.394053] clk-unused: child-end name=edp-tv parent=pll-video0-4x rate=1188000000 flags=0x0 enable=0 prepare=0
[    6.404145] clk-unused: child-begin name=combphy1 parent=pll-video0-4x rate=1188000000 flags=0x0 enable=0 prepare=0
[    6.414577] clk-unused: enable-lock-begin name=combphy1 parent=pll-video0-4x rate=1188000000 flags=0x0 enable=0 prepare=0
[    6.425536] clk-unused: enable-lock-end name=combphy1 parent=pll-video0-4x rate=1188000000 flags=0x0 enable=0 prepare=0
[    6.436305] clk-unused: is-enabled-begin name=combphy1 parent=pll-video0-4x rate=1188000000 flags=0x0 enable=0 prepare=0
[    6.447160] clk-unused: is-enabled-false name=combphy1 parent=pll-video0-4x rate=1188000000 flags=0x0 enable=0 prepare=0
[    6.458015] clk-unused: unlock-begin name=combphy1 parent=pll-video0-4x rate=1188000000 flags=0x0 enable=0 prepare=0
[    6.468541] clk-unused: unlock-end name=combphy1 parent=pll-video0-4x rate=1188000000 flags=0x0 enable=0 prepare=0
[    6.478888] clk-unused: subtree-done name=combphy1 parent=pll-video0-4x rate=1188000000 flags=0x0 enable=0 prepare=0
[    6.489406] clk-unused: child-end name=combphy1 parent=pll-video0-4x rate=1188000000 flags=0x0 enable=0 prepare=0
[    6.499666] clk-unused: child-begin name=combphy0 parent=pll-video0-4x rate=1188000000 flags=0x0 enable=0 prepare=0
[    6.510097] clk-unused: enable-lock-begin name=combphy0 parent=pll-video0-4x rate=1188000000 flags=0x0 enable=0 prepare=0
[    6.521047] clk-unused: enable-lock-end name=combphy0 parent=pll-video0-4x rate=1188000000 flags=0x0 enable=0 prepare=0
[    6.531816] clk-unused: is-enabled-begin name=combphy0 parent=pll-video0-4x rate=1188000000 flags=0x0 enable=0 prepare=0
[    6.542671] clk-unused: is-enabled-false name=combphy0 parent=pll-video0-4x rate=1188000000 flags=0x0 enable=0 prepare=0
[    6.553526] clk-unused: unlock-begin name=combphy0 parent=pll-video0-4x rate=1188000000 flags=0x0 enable=0 prepare=0
[    6.564044] clk-unused: unlock-end name=combphy0 parent=pll-video0-4x rate=1188000000 flags=0x0 enable=0 prepare=0
[    6.574388] clk-unused: subtree-done name=combphy0 parent=pll-video0-4x rate=1188000000 flags=0x0 enable=0 prepare=0
[    6.584905] clk-unused: child-end name=combphy0 parent=pll-video0-4x rate=1188000000 flags=0x0 enable=0 prepare=0
[    6.595162] clk-unused: child-begin name=tcon-lcd2 parent=pll-video0-4x rate=1188000000 flags=0x0 enable=0 prepare=0
[    6.605682] clk-unused: enable-lock-begin name=tcon-lcd2 parent=pll-video0-4x rate=1188000000 flags=0x0 enable=0 prepare=0
[    6.616720] clk-unused: enable-lock-end name=tcon-lcd2 parent=pll-video0-4x rate=1188000000 flags=0x0 enable=0 prepare=0
[    6.627576] clk-unused: is-enabled-begin name=tcon-lcd2 parent=pll-video0-4x rate=1188000000 flags=0x0 enable=0 prepare=0
[    6.638517] clk-unused: is-enabled-false name=tcon-lcd2 parent=pll-video0-4x rate=1188000000 flags=0x0 enable=0 prepare=0
[    6.649458] clk-unused: unlock-begin name=tcon-lcd2 parent=pll-video0-4x rate=1188000000 flags=0x0 enable=0 prepare=0
[    6.660061] clk-unused: unlock-end name=tcon-lcd2 parent=pll-video0-4x rate=1188000000 flags=0x0 enable=0 prepare=0
[    6.670492] clk-unused: subtree-done name=tcon-lcd2 parent=pll-video0-4x rate=1188000000 flags=0x0 enable=0 prepare=0
[    6.681096] clk-unused: child-end name=tcon-lcd2 parent=pll-video0-4x rate=1188000000 flags=0x0 enable=0 prepare=0
[    6.691440] clk-unused: child-begin name=tcon-lcd1 parent=pll-video0-4x rate=1188000000 flags=0x0 enable=0 prepare=0
[    6.701957] clk-unused: enable-lock-begin name=tcon-lcd1 parent=pll-video0-4x rate=1188000000 flags=0x0 enable=0 prepare=0
[    6.712998] clk-unused: enable-lock-end name=tcon-lcd1 parent=pll-video0-4x rate=1188000000 flags=0x0 enable=0 prepare=0
[    6.723853] clk-unused: is-enabled-begin name=tcon-lcd1 parent=pll-video0-4x rate=1188000000 flags=0x0 enable=0 prepare=0
[    6.734795] clk-unused: is-enabled-false name=tcon-lcd1 parent=pll-video0-4x rate=1188000000 flags=0x0 enable=0 prepare=0
[    6.745736] clk-unused: unlock-begin name=tcon-lcd1 parent=pll-video0-4x rate=1188000000 flags=0x0 enable=0 prepare=0
[    6.756347] clk-unused: unlock-end name=tcon-lcd1 parent=pll-video0-4x rate=1188000000 flags=0x0 enable=0 prepare=0
[    6.766779] clk-unused: subtree-done name=tcon-lcd1 parent=pll-video0-4x rate=1188000000 flags=0x0 enable=0 prepare=0
[    6.777382] clk-unused: child-end name=tcon-lcd1 parent=pll-video0-4x rate=1188000000 flags=0x0 enable=0 prepare=0
[    6.787726] clk-unused: child-begin name=tcon-lcd0 parent=pll-video0-4x rate=1188000000 flags=0x0 enable=0 prepare=0
[    6.798243] clk-unused: enable-lock-begin name=tcon-lcd0 parent=pll-video0-4x rate=1188000000 flags=0x0 enable=0 prepare=0
[    6.809283] clk-unused: enable-lock-end name=tcon-lcd0 parent=pll-video0-4x rate=1188000000 flags=0x0 enable=0 prepare=0
[    6.820138] clk-unused: is-enabled-begin name=tcon-lcd0 parent=pll-video0-4x rate=1188000000 flags=0x0 enable=0 prepare=0
[    6.831080] clk-unused: is-enabled-false name=tcon-lcd0 parent=pll-video0-4x rate=1188000000 flags=0x0 enable=0 prepare=0
[    6.842021] clk-unused: unlock-begin name=tcon-lcd0 parent=pll-video0-4x rate=1188000000 flags=0x0 enable=0 prepare=0
[    6.852627] clk-unused: unlock-end name=tcon-lcd0 parent=pll-video0-4x rate=1188000000 flags=0x0 enable=0 prepare=0
[    6.863060] clk-unused: subtree-done name=tcon-lcd0 parent=pll-video0-4x rate=1188000000 flags=0x0 enable=0 prepare=0
[    6.873663] clk-unused: child-end name=tcon-lcd0 parent=pll-video0-4x rate=1188000000 flags=0x0 enable=0 prepare=0
[    6.884015] clk-unused: child-begin name=eink-panel parent=pll-video0-4x rate=1188000000 flags=0x4 enable=0 prepare=0
[    6.894620] clk-unused: enable-lock-begin name=eink-panel parent=pll-video0-4x rate=1188000000 flags=0x4 enable=0 prepare=0
[    6.905745] clk-unused: enable-lock-end name=eink-panel parent=pll-video0-4x rate=1188000000 flags=0x4 enable=0 prepare=0
[    6.916687] clk-unused: is-enabled-begin name=eink-panel parent=pll-video0-4x rate=1188000000 flags=0x4 enable=0 prepare=0
[    6.927714] clk-unused: is-enabled-false name=eink-panel parent=pll-video0-4x rate=1188000000 flags=0x4 enable=0 prepare=0
[    6.938741] clk-unused: unlock-begin name=eink-panel parent=pll-video0-4x rate=1188000000 flags=0x4 enable=0 prepare=0
[    6.949434] clk-unused: unlock-end name=eink-panel parent=pll-video0-4x rate=1188000000 flags=0x4 enable=0 prepare=0
[    6.959954] clk-unused: subtree-done name=eink-panel parent=pll-video0-4x rate=1188000000 flags=0x4 enable=0 prepare=0
[    6.970645] clk-unused: child-end name=eink-panel parent=pll-video0-4x rate=1188000000 flags=0x4 enable=0 prepare=0
[    6.981075] clk-unused: enable-lock-begin name=pll-video0-4x parent=pll-video0-8x rate=1188000000 flags=0x0 enable=0 prepare=0
[    6.992460] clk-unused: enable-lock-end name=pll-video0-4x parent=pll-video0-8x rate=1188000000 flags=0x0 enable=0 prepare=0
[    7.003661] clk-unused: is-enabled-begin name=pll-video0-4x parent=pll-video0-8x rate=1188000000 flags=0x0 enable=0 prepare=0
[    7.014949] clk-unused: is-enabled-true name=pll-video0-4x parent=pll-video0-8x rate=1188000000 flags=0x0 enable=0 prepare=0
[    7.026149] clk-unused: disable-begin name=pll-video0-4x parent=pll-video0-8x rate=1188000000 flags=0x0 enable=0 prepare=0
[    7.037177] clk-unused: disable-end name=pll-video0-4x parent=pll-video0-8x rate=1188000000 flags=0x0 enable=0 prepare=0
[    7.048032] clk-unused: unlock-begin name=pll-video0-4x parent=pll-video0-8x rate=1188000000 flags=0x0 enable=0 prepare=0
[    7.058991] clk-unused: unlock-end name=pll-video0-4x parent=pll-video0-8x rate=1188000000 flags=0x0 enable=0 prepare=0
[    7.069773] clk-unused: subtree-done name=pll-video0-4x parent=pll-video0-8x rate=1188000000 flags=0x0 enable=0 prepare=0
[    7.080724] clk-unused: child-end name=pll-video0-4x parent=pll-video0-8x rate=1188000000 flags=0x0 enable=0 prepare=0
[    7.091414] clk-unused: enable-lock-begin name=pll-video0-8x parent=pll-ref rate=2376000000 flags=0x1 enable=0 prepare=0
[    7.102278] clk-unused: enable-lock-end name=pll-video0-8x parent=pll-ref rate=2376000000 flags=0x1 enable=0 prepare=0
[    7.112960] clk-unused: is-enabled-begin name=pll-video0-8x parent=pll-ref rate=2376000000 flags=0x1 enable=0 prepare=0
[    7.123728] clk-unused: is-enabled-true name=pll-video0-8x parent=pll-ref rate=2376000000 flags=0x1 enable=0 prepare=0
[    7.134409] clk-unused: disable-begin name=pll-video0-8x parent=pll-ref rate=2376000000 flags=0x1 enable=0 prepare=0
[    7.144918] clk-unused: disable-end name=pll-video0-8x parent=pll-ref rate=2376000000 flags=0x1 enable=0 prepare=0
[    7.155252] clk-unused: unlock-begin name=pll-video0-8x parent=pll-ref rate=2376000000 flags=0x1 enable=0 prepare=0
[    7.165713] clk-unused: unlock-end name=pll-video0-8x parent=pll-ref rate=2376000000 flags=0x1 enable=0 prepare=0
[    7.175976] clk-unused: subtree-done name=pll-video0-8x parent=pll-ref rate=2376000000 flags=0x1 enable=0 prepare=0
[    7.186407] clk-unused: child-end name=pll-video0-8x parent=pll-ref rate=2376000000 flags=0x1 enable=0 prepare=0
[    7.196578] clk-unused: child-begin name=pll-gpu parent=pll-ref rate=840000000 flags=0x1 enable=0 prepare=0
[    7.206316] clk-unused: child-begin name=gpu parent=pll-gpu rate=840000000 flags=0x0 enable=0 prepare=0
[    7.215707] clk-unused: enable-lock-begin name=gpu parent=pll-gpu rate=840000000 flags=0x0 enable=0 prepare=0
[    7.225619] clk-unused: enable-lock-end name=gpu parent=pll-gpu rate=840000000 flags=0x0 enable=0 prepare=0
[    7.235348] clk-unused: is-enabled-begin name=gpu parent=pll-gpu rate=840000000 flags=0x0 enable=0 prepare=0
[    7.245162] clk-unused: is-enabled-false name=gpu parent=pll-gpu rate=840000000 flags=0x0 enable=0 prepare=0
[    7.254976] clk-unused: unlock-begin name=gpu parent=pll-gpu rate=840000000 flags=0x0 enable=0 prepare=0
[    7.264453] clk-unused: unlock-end name=gpu parent=pll-gpu rate=840000000 flags=0x0 enable=0 prepare=0
[    7.273757] clk-unused: subtree-done name=gpu parent=pll-gpu rate=840000000 flags=0x0 enable=0 prepare=0
[    7.283237] clk-unused: child-end name=gpu parent=pll-gpu rate=840000000 flags=0x0 enable=0 prepare=0
[    7.292454] clk-unused: enable-lock-begin name=pll-gpu parent=pll-ref rate=840000000 flags=0x1 enable=0 prepare=0
[    7.302711] clk-unused: enable-lock-end name=pll-gpu parent=pll-ref rate=840000000 flags=0x1 enable=0 prepare=0
[    7.312785] clk-unused: is-enabled-begin name=pll-gpu parent=pll-ref rate=840000000 flags=0x1 enable=0 prepare=0
[    7.322947] clk-unused: is-enabled-false name=pll-gpu parent=pll-ref rate=840000000 flags=0x1 enable=0 prepare=0
[    7.333108] clk-unused: unlock-begin name=pll-gpu parent=pll-ref rate=840000000 flags=0x1 enable=0 prepare=0
[    7.342939] clk-unused: unlock-end name=pll-gpu parent=pll-ref rate=840000000 flags=0x1 enable=0 prepare=0
[    7.352590] clk-unused: subtree-done name=pll-gpu parent=pll-ref rate=840000000 flags=0x1 enable=0 prepare=0
[    7.362414] clk-unused: child-end name=pll-gpu parent=pll-ref rate=840000000 flags=0x1 enable=0 prepare=0
[    7.371977] clk-unused: child-begin name=pll-periph1-4x parent=pll-ref rate=2400000000 flags=0x1 enable=1 prepare=1
[    7.382408] clk-unused: child-begin name=pll-periph1-480M parent=pll-periph1-4x rate=480000000 flags=0x0 enable=0 prepare=0
[    7.393542] clk-unused: child-begin name=pll-periph1-160M parent=pll-periph1-480M rate=160000000 flags=0x0 enable=0 prepare=0
[    7.404843] clk-unused: enable-lock-begin name=pll-periph1-160M parent=pll-periph1-480M rate=160000000 flags=0x0 enable=0 prepare=0
[    7.416660] clk-unused: enable-lock-end name=pll-periph1-160M parent=pll-periph1-480M rate=160000000 flags=0x0 enable=0 prepare=0
[    7.428296] clk-unused: is-enabled-begin name=pll-periph1-160M parent=pll-periph1-480M rate=160000000 flags=0x0 enable=0 prepare=0
[    7.440017] clk-unused: is-enabled-false name=pll-periph1-160M parent=pll-periph1-480M rate=160000000 flags=0x0 enable=0 prepare=0
[    7.451738] clk-unused: unlock-begin name=pll-periph1-160M parent=pll-periph1-480M rate=160000000 flags=0x0 enable=0 prepare=0
[    7.463123] clk-unused: unlock-end name=pll-periph1-160M parent=pll-periph1-480M rate=160000000 flags=0x0 enable=0 prepare=0
[    7.474336] clk-unused: subtree-done name=pll-periph1-160M parent=pll-periph1-480M rate=160000000 flags=0x0 enable=0 prepare=0
[    7.485720] clk-unused: child-end name=pll-periph1-160M parent=pll-periph1-480M rate=160000000 flags=0x0 enable=0 prepare=0
[    7.496844] clk-unused: enable-lock-begin name=pll-periph1-480M parent=pll-periph1-4x rate=480000000 flags=0x0 enable=0 prepare=0
[    7.508491] clk-unused: enable-lock-end name=pll-periph1-480M parent=pll-periph1-4x rate=480000000 flags=0x0 enable=0 prepare=0
[    7.519954] clk-unused: is-enabled-begin name=pll-periph1-480M parent=pll-periph1-4x rate=480000000 flags=0x0 enable=0 prepare=0
[    7.531502] clk-unused: is-enabled-true name=pll-periph1-480M parent=pll-periph1-4x rate=480000000 flags=0x0 enable=0 prepare=0
[    7.542963] clk-unused: disable-begin name=pll-periph1-480M parent=pll-periph1-4x rate=480000000 flags=0x0 enable=0 prepare=0
[    7.554251] clk-unused: disable-end name=pll-periph1-480M parent=pll-periph1-4x rate=480000000 flags=0x0 enable=0 prepare=0
[    7.565365] clk-unused: unlock-begin name=pll-periph1-480M parent=pll-periph1-4x rate=480000000 flags=0x0 enable=0 prepare=0
[    7.576577] clk-unused: unlock-end name=pll-periph1-480M parent=pll-periph1-4x rate=480000000 flags=0x0 enable=0 prepare=0
[    7.587615] clk-unused: subtree-done name=pll-periph1-480M parent=pll-periph1-4x rate=480000000 flags=0x0 enable=0 prepare=0
[    7.598832] clk-unused: child-end name=pll-periph1-480M parent=pll-periph1-4x rate=480000000 flags=0x0 enable=0 prepare=0
[    7.609788] clk-unused: child-begin name=pll-periph1-800M parent=pll-periph1-4x rate=800000000 flags=0x0 enable=0 prepare=0
[    7.620913] clk-unused: enable-lock-begin name=pll-periph1-800M parent=pll-periph1-4x rate=800000000 flags=0x0 enable=0 prepare=0
[    7.632557] clk-unused: enable-lock-end name=pll-periph1-800M parent=pll-periph1-4x rate=800000000 flags=0x0 enable=0 prepare=0
[    7.644020] clk-unused: is-enabled-begin name=pll-periph1-800M parent=pll-periph1-4x rate=800000000 flags=0x0 enable=0 prepare=0
[    7.655567] clk-unused: is-enabled-true name=pll-periph1-800M parent=pll-periph1-4x rate=800000000 flags=0x0 enable=0 prepare=0
[    7.667029] clk-unused: disable-begin name=pll-periph1-800M parent=pll-periph1-4x rate=800000000 flags=0x0 enable=0 prepare=0
[    7.678316] clk-unused: disable-end name=pll-periph1-800M parent=pll-periph1-4x rate=800000000 flags=0x0 enable=0 prepare=0
[    7.689430] clk-unused: unlock-begin name=pll-periph1-800M parent=pll-periph1-4x rate=800000000 flags=0x0 enable=0 prepare=0
[    7.700643] clk-unused: unlock-end name=pll-periph1-800M parent=pll-periph1-4x rate=800000000 flags=0x0 enable=0 prepare=0
[    7.711680] clk-unused: subtree-done name=pll-periph1-800M parent=pll-periph1-4x rate=800000000 flags=0x0 enable=0 prepare=0
