## codex: power_cmd=/home/enzo/.local/bin/cubie3-power cycle 5
......


[70]HELLO! BOOT0 is starting!
[73]BOOT0 commit : {9f6fab4f-dirty}
[87]dram_para_total:0xf
[89]vaild para:6  select dram para0
[93][mmc]: mmc driver ver 2024-03-20 10:36
[103][mmc]: Wrong media type 0x0
[106][mmc]: ***Try SD card 0***
[121][mmc]: HSSDR52/SDR25 4 bit
[124][mmc]: 50000000 Hz
[126][mmc]: 119850 MB
[128][mmc]: ***SD/MMC 0 init OK!!!***
[134]DRAM BOOT DRIVE INFO: V0.601
[139]DRAM_VCC set to 560 mv
[141]DRAM CLK =2400 MHZ
[144]DRAM Type =9 (8:LPDDR4,9:LPDDR5)
[296]Training result is = 7
[299]DRAM Pstate 1 training, frequency is 1200 Mhz
[481]Training result is = 7
[483]DRAM Pstate 2 training, frequency is 800 Mhz
[831]Training result is = 7
[834]DRAM Pstate 3 training, frequency is 400 Mhz
[919]Training result is = 7
[922]DRAM Pstate 0 training, frequency is 2400 Mhz
[930]Actual DRAM SIZE =4096 M
[933]DRAM SIZE =4096 MBytes, para1 = a0fa, para2 = 10001001, dram_tpr13 = 65
[948]DRAM simple test OK.
[956]error:bad magic.
[1020]error: dtb not found for scp
[1023]mmc not para
[1025]Jump to ATF: monitor_base = 0x48000000, uboot_base = 0x4a000000, optee_base = 0x0
NOTICE:  BL31: OP-TEE 32bit detected
NOTICE:  BL31: U-BOOT 32bit detected
NOTICE:  BL31: v2.5(debug):5fc237a6a
NOTICE:  BL31: Built : 09:05:28, Feb 26 2025
NOTICE:  BL31: No DTB found.
ERROR:   Error initializing runtime service opteed_fast


U-Boot 2018.07-12-boot-aw2501-gb2d229198b2-dirty (Jan 06 2026 - 03:45:33 +0000) Allwinner Technology

[01.076]CPU:   Allwinner Family
[01.079]Model: Radxa Cubie A7A
I2C:   ready
[01.140]DRAM:  4 GiB
[01.149]Relocation Offset is: 75d89000
[01.199]secure enable bit: 0
[01.203]PMU: AXP8191
[01.205]PMU: AXP8191 VER_A
FDT ERROR:fdt_get_regulator_name:get property handle twi-supply error:FDT_ERR_INTERNAL
[01.217]bmu_axp515_probe pmic_bus_read fail
[01.221][AXP8191] onoff status: 0x50 = 0x1, 0x51 = 0x0
[01.225][AXP8191] charge status: 0x4 = 0x0
[01.229]CPU=1014 MHz,PLL6=1200 Mhz,AHB=200 Mhz, APB1=24Mhz  MBus=600Mhz
[01.236]gic: sec monitor mode
SPI ALL:   ready
[01.280]flash init start
[01.282]workmode = 0,storage type = 1
[01.285][mmc]: mmc driver ver uboot2018:2024-10-18 9:01:00 -- uboot2018:2025-03-28 10:03:00
[01.293][mmc]: get sdc_type fail and use default host:tm1.
[01.301][mmc]: can't find node "mmc0",will add new node
[01.306][mmc]: fdt err returned <no error>
[01.310][mmc]: Using default timing para
[01.314][mmc]: SUNXI SDMMC Controller Version:0x50530
[01.336][mmc]: card_caps:0x3000000a
[01.339][mmc]: host_caps:0x3000003f
[01.344]sunxi flash init ok
get value error
[01.353]Loading Environment from SUNXI_FLASH... OK
No ethernet found.
[01.390]NOT support bridge yet
[01.393]Warn: no find panel or bridge
[01.397]hdmi0@5520000 disconnected
[01.400]drm hdmi get mode: 1920x1080@60Hz
hdmi0@5520000: use force output detailed mode clock 148500 kHz, flags[5]
    H: 1920 2008 2052 2200
    V: 1080 1084 1089 1125
bus_format: 0
clk_set_rate: <NULL> has NULL parent
[01.503]suxni tcon hdmi set rate: 148500000Hz and get diff: -148500000Hz
[01.574]the secure storage item0 copy0 magic is bad
[01.586]the secure storage item0 copy1 magic is bad
[01.590]usb burn from boot
delay time 0
[01.597]usb prepare ok
[01.900]overtime
[01.904]do_burn_from_boot usb : no usb exist
skip update boot_param
cann't get the boot_base from the env
[01.918]update part info
[01.922]battery temp is -1
[01.927]update bootcmd
[01.935](not enough data: expected >= 8 cells, got 4 cells)
Link up timeout
Speed change timeout
PCIe speed of Gen1
Override default fdtfile to allwinner/sun60i-a733-cubie-a7s.dtb
[04.379]libfdt fdt_check_header(): FDT_ERR_BADMAGIC
[04.385]libfdt fdt_path_offset() returned FDT_ERR_BADMAGIC
[04.391][mmc]: get sunxi-mmc0 string failed
[04.395]The storage not support sample function
[04.401]## error: update_fdt_dram_para_from_bootpara : FDT_ERR_NOTFOUND
ret 0
[04.412]chip id : 0x00005100 0x00004900 0x0000c418 0x000022d4
[04.417]mac addr => 08:51:49:dc:f6:6c
[04.420]chip id : 0x00005100 0x00004900 0x0000c418 0x000022d4
[04.426]mac addr => 08:51:49:dc:f6:6d
[04.430]/chosen/rng-seed node not exit
[04.433]no battery, disabled battery functons
[04.438]Could not find nodeoffset for bat_supply
[04.442]update dts
curr_device:0
Device: SUNXI SD/MMC
Manufacturer ID: ad
OEM: 4c53
Name: USD00 
Bus Speed: 50000000
Mode : SD High Speed (50MHz)
Rd Block Len: 512
SD version 3.0
High Capacity: Yes
Capacity: 117 GiB
Bus Width: 4-bit
Erase Group Size: 512 Bytes
[ufs]info:Driver version 0.0.24 2024.12.30 16:00
[ufs]info:Cal words 0x60:val 0xac5e0000, 0x64:val 0x4d1da478
[ufs]err:uic c 16,uic a 0,1,0
[ufs]err:e 80000010,0,0,0,0
[ufs]err:int s 0,400
[ufs]err:Device not present
[ufs]err:wait device link startup failed
[ufs]info:peer link startup timeout
[ufs]info:Cal words 0x60:val 0xac5e0000, 0x64:val 0x4d1da478
[ufs]err:uic c 16,uic a 0,1,0
[ufs]err:e 80000010,0,0,0,0
[ufs]err:int s 0,400
[ufs]err:Device not present
[ufs]err:wait device link startup failed
[ufs]info:peer link startup timeout
[ufs]info:Cal words 0x60:val 0xac5e0000, 0x64:val 0x4d1da478
[ufs]err:uic c 16,uic a 0,1,0
[ufs]err:e 80000010,0,0,0,0
[ufs]err:int s 0,400
[ufs]err:Device not present
[ufs]err:wait device link startup failed
[ufs]info:peer link startup timeout
[ufs]info:Cal words 0x60:val 0xac5e0000, 0x64:val 0x4d1da478
[ufs]err:uic c 16,uic a 0,1,0
[ufs]err:e 80000010,0,0,0,0
[ufs]err:int s 0,400
[ufs]err:Device not present
[ufs]err:wait device link startup failed
[ufs]info:peer link startup timeout
[ufs]err:link startup failed -6
[ufs]err:ufshcd_probe() failed -6
fail to init ufs
sunxi_flash - sunxi_flash sub-system

Usage:
sunxi_flash sunxi_flash init storage_type
sunxi_flash read mem_addr part_name [size]
sunxi_flash read_mtd mem_addr part_name [size]
sunxi_flash write <mem_addr> <part_name> [size]
sunxi_flash write <mem_addr> <part_name> [offset] [size]
sunxi_flash write_mtd <mem_addr> <part_name>
sunxi_flash boot0 force_dram_update_size <new_val> 
sunxi_flash boot0 force_dram_update_flag <new_val> 

Hit any key to stop autoboot:  0 
starting USB...
USB0:   start sunxi  USB-DRD...
config usb clk ok
sunxi USB-DRD init ok...
USB EHCI 1.00
scanning bus 0 for devices... 1 USB Device(s) found
USB1:   start sunxi  USB1-Host...
config usb clk ok
sunxi USB1-Host init ok...
USB EHCI 1.00
scanning bus 1 for devices... 2 USB Device(s) found
       scanning usb for storage devices... 0 Storage Device(s) found

Device 0: device type unknown
... is now current device
** Bad device usb 0 **
** Bad device usb 0 **
mmc0 is current device
Scanning mmc 0:2...
Scanning mmc 0:3...
Found /boot/extlinux/extlinux.conf
Retrieving file: /boot/extlinux/extlinux.conf
375 bytes read in 9 ms (40 KiB/s)
Cubie3 lab boot
1:	Vendor 5.15.147-21-a733
Enter choice: 
## codex-send: Ctrl-C out of extlinux menu
 <INTERRUPT>
SCRIPT FAILED: continuing...
Scanning PCI devices on bus 1
BusDevFun  VendorId   DeviceId   Device Class       Sub-Class
_____________________________________________________________

Device 0: unknown device
ufs has init
sunxi_flash_ufs - check sunxi UFS state; only dev 0 is valid

Usage:
sunxi_flash_ufs dev <n>
return 0 for successful UFS initialization, -1 otherwise.

[09.878][mmc]: MMC Device 1 not found
no mmc device at slot 1
[09.883][mmc]: MMC Device 2 not found
no mmc device at slot 2
No ethernet found.
missing environment variable: pxeuuid
Retrieving file: /boot/extlinux/pxelinux.cfg/00000000
No ethernet found.
Retrieving file: /boot/extlinux/pxelinux.cfg/0000000
No ethernet found.
Retrieving file: /boot/extlinux/pxelinux.cfg/000000
No ethernet found.
Retrieving file: /boot/extlinux/pxelinux.cfg/00000
No ethernet found.
Retrieving file: /boot/extlinux/pxelinux.cfg/0000
No ethernet found.
Retrieving file: /boot/extlinux/pxelinux.cfg/000
No ethernet found.
Retrieving file: /boot/extlinux/pxelinux.cfg/00
No ethernet found.
Retrieving file: /boot/extlinux/pxelinux.cfg/0
No ethernet found.
Retrieving file: /boot/extlinux/pxelinux.cfg/default-arm-sunxi
No ethernet found.
Retrieving file: /boot/extlinux/pxelinux.cfg/default-arm
No ethernet found.
Retrieving file: /boot/extlinux/pxelinux.cfg/default
No ethernet found.
Config file not found
=> 
## codex-send: setenv drm_debug 1
 setenv drm_debug 1
=> 
## codex-send: ext4load mmc 0:3 0x40080000 /boot/cthu/Image
ext4load mmc 0:3 0x40080000 /boot/cthu/Image
43244032 bytes read in 1809 ms (22.8 MiB/s)
=> 
## codex-send: ext4load mmc 0:3 0x4fa00000 /boot/cthu/a733.dtb
ext4load mmc 0:3 0x4fa00000 /boot/cthu/a733.dtb
4761 bytes read in 24 ms (193.4 KiB/s)
=> 
## codex-send: setenv bootargs console=ttyS0,115200n8 earlycon=uart8250,mmio32,0x02500000 loglevel=8 ignore_loglevel drm_debug=1 root=PARTUUID=db375e07-7682-4d4e-b8bc-a923dd0b027e rootfstype=ext4 rootwait ro rootflags=noload init=/bin/sh
setenv bootargs console=ttyS0,115200n8 earlycon=uart8250,mmio32,0x02500000 loglevel=8 ignore_loglevel drm_debug=1 root=PARTUUID=db375e07-7682-4d4e-b8bc-a923dd0b027e rootfstype=ext4 rootwait ro rootflags=noload init=/bin/sh
=> 
## codex-send: booti 0x40080000 - 0x4fa00000
booti 0x40080000 - 0x4fa00000
[12.157]libfdt fdt_path_offset() returned FDT_ERR_BADMAGIC
[12.162][mmc]: get sunxi-mmc0 string failed
[12.166]## error: sunxi_update_fdt_para_for_kernel : FDT_ERR_BADPATH
[12.172]The storage not support sample function
[12.177]## error: update_fdt_dram_para_from_bootpara : FDT_ERR_NOTFOUND
drm debug mode: 1 
[12.185]mac addr => 08:51:49:dc:f6:6c
[12.188]mac addr => 08:51:49:dc:f6:6d
[12.192]no battery, disabled battery functons
[12.196]Could not find nodeoffset for bat_supply
[12.200]update dts
stop sunxi USB-DRD ok...
stop sunxi USB1-Host ok...
[12.208]Starting kernel ...

[12.211]total: 12211 ms

[12.213][mmc]: MMC Device 2 not found
[12.216][mmc]: mmc 2 not find, so not exit
NOTICE:  [SCP] :wait arisc ready....
NOTICE:  [SCP] :arisc version: [d463b9da43dc50320f21ba51c6c51afe2db20d83]
NOTICE:  [SCP] :arisc startup ready
NOTICE:  [SCP] :arisc startup notify message feedback
NOTICE:  [SCP] :sunxi-arisc driver is starting
NOTICE:  BL3-1: Next image address = 0x40200000
NOTICE:  BL3-1: Next image spsr = 0x3c5
[    0.000000] Booting Linux on physical CPU 0x0000000000 [0x412fd050]
[    0.000000] Linux version 7.1.0-rc5-00275-g7adf8f1abf95 (enzo@strix) (aarch64-linux-gnu-gcc (Ubuntu 15.2.0-16ubuntu1) 15.2.0, GNU ld (GNU Binutils for Ubuntu) 2.46) #1 SMP PREEMPT Wed Jun 10 13:49:02 EDT 2026
[    0.000000] KASLR disabled due to lack of seed
[    0.000000] random: crng init done
[    0.000000] Machine model: Radxa Cubie A7S
[    0.000000] earlycon: uart8250 at MMIO32 0x0000000002500000 (options '')
[    0.000000] printk: legacy bootconsole [uart8250] enabled
[    0.000000] printk: debug: ignoring loglevel setting.
[    0.000000] efi: UEFI not found.
[    0.000000] OF: reserved mem: Reserved memory: No reserved-memory node in the DT
[    0.000000] NUMA: Faking a node at [mem 0x0000000040000000-0x000000013fffffff]
[    0.000000] NODE_DATA(0) allocated [mem 0x13f801d40-0x13f80443f]
[    0.000000] cma: Reserved 32 MiB at 0x00000000fe000000
[    0.000000] psci: probing for conduit method from DT.
[    0.000000] psci: PSCIv1.1 detected in firmware.
[    0.000000] psci: Using standard PSCI v0.2 function IDs
[    0.000000] psci: MIGRATE_INFO_TYPE not supported.
[    0.000000] psci: SMC Calling Convention v1.2
[    0.000000] Zone ranges:
[    0.000000]   DMA      [mem 0x0000000040000000-0x00000000ffffffff]
[    0.000000]   DMA32    empty
[    0.000000]   Normal   [mem 0x0000000100000000-0x000000013fffffff]
[    0.000000] Movable zone start for each node
[    0.000000] Early memory node ranges
[    0.000000]   node   0: [mem 0x0000000040000000-0x000000013fffffff]
[    0.000000] Initmem setup node 0 [mem 0x0000000040000000-0x000000013fffffff]
[    0.000000] percpu: Embedded 26 pages/cpu s66520 r8192 d31784 u106496
[    0.000000] pcpu-alloc: s66520 r8192 d31784 u106496 alloc=26*4096
[    0.000000] pcpu-alloc: [0] 0 [0] 1 [0] 2 [0] 3 [0] 4 [0] 5 [0] 6 [0] 7 
[    0.000000] Detected VIPT I-cache on CPU0
[    0.000000] CPU features: detected: GICv3 CPU interface
[    0.000000] CPU features: detected: ARM errata 1165522, 1319367, or 1530923
[    0.000000] alternatives: applying boot alternatives
[    0.000000] Kernel command line: console=ttyS0,115200n8 earlycon=uart8250,mmio32,0x02500000 loglevel=8 ignore_loglevel drm_debug=1 root=PARTUUID=db375e07-7682-4d4e-b8bc-a923dd0b027e rootfstype=ext4 rootwait ro rootflags=noload init=/bin/sh
[    0.000000] Unknown kernel command line parameters "drm_debug=1", will be passed to user space.
[    0.000000] printk: log buffer data + meta data: 131072 + 458752 = 589824 bytes
[    0.000000] Dentry cache hash table entries: 524288 (order: 10, 4194304 bytes, linear)
[    0.000000] Inode-cache hash table entries: 262144 (order: 9, 2097152 bytes, linear)
[    0.000000] software IO TLB: area num 8.
[    0.000000] software IO TLB: mapped [mem 0x00000000fa000000-0x00000000fe000000] (64MB)
[    0.000000] Fallback order for Node 0: 0 
[    0.000000] Built 1 zonelists, mobility grouping on.  Total pages: 1048576
[    0.000000] Policy zone: Normal
[    0.000000] mem auto-init: stack:all(zero), heap alloc:off, heap free:off
[    0.000000] SLUB: HWalign=64, Order=0-3, MinObjects=0, CPUs=8, Nodes=1
[    0.000000] rcu: Preemptible hierarchical RCU implementation.
[    0.000000] rcu: 	RCU event tracing is enabled.
[    0.000000] rcu: 	RCU restricting CPUs from NR_CPUS=512 to nr_cpu_ids=8.
[    0.000000] 	Trampoline variant of Tasks RCU enabled.
[    0.000000] 	Tracing variant of Tasks RCU enabled.
[    0.000000] rcu: RCU calculated value of scheduler-enlistment delay is 25 jiffies.
[    0.000000] rcu: Adjusting geometry for rcu_fanout_leaf=16, nr_cpu_ids=8
[    0.000000] RCU Tasks: Setting shift to 3 and lim to 1 rcu_task_cb_adjust=1 rcu_task_cpu_ids=8.
[    0.000000] NR_IRQS: 64, nr_irqs: 64, preallocated irqs: 0
[    0.000000] GICv3: 256 SPIs implemented
[    0.000000] GICv3: 0 Extended SPIs implemented
[    0.000000] Root IRQ handler: gic_handle_irq
[    0.000000] GICv3: GICv3 features: 16 PPIs
[    0.000000] GICv3: GICD_CTLR.DS=0, SCR_EL3.FIQ=0
[    0.000000] GICv3: CPU0: found redistributor 0 region 0:0x0000000003460000
[    0.000000] ITS: No ITS available, not enabling LPIs
[    0.000000] rcu: srcu_init: Setting srcu_struct sizes based on contention.
[    0.000000] arch_timer: cp15 timer running at 24.00MHz (virt).
[    0.000000] clocksource: arch_sys_counter: mask: 0xffffffffffffff max_cycles: 0x588fe9dc0, max_idle_ns: 440795202592 ns
[    0.000000] sched_clock: 56 bits at 24MHz, resolution 41ns, wraps every 4398046511097ns
[    0.008351] Console: colour dummy device 80x25
[    0.012903] Calibrating delay loop (skipped), value calculated using timer frequency.. 48.00 BogoMIPS (lpj=96000)
[    0.023174] pid_max: default: 32768 minimum: 301
[    0.028092] Mount-cache hash table entries: 8192 (order: 4, 65536 bytes, linear)
[    0.035540] Mountpoint-cache hash table entries: 8192 (order: 4, 65536 bytes, linear)
[    0.043665] VFS: Finished mounting rootfs on nullfs
[    0.049324] cacheinfo: Unable to detect cache hierarchy for CPU 0
[    0.056407] rcu: Hierarchical SRCU implementation.
[    0.061224] rcu: 	Max phase no-delay instances is 1000.
[    0.066666] Timer migration: 1 hierarchy levels; 8 children per group; 1 crossnode level
[    0.075176] EFI services will not be available.
[    0.080073] smp: Bringing up secondary CPUs ...
[    0.085103] Detected VIPT I-cache on CPU1
[    0.085167] GICv3: CPU1: found redistributor 100 region 0:0x0000000003480000
[    0.085207] CPU1: Booted secondary processor 0x0000000100 [0x412fd050]
[    0.085803] Detected VIPT I-cache on CPU2
[    0.085860] GICv3: CPU2: found redistributor 200 region 0:0x00000000034a0000
[    0.085895] CPU2: Booted secondary processor 0x0000000200 [0x412fd050]
[    0.086453] Detected VIPT I-cache on CPU3
[    0.086502] GICv3: CPU3: found redistributor 300 region 0:0x00000000034c0000
[    0.086531] CPU3: Booted secondary processor 0x0000000300 [0x412fd050]
[    0.087087] Detected VIPT I-cache on CPU4
[    0.087136] GICv3: CPU4: found redistributor 400 region 0:0x00000000034e0000
[    0.087163] CPU4: Booted secondary processor 0x0000000400 [0x412fd050]
[    0.087733] Detected VIPT I-cache on CPU5
[    0.087783] GICv3: CPU5: found redistributor 500 region 0:0x0000000003500000
[    0.087810] CPU5: Booted secondary processor 0x0000000500 [0x412fd050]
[    0.088394] CPU features: detected: Spectre-v4
[    0.088400] CPU features: detected: Spectre-BHB
[    0.088405] CPU features: detected: SSBS not fully self-synchronizing
[    0.088407] Detected PIPT I-cache on CPU6
[    0.088437] GICv3: CPU6: found redistributor 600 region 0:0x0000000003520000
[    0.088453] CPU6: Booted secondary processor 0x0000000600 [0x414fd0b1]
[    0.088998] Detected PIPT I-cache on CPU7
[    0.089034] GICv3: CPU7: found redistributor 700 region 0:0x0000000003540000
[    0.089050] CPU7: Booted secondary processor 0x0000000700 [0x414fd0b1]
[    0.089134] smp: Brought up 1 node, 8 CPUs
[    0.231787] SMP: Total of 8 processors activated.
[    0.236532] CPU: All CPU(s) started at EL1
[    0.240681] CPU features: detected: 32-bit EL0 Support
[    0.245820] CPU features: detected: Data cache clean to the PoU not required for I/D coherence
[    0.254450] CPU features: detected: Common not Private translations
[    0.260724] CPU features: detected: CRC32 instructions
[    0.265883] CPU features: detected: RCpc load-acquire (LDAPR)
[    0.271643] CPU features: detected: LSE atomic instructions
[    0.277213] CPU features: detected: Privileged Access Never
[    0.282799] CPU features: detected: PMUv3
[    0.286824] CPU features: detected: RAS Extension Support
[    0.292221] CPU features: detected: XNX
[    0.296061] CPU features: detected: Speculative Store Bypassing Safe (SSBS)
[    0.303079] alternatives: applying system-wide alternatives
[    0.312524] CPU features: detected: Hardware dirty bit management on CPU6-7
[    0.319960] Memory: 3966244K/4194304K available (18880K kernel code, 5302K rwdata, 14512K rodata, 3392K init, 718K bss, 190672K reserved, 32768K cma-reserved)
[    0.335628] devtmpfs: initialized
[    0.343569] clocksource: jiffies: mask: 0xffffffff max_cycles: 0xffffffff, max_idle_ns: 7645041785100000 ns
[    0.353366] posixtimers hash table entries: 4096 (order: 4, 65536 bytes, linear)
[    0.360873] futex hash table entries: 2048 (131072 bytes on 1 NUMA nodes, total 128 KiB, linear).
[    0.370064] 22000 pages in range for non-PLT usage
[    0.370072] 513520 pages in range for PLT usage
[    0.376694] DMI: not present or invalid.
[    0.387981] NET: Registered PF_NETLINK/PF_ROUTE protocol family
[    0.394915] DMA: preallocated 512 KiB GFP_KERNEL pool for atomic allocations
[    0.402130] DMA: preallocated 512 KiB GFP_KERNEL|GFP_DMA pool for atomic allocations
[    0.409935] audit: initializing netlink subsys (disabled)
[    0.415469] audit: type=2000 audit(0.260:1): state=initialized audit_enabled=0 res=1
[    0.416411] thermal_sys: Registered thermal governor 'step_wise'
[    0.423295] thermal_sys: Registered thermal governor 'power_allocator'
[    0.429387] cpuidle: using governor menu
[    0.440137] hw-breakpoint: found 6 breakpoint and 4 watchpoint registers.
[    0.447093] ASID allocator initialised with 65536 entries
[    0.454853] Serial: AMBA PL011 UART driver
[    0.460830] /soc/clock-controller@2002000: Fixed dependency cycle(s) with /soc/rtc@7090000
[    0.469139] /soc/clock-controller@7010000: Fixed dependency cycle(s) with /soc/clock-controller@2002000
[    0.478557] /soc/clock-controller@7010000: Fixed dependency cycle(s) with /soc/rtc@7090000
[    0.486840] /soc/rtc@7090000: Fixed dependency cycle(s) with /soc/clock-controller@7010000
[    0.496124] /soc/clock-controller@2002000: Fixed dependency cycle(s) with /soc/rtc@7090000
[    0.505841] /soc/clock-controller@7010000: Fixed dependency cycle(s) with /soc/clock-controller@2002000
[    0.515317] /soc/clock-controller@7010000: Fixed dependency cycle(s) with /soc/rtc@7090000
[    0.524003] /soc/clock-controller@7010000: Fixed dependency cycle(s) with /soc/rtc@7090000
[    0.532358] /soc/clock-controller@2002000: Fixed dependency cycle(s) with /soc/rtc@7090000
[    0.540740] /soc/rtc@7090000: Fixed dependency cycle(s) with /soc/clock-controller@7010000
[    0.550613] HugeTLB: registered 1.00 GiB page size, pre-allocated 0 pages
[    0.557441] HugeTLB: 0 KiB vmemmap can be freed for a 1.00 GiB page
[    0.563733] HugeTLB: registered 32.0 MiB page size, pre-allocated 0 pages
[    0.570527] HugeTLB: 0 KiB vmemmap can be freed for a 32.0 MiB page
[    0.576810] HugeTLB: registered 2.00 MiB page size, pre-allocated 0 pages
[    0.583610] HugeTLB: 0 KiB vmemmap can be freed for a 2.00 MiB page
[    0.589884] HugeTLB: registered 64.0 KiB page size, pre-allocated 0 pages
[    0.596678] HugeTLB: 0 KiB vmemmap can be freed for a 64.0 KiB page
[    0.604878] ACPI: Interpreter disabled.
[    0.610443] iommu: Default domain type: Translated
[    0.615278] iommu: DMA domain TLB invalidation policy: strict mode
[    0.622286] SCSI subsystem initialized
[    0.626231] libata version 3.00 loaded.
[    0.630293] usbcore: registered new interface driver usbfs
[    0.635832] usbcore: registered new interface driver hub
[    0.641207] usbcore: registered new device driver usb
[    0.646712] pps_core: LinuxPPS API ver. 1 registered
[    0.651693] pps_core: Software ver. 5.3.6 - Copyright 2005-2007 Rodolfo Giometti <giometti@linux.it>
[    0.660838] PTP clock support registered
[    0.664900] EDAC MC: Ver: 3.0.0
[    0.668328] scmi_core: SCMI protocol bus registered
[    0.673879] FPGA manager framework
[    0.678423] vgaarb: loaded
[    0.681525] clocksource: Switched to clocksource arch_sys_counter
[    0.687959] VFS: Disk quotas dquot_6.6.0
[    0.691936] VFS: Dquot-cache hash table entries: 512 (order 0, 4096 bytes)
[    0.699198] pnp: PnP ACPI: disabled
[    0.709471] NET: Registered PF_INET protocol family
[    0.714534] IP idents hash table entries: 65536 (order: 7, 524288 bytes, linear)
[    0.725048] tcp_listen_portaddr_hash hash table entries: 2048 (order: 3, 32768 bytes, linear)
[    0.733621] Table-perturb hash table entries: 65536 (order: 6, 262144 bytes, linear)
[    0.741382] TCP established hash table entries: 32768 (order: 6, 262144 bytes, linear)
[    0.749527] TCP bind hash table entries: 32768 (order: 8, 1048576 bytes, linear)
[    0.757692] TCP: Hash tables configured (established 32768 bind 32768)
[    0.764334] UDP hash table entries: 2048 (order: 5, 131072 bytes, linear)
[    0.771354] NET: Registered PF_UNIX/PF_LOCAL protocol family
[    0.777422] RPC: Registered named UNIX socket transport module.
[    0.783391] RPC: Registered udp transport module.
[    0.788107] RPC: Registered tcp transport module.
[    0.792821] RPC: Registered tcp-with-tls transport module.
[    0.798323] RPC: Registered tcp NFSv4.1 backchannel transport module.
[    0.804788] PCI: CLS 0 bytes, default 64
[    0.809190] kvm [1]: HYP mode not available
[    0.814578] Initialise system trusted keyrings
[    0.819202] workingset: timestamp_bits=42 (anon: 38) max_order=20 bucket_order=0 (anon: 0)
[    0.827891] squashfs: version 4.0 (2009/01/31) Phillip Lougher
[    0.834027] NFS: Registering the id_resolver key type
[    0.839129] Key type id_resolver registered
[    0.843325] Key type id_legacy registered
[    0.847369] nfs4filelayout_init: NFSv4 File Layout Driver Registering...
[    0.854084] nfs4flexfilelayout_init: NFSv4 Flexfile Layout Driver Registering...
[    0.861682] 9p: Installing v9fs 9p2000 file system support
[    0.867363] Key type asymmetric registered
[    0.871509] Asymmetric key parser 'x509' registered
[    0.876473] Block layer SCSI generic (bsg) driver version 0.4 loaded (major 244)
[    0.883899] io scheduler mq-deadline registered
[    0.888442] io scheduler kyber registered
[    0.892503] io scheduler bfq registered
[    0.903681] ledtrig-cpu: registered to indicate activity on CPUs
[    0.942860] Serial: 8250/16550 driver, 4 ports, IRQ sharing enabled
[    0.953021] msm_serial: driver initialized
[    0.957748] SuperH (H)SCI(F) driver initialized
[    0.962419] STM32 USART driver initialized
[    0.975349] loop: module loaded
[    0.979635] megasas: 07.734.00.00-rc1
[    0.989237] tun: Universal TUN/TAP device driver, 1.6
[    0.995053] thunder_xcv, ver 1.0
[    0.998364] thunder_bgx, ver 1.0
[    1.001662] nicpf, ver 1.0
[    1.005637] e1000: Intel(R) PRO/1000 Network Driver
[    1.010542] e1000: Copyright (c) 1999-2006 Intel Corporation.
[    1.016341] e1000e: Intel(R) PRO/1000 Network Driver
[    1.021340] e1000e: Copyright(c) 1999 - 2015 Intel Corporation.
[    1.027316] igb: Intel(R) Gigabit Ethernet Network Driver
[    1.032720] igb: Copyright (c) 2007-2014 Intel Corporation.
[    1.038341] igbvf: Intel(R) Gigabit Virtual Function Network Driver
[    1.044620] igbvf: Copyright (c) 2009 - 2012 Intel Corporation.
[    1.050834] sky2: driver version 1.30
[    1.055684] VFIO - User Level meta-driver version: 0.3
[    1.063749] usbcore: registered new interface driver usb-storage
[    1.074872] sun6i-rtc 7090000.rtc: registered as rtc0
[    1.080015] sun6i-rtc 7090000.rtc: setting system clock to 1970-01-02T00:00:12 UTC (86412)
[    1.088843] i2c_dev: i2c /dev entries driver
[    1.103144] SMCCC: SOC_ID: ARCH_SOC_ID not implemented, skipping ....
[    1.110486] usbcore: registered new interface driver usbhid
[    1.116087] usbhid: USB HID core driver
[    1.126360] NET: Registered PF_INET6 protocol family
[    1.132070] Segment Routing with IPv6
[    1.135831] In-situ OAM (IOAM) with IPv6
[    1.139854] NET: Registered PF_PACKET protocol family
[    1.145003] 9pnet: Installing 9P2000 support
[    1.149349] Key type dns_resolver registered
[    1.166079] registered taskstats version 1
[    1.170564] Loading compiled-in X.509 certificates
[    1.186331] Demotion targets for Node 0: null
[    1.206270] gpio gpiochip0: Static allocation of GPIO base is deprecated, use dynamic allocation.
[    1.226130] sun60i-a733-pinctrl 2000000.pinctrl: initialized sunXi PIO driver
[    1.235239] sun60i-a733-pinctrl 2000000.pinctrl: supply vcc-pb not found, using dummy regulator
[    1.244522] printk: legacy console [ttyS0] disabled
[    1.270002] 2500000.serial: ttyS0 at MMIO 0x2500000 (irq = 344, base_baud = 1500000) is a 16550A
[    1.278858] printk: legacy console [ttyS0] enabled
[    1.278858] printk: legacy console [ttyS0] enabled
[    1.288463] printk: legacy bootconsole [uart8250] disabled
[    1.288463] printk: legacy bootconsole [uart8250] disabled
[    1.303854] clk: Disabling unused clocks
[    1.305061] sun60i-a733-pinctrl 2000000.pinctrl: supply vcc-pf not found, using dummy regulator
[    1.307818] clk-unused: root-begin name=iosc parent=(none) rate=16000000 flags=0x40 enable=0 prepare=0
[    1.325805] clk-unused: child-begin name=iosc-32k parent=iosc rate=31250 flags=0x40 enable=0 prepare=0
[    1.335110] clk-unused: child-begin name=osc32k parent=iosc-32k rate=31250 flags=0x0 enable=0 prepare=0
[    1.344503] clk-unused: child-begin name=irrx parent=osc32k rate=31250 flags=0x0 enable=0 prepare=0
[    1.353552] clk-unused: enable-lock-begin name=irrx parent=osc32k rate=31250 flags=0x0 enable=0 prepare=0
[    1.363116] clk-unused: enable-lock-end name=irrx parent=osc32k rate=31250 flags=0x0 enable=0 prepare=0
[    1.372498] clk-unused: is-enabled-begin name=irrx parent=osc32k rate=31250 flags=0x0 enable=0 prepare=0
[    1.381967] clk-unused: is-enabled-false name=irrx parent=osc32k rate=31250 flags=0x0 enable=0 prepare=0
[    1.391435] clk-unused: unlock-begin name=irrx parent=osc32k rate=31250 flags=0x0 enable=0 prepare=0
[    1.400566] clk-unused: unlock-end name=irrx parent=osc32k rate=31250 flags=0x0 enable=0 prepare=0
[    1.409522] clk-unused: subtree-done name=irrx parent=osc32k rate=31250 flags=0x0 enable=0 prepare=0
[    1.418653] clk-unused: child-end name=irrx parent=osc32k rate=31250 flags=0x0 enable=0 prepare=0
[    1.427531] clk-unused: child-begin name=irtx parent=osc32k rate=31250 flags=0x0 enable=0 prepare=0
[    1.436578] clk-unused: enable-lock-begin name=irtx parent=osc32k rate=31250 flags=0x0 enable=0 prepare=0
[    1.446141] clk-unused: enable-lock-end name=irtx parent=osc32k rate=31250 flags=0x0 enable=0 prepare=0
[    1.455523] clk-unused: is-enabled-begin name=irtx parent=osc32k rate=31250 flags=0x0 enable=0 prepare=0
[    1.464992] clk-unused: is-enabled-false name=irtx parent=osc32k rate=31250 flags=0x0 enable=0 prepare=0
[    1.474459] clk-unused: unlock-begin name=irtx parent=osc32k rate=31250 flags=0x0 enable=0 prepare=0
[    1.483594] clk-unused: unlock-end name=irtx parent=osc32k rate=31250 flags=0x0 enable=0 prepare=0
[    1.492551] clk-unused: subtree-done name=irtx parent=osc32k rate=31250 flags=0x0 enable=0 prepare=0
[    1.501680] clk-unused: child-end name=irtx parent=osc32k rate=31250 flags=0x0 enable=0 prepare=0
[    1.510549] clk-unused: child-begin name=sgpio parent=osc32k rate=31250 flags=0x0 enable=0 prepare=0
[    1.519678] clk-unused: enable-lock-begin name=sgpio parent=osc32k rate=31250 flags=0x0 enable=0 prepare=0
[    1.529327] clk-unused: enable-lock-end name=sgpio parent=osc32k rate=31250 flags=0x0 enable=0 prepare=0
[    1.538795] clk-unused: is-enabled-begin name=sgpio parent=osc32k rate=31250 flags=0x0 enable=0 prepare=0
[    1.548350] clk-unused: is-enabled-false name=sgpio parent=osc32k rate=31250 flags=0x0 enable=0 prepare=0
[    1.557904] clk-unused: unlock-begin name=sgpio parent=osc32k rate=31250 flags=0x0 enable=0 prepare=0
[    1.567130] clk-unused: unlock-end name=sgpio parent=osc32k rate=31250 flags=0x0 enable=0 prepare=0
[    1.576187] clk-unused: subtree-done name=sgpio parent=osc32k rate=31250 flags=0x0 enable=0 prepare=0
[    1.585405] clk-unused: child-end name=sgpio parent=osc32k rate=31250 flags=0x0 enable=0 prepare=0
[    1.594373] clk-unused: child-begin name=usb2-suspend parent=osc32k rate=31250 flags=0x0 enable=0 prepare=0
[    1.604110] clk-unused: enable-lock-begin name=usb2-suspend parent=osc32k rate=31250 flags=0x0 enable=0 prepare=0
[    1.614366] clk-unused: enable-lock-end name=usb2-suspend parent=osc32k rate=31250 flags=0x0 enable=0 prepare=0
[    1.624442] clk-unused: is-enabled-begin name=usb2-suspend parent=osc32k rate=31250 flags=0x0 enable=0 prepare=0
[    1.634604] clk-unused: is-enabled-false name=usb2-suspend parent=osc32k rate=31250 flags=0x0 enable=0 prepare=0
[    1.644765] clk-unused: unlock-begin name=usb2-suspend parent=osc32k rate=31250 flags=0x0 enable=0 prepare=0
[    1.654588] clk-unused: unlock-end name=usb2-suspend parent=osc32k rate=31250 flags=0x0 enable=0 prepare=0
[    1.664238] clk-unused: subtree-done name=usb2-suspend parent=osc32k rate=31250 flags=0x0 enable=0 prepare=0
[    1.674060] clk-unused: child-end name=usb2-suspend parent=osc32k rate=31250 flags=0x0 enable=0 prepare=0
[    1.683623] clk-unused: child-begin name=hdmi-cec parent=osc32k rate=31250 flags=0x0 enable=0 prepare=0
[    1.693012] clk-unused: enable-lock-begin name=hdmi-cec parent=osc32k rate=31250 flags=0x0 enable=0 prepare=0
[    1.702925] clk-unused: enable-lock-end name=hdmi-cec parent=osc32k rate=31250 flags=0x0 enable=0 prepare=0
[    1.712654] clk-unused: is-enabled-begin name=hdmi-cec parent=osc32k rate=31250 flags=0x0 enable=0 prepare=0
[    1.722470] clk-unused: is-enabled-false name=hdmi-cec parent=osc32k rate=31250 flags=0x0 enable=0 prepare=0
[    1.732284] clk-unused: unlock-begin name=hdmi-cec parent=osc32k rate=31250 flags=0x0 enable=0 prepare=0
[    1.741761] clk-unused: unlock-end name=hdmi-cec parent=osc32k rate=31250 flags=0x0 enable=0 prepare=0
[    1.751063] clk-unused: subtree-done name=hdmi-cec parent=osc32k rate=31250 flags=0x0 enable=0 prepare=0
[    1.760539] clk-unused: child-end name=hdmi-cec parent=osc32k rate=31250 flags=0x0 enable=0 prepare=0
[    1.769755] clk-unused: child-begin name=r-ir-rx parent=osc32k rate=31250 flags=0x0 enable=0 prepare=0
[    1.779057] clk-unused: diag-skip-rccu-unused name=r-ir-rx parent=osc32k rate=31250 flags=0x0 enable=0 prepare=0
[    1.789226] clk-unused: child-end name=r-ir-rx parent=osc32k rate=31250 flags=0x0 enable=0 prepare=0
[    1.798357] clk-unused: child-begin name=osc32k-fanout parent=osc32k rate=31250 flags=0x0 enable=0 prepare=0
[    1.808183] clk-unused: child-begin name=fanout0 parent=osc32k-fanout rate=31250 flags=0x0 enable=0 prepare=0
[    1.818101] clk-unused: enable-lock-begin name=fanout0 parent=osc32k-fanout rate=31250 flags=0x0 enable=0 prepare=0
[    1.828532] clk-unused: enable-lock-end name=fanout0 parent=osc32k-fanout rate=31250 flags=0x0 enable=0 prepare=0
[    1.838781] clk-unused: is-enabled-begin name=fanout0 parent=osc32k-fanout rate=31250 flags=0x0 enable=0 prepare=0
[    1.849117] clk-unused: is-enabled-false name=fanout0 parent=osc32k-fanout rate=31250 flags=0x0 enable=0 prepare=0
[    1.859451] clk-unused: unlock-begin name=fanout0 parent=osc32k-fanout rate=31250 flags=0x0 enable=0 prepare=0
[    1.869449] clk-unused: unlock-end name=fanout0 parent=osc32k-fanout rate=31250 flags=0x0 enable=0 prepare=0
[    1.879272] clk-unused: subtree-done name=fanout0 parent=osc32k-fanout rate=31250 flags=0x0 enable=0 prepare=0
[    1.889268] clk-unused: child-end name=fanout0 parent=osc32k-fanout rate=31250 flags=0x0 enable=0 prepare=0
[    1.899004] clk-unused: child-begin name=fanout1 parent=osc32k-fanout rate=31250 flags=0x0 enable=0 prepare=0
[    1.908914] clk-unused: enable-lock-begin name=fanout1 parent=osc32k-fanout rate=31250 flags=0x0 enable=0 prepare=0
[    1.919347] clk-unused: enable-lock-end name=fanout1 parent=osc32k-fanout rate=31250 flags=0x0 enable=0 prepare=0
[    1.929596] clk-unused: is-enabled-begin name=fanout1 parent=osc32k-fanout rate=31250 flags=0x0 enable=0 prepare=0
[    1.939932] clk-unused: is-enabled-false name=fanout1 parent=osc32k-fanout rate=31250 flags=0x0 enable=0 prepare=0
[    1.950266] clk-unused: unlock-begin name=fanout1 parent=osc32k-fanout rate=31250 flags=0x0 enable=0 prepare=0
[    1.960264] clk-unused: unlock-end name=fanout1 parent=osc32k-fanout rate=31250 flags=0x0 enable=0 prepare=0
[    1.970087] clk-unused: subtree-done name=fanout1 parent=osc32k-fanout rate=31250 flags=0x0 enable=0 prepare=0
[    1.980084] clk-unused: child-end name=fanout1 parent=osc32k-fanout rate=31250 flags=0x0 enable=0 prepare=0
[    1.989820] clk-unused: child-begin name=fanout2 parent=osc32k-fanout rate=31250 flags=0x0 enable=0 prepare=0
[    1.999730] clk-unused: enable-lock-begin name=fanout2 parent=osc32k-fanout rate=31250 flags=0x0 enable=0 prepare=0
[    2.010159] clk-unused: enable-lock-end name=fanout2 parent=osc32k-fanout rate=31250 flags=0x0 enable=0 prepare=0
[    2.020408] clk-unused: is-enabled-begin name=fanout2 parent=osc32k-fanout rate=31250 flags=0x0 enable=0 prepare=0
[    2.030743] clk-unused: is-enabled-false name=fanout2 parent=osc32k-fanout rate=31250 flags=0x0 enable=0 prepare=0
[    2.041078] clk-unused: unlock-begin name=fanout2 parent=osc32k-fanout rate=31250 flags=0x0 enable=0 prepare=0
[    2.051083] clk-unused: unlock-end name=fanout2 parent=osc32k-fanout rate=31250 flags=0x0 enable=0 prepare=0
[    2.060907] clk-unused: subtree-done name=fanout2 parent=osc32k-fanout rate=31250 flags=0x0 enable=0 prepare=0
[    2.070923] clk-unused: child-end name=fanout2 parent=osc32k-fanout rate=31250 flags=0x0 enable=0 prepare=0
[    2.080689] clk-unused: child-begin name=fanout3 parent=osc32k-fanout rate=31250 flags=0x0 enable=0 prepare=0
[    2.090605] clk-unused: enable-lock-begin name=fanout3 parent=osc32k-fanout rate=31250 flags=0x0 enable=0 prepare=0
[    2.101044] clk-unused: enable-lock-end name=fanout3 parent=osc32k-fanout rate=31250 flags=0x0 enable=0 prepare=0
[    2.111293] clk-unused: is-enabled-begin name=fanout3 parent=osc32k-fanout rate=31250 flags=0x0 enable=0 prepare=0
[    2.121628] clk-unused: is-enabled-false name=fanout3 parent=osc32k-fanout rate=31250 flags=0x0 enable=0 prepare=0
[    2.131961] clk-unused: unlock-begin name=fanout3 parent=osc32k-fanout rate=31250 flags=0x0 enable=0 prepare=0
[    2.141962] clk-unused: unlock-end name=fanout3 parent=osc32k-fanout rate=31250 flags=0x0 enable=0 prepare=0
[    2.151785] clk-unused: subtree-done name=fanout3 parent=osc32k-fanout rate=31250 flags=0x0 enable=0 prepare=0
[    2.161786] clk-unused: child-end name=fanout3 parent=osc32k-fanout rate=31250 flags=0x0 enable=0 prepare=0
[    2.171523] clk-unused: enable-lock-begin name=osc32k-fanout parent=osc32k rate=31250 flags=0x0 enable=0 prepare=0
[    2.181869] clk-unused: enable-lock-end name=osc32k-fanout parent=osc32k rate=31250 flags=0x0 enable=0 prepare=0
[    2.192031] clk-unused: is-enabled-begin name=osc32k-fanout parent=osc32k rate=31250 flags=0x0 enable=0 prepare=0
[    2.202284] clk-unused: is-enabled-false name=osc32k-fanout parent=osc32k rate=31250 flags=0x0 enable=0 prepare=0
[    2.212531] clk-unused: unlock-begin name=osc32k-fanout parent=osc32k rate=31250 flags=0x0 enable=0 prepare=0
[    2.222444] clk-unused: unlock-end name=osc32k-fanout parent=osc32k rate=31250 flags=0x0 enable=0 prepare=0
[    2.232181] clk-unused: subtree-done name=osc32k-fanout parent=osc32k rate=31250 flags=0x0 enable=0 prepare=0
[    2.242091] clk-unused: child-end name=osc32k-fanout parent=osc32k rate=31250 flags=0x0 enable=0 prepare=0
[    2.251741] clk-unused: child-begin name=rtc-32k parent=osc32k rate=31250 flags=0x0 enable=0 prepare=0
[    2.261046] clk-unused: enable-lock-begin name=rtc-32k parent=osc32k rate=31250 flags=0x0 enable=0 prepare=0
[    2.270873] clk-unused: enable-lock-end name=rtc-32k parent=osc32k rate=31250 flags=0x0 enable=0 prepare=0
[    2.280515] clk-unused: is-enabled-begin name=rtc-32k parent=osc32k rate=31250 flags=0x0 enable=0 prepare=0
[    2.290242] clk-unused: is-enabled-true name=rtc-32k parent=osc32k rate=31250 flags=0x0 enable=0 prepare=0
[    2.299883] clk-unused: disable-begin name=rtc-32k parent=osc32k rate=31250 flags=0x0 enable=0 prepare=0
[    2.309350] clk-unused: disable-end name=rtc-32k parent=osc32k rate=31250 flags=0x0 enable=0 prepare=0
[    2.318644] clk-unused: unlock-begin name=rtc-32k parent=osc32k rate=31250 flags=0x0 enable=0 prepare=0
[    2.328052] clk-unused: unlock-end name=rtc-32k parent=osc32k rate=31250 flags=0x0 enable=0 prepare=0
[    2.337274] clk-unused: subtree-done name=rtc-32k parent=osc32k rate=31250 flags=0x0 enable=0 prepare=0
[    2.346665] clk-unused: child-end name=rtc-32k parent=osc32k rate=31250 flags=0x0 enable=0 prepare=0
[    2.355795] clk-unused: enable-lock-begin name=osc32k parent=iosc-32k rate=31250 flags=0x0 enable=0 prepare=0
[    2.365707] clk-unused: enable-lock-end name=osc32k parent=iosc-32k rate=31250 flags=0x0 enable=0 prepare=0
[    2.375435] clk-unused: is-enabled-begin name=osc32k parent=iosc-32k rate=31250 flags=0x0 enable=0 prepare=0
[    2.385249] clk-unused: is-enabled-true name=osc32k parent=iosc-32k rate=31250 flags=0x0 enable=0 prepare=0
[    2.394976] clk-unused: disable-begin name=osc32k parent=iosc-32k rate=31250 flags=0x0 enable=0 prepare=0
[    2.404530] clk-unused: disable-end name=osc32k parent=iosc-32k rate=31250 flags=0x0 enable=0 prepare=0
[    2.413910] clk-unused: unlock-begin name=osc32k parent=iosc-32k rate=31250 flags=0x0 enable=0 prepare=0
[    2.423392] clk-unused: unlock-end name=osc32k parent=iosc-32k rate=31250 flags=0x0 enable=0 prepare=0
[    2.432697] clk-unused: subtree-done name=osc32k parent=iosc-32k rate=31250 flags=0x0 enable=0 prepare=0
[    2.442173] clk-unused: child-end name=osc32k parent=iosc-32k rate=31250 flags=0x0 enable=0 prepare=0
[    2.451390] clk-unused: enable-lock-begin name=iosc-32k parent=iosc rate=31250 flags=0x40 enable=0 prepare=0
[    2.461213] clk-unused: enable-lock-end name=iosc-32k parent=iosc rate=31250 flags=0x40 enable=0 prepare=0
[    2.470854] clk-unused: is-enabled-begin name=iosc-32k parent=iosc rate=31250 flags=0x40 enable=0 prepare=0
[    2.480582] clk-unused: is-enabled-false name=iosc-32k parent=iosc rate=31250 flags=0x40 enable=0 prepare=0
[    2.490310] clk-unused: unlock-begin name=iosc-32k parent=iosc rate=31250 flags=0x40 enable=0 prepare=0
[    2.499700] clk-unused: unlock-end name=iosc-32k parent=iosc rate=31250 flags=0x40 enable=0 prepare=0
[    2.508917] clk-unused: subtree-done name=iosc-32k parent=iosc rate=31250 flags=0x40 enable=0 prepare=0
[    2.518307] clk-unused: child-end name=iosc-32k parent=iosc rate=31250 flags=0x40 enable=0 prepare=0
[    2.527440] clk-unused: enable-lock-begin name=iosc parent=(none) rate=16000000 flags=0x40 enable=0 prepare=0
[    2.537350] clk-unused: enable-lock-end name=iosc parent=(none) rate=16000000 flags=0x40 enable=0 prepare=0
[    2.547078] clk-unused: is-enabled-begin name=iosc parent=(none) rate=16000000 flags=0x40 enable=0 prepare=0
[    2.556897] clk-unused: is-enabled-true name=iosc parent=(none) rate=16000000 flags=0x40 enable=0 prepare=0
[    2.566624] clk-unused: disable-begin name=iosc parent=(none) rate=16000000 flags=0x40 enable=0 prepare=0
[    2.576184] clk-unused: disable-end name=iosc parent=(none) rate=16000000 flags=0x40 enable=0 prepare=0
[    2.585564] clk-unused: unlock-begin name=iosc parent=(none) rate=16000000 flags=0x40 enable=0 prepare=0
[    2.595049] clk-unused: unlock-end name=iosc parent=(none) rate=16000000 flags=0x40 enable=0 prepare=0
[    2.604354] clk-unused: subtree-done name=iosc parent=(none) rate=16000000 flags=0x40 enable=0 prepare=0
[    2.613838] clk-unused: root-end name=iosc parent=(none) rate=16000000 flags=0x40 enable=0 prepare=0
[    2.622970] clk-unused: root-begin name=osc26M parent=(none) rate=26000000 flags=0x0 enable=1 prepare=1
[    2.632365] clk-unused: child-begin name=hosc-32k-mux parent=osc26M rate=32786 flags=0x0 enable=0 prepare=0
[    2.642103] clk-unused: child-begin name=hosc-32k parent=hosc-32k-mux rate=32786 flags=0x0 enable=0 prepare=0
[    2.652016] clk-unused: enable-lock-begin name=hosc-32k parent=hosc-32k-mux rate=32786 flags=0x0 enable=0 prepare=0
[    2.662446] clk-unused: enable-lock-end name=hosc-32k parent=hosc-32k-mux rate=32786 flags=0x0 enable=0 prepare=0
[    2.672694] clk-unused: is-enabled-begin name=hosc-32k parent=hosc-32k-mux rate=32786 flags=0x0 enable=0 prepare=0
[    2.683034] clk-unused: is-enabled-false name=hosc-32k parent=hosc-32k-mux rate=32786 flags=0x0 enable=0 prepare=0
[    2.693367] clk-unused: unlock-begin name=hosc-32k parent=hosc-32k-mux rate=32786 flags=0x0 enable=0 prepare=0
[    2.703365] clk-unused: unlock-end name=hosc-32k parent=hosc-32k-mux rate=32786 flags=0x0 enable=0 prepare=0
[    2.713189] clk-unused: subtree-done name=hosc-32k parent=hosc-32k-mux rate=32786 flags=0x0 enable=0 prepare=0
[    2.723185] clk-unused: child-end name=hosc-32k parent=hosc-32k-mux rate=32786 flags=0x0 enable=0 prepare=0
[    2.732921] clk-unused: enable-lock-begin name=hosc-32k-mux parent=osc26M rate=32786 flags=0x0 enable=0 prepare=0
[    2.743181] clk-unused: enable-lock-end name=hosc-32k-mux parent=osc26M rate=32786 flags=0x0 enable=0 prepare=0
[    2.753256] clk-unused: is-enabled-begin name=hosc-32k-mux parent=osc26M rate=32786 flags=0x0 enable=0 prepare=0
[    2.763422] clk-unused: is-enabled-true name=hosc-32k-mux parent=osc26M rate=32786 flags=0x0 enable=0 prepare=0
[    2.773496] clk-unused: disable-begin name=hosc-32k-mux parent=osc26M rate=32786 flags=0x0 enable=0 prepare=0
[    2.783402] clk-unused: disable-end name=hosc-32k-mux parent=osc26M rate=32786 flags=0x0 enable=0 prepare=0
[    2.793128] clk-unused: unlock-begin name=hosc-32k-mux parent=osc26M rate=32786 flags=0x0 enable=0 prepare=0
[    2.802953] clk-unused: unlock-end name=hosc-32k-mux parent=osc26M rate=32786 flags=0x0 enable=0 prepare=0
[    2.812603] clk-unused: subtree-done name=hosc-32k-mux parent=osc26M rate=32786 flags=0x0 enable=0 prepare=0
[    2.822426] clk-unused: child-end name=hosc-32k-mux parent=osc26M rate=32786 flags=0x0 enable=0 prepare=0
[    2.831990] clk-unused: child-begin name=hosc parent=osc26M rate=26000000 flags=0x0 enable=1 prepare=1
[    2.841294] clk-unused: child-begin name=pll-ref parent=hosc rate=24000000 flags=0x1 enable=4 prepare=4
[    2.850694] clk-unused: child-begin name=pll-de parent=pll-ref rate=1200000000 flags=0x1 enable=0 prepare=0
[    2.860434] clk-unused: child-begin name=pll-de-3x parent=pll-de rate=600000000 flags=0x0 enable=0 prepare=0
[    2.870258] clk-unused: child-begin name=de parent=pll-de-3x rate=600000000 flags=0x4 enable=0 prepare=0
[    2.879735] clk-unused: enable-lock-begin name=de parent=pll-de-3x rate=600000000 flags=0x4 enable=0 prepare=0
[    2.889732] clk-unused: enable-lock-end name=de parent=pll-de-3x rate=600000000 flags=0x4 enable=0 prepare=0
[    2.899547] clk-unused: is-enabled-begin name=de parent=pll-de-3x rate=600000000 flags=0x4 enable=0 prepare=0
[    2.909449] clk-unused: is-enabled-true name=de parent=pll-de-3x rate=600000000 flags=0x4 enable=0 prepare=0
[    2.919263] clk-unused: disable-begin name=de parent=pll-de-3x rate=600000000 flags=0x4 enable=0 prepare=0
[    2.928905] clk-unused: disable-end name=de parent=pll-de-3x rate=600000000 flags=0x4 enable=0 prepare=0
[    2.938372] clk-unused: unlock-begin name=de parent=pll-de-3x rate=600000000 flags=0x4 enable=0 prepare=0
[    2.947936] clk-unused: unlock-end name=de parent=pll-de-3x rate=600000000 flags=0x4 enable=0 prepare=0
[    2.957330] clk-unused: subtree-done name=de parent=pll-de-3x rate=600000000 flags=0x4 enable=0 prepare=0
[    2.966896] clk-unused: child-end name=de parent=pll-de-3x rate=600000000 flags=0x4 enable=0 prepare=0
[    2.976199] clk-unused: enable-lock-begin name=pll-de-3x parent=pll-de rate=600000000 flags=0x0 enable=0 prepare=0
[    2.986543] clk-unused: enable-lock-end name=pll-de-3x parent=pll-de rate=600000000 flags=0x0 enable=0 prepare=0
[    2.996705] clk-unused: is-enabled-begin name=pll-de-3x parent=pll-de rate=600000000 flags=0x0 enable=0 prepare=0
[    3.006953] clk-unused: is-enabled-true name=pll-de-3x parent=pll-de rate=600000000 flags=0x0 enable=0 prepare=0
[    3.017113] clk-unused: disable-begin name=pll-de-3x parent=pll-de rate=600000000 flags=0x0 enable=0 prepare=0
[    3.027100] clk-unused: disable-end name=pll-de-3x parent=pll-de rate=600000000 flags=0x0 enable=0 prepare=0
[    3.036914] clk-unused: unlock-begin name=pll-de-3x parent=pll-de rate=600000000 flags=0x0 enable=0 prepare=0
[    3.046827] clk-unused: unlock-end name=pll-de-3x parent=pll-de rate=600000000 flags=0x0 enable=0 prepare=0
[    3.056564] clk-unused: subtree-done name=pll-de-3x parent=pll-de rate=600000000 flags=0x0 enable=0 prepare=0
[    3.066501] clk-unused: child-end name=pll-de-3x parent=pll-de rate=600000000 flags=0x0 enable=0 prepare=0
[    3.076154] clk-unused: child-begin name=pll-de-4x parent=pll-de rate=600000000 flags=0x0 enable=0 prepare=0
[    3.085979] clk-unused: enable-lock-begin name=pll-de-4x parent=pll-de rate=600000000 flags=0x0 enable=0 prepare=0
[    3.096322] clk-unused: enable-lock-end name=pll-de-4x parent=pll-de rate=600000000 flags=0x0 enable=0 prepare=0
[    3.106484] clk-unused: is-enabled-begin name=pll-de-4x parent=pll-de rate=600000000 flags=0x0 enable=0 prepare=0
[    3.116732] clk-unused: is-enabled-true name=pll-de-4x parent=pll-de rate=600000000 flags=0x0 enable=0 prepare=0
[    3.126893] clk-unused: disable-begin name=pll-de-4x parent=pll-de rate=600000000 flags=0x0 enable=0 prepare=0
[    3.136880] clk-unused: disable-end name=pll-de-4x parent=pll-de rate=600000000 flags=0x0 enable=0 prepare=0
[    3.146694] clk-unused: unlock-begin name=pll-de-4x parent=pll-de rate=600000000 flags=0x0 enable=0 prepare=0
[    3.156622] clk-unused: unlock-end name=pll-de-4x parent=pll-de rate=600000000 flags=0x0 enable=0 prepare=0
[    3.166362] clk-unused: subtree-done name=pll-de-4x parent=pll-de rate=600000000 flags=0x0 enable=0 prepare=0
[    3.176277] clk-unused: child-end name=pll-de-4x parent=pll-de rate=600000000 flags=0x0 enable=0 prepare=0
[    3.185927] clk-unused: enable-lock-begin name=pll-de parent=pll-ref rate=1200000000 flags=0x1 enable=0 prepare=0
[    3.196185] clk-unused: enable-lock-end name=pll-de parent=pll-ref rate=1200000000 flags=0x1 enable=0 prepare=0
[    3.206260] clk-unused: is-enabled-begin name=pll-de parent=pll-ref rate=1200000000 flags=0x1 enable=0 prepare=0
[    3.216421] clk-unused: is-enabled-true name=pll-de parent=pll-ref rate=1200000000 flags=0x1 enable=0 prepare=0
[    3.226495] clk-unused: disable-begin name=pll-de parent=pll-ref rate=1200000000 flags=0x1 enable=0 prepare=0
[    3.236397] clk-unused: disable-end name=pll-de parent=pll-ref rate=1200000000 flags=0x1 enable=0 prepare=0
[    3.246123] clk-unused: unlock-begin name=pll-de parent=pll-ref rate=1200000000 flags=0x1 enable=0 prepare=0
[    3.255948] clk-unused: unlock-end name=pll-de parent=pll-ref rate=1200000000 flags=0x1 enable=0 prepare=0
[    3.265599] clk-unused: subtree-done name=pll-de parent=pll-ref rate=1200000000 flags=0x1 enable=0 prepare=0
[    3.275422] clk-unused: child-end name=pll-de parent=pll-ref rate=1200000000 flags=0x1 enable=0 prepare=0
[    3.284994] clk-unused: child-begin name=pll-npu parent=pll-ref rate=840000000 flags=0x1 enable=0 prepare=0
[    3.294732] clk-unused: child-begin name=npu parent=pll-npu rate=840000000 flags=0x0 enable=0 prepare=0
[    3.304123] clk-unused: enable-lock-begin name=npu parent=pll-npu rate=840000000 flags=0x0 enable=0 prepare=0
[    3.314034] clk-unused: enable-lock-end name=npu parent=pll-npu rate=840000000 flags=0x0 enable=0 prepare=0
[    3.323762] clk-unused: is-enabled-begin name=npu parent=pll-npu rate=840000000 flags=0x0 enable=0 prepare=0
[    3.333576] clk-unused: is-enabled-false name=npu parent=pll-npu rate=840000000 flags=0x0 enable=0 prepare=0
[    3.343390] clk-unused: unlock-begin name=npu parent=pll-npu rate=840000000 flags=0x0 enable=0 prepare=0
[    3.352877] clk-unused: unlock-end name=npu parent=pll-npu rate=840000000 flags=0x0 enable=0 prepare=0
[    3.362187] clk-unused: subtree-done name=npu parent=pll-npu rate=840000000 flags=0x0 enable=0 prepare=0
[    3.371668] clk-unused: child-end name=npu parent=pll-npu rate=840000000 flags=0x0 enable=0 prepare=0
[    3.380888] clk-unused: enable-lock-begin name=pll-npu parent=pll-ref rate=840000000 flags=0x1 enable=0 prepare=0
[    3.391148] clk-unused: enable-lock-end name=pll-npu parent=pll-ref rate=840000000 flags=0x1 enable=0 prepare=0
[    3.401223] clk-unused: is-enabled-begin name=pll-npu parent=pll-ref rate=840000000 flags=0x1 enable=0 prepare=0
[    3.411385] clk-unused: is-enabled-false name=pll-npu parent=pll-ref rate=840000000 flags=0x1 enable=0 prepare=0
[    3.421545] clk-unused: unlock-begin name=pll-npu parent=pll-ref rate=840000000 flags=0x1 enable=0 prepare=0
[    3.431377] clk-unused: unlock-end name=pll-npu parent=pll-ref rate=840000000 flags=0x1 enable=0 prepare=0
[    3.441029] clk-unused: subtree-done name=pll-npu parent=pll-ref rate=840000000 flags=0x1 enable=0 prepare=0
[    3.450852] clk-unused: child-end name=pll-npu parent=pll-ref rate=840000000 flags=0x1 enable=0 prepare=0
[    3.460416] clk-unused: child-begin name=pll-audio1 parent=pll-ref rate=3072000000 flags=0x1 enable=0 prepare=0
[    3.470500] clk-unused: child-begin name=pll-audio1-div5 parent=pll-audio1 rate=614400000 flags=0x0 enable=0 prepare=0
[    3.481190] clk-unused: enable-lock-begin name=pll-audio1-div5 parent=pll-audio1 rate=614400000 flags=0x0 enable=0 prepare=0
[    3.492401] clk-unused: enable-lock-end name=pll-audio1-div5 parent=pll-audio1 rate=614400000 flags=0x0 enable=0 prepare=0
[    3.503429] clk-unused: is-enabled-begin name=pll-audio1-div5 parent=pll-audio1 rate=614400000 flags=0x0 enable=0 prepare=0
[    3.514544] clk-unused: is-enabled-true name=pll-audio1-div5 parent=pll-audio1 rate=614400000 flags=0x0 enable=0 prepare=0
[    3.525571] clk-unused: disable-begin name=pll-audio1-div5 parent=pll-audio1 rate=614400000 flags=0x0 enable=0 prepare=0
[    3.536426] clk-unused: disable-end name=pll-audio1-div5 parent=pll-audio1 rate=614400000 flags=0x0 enable=0 prepare=0
[    3.547106] clk-unused: unlock-begin name=pll-audio1-div5 parent=pll-audio1 rate=614400000 flags=0x0 enable=0 prepare=0
[    3.557887] clk-unused: unlock-end name=pll-audio1-div5 parent=pll-audio1 rate=614400000 flags=0x0 enable=0 prepare=0
[    3.568491] clk-unused: subtree-done name=pll-audio1-div5 parent=pll-audio1 rate=614400000 flags=0x0 enable=0 prepare=0
[    3.579268] clk-unused: child-end name=pll-audio1-div5 parent=pll-audio1 rate=614400000 flags=0x0 enable=0 prepare=0
[    3.589786] clk-unused: child-begin name=pll-audio1-div2 parent=pll-audio1 rate=1536000000 flags=0x0 enable=0 prepare=0
[    3.600563] clk-unused: enable-lock-begin name=pll-audio1-div2 parent=pll-audio1 rate=1536000000 flags=0x0 enable=0 prepare=0
[    3.611862] clk-unused: enable-lock-end name=pll-audio1-div2 parent=pll-audio1 rate=1536000000 flags=0x0 enable=0 prepare=0
[    3.622977] clk-unused: is-enabled-begin name=pll-audio1-div2 parent=pll-audio1 rate=1536000000 flags=0x0 enable=0 prepare=0
[    3.634177] clk-unused: is-enabled-true name=pll-audio1-div2 parent=pll-audio1 rate=1536000000 flags=0x0 enable=0 prepare=0
[    3.645292] clk-unused: disable-begin name=pll-audio1-div2 parent=pll-audio1 rate=1536000000 flags=0x0 enable=0 prepare=0
[    3.656232] clk-unused: disable-end name=pll-audio1-div2 parent=pll-audio1 rate=1536000000 flags=0x0 enable=0 prepare=0
[    3.666999] clk-unused: unlock-begin name=pll-audio1-div2 parent=pll-audio1 rate=1536000000 flags=0x0 enable=0 prepare=0
[    3.677873] clk-unused: unlock-end name=pll-audio1-div2 parent=pll-audio1 rate=1536000000 flags=0x0 enable=0 prepare=0
[    3.688572] clk-unused: subtree-done name=pll-audio1-div2 parent=pll-audio1 rate=1536000000 flags=0x0 enable=0 prepare=0
[    3.699438] clk-unused: child-end name=pll-audio1-div2 parent=pll-audio1 rate=1536000000 flags=0x0 enable=0 prepare=0
[    3.710043] clk-unused: enable-lock-begin name=pll-audio1 parent=pll-ref rate=3072000000 flags=0x1 enable=0 prepare=0
[    3.720647] clk-unused: enable-lock-end name=pll-audio1 parent=pll-ref rate=3072000000 flags=0x1 enable=0 prepare=0
[    3.731068] clk-unused: is-enabled-begin name=pll-audio1 parent=pll-ref rate=3072000000 flags=0x1 enable=0 prepare=0
[    3.741576] clk-unused: is-enabled-false name=pll-audio1 parent=pll-ref rate=3072000000 flags=0x1 enable=0 prepare=0
[    3.752083] clk-unused: unlock-begin name=pll-audio1 parent=pll-ref rate=3072000000 flags=0x1 enable=0 prepare=0
[    3.762254] clk-unused: unlock-end name=pll-audio1 parent=pll-ref rate=3072000000 flags=0x1 enable=0 prepare=0
[    3.772251] clk-unused: subtree-done name=pll-audio1 parent=pll-ref rate=3072000000 flags=0x1 enable=0 prepare=0
[    3.782425] clk-unused: child-end name=pll-audio1 parent=pll-ref rate=3072000000 flags=0x1 enable=0 prepare=0
[    3.792336] clk-unused: child-begin name=pll-audio0-4x parent=pll-ref rate=98285714 flags=0x1 enable=0 prepare=0
[    3.802507] clk-unused: child-begin name=dmic parent=pll-audio0-4x rate=98285714 flags=0x0 enable=0 prepare=0
[    3.812419] clk-unused: enable-lock-begin name=dmic parent=pll-audio0-4x rate=98285714 flags=0x0 enable=0 prepare=0
[    3.822849] clk-unused: enable-lock-end name=dmic parent=pll-audio0-4x rate=98285714 flags=0x0 enable=0 prepare=0
[    3.833097] clk-unused: is-enabled-begin name=dmic parent=pll-audio0-4x rate=98285714 flags=0x0 enable=0 prepare=0
[    3.843432] clk-unused: is-enabled-false name=dmic parent=pll-audio0-4x rate=98285714 flags=0x0 enable=0 prepare=0
[    3.853766] clk-unused: unlock-begin name=dmic parent=pll-audio0-4x rate=98285714 flags=0x0 enable=0 prepare=0
[    3.863764] clk-unused: unlock-end name=dmic parent=pll-audio0-4x rate=98285714 flags=0x0 enable=0 prepare=0
[    3.873588] clk-unused: subtree-done name=dmic parent=pll-audio0-4x rate=98285714 flags=0x0 enable=0 prepare=0
[    3.883584] clk-unused: child-end name=dmic parent=pll-audio0-4x rate=98285714 flags=0x0 enable=0 prepare=0
[    3.893324] clk-unused: child-begin name=owa_tx parent=pll-audio0-4x rate=98285714 flags=0x0 enable=0 prepare=0
[    3.903408] clk-unused: enable-lock-begin name=owa_tx parent=pll-audio0-4x rate=98285714 flags=0x0 enable=0 prepare=0
[    3.914012] clk-unused: enable-lock-end name=owa_tx parent=pll-audio0-4x rate=98285714 flags=0x0 enable=0 prepare=0
[    3.924433] clk-unused: is-enabled-begin name=owa_tx parent=pll-audio0-4x rate=98285714 flags=0x0 enable=0 prepare=0
[    3.934941] clk-unused: is-enabled-false name=owa_tx parent=pll-audio0-4x rate=98285714 flags=0x0 enable=0 prepare=0
[    3.945448] clk-unused: unlock-begin name=owa_tx parent=pll-audio0-4x rate=98285714 flags=0x0 enable=0 prepare=0
[    3.955626] clk-unused: unlock-end name=owa_tx parent=pll-audio0-4x rate=98285714 flags=0x0 enable=0 prepare=0
[    3.965625] clk-unused: subtree-done name=owa_tx parent=pll-audio0-4x rate=98285714 flags=0x0 enable=0 prepare=0
[    3.975796] clk-unused: child-end name=owa_tx parent=pll-audio0-4x rate=98285714 flags=0x0 enable=0 prepare=0
[    3.985706] clk-unused: child-begin name=i2spcm2_asrc parent=pll-audio0-4x rate=98285714 flags=0x0 enable=0 prepare=0
[    3.996312] clk-unused: enable-lock-begin name=i2spcm2_asrc parent=pll-audio0-4x rate=98285714 flags=0x0 enable=0 prepare=0
[    4.007436] clk-unused: enable-lock-end name=i2spcm2_asrc parent=pll-audio0-4x rate=98285714 flags=0x0 enable=0 prepare=0
[    4.018378] clk-unused: is-enabled-begin name=i2spcm2_asrc parent=pll-audio0-4x rate=98285714 flags=0x0 enable=0 prepare=0
[    4.029406] clk-unused: is-enabled-false name=i2spcm2_asrc parent=pll-audio0-4x rate=98285714 flags=0x0 enable=0 prepare=0
[    4.040434] clk-unused: unlock-begin name=i2spcm2_asrc parent=pll-audio0-4x rate=98285714 flags=0x0 enable=0 prepare=0
[    4.051150] clk-unused: unlock-end name=i2spcm2_asrc parent=pll-audio0-4x rate=98285714 flags=0x0 enable=0 prepare=0
[    4.061670] clk-unused: subtree-done name=i2spcm2_asrc parent=pll-audio0-4x rate=98285714 flags=0x0 enable=0 prepare=0
[    4.072361] clk-unused: child-end name=i2spcm2_asrc parent=pll-audio0-4x rate=98285714 flags=0x0 enable=0 prepare=0
[    4.082791] clk-unused: child-begin name=i2spcm4 parent=pll-audio0-4x rate=98285714 flags=0x0 enable=0 prepare=0
[    4.092962] clk-unused: enable-lock-begin name=i2spcm4 parent=pll-audio0-4x rate=98285714 flags=0x0 enable=0 prepare=0
[    4.103657] clk-unused: enable-lock-end name=i2spcm4 parent=pll-audio0-4x rate=98285714 flags=0x0 enable=0 prepare=0
[    4.114166] clk-unused: is-enabled-begin name=i2spcm4 parent=pll-audio0-4x rate=98285714 flags=0x0 enable=0 prepare=0
[    4.124761] clk-unused: is-enabled-false name=i2spcm4 parent=pll-audio0-4x rate=98285714 flags=0x0 enable=0 prepare=0
[    4.135355] clk-unused: unlock-begin name=i2spcm4 parent=pll-audio0-4x rate=98285714 flags=0x0 enable=0 prepare=0
[    4.145612] clk-unused: unlock-end name=i2spcm4 parent=pll-audio0-4x rate=98285714 flags=0x0 enable=0 prepare=0
[    4.155696] clk-unused: subtree-done name=i2spcm4 parent=pll-audio0-4x rate=98285714 flags=0x0 enable=0 prepare=0
[    4.165953] clk-unused: child-end name=i2spcm4 parent=pll-audio0-4x rate=98285714 flags=0x0 enable=0 prepare=0
[    4.175950] clk-unused: child-begin name=i2spcm3 parent=pll-audio0-4x rate=98285714 flags=0x0 enable=0 prepare=0
[    4.186120] clk-unused: enable-lock-begin name=i2spcm3 parent=pll-audio0-4x rate=98285714 flags=0x0 enable=0 prepare=0
[    4.196810] clk-unused: enable-lock-end name=i2spcm3 parent=pll-audio0-4x rate=98285714 flags=0x0 enable=0 prepare=0
[    4.207318] clk-unused: is-enabled-begin name=i2spcm3 parent=pll-audio0-4x rate=98285714 flags=0x0 enable=0 prepare=0
[    4.217913] clk-unused: is-enabled-false name=i2spcm3 parent=pll-audio0-4x rate=98285714 flags=0x0 enable=0 prepare=0
[    4.228507] clk-unused: unlock-begin name=i2spcm3 parent=pll-audio0-4x rate=98285714 flags=0x0 enable=0 prepare=0
[    4.238782] clk-unused: unlock-end name=i2spcm3 parent=pll-audio0-4x rate=98285714 flags=0x0 enable=0 prepare=0
[    4.248870] clk-unused: subtree-done name=i2spcm3 parent=pll-audio0-4x rate=98285714 flags=0x0 enable=0 prepare=0
[    4.259127] clk-unused: child-end name=i2spcm3 parent=pll-audio0-4x rate=98285714 flags=0x0 enable=0 prepare=0
[    4.269124] clk-unused: child-begin name=i2spcm2 parent=pll-audio0-4x rate=98285714 flags=0x0 enable=0 prepare=0
[    4.279294] clk-unused: enable-lock-begin name=i2spcm2 parent=pll-audio0-4x rate=98285714 flags=0x0 enable=0 prepare=0
[    4.289986] clk-unused: enable-lock-end name=i2spcm2 parent=pll-audio0-4x rate=98285714 flags=0x0 enable=0 prepare=0
[    4.300495] clk-unused: is-enabled-begin name=i2spcm2 parent=pll-audio0-4x rate=98285714 flags=0x0 enable=0 prepare=0
[    4.311089] clk-unused: is-enabled-false name=i2spcm2 parent=pll-audio0-4x rate=98285714 flags=0x0 enable=0 prepare=0
[    4.321683] clk-unused: unlock-begin name=i2spcm2 parent=pll-audio0-4x rate=98285714 flags=0x0 enable=0 prepare=0
[    4.331940] clk-unused: unlock-end name=i2spcm2 parent=pll-audio0-4x rate=98285714 flags=0x0 enable=0 prepare=0
[    4.342028] clk-unused: subtree-done name=i2spcm2 parent=pll-audio0-4x rate=98285714 flags=0x0 enable=0 prepare=0
[    4.352285] clk-unused: child-end name=i2spcm2 parent=pll-audio0-4x rate=98285714 flags=0x0 enable=0 prepare=0
[    4.362282] clk-unused: child-begin name=i2spcm1 parent=pll-audio0-4x rate=98285714 flags=0x0 enable=0 prepare=0
[    4.372461] clk-unused: enable-lock-begin name=i2spcm1 parent=pll-audio0-4x rate=98285714 flags=0x0 enable=0 prepare=0
[    4.383158] clk-unused: enable-lock-end name=i2spcm1 parent=pll-audio0-4x rate=98285714 flags=0x0 enable=0 prepare=0
[    4.393667] clk-unused: is-enabled-begin name=i2spcm1 parent=pll-audio0-4x rate=98285714 flags=0x0 enable=0 prepare=0
[    4.404261] clk-unused: is-enabled-false name=i2spcm1 parent=pll-audio0-4x rate=98285714 flags=0x0 enable=0 prepare=0
[    4.414855] clk-unused: unlock-begin name=i2spcm1 parent=pll-audio0-4x rate=98285714 flags=0x0 enable=0 prepare=0
[    4.425115] clk-unused: unlock-end name=i2spcm1 parent=pll-audio0-4x rate=98285714 flags=0x0 enable=0 prepare=0
[    4.435201] clk-unused: subtree-done name=i2spcm1 parent=pll-audio0-4x rate=98285714 flags=0x0 enable=0 prepare=0
[    4.445458] clk-unused: child-end name=i2spcm1 parent=pll-audio0-4x rate=98285714 flags=0x0 enable=0 prepare=0
[    4.455458] clk-unused: child-begin name=i2spcm0 parent=pll-audio0-4x rate=98285714 flags=0x0 enable=0 prepare=0
[    4.465630] clk-unused: enable-lock-begin name=i2spcm0 parent=pll-audio0-4x rate=98285714 flags=0x0 enable=0 prepare=0
[    4.476322] clk-unused: enable-lock-end name=i2spcm0 parent=pll-audio0-4x rate=98285714 flags=0x0 enable=0 prepare=0
[    4.486830] clk-unused: is-enabled-begin name=i2spcm0 parent=pll-audio0-4x rate=98285714 flags=0x0 enable=0 prepare=0
[    4.497425] clk-unused: is-enabled-false name=i2spcm0 parent=pll-audio0-4x rate=98285714 flags=0x0 enable=0 prepare=0
[    4.508019] clk-unused: unlock-begin name=i2spcm0 parent=pll-audio0-4x rate=98285714 flags=0x0 enable=0 prepare=0
[    4.518282] clk-unused: unlock-end name=i2spcm0 parent=pll-audio0-4x rate=98285714 flags=0x0 enable=0 prepare=0
[    4.528368] clk-unused: subtree-done name=i2spcm0 parent=pll-audio0-4x rate=98285714 flags=0x0 enable=0 prepare=0
[    4.538625] clk-unused: child-end name=i2spcm0 parent=pll-audio0-4x rate=98285714 flags=0x0 enable=0 prepare=0
[    4.548622] clk-unused: enable-lock-begin name=pll-audio0-4x parent=pll-ref rate=98285714 flags=0x1 enable=0 prepare=0
[    4.559315] clk-unused: enable-lock-end name=pll-audio0-4x parent=pll-ref rate=98285714 flags=0x1 enable=0 prepare=0
[    4.569824] clk-unused: is-enabled-begin name=pll-audio0-4x parent=pll-ref rate=98285714 flags=0x1 enable=0 prepare=0
[    4.580418] clk-unused: is-enabled-false name=pll-audio0-4x parent=pll-ref rate=98285714 flags=0x1 enable=0 prepare=0
[    4.591012] clk-unused: unlock-begin name=pll-audio0-4x parent=pll-ref rate=98285714 flags=0x1 enable=0 prepare=0
[    4.601270] clk-unused: unlock-end name=pll-audio0-4x parent=pll-ref rate=98285714 flags=0x1 enable=0 prepare=0
[    4.611355] clk-unused: subtree-done name=pll-audio0-4x parent=pll-ref rate=98285714 flags=0x1 enable=0 prepare=0
[    4.621611] clk-unused: child-end name=pll-audio0-4x parent=pll-ref rate=98285714 flags=0x1 enable=0 prepare=0
[    4.631608] clk-unused: child-begin name=pll-ve1 parent=pll-ref rate=696000000 flags=0x1 enable=0 prepare=0
[    4.641345] clk-unused: child-begin name=ve-dec parent=pll-ve1 rate=696000000 flags=0x4 enable=0 prepare=0
[    4.650995] clk-unused: enable-lock-begin name=ve-dec parent=pll-ve1 rate=696000000 flags=0x4 enable=0 prepare=0
[    4.661166] clk-unused: enable-lock-end name=ve-dec parent=pll-ve1 rate=696000000 flags=0x4 enable=0 prepare=0
[    4.671155] clk-unused: is-enabled-begin name=ve-dec parent=pll-ve1 rate=696000000 flags=0x4 enable=0 prepare=0
[    4.681229] clk-unused: is-enabled-false name=ve-dec parent=pll-ve1 rate=696000000 flags=0x4 enable=0 prepare=0
[    4.691303] clk-unused: unlock-begin name=ve-dec parent=pll-ve1 rate=696000000 flags=0x4 enable=0 prepare=0
[    4.701043] clk-unused: unlock-end name=ve-dec parent=pll-ve1 rate=696000000 flags=0x4 enable=0 prepare=0
[    4.710607] clk-unused: subtree-done name=ve-dec parent=pll-ve1 rate=696000000 flags=0x4 enable=0 prepare=0
[    4.720345] clk-unused: child-end name=ve-dec parent=pll-ve1 rate=696000000 flags=0x4 enable=0 prepare=0
[    4.729822] clk-unused: enable-lock-begin name=pll-ve1 parent=pll-ref rate=696000000 flags=0x1 enable=0 prepare=0
[    4.740079] clk-unused: enable-lock-end name=pll-ve1 parent=pll-ref rate=696000000 flags=0x1 enable=0 prepare=0
[    4.750153] clk-unused: is-enabled-begin name=pll-ve1 parent=pll-ref rate=696000000 flags=0x1 enable=0 prepare=0
[    4.760315] clk-unused: is-enabled-false name=pll-ve1 parent=pll-ref rate=696000000 flags=0x1 enable=0 prepare=0
[    4.770475] clk-unused: unlock-begin name=pll-ve1 parent=pll-ref rate=696000000 flags=0x1 enable=0 prepare=0
[    4.780314] clk-unused: unlock-end name=pll-ve1 parent=pll-ref rate=696000000 flags=0x1 enable=0 prepare=0
[    4.789966] clk-unused: subtree-done name=pll-ve1 parent=pll-ref rate=696000000 flags=0x1 enable=0 prepare=0
[    4.799792] clk-unused: child-end name=pll-ve1 parent=pll-ref rate=696000000 flags=0x1 enable=0 prepare=0
[    4.809359] clk-unused: child-begin name=pll-ve0 parent=pll-ref rate=546000000 flags=0x1 enable=0 prepare=0
[    4.819097] clk-unused: child-begin name=ve-enc parent=pll-ve0 rate=546000000 flags=0x4 enable=0 prepare=0
[    4.828747] clk-unused: enable-lock-begin name=ve-enc parent=pll-ve0 rate=546000000 flags=0x4 enable=0 prepare=0
[    4.838919] clk-unused: enable-lock-end name=ve-enc parent=pll-ve0 rate=546000000 flags=0x4 enable=0 prepare=0
[    4.848908] clk-unused: is-enabled-begin name=ve-enc parent=pll-ve0 rate=546000000 flags=0x4 enable=0 prepare=0
[    4.858983] clk-unused: is-enabled-false name=ve-enc parent=pll-ve0 rate=546000000 flags=0x4 enable=0 prepare=0
[    4.869057] clk-unused: unlock-begin name=ve-enc parent=pll-ve0 rate=546000000 flags=0x4 enable=0 prepare=0
[    4.878793] clk-unused: unlock-end name=ve-enc parent=pll-ve0 rate=546000000 flags=0x4 enable=0 prepare=0
[    4.888357] clk-unused: subtree-done name=ve-enc parent=pll-ve0 rate=546000000 flags=0x4 enable=0 prepare=0
[    4.898095] clk-unused: child-end name=ve-enc parent=pll-ve0 rate=546000000 flags=0x4 enable=0 prepare=0
[    4.907572] clk-unused: enable-lock-begin name=pll-ve0 parent=pll-ref rate=546000000 flags=0x1 enable=0 prepare=0
[    4.917832] clk-unused: enable-lock-end name=pll-ve0 parent=pll-ref rate=546000000 flags=0x1 enable=0 prepare=0
[    4.927907] clk-unused: is-enabled-begin name=pll-ve0 parent=pll-ref rate=546000000 flags=0x1 enable=0 prepare=0
[    4.938068] clk-unused: is-enabled-false name=pll-ve0 parent=pll-ref rate=546000000 flags=0x1 enable=0 prepare=0
[    4.948229] clk-unused: unlock-begin name=pll-ve0 parent=pll-ref rate=546000000 flags=0x1 enable=0 prepare=0
[    4.958053] clk-unused: unlock-end name=pll-ve0 parent=pll-ref rate=546000000 flags=0x1 enable=0 prepare=0
[    4.967704] clk-unused: subtree-done name=pll-ve0 parent=pll-ref rate=546000000 flags=0x1 enable=0 prepare=0
[    4.977527] clk-unused: child-end name=pll-ve0 parent=pll-ref rate=546000000 flags=0x1 enable=0 prepare=0
[    4.987090] clk-unused: child-begin name=pll-video2-8x parent=pll-ref rate=2376000000 flags=0x1 enable=0 prepare=0
[    4.997434] clk-unused: child-begin name=pll-video2-3x parent=pll-video2-8x rate=792000000 flags=0x0 enable=0 prepare=0
[    5.008213] clk-unused: enable-lock-begin name=pll-video2-3x parent=pll-video2-8x rate=792000000 flags=0x0 enable=0 prepare=0
[    5.019510] clk-unused: enable-lock-end name=pll-video2-3x parent=pll-video2-8x rate=792000000 flags=0x0 enable=0 prepare=0
[    5.030626] clk-unused: is-enabled-begin name=pll-video2-3x parent=pll-video2-8x rate=792000000 flags=0x0 enable=0 prepare=0
[    5.041827] clk-unused: is-enabled-true name=pll-video2-3x parent=pll-video2-8x rate=792000000 flags=0x0 enable=0 prepare=0
[    5.052941] clk-unused: disable-begin name=pll-video2-3x parent=pll-video2-8x rate=792000000 flags=0x0 enable=0 prepare=0
[    5.063882] clk-unused: disable-end name=pll-video2-3x parent=pll-video2-8x rate=792000000 flags=0x0 enable=0 prepare=0
[    5.074649] clk-unused: unlock-begin name=pll-video2-3x parent=pll-video2-8x rate=792000000 flags=0x0 enable=0 prepare=0
[    5.085568] clk-unused: unlock-end name=pll-video2-3x parent=pll-video2-8x rate=792000000 flags=0x0 enable=0 prepare=0
[    5.096263] clk-unused: subtree-done name=pll-video2-3x parent=pll-video2-8x rate=792000000 flags=0x0 enable=0 prepare=0
[    5.107128] clk-unused: child-end name=pll-video2-3x parent=pll-video2-8x rate=792000000 flags=0x0 enable=0 prepare=0
[    5.117732] clk-unused: child-begin name=pll-video2-4x parent=pll-video2-8x rate=1188000000 flags=0x0 enable=0 prepare=0
[    5.128597] clk-unused: child-begin name=isp parent=pll-video2-4x rate=297000000 flags=0x0 enable=0 prepare=0
[    5.138509] clk-unused: enable-lock-begin name=isp parent=pll-video2-4x rate=297000000 flags=0x0 enable=0 prepare=0
[    5.148939] clk-unused: enable-lock-end name=isp parent=pll-video2-4x rate=297000000 flags=0x0 enable=0 prepare=0
[    5.159187] clk-unused: is-enabled-begin name=isp parent=pll-video2-4x rate=297000000 flags=0x0 enable=0 prepare=0
[    5.169522] clk-unused: is-enabled-false name=isp parent=pll-video2-4x rate=297000000 flags=0x0 enable=0 prepare=0
[    5.179856] clk-unused: unlock-begin name=isp parent=pll-video2-4x rate=297000000 flags=0x0 enable=0 prepare=0
[    5.189857] clk-unused: unlock-end name=isp parent=pll-video2-4x rate=297000000 flags=0x0 enable=0 prepare=0
[    5.199681] clk-unused: subtree-done name=isp parent=pll-video2-4x rate=297000000 flags=0x0 enable=0 prepare=0
[    5.209678] clk-unused: child-end name=isp parent=pll-video2-4x rate=297000000 flags=0x0 enable=0 prepare=0
[    5.219415] clk-unused: child-begin name=csi parent=pll-video2-4x rate=297000000 flags=0x0 enable=0 prepare=0
[    5.229325] clk-unused: enable-lock-begin name=csi parent=pll-video2-4x rate=297000000 flags=0x0 enable=0 prepare=0
[    5.239755] clk-unused: enable-lock-end name=csi parent=pll-video2-4x rate=297000000 flags=0x0 enable=0 prepare=0
[    5.250004] clk-unused: is-enabled-begin name=csi parent=pll-video2-4x rate=297000000 flags=0x0 enable=0 prepare=0
[    5.260339] clk-unused: is-enabled-false name=csi parent=pll-video2-4x rate=297000000 flags=0x0 enable=0 prepare=0
[    5.270673] clk-unused: unlock-begin name=csi parent=pll-video2-4x rate=297000000 flags=0x0 enable=0 prepare=0
[    5.280670] clk-unused: unlock-end name=csi parent=pll-video2-4x rate=297000000 flags=0x0 enable=0 prepare=0
[    5.290494] clk-unused: subtree-done name=csi parent=pll-video2-4x rate=297000000 flags=0x0 enable=0 prepare=0
[    5.300501] clk-unused: child-end name=csi parent=pll-video2-4x rate=297000000 flags=0x0 enable=0 prepare=0
[    5.310241] clk-unused: enable-lock-begin name=pll-video2-4x parent=pll-video2-8x rate=1188000000 flags=0x0 enable=0 prepare=0
[    5.321625] clk-unused: enable-lock-end name=pll-video2-4x parent=pll-video2-8x rate=1188000000 flags=0x0 enable=0 prepare=0
[    5.332827] clk-unused: is-enabled-begin name=pll-video2-4x parent=pll-video2-8x rate=1188000000 flags=0x0 enable=0 prepare=0
[    5.344115] clk-unused: is-enabled-true name=pll-video2-4x parent=pll-video2-8x rate=1188000000 flags=0x0 enable=0 prepare=0
[    5.355316] clk-unused: disable-begin name=pll-video2-4x parent=pll-video2-8x rate=1188000000 flags=0x0 enable=0 prepare=0
[    5.366343] clk-unused: disable-end name=pll-video2-4x parent=pll-video2-8x rate=1188000000 flags=0x0 enable=0 prepare=0
[    5.377197] clk-unused: unlock-begin name=pll-video2-4x parent=pll-video2-8x rate=1188000000 flags=0x0 enable=0 prepare=0
[    5.388161] clk-unused: unlock-end name=pll-video2-4x parent=pll-video2-8x rate=1188000000 flags=0x0 enable=0 prepare=0
[    5.398946] clk-unused: subtree-done name=pll-video2-4x parent=pll-video2-8x rate=1188000000 flags=0x0 enable=0 prepare=0
[    5.409901] clk-unused: child-end name=pll-video2-4x parent=pll-video2-8x rate=1188000000 flags=0x0 enable=0 prepare=0
[    5.420592] clk-unused: enable-lock-begin name=pll-video2-8x parent=pll-ref rate=2376000000 flags=0x1 enable=0 prepare=0
[    5.431456] clk-unused: enable-lock-end name=pll-video2-8x parent=pll-ref rate=2376000000 flags=0x1 enable=0 prepare=0
[    5.442138] clk-unused: is-enabled-begin name=pll-video2-8x parent=pll-ref rate=2376000000 flags=0x1 enable=0 prepare=0
[    5.452906] clk-unused: is-enabled-true name=pll-video2-8x parent=pll-ref rate=2376000000 flags=0x1 enable=0 prepare=0
[    5.463587] clk-unused: disable-begin name=pll-video2-8x parent=pll-ref rate=2376000000 flags=0x1 enable=0 prepare=0
[    5.474095] clk-unused: disable-end name=pll-video2-8x parent=pll-ref rate=2376000000 flags=0x1 enable=0 prepare=0
[    5.484429] clk-unused: unlock-begin name=pll-video2-8x parent=pll-ref rate=2376000000 flags=0x1 enable=0 prepare=0
[    5.494860] clk-unused: unlock-end name=pll-video2-8x parent=pll-ref rate=2376000000 flags=0x1 enable=0 prepare=0
[    5.505117] clk-unused: subtree-done name=pll-video2-8x parent=pll-ref rate=2376000000 flags=0x1 enable=0 prepare=0
[    5.515550] clk-unused: child-end name=pll-video2-8x parent=pll-ref rate=2376000000 flags=0x1 enable=0 prepare=0
[    5.525720] clk-unused: child-begin name=pll-video1-8x parent=pll-ref rate=2376000000 flags=0x1 enable=0 prepare=0
[    5.536064] clk-unused: child-begin name=pll-video1-3x parent=pll-video1-8x rate=792000000 flags=0x0 enable=0 prepare=0
[    5.546842] clk-unused: enable-lock-begin name=pll-video1-3x parent=pll-video1-8x rate=792000000 flags=0x0 enable=0 prepare=0
[    5.558139] clk-unused: enable-lock-end name=pll-video1-3x parent=pll-video1-8x rate=792000000 flags=0x0 enable=0 prepare=0
[    5.569254] clk-unused: is-enabled-begin name=pll-video1-3x parent=pll-video1-8x rate=792000000 flags=0x0 enable=0 prepare=0
[    5.580455] clk-unused: is-enabled-true name=pll-video1-3x parent=pll-video1-8x rate=792000000 flags=0x0 enable=0 prepare=0
[    5.591569] clk-unused: disable-begin name=pll-video1-3x parent=pll-video1-8x rate=792000000 flags=0x0 enable=0 prepare=0
[    5.602510] clk-unused: disable-end name=pll-video1-3x parent=pll-video1-8x rate=792000000 flags=0x0 enable=0 prepare=0
[    5.613277] clk-unused: unlock-begin name=pll-video1-3x parent=pll-video1-8x rate=792000000 flags=0x0 enable=0 prepare=0
[    5.624144] clk-unused: unlock-end name=pll-video1-3x parent=pll-video1-8x rate=792000000 flags=0x0 enable=0 prepare=0
[    5.634835] clk-unused: subtree-done name=pll-video1-3x parent=pll-video1-8x rate=792000000 flags=0x0 enable=0 prepare=0
[    5.645706] clk-unused: child-end name=pll-video1-3x parent=pll-video1-8x rate=792000000 flags=0x0 enable=0 prepare=0
[    5.656311] clk-unused: child-begin name=pll-video1-4x parent=pll-video1-8x rate=1188000000 flags=0x0 enable=0 prepare=0
[    5.667175] clk-unused: enable-lock-begin name=pll-video1-4x parent=pll-video1-8x rate=1188000000 flags=0x0 enable=0 prepare=0
[    5.678560] clk-unused: enable-lock-end name=pll-video1-4x parent=pll-video1-8x rate=1188000000 flags=0x0 enable=0 prepare=0
[    5.689762] clk-unused: is-enabled-begin name=pll-video1-4x parent=pll-video1-8x rate=1188000000 flags=0x0 enable=0 prepare=0
[    5.701049] clk-unused: is-enabled-true name=pll-video1-4x parent=pll-video1-8x rate=1188000000 flags=0x0 enable=0 prepare=0
[    5.712250] clk-unused: disable-begin name=pll-video1-4x parent=pll-video1-8x rate=1188000000 flags=0x0 enable=0 prepare=0
[    5.723277] clk-unused: disable-end name=pll-video1-4x parent=pll-video1-8x rate=1188000000 flags=0x0 enable=0 prepare=0
[    5.734131] clk-unused: unlock-begin name=pll-video1-4x parent=pll-video1-8x rate=1188000000 flags=0x0 enable=0 prepare=0
[    5.745085] clk-unused: unlock-end name=pll-video1-4x parent=pll-video1-8x rate=1188000000 flags=0x0 enable=0 prepare=0
[    5.755863] clk-unused: subtree-done name=pll-video1-4x parent=pll-video1-8x rate=1188000000 flags=0x0 enable=0 prepare=0
[    5.766813] clk-unused: child-end name=pll-video1-4x parent=pll-video1-8x rate=1188000000 flags=0x0 enable=0 prepare=0
[    5.777504] clk-unused: enable-lock-begin name=pll-video1-8x parent=pll-ref rate=2376000000 flags=0x1 enable=0 prepare=0
[    5.788374] clk-unused: enable-lock-end name=pll-video1-8x parent=pll-ref rate=2376000000 flags=0x1 enable=0 prepare=0
[    5.799055] clk-unused: is-enabled-begin name=pll-video1-8x parent=pll-ref rate=2376000000 flags=0x1 enable=0 prepare=0
[    5.809823] clk-unused: is-enabled-true name=pll-video1-8x parent=pll-ref rate=2376000000 flags=0x1 enable=0 prepare=0
[    5.820504] clk-unused: disable-begin name=pll-video1-8x parent=pll-ref rate=2376000000 flags=0x1 enable=0 prepare=0
[    5.831012] clk-unused: disable-end name=pll-video1-8x parent=pll-ref rate=2376000000 flags=0x1 enable=0 prepare=0
[    5.841346] clk-unused: unlock-begin name=pll-video1-8x parent=pll-ref rate=2376000000 flags=0x1 enable=0 prepare=0
[    5.851786] clk-unused: unlock-end name=pll-video1-8x parent=pll-ref rate=2376000000 flags=0x1 enable=0 prepare=0
[    5.862045] clk-unused: subtree-done name=pll-video1-8x parent=pll-ref rate=2376000000 flags=0x1 enable=0 prepare=0
[    5.872477] clk-unused: child-end name=pll-video1-8x parent=pll-ref rate=2376000000 flags=0x1 enable=0 prepare=0
[    5.882648] clk-unused: child-begin name=pll-video0-8x parent=pll-ref rate=2376000000 flags=0x1 enable=0 prepare=0
[    5.892993] clk-unused: child-begin name=pll-video0-3x parent=pll-video0-8x rate=792000000 flags=0x0 enable=0 prepare=0
[    5.903778] clk-unused: child-begin name=lpc parent=pll-video0-3x rate=792000000 flags=0x0 enable=0 prepare=0
[    5.913691] clk-unused: enable-lock-begin name=lpc parent=pll-video0-3x rate=792000000 flags=0x0 enable=0 prepare=0
[    5.924122] clk-unused: enable-lock-end name=lpc parent=pll-video0-3x rate=792000000 flags=0x0 enable=0 prepare=0
[    5.934370] clk-unused: is-enabled-begin name=lpc parent=pll-video0-3x rate=792000000 flags=0x0 enable=0 prepare=0
[    5.944705] clk-unused: is-enabled-false name=lpc parent=pll-video0-3x rate=792000000 flags=0x0 enable=0 prepare=0
[    5.955039] clk-unused: unlock-begin name=lpc parent=pll-video0-3x rate=792000000 flags=0x0 enable=0 prepare=0
[    5.965040] clk-unused: unlock-end name=lpc parent=pll-video0-3x rate=792000000 flags=0x0 enable=0 prepare=0
[    5.974864] clk-unused: subtree-done name=lpc parent=pll-video0-3x rate=792000000 flags=0x0 enable=0 prepare=0
[    5.984861] clk-unused: child-end name=lpc parent=pll-video0-3x rate=792000000 flags=0x0 enable=0 prepare=0
[    5.994598] clk-unused: enable-lock-begin name=pll-video0-3x parent=pll-video0-8x rate=792000000 flags=0x0 enable=0 prepare=0
[    6.005895] clk-unused: enable-lock-end name=pll-video0-3x parent=pll-video0-8x rate=792000000 flags=0x0 enable=0 prepare=0
[    6.017010] clk-unused: is-enabled-begin name=pll-video0-3x parent=pll-video0-8x rate=792000000 flags=0x0 enable=0 prepare=0
[    6.028212] clk-unused: is-enabled-true name=pll-video0-3x parent=pll-video0-8x rate=792000000 flags=0x0 enable=0 prepare=0
[    6.039326] clk-unused: disable-begin name=pll-video0-3x parent=pll-video0-8x rate=792000000 flags=0x0 enable=0 prepare=0
[    6.050267] clk-unused: disable-end name=pll-video0-3x parent=pll-video0-8x rate=792000000 flags=0x0 enable=0 prepare=0
[    6.061034] clk-unused: unlock-begin name=pll-video0-3x parent=pll-video0-8x rate=792000000 flags=0x0 enable=0 prepare=0
[    6.071924] clk-unused: unlock-end name=pll-video0-3x parent=pll-video0-8x rate=792000000 flags=0x0 enable=0 prepare=0
[    6.082617] clk-unused: subtree-done name=pll-video0-3x parent=pll-video0-8x rate=792000000 flags=0x0 enable=0 prepare=0
[    6.093481] clk-unused: child-end name=pll-video0-3x parent=pll-video0-8x rate=792000000 flags=0x0 enable=0 prepare=0
[    6.104085] clk-unused: child-begin name=pll-video0-4x parent=pll-video0-8x rate=1188000000 flags=0x0 enable=0 prepare=0
[    6.114949] clk-unused: child-begin name=fanout-27M parent=pll-video0-4x rate=1188000000 flags=0x0 enable=0 prepare=0
[    6.125555] clk-unused: enable-lock-begin name=fanout-27M parent=pll-video0-4x rate=1188000000 flags=0x0 enable=0 prepare=0
[    6.136679] clk-unused: enable-lock-end name=fanout-27M parent=pll-video0-4x rate=1188000000 flags=0x0 enable=0 prepare=0
[    6.147620] clk-unused: is-enabled-begin name=fanout-27M parent=pll-video0-4x rate=1188000000 flags=0x0 enable=0 prepare=0
[    6.158649] clk-unused: is-enabled-false name=fanout-27M parent=pll-video0-4x rate=1188000000 flags=0x0 enable=0 prepare=0
[    6.169676] clk-unused: unlock-begin name=fanout-27M parent=pll-video0-4x rate=1188000000 flags=0x0 enable=0 prepare=0
[    6.180377] clk-unused: unlock-end name=fanout-27M parent=pll-video0-4x rate=1188000000 flags=0x0 enable=0 prepare=0
[    6.190896] clk-unused: subtree-done name=fanout-27M parent=pll-video0-4x rate=1188000000 flags=0x0 enable=0 prepare=0
[    6.201587] clk-unused: child-end name=fanout-27M parent=pll-video0-4x rate=1188000000 flags=0x0 enable=0 prepare=0
[    6.212018] clk-unused: child-begin name=hdmi-tv parent=pll-video0-4x rate=1188000000 flags=0x0 enable=0 prepare=0
[    6.222361] clk-unused: enable-lock-begin name=hdmi-tv parent=pll-video0-4x rate=1188000000 flags=0x0 enable=0 prepare=0
[    6.233227] clk-unused: enable-lock-end name=hdmi-tv parent=pll-video0-4x rate=1188000000 flags=0x0 enable=0 prepare=0
[    6.243908] clk-unused: is-enabled-begin name=hdmi-tv parent=pll-video0-4x rate=1188000000 flags=0x0 enable=0 prepare=0
[    6.254676] clk-unused: is-enabled-false name=hdmi-tv parent=pll-video0-4x rate=1188000000 flags=0x0 enable=0 prepare=0
[    6.265444] clk-unused: unlock-begin name=hdmi-tv parent=pll-video0-4x rate=1188000000 flags=0x0 enable=0 prepare=0
[    6.275874] clk-unused: unlock-end name=hdmi-tv parent=pll-video0-4x rate=1188000000 flags=0x0 enable=0 prepare=0
[    6.286135] clk-unused: subtree-done name=hdmi-tv parent=pll-video0-4x rate=1188000000 flags=0x0 enable=0 prepare=0
[    6.296566] clk-unused: child-end name=hdmi-tv parent=pll-video0-4x rate=1188000000 flags=0x0 enable=0 prepare=0
[    6.306737] clk-unused: child-begin name=edp-tv parent=pll-video0-4x rate=1188000000 flags=0x0 enable=0 prepare=0
[    6.316994] clk-unused: enable-lock-begin name=edp-tv parent=pll-video0-4x rate=1188000000 flags=0x0 enable=0 prepare=0
[    6.327770] clk-unused: enable-lock-end name=edp-tv parent=pll-video0-4x rate=1188000000 flags=0x0 enable=0 prepare=0
[    6.338365] clk-unused: is-enabled-begin name=edp-tv parent=pll-video0-4x rate=1188000000 flags=0x0 enable=0 prepare=0
[    6.349047] clk-unused: is-enabled-false name=edp-tv parent=pll-video0-4x rate=1188000000 flags=0x0 enable=0 prepare=0
[    6.359727] clk-unused: unlock-begin name=edp-tv parent=pll-video0-4x rate=1188000000 flags=0x0 enable=0 prepare=0
[    6.370080] clk-unused: unlock-end name=edp-tv parent=pll-video0-4x rate=1188000000 flags=0x0 enable=0 prepare=0
[    6.380254] clk-unused: subtree-done name=edp-tv parent=pll-video0-4x rate=1188000000 flags=0x0 enable=0 prepare=0
[    6.390608] clk-unused: child-end name=edp-tv parent=pll-video0-4x rate=1188000000 flags=0x0 enable=0 prepare=0
[    6.400694] clk-unused: child-begin name=combphy1 parent=pll-video0-4x rate=1188000000 flags=0x0 enable=0 prepare=0
[    6.411125] clk-unused: enable-lock-begin name=combphy1 parent=pll-video0-4x rate=1188000000 flags=0x0 enable=0 prepare=0
[    6.422083] clk-unused: enable-lock-end name=combphy1 parent=pll-video0-4x rate=1188000000 flags=0x0 enable=0 prepare=0
[    6.432852] clk-unused: is-enabled-begin name=combphy1 parent=pll-video0-4x rate=1188000000 flags=0x0 enable=0 prepare=0
[    6.443707] clk-unused: is-enabled-false name=combphy1 parent=pll-video0-4x rate=1188000000 flags=0x0 enable=0 prepare=0
[    6.454561] clk-unused: unlock-begin name=combphy1 parent=pll-video0-4x rate=1188000000 flags=0x0 enable=0 prepare=0
[    6.465086] clk-unused: unlock-end name=combphy1 parent=pll-video0-4x rate=1188000000 flags=0x0 enable=0 prepare=0
[    6.475432] clk-unused: subtree-done name=combphy1 parent=pll-video0-4x rate=1188000000 flags=0x0 enable=0 prepare=0
[    6.485950] clk-unused: child-end name=combphy1 parent=pll-video0-4x rate=1188000000 flags=0x0 enable=0 prepare=0
[    6.496210] clk-unused: child-begin name=combphy0 parent=pll-video0-4x rate=1188000000 flags=0x0 enable=0 prepare=0
[    6.506641] clk-unused: enable-lock-begin name=combphy0 parent=pll-video0-4x rate=1188000000 flags=0x0 enable=0 prepare=0
[    6.517591] clk-unused: enable-lock-end name=combphy0 parent=pll-video0-4x rate=1188000000 flags=0x0 enable=0 prepare=0
[    6.528359] clk-unused: is-enabled-begin name=combphy0 parent=pll-video0-4x rate=1188000000 flags=0x0 enable=0 prepare=0
[    6.539214] clk-unused: is-enabled-false name=combphy0 parent=pll-video0-4x rate=1188000000 flags=0x0 enable=0 prepare=0
[    6.550068] clk-unused: unlock-begin name=combphy0 parent=pll-video0-4x rate=1188000000 flags=0x0 enable=0 prepare=0
[    6.560586] clk-unused: unlock-end name=combphy0 parent=pll-video0-4x rate=1188000000 flags=0x0 enable=0 prepare=0
[    6.570930] clk-unused: subtree-done name=combphy0 parent=pll-video0-4x rate=1188000000 flags=0x0 enable=0 prepare=0
[    6.581447] clk-unused: child-end name=combphy0 parent=pll-video0-4x rate=1188000000 flags=0x0 enable=0 prepare=0
[    6.591704] clk-unused: child-begin name=tcon-lcd2 parent=pll-video0-4x rate=1188000000 flags=0x0 enable=0 prepare=0
[    6.602224] clk-unused: enable-lock-begin name=tcon-lcd2 parent=pll-video0-4x rate=1188000000 flags=0x0 enable=0 prepare=0
[    6.613262] clk-unused: enable-lock-end name=tcon-lcd2 parent=pll-video0-4x rate=1188000000 flags=0x0 enable=0 prepare=0
[    6.624118] clk-unused: is-enabled-begin name=tcon-lcd2 parent=pll-video0-4x rate=1188000000 flags=0x0 enable=0 prepare=0
[    6.635059] clk-unused: is-enabled-false name=tcon-lcd2 parent=pll-video0-4x rate=1188000000 flags=0x0 enable=0 prepare=0
[    6.646000] clk-unused: unlock-begin name=tcon-lcd2 parent=pll-video0-4x rate=1188000000 flags=0x0 enable=0 prepare=0
[    6.656603] clk-unused: unlock-end name=tcon-lcd2 parent=pll-video0-4x rate=1188000000 flags=0x0 enable=0 prepare=0
[    6.667034] clk-unused: subtree-done name=tcon-lcd2 parent=pll-video0-4x rate=1188000000 flags=0x0 enable=0 prepare=0
[    6.677638] clk-unused: child-end name=tcon-lcd2 parent=pll-video0-4x rate=1188000000 flags=0x0 enable=0 prepare=0
[    6.687981] clk-unused: child-begin name=tcon-lcd1 parent=pll-video0-4x rate=1188000000 flags=0x0 enable=0 prepare=0
[    6.698499] clk-unused: enable-lock-begin name=tcon-lcd1 parent=pll-video0-4x rate=1188000000 flags=0x0 enable=0 prepare=0
[    6.709538] clk-unused: enable-lock-end name=tcon-lcd1 parent=pll-video0-4x rate=1188000000 flags=0x0 enable=0 prepare=0
[    6.720394] clk-unused: is-enabled-begin name=tcon-lcd1 parent=pll-video0-4x rate=1188000000 flags=0x0 enable=0 prepare=0
[    6.731335] clk-unused: is-enabled-false name=tcon-lcd1 parent=pll-video0-4x rate=1188000000 flags=0x0 enable=0 prepare=0
[    6.742276] clk-unused: unlock-begin name=tcon-lcd1 parent=pll-video0-4x rate=1188000000 flags=0x0 enable=0 prepare=0
[    6.752887] clk-unused: unlock-end name=tcon-lcd1 parent=pll-video0-4x rate=1188000000 flags=0x0 enable=0 prepare=0
[    6.763319] clk-unused: subtree-done name=tcon-lcd1 parent=pll-video0-4x rate=1188000000 flags=0x0 enable=0 prepare=0
[    6.773923] clk-unused: child-end name=tcon-lcd1 parent=pll-video0-4x rate=1188000000 flags=0x0 enable=0 prepare=0
[    6.784266] clk-unused: child-begin name=tcon-lcd0 parent=pll-video0-4x rate=1188000000 flags=0x0 enable=0 prepare=0
[    6.794784] clk-unused: enable-lock-begin name=tcon-lcd0 parent=pll-video0-4x rate=1188000000 flags=0x0 enable=0 prepare=0
[    6.805822] clk-unused: enable-lock-end name=tcon-lcd0 parent=pll-video0-4x rate=1188000000 flags=0x0 enable=0 prepare=0
[    6.816677] clk-unused: is-enabled-begin name=tcon-lcd0 parent=pll-video0-4x rate=1188000000 flags=0x0 enable=0 prepare=0
[    6.827619] clk-unused: is-enabled-false name=tcon-lcd0 parent=pll-video0-4x rate=1188000000 flags=0x0 enable=0 prepare=0
[    6.838559] clk-unused: unlock-begin name=tcon-lcd0 parent=pll-video0-4x rate=1188000000 flags=0x0 enable=0 prepare=0
[    6.849165] clk-unused: unlock-end name=tcon-lcd0 parent=pll-video0-4x rate=1188000000 flags=0x0 enable=0 prepare=0
[    6.859597] clk-unused: subtree-done name=tcon-lcd0 parent=pll-video0-4x rate=1188000000 flags=0x0 enable=0 prepare=0
[    6.870201] clk-unused: child-end name=tcon-lcd0 parent=pll-video0-4x rate=1188000000 flags=0x0 enable=0 prepare=0
[    6.880544] clk-unused: child-begin name=eink-panel parent=pll-video0-4x rate=1188000000 flags=0x4 enable=0 prepare=0
[    6.891148] clk-unused: enable-lock-begin name=eink-panel parent=pll-video0-4x rate=1188000000 flags=0x4 enable=0 prepare=0
[    6.902279] clk-unused: enable-lock-end name=eink-panel parent=pll-video0-4x rate=1188000000 flags=0x4 enable=0 prepare=0
[    6.913221] clk-unused: is-enabled-begin name=eink-panel parent=pll-video0-4x rate=1188000000 flags=0x4 enable=0 prepare=0
[    6.924249] clk-unused: is-enabled-false name=eink-panel parent=pll-video0-4x rate=1188000000 flags=0x4 enable=0 prepare=0
[    6.935276] clk-unused: unlock-begin name=eink-panel parent=pll-video0-4x rate=1188000000 flags=0x4 enable=0 prepare=0
[    6.945971] clk-unused: unlock-end name=eink-panel parent=pll-video0-4x rate=1188000000 flags=0x4 enable=0 prepare=0
[    6.956493] clk-unused: subtree-done name=eink-panel parent=pll-video0-4x rate=1188000000 flags=0x4 enable=0 prepare=0
[    6.967184] clk-unused: child-end name=eink-panel parent=pll-video0-4x rate=1188000000 flags=0x4 enable=0 prepare=0
[    6.977615] clk-unused: enable-lock-begin name=pll-video0-4x parent=pll-video0-8x rate=1188000000 flags=0x0 enable=0 prepare=0
[    6.989000] clk-unused: enable-lock-end name=pll-video0-4x parent=pll-video0-8x rate=1188000000 flags=0x0 enable=0 prepare=0
[    7.000201] clk-unused: is-enabled-begin name=pll-video0-4x parent=pll-video0-8x rate=1188000000 flags=0x0 enable=0 prepare=0
[    7.011489] clk-unused: is-enabled-true name=pll-video0-4x parent=pll-video0-8x rate=1188000000 flags=0x0 enable=0 prepare=0
[    7.022690] clk-unused: disable-begin name=pll-video0-4x parent=pll-video0-8x rate=1188000000 flags=0x0 enable=0 prepare=0
[    7.033718] clk-unused: disable-end name=pll-video0-4x parent=pll-video0-8x rate=1188000000 flags=0x0 enable=0 prepare=0
[    7.044572] clk-unused: unlock-begin name=pll-video0-4x parent=pll-video0-8x rate=1188000000 flags=0x0 enable=0 prepare=0
[    7.055531] clk-unused: unlock-end name=pll-video0-4x parent=pll-video0-8x rate=1188000000 flags=0x0 enable=0 prepare=0
[    7.066336] clk-unused: subtree-done name=pll-video0-4x parent=pll-video0-8x rate=1188000000 flags=0x0 enable=0 prepare=0
[    7.077290] clk-unused: child-end name=pll-video0-4x parent=pll-video0-8x rate=1188000000 flags=0x0 enable=0 prepare=0
[    7.087981] clk-unused: enable-lock-begin name=pll-video0-8x parent=pll-ref rate=2376000000 flags=0x1 enable=0 prepare=0
[    7.098844] clk-unused: enable-lock-end name=pll-video0-8x parent=pll-ref rate=2376000000 flags=0x1 enable=0 prepare=0
[    7.109526] clk-unused: is-enabled-begin name=pll-video0-8x parent=pll-ref rate=2376000000 flags=0x1 enable=0 prepare=0
[    7.120294] clk-unused: is-enabled-true name=pll-video0-8x parent=pll-ref rate=2376000000 flags=0x1 enable=0 prepare=0
[    7.130975] clk-unused: disable-begin name=pll-video0-8x parent=pll-ref rate=2376000000 flags=0x1 enable=0 prepare=0
[    7.141482] clk-unused: disable-end name=pll-video0-8x parent=pll-ref rate=2376000000 flags=0x1 enable=0 prepare=0
[    7.151816] clk-unused: unlock-begin name=pll-video0-8x parent=pll-ref rate=2376000000 flags=0x1 enable=0 prepare=0
[    7.162248] clk-unused: unlock-end name=pll-video0-8x parent=pll-ref rate=2376000000 flags=0x1 enable=0 prepare=0
[    7.172508] clk-unused: subtree-done name=pll-video0-8x parent=pll-ref rate=2376000000 flags=0x1 enable=0 prepare=0
[    7.182938] clk-unused: child-end name=pll-video0-8x parent=pll-ref rate=2376000000 flags=0x1 enable=0 prepare=0
[    7.193109] clk-unused: child-begin name=pll-gpu parent=pll-ref rate=840000000 flags=0x1 enable=0 prepare=0
[    7.202846] clk-unused: child-begin name=gpu parent=pll-gpu rate=840000000 flags=0x0 enable=0 prepare=0
[    7.212237] clk-unused: enable-lock-begin name=gpu parent=pll-gpu rate=840000000 flags=0x0 enable=0 prepare=0
[    7.222148] clk-unused: enable-lock-end name=gpu parent=pll-gpu rate=840000000 flags=0x0 enable=0 prepare=0
[    7.231877] clk-unused: is-enabled-begin name=gpu parent=pll-gpu rate=840000000 flags=0x0 enable=0 prepare=0
[    7.241692] clk-unused: is-enabled-false name=gpu parent=pll-gpu rate=840000000 flags=0x0 enable=0 prepare=0
[    7.251505] clk-unused: unlock-begin name=gpu parent=pll-gpu rate=840000000 flags=0x0 enable=0 prepare=0
[    7.260982] clk-unused: unlock-end name=gpu parent=pll-gpu rate=840000000 flags=0x0 enable=0 prepare=0
[    7.270285] clk-unused: subtree-done name=gpu parent=pll-gpu rate=840000000 flags=0x0 enable=0 prepare=0
[    7.279766] clk-unused: child-end name=gpu parent=pll-gpu rate=840000000 flags=0x0 enable=0 prepare=0
[    7.288974] clk-unused: enable-lock-begin name=pll-gpu parent=pll-ref rate=840000000 flags=0x1 enable=0 prepare=0
[    7.299232] clk-unused: enable-lock-end name=pll-gpu parent=pll-ref rate=840000000 flags=0x1 enable=0 prepare=0
[    7.309307] clk-unused: is-enabled-begin name=pll-gpu parent=pll-ref rate=840000000 flags=0x1 enable=0 prepare=0
[    7.319469] clk-unused: is-enabled-false name=pll-gpu parent=pll-ref rate=840000000 flags=0x1 enable=0 prepare=0
[    7.329629] clk-unused: unlock-begin name=pll-gpu parent=pll-ref rate=840000000 flags=0x1 enable=0 prepare=0
[    7.339460] clk-unused: unlock-end name=pll-gpu parent=pll-ref rate=840000000 flags=0x1 enable=0 prepare=0
[    7.349112] clk-unused: subtree-done name=pll-gpu parent=pll-ref rate=840000000 flags=0x1 enable=0 prepare=0
[    7.358935] clk-unused: child-end name=pll-gpu parent=pll-ref rate=840000000 flags=0x1 enable=0 prepare=0
[    7.368499] clk-unused: child-begin name=pll-periph1-4x parent=pll-ref rate=2400000000 flags=0x1 enable=1 prepare=1
[    7.378930] clk-unused: child-begin name=pll-periph1-480M parent=pll-periph1-4x rate=480000000 flags=0x0 enable=0 prepare=0
[    7.390058] clk-unused: child-begin name=pll-periph1-160M parent=pll-periph1-480M rate=160000000 flags=0x0 enable=0 prepare=0
[    7.401356] clk-unused: enable-lock-begin name=pll-periph1-160M parent=pll-periph1-480M rate=160000000 flags=0x0 enable=0 prepare=0
[    7.413181] clk-unused: enable-lock-end name=pll-periph1-160M parent=pll-periph1-480M rate=160000000 flags=0x0 enable=0 prepare=0
[    7.424817] clk-unused: is-enabled-begin name=pll-periph1-160M parent=pll-periph1-480M rate=160000000 flags=0x0 enable=0 prepare=0
[    7.436538] clk-unused: is-enabled-false name=pll-periph1-160M parent=pll-periph1-480M rate=160000000 flags=0x0 enable=0 prepare=0
[    7.448259] clk-unused: unlock-begin name=pll-periph1-160M parent=pll-periph1-480M rate=160000000 flags=0x0 enable=0 prepare=0
[    7.459646] clk-unused: unlock-end name=pll-periph1-160M parent=pll-periph1-480M rate=160000000 flags=0x0 enable=0 prepare=0
[    7.470863] clk-unused: subtree-done name=pll-periph1-160M parent=pll-periph1-480M rate=160000000 flags=0x0 enable=0 prepare=0
[    7.482248] clk-unused: child-end name=pll-periph1-160M parent=pll-periph1-480M rate=160000000 flags=0x0 enable=0 prepare=0
[    7.493372] clk-unused: enable-lock-begin name=pll-periph1-480M parent=pll-periph1-4x rate=480000000 flags=0x0 enable=0 prepare=0
[    7.505018] clk-unused: enable-lock-end name=pll-periph1-480M parent=pll-periph1-4x rate=480000000 flags=0x0 enable=0 prepare=0
[    7.516480] clk-unused: is-enabled-begin name=pll-periph1-480M parent=pll-periph1-4x rate=480000000 flags=0x0 enable=0 prepare=0
[    7.528028] clk-unused: is-enabled-true name=pll-periph1-480M parent=pll-periph1-4x rate=480000000 flags=0x0 enable=0 prepare=0
[    7.539489] clk-unused: disable-begin name=pll-periph1-480M parent=pll-periph1-4x rate=480000000 flags=0x0 enable=0 prepare=0
[    7.550776] clk-unused: disable-end name=pll-periph1-480M parent=pll-periph1-4x rate=480000000 flags=0x0 enable=0 prepare=0
[    7.561890] clk-unused: unlock-begin name=pll-periph1-480M parent=pll-periph1-4x rate=480000000 flags=0x0 enable=0 prepare=0
[    7.573102] clk-unused: unlock-end name=pll-periph1-480M parent=pll-periph1-4x rate=480000000 flags=0x0 enable=0 prepare=0
[    7.584139] clk-unused: subtree-done name=pll-periph1-480M parent=pll-periph1-4x rate=480000000 flags=0x0 enable=0 prepare=0
[    7.595357] clk-unused: child-end name=pll-periph1-480M parent=pll-periph1-4x rate=480000000 flags=0x0 enable=0 prepare=0
[    7.606311] clk-unused: child-begin name=pll-periph1-800M parent=pll-periph1-4x rate=800000000 flags=0x0 enable=0 prepare=0
[    7.617436] clk-unused: enable-lock-begin name=pll-periph1-800M parent=pll-periph1-4x rate=800000000 flags=0x0 enable=0 prepare=0
