[  240.432ń......


[70]HELLO! BOOT0 is starting!
[73]BOOT0 commit : {9f6fab4f-dirty}
[87]dram_para_total:0xf
[89]vaild para:6  select dram para0
[93][mmc]: mmc driver ver 2024-03-20 10:36
[102][mmc]: Wrong media type 0x0
[106][mmc]: ***Try SD card 0***
[121][mmc]: HSSDR52/SDR25 4 bit
[124][mmc]: 50000000 Hz
[126][mmc]: 119850 MB
[128][mmc]: ***SD/MMC 0 init OK!!!***
[134]DRAM BOOT DRIVE INFO: V0.601
[138]DRAM_VCC set to 560 mv
[141]DRAM CLK =2400 MHZ
[144]DRAM Type =9 (8:LPDDR4,9:LPDDR5)
[296]Training result is = 7
[299]DRAM Pstate 1 training, frequency is 1200 Mhz
[480]Training result is = 7
[483]DRAM Pstate 2 training, frequency is 800 Mhz
[831]Training result is = 7
[833]DRAM Pstate 3 training, frequency is 400 Mhz
[919]Training result is = 7
[921]DRAM Pstate 0 training, frequency is 2400 Mhz
[930]Actual DRAM SIZE =4096 M
[933]DRAM SIZE =4096 MBytes, para1 = a0fa, para2 = 10001001, dram_tpr13 = 65
[948]DRAM simple test OK.
[950]key press : 
[958]error:bad magic.
[1021]error: dtb not found for scp
[1025]mmc not para
[1027]Jump to ATF: monitor_base = 0x48000000, uboot_base = 0x4a000000, optee_base = 0x0
NOTICE:  BL31: OP-TEE 32bit detected
NOTICE:  BL31: U-BOOT 32bit detected
NOTICE:  BL31: v2.5(debug):5fc237a6a
NOTICE:  BL31: Built : 09:05:28, Feb 26 2025
NOTICE:  BL31: No DTB found.
ERROR:   Error initializing runtime service opteed_fast


U-Boot 2018.07-12-boot-aw2501-gb2d229198b2-dirty (Jan 06 2026 - 03:45:33 +0000) Allwinner Technology

[01.078]CPU:   Allwinner Family
[01.081]Model: Radxa Cubie A7A
I2C:   ready
[01.142]DRAM:  4 GiB
[01.150]Relocation Offset is: 75d89000
[01.201]secure enable bit: 0
[01.204]PMU: AXP8191
[01.206]PMU: AXP8191 VER_A
FDT ERROR:fdt_get_regulator_name:get property handle twi-supply error:FDT_ERR_INTERNAL
[01.218]bmu_axp515_probe pmic_bus_read fail
[01.222][AXP8191] onoff status: 0x50 = 0x1, 0x51 = 0x0
[01.227][AXP8191] charge status: 0x4 = 0x0
[01.231]CPU=1014 MHz,PLL6=1200 Mhz,AHB=200 Mhz, APB1=24Mhz  MBus=600Mhz
[01.237]gic: sec monitor mode
SPI ALL:   ready
[01.281]flash init start
[01.283]workmode = 0,storage type = 1
[01.287][mmc]: mmc driver ver uboot2018:2024-10-18 9:01:00 -- uboot2018:2025-03-28 10:03:00
[01.295][mmc]: get sdc_type fail and use default host:tm1.
[01.303][mmc]: can't find node "mmc0",will add new node
[01.308][mmc]: fdt err returned <no error>
[01.311][mmc]: Using default timing para
[01.315][mmc]: SUNXI SDMMC Controller Version:0x50530
[01.338][mmc]: card_caps:0x3000000a
[01.341][mmc]: host_caps:0x3000003f
[01.345]sunxi flash init ok
get value error
[01.355]Loading Environment from SUNXI_FLASH... OK
No ethernet found.
[01.392]NOT support bridge yet
[01.395]Warn: no find panel or bridge
[01.399]hdmi0@5520000 disconnected
[01.402]drm hdmi get mode: 1920x1080@60Hz
hdmi0@5520000: use force output detailed mode clock 148500 kHz, flags[5]
    H: 1920 2008 2052 2200
    V: 1080 1084 1089 1125
bus_format: 0
clk_set_rate: <NULL> has NULL parent
[01.504]suxni tcon hdmi set rate: 148500000Hz and get diff: -148500000Hz
[01.576]the secure storage item0 copy0 magic is bad
[01.587]the secure storage item0 copy1 magic is bad
[01.592]usb burn from boot
delay time 0
[01.598]usb prepare ok
[01.901]overtime
[01.905]do_burn_from_boot usb : no usb exist
skip update boot_param
cann't get the boot_base from the env
[01.918]update part info
[01.923]battery temp is -1
[01.928]update bootcmd
[01.936](not enough data: expected >= 8 cells, got 4 cells)
Link up timeout
Speed change timeout
PCIe speed of Gen1
Override default fdtfile to allwinner/sun60i-a733-cubie-a7s.dtb
[04.380]libfdt fdt_check_header(): FDT_ERR_BADMAGIC
[04.386]libfdt fdt_path_offset() returned FDT_ERR_BADMAGIC
[04.392][mmc]: get sunxi-mmc0 string failed
[04.396]The storage not support sample function
[04.402]## error: update_fdt_dram_para_from_bootpara : FDT_ERR_NOTFOUND
ret 0
[04.412]chip id : 0x00005100 0x00004900 0x0000c418 0x000022d4
[04.418]mac addr => 08:51:49:dc:f6:6c
[04.421]chip id : 0x00005100 0x00004900 0x0000c418 0x000022d4
[04.427]mac addr => 08:51:49:dc:f6:6d
[04.431]/chosen/rng-seed node not exit
[04.434]no battery, disabled battery functons
[04.439]Could not find nodeoffset for bat_supply
[04.443]update dts
curr_device:0
Device: SUNXI SD/MMC
Manufacturer ID: ad
OEM: 4c53
Name: USD00 
Bus Speed: 50000000
Mode : SD High Speed (50MHz)
Rd Block Len: 512
SD version 3.0
High Capacity: Yes
Capacity: 117 GiB
Bus Width: 4-bit
Erase Group Size: 512 Bytes
[ufs]info:Driver version 0.0.24 2024.12.30 16:00
[ufs]info:Cal words 0x60:val 0xac5e0000, 0x64:val 0x4d1da478
[ufs]err:uic c 16,uic a 0,1,0
[ufs]err:e 80000010,0,0,0,0
[ufs]err:int s 0,400
[ufs]err:Device not present
[ufs]err:wait device link startup failed
[ufs]info:peer link startup timeout
[ufs]info:Cal words 0x60:val 0xac5e0000, 0x64:val 0x4d1da478
[ufs]err:uic c 16,uic a 0,1,0
[ufs]err:e 80000010,0,0,0,0
[ufs]err:int s 0,400
[ufs]err:Device not present
[ufs]err:wait device link startup failed
[ufs]info:peer link startup timeout
[ufs]info:Cal words 0x60:val 0xac5e0000, 0x64:val 0x4d1da478
[ufs]err:uic c 16,uic a 0,1,0
[ufs]err:e 80000010,0,0,0,0
[ufs]err:int s 0,400
[ufs]err:Device not present
[ufs]err:wait device link startup failed
[ufs]info:peer link startup timeout
[ufs]info:Cal words 0x60:val 0xac5e0000, 0x64:val 0x4d1da478
[ufs]err:uic c 16,uic a 0,1,0
[ufs]err:e 80000010,0,0,0,0
[ufs]err:int s 0,400
[ufs]err:Device not present
[ufs]err:wait device link startup failed
[ufs]info:peer link startup timeout
[ufs]err:link startup failed -6
[ufs]err:ufshcd_probe() failed -6
fail to init ufs
sunxi_flash - sunxi_flash sub-system

Usage:
sunxi_flash sunxi_flash init storage_type
sunxi_flash read mem_addr part_name [size]
sunxi_flash read_mtd mem_addr part_name [size]
sunxi_flash write <mem_addr> <part_name> [size]
sunxi_flash write <mem_addr> <part_name> [offset] [size]
sunxi_flash write_mtd <mem_addr> <part_name>
sunxi_flash boot0 force_dram_update_size <new_val> 
sunxi_flash boot0 force_dram_update_flag <new_val> 

Hit any key to stop autoboot:  0 
=> <INTERRUPT>
=> <INTERRUPT>
=> <INTERRUPT>
=> <INTERRUPT>
=> <INTERRUPT>
=> <INTERRUPT>
=> <INTERRUPT>
=> <INTERRUPT>
=> <INTERRUPT>
=> <INTERRUPT>
=> <INTERRUPT>
=> <INTERRUPT>
=> <INTERRUPT>
=> <INTERRUPT>
=> <INTERRUPT>
=> <INTERRUPT>
=> <INTERRUPT>
=> <INTERRUPT>
=> <INTERRUPT>
=> <INTERRUPT>
=> <INTERRUPT>
=> <INTERRUPT>
=> <INTERRUPT>
=> <INTERRUPT>
=> <INTERRUPT>
=> setenv drm_debug 1
=> mmc dev 0
mmc0 is current device
=> mmc rescan
[05.542][mmc]: card_caps:0x3000000a
[05.545][mmc]: host_caps:0x3000003f
=> part list mmc 0

Partition Map for MMC device 0  --   Partition Type: EFI

Part	Start LBA	End LBA		Name
	Attributes
	Type GUID
	Partition GUID
  1	0x00008000	0x0000ffff	"primary"
	attrs:	0x0000000000000000
	type:	0fc63daf-8483-4772-8e79-3d69d8477de4
	guid:	0d30537f-ad9b-4bc3-b2f6-73066b8c4e39
  2	0x00010000	0x000a5fff	"primary"
	attrs:	0x0000000000000004
	type:	c12a7328-f81f-11d2-ba4b-00a0c93ec93b
	guid:	988049b8-f471-470d-ae91-a5d78cc7605d
  3	0x000a6000	0x0ea14fde	"primary"
	attrs:	0x0000000000000004
	type:	0fc63daf-8483-4772-8e79-3d69d8477de4
	guid:	db375e07-7682-4d4e-b8bc-a923dd0b027e
=> ext4load mmc 0:3 0x40080000 /boot/cthu/Image
43244032 bytes read in 1810 ms (22.8 MiB/s)
=> echo kernel_filesize=${filesize}
kernel_filesize=293da00
=> ext4load mmc 0:3 0x4fa00000 /boot/cthu/a733.dtb
4705 bytes read in 24 ms (191.4 KiB/s)
=> echo fdt_filesize=${filesize}
fdt_filesize=1261
=> fdt addr 0x4fa00000
=> fdt header
magic:			0xd00dfeed
totalsize:		0x1261 (4705)
off_dt_struct:		0x38
off_dt_strings:		0xffc
off_mem_rsvmap:		0x28
version:		17
last_comp_version:	16
boot_cpuid_phys:	0x0
size_dt_strings:	0x265
size_dt_struct:		0xfc4
number mem_rsv:		0x0

=> setenv bootargs console=ttyS0,115200n8 earlycon=uart8250,mmio32,0x02500000 loglevel=8 ignore_loglevel drm_debug=1 root=PARTUUID=db375e07-7682-4d4e-b8bc-a923dd0b027e rootfstype=ext4 rootwait ro rootflags=noload init=/bin/sh
=> booti 0x40080000 - 0x4fa00000
[07.972]libfdt fdt_path_offset() returned FDT_ERR_BADMAGIC
[07.977][mmc]: get sunxi-mmc0 string failed
[07.981]## error: sunxi_update_fdt_para_for_kernel : FDT_ERR_BADPATH
[07.987]The storage not support sample function
[07.991]## error: update_fdt_dram_para_from_bootpara : FDT_ERR_NOTFOUND
drm debug mode: 1 
[07.999]mac addr => 08:51:49:dc:f6:6c
[08.003]mac addr => 08:51:49:dc:f6:6d
[08.006]no battery, disabled battery functons
[08.010]Could not find nodeoffset for bat_supply
[08.015]update dts
[08.017]Starting kernel ...

[08.019]total: 8019 ms

[08.022][mmc]: MMC Device 2 not found
[08.025][mmc]: mmc 2 not find, so not exit
NOTICE:  [SCP] :wait arisc ready....
NOTICE:  [SCP] :arisc version: [d463b9da43dc50320f21ba51c6c51afe2db20d83]
NOTICE:  [SCP] :arisc startup ready
NOTICE:  [SCP] :arisc startup notify message feedback
NOTICE:  [SCP] :sunxi-arisc driver is starting
NOTICE:  BL3-1: Next image address = 0x40200000
NOTICE:  BL3-1: Next image spsr = 0x3c5
[    0.000000] Booting Linux on physical CPU 0x0000000000 [0x412fd050]
[    0.000000] Linux version 7.1.0-rc5-00217-gd4c41b4d2c94 (enzo@strix) (aarch64-linux-gnu-gcc (Ubuntu 15.2.0-16ubuntu1) 15.2.0, GNU ld (GNU Binutils for Ubuntu) 2.46) #1 SMP PREEMPT Wed Jun 10 02:30:16 EDT 2026
[    0.000000] KASLR disabled due to lack of seed
[    0.000000] random: crng init done
[    0.000000] Machine model: Radxa Cubie A7S
[    0.000000] earlycon: uart8250 at MMIO32 0x0000000002500000 (options '')
[    0.000000] printk: legacy bootconsole [uart8250] enabled
[    0.000000] printk: debug: ignoring loglevel setting.
[    0.000000] efi: UEFI not found.
[    0.000000] OF: reserved mem: Reserved memory: No reserved-memory node in the DT
[    0.000000] NUMA: Faking a node at [mem 0x0000000040000000-0x000000013fffffff]
[    0.000000] NODE_DATA(0) allocated [mem 0x13f801d40-0x13f80443f]
[    0.000000] cma: Reserved 32 MiB at 0x00000000fe000000
[    0.000000] psci: probing for conduit method from DT.
[    0.000000] psci: PSCIv1.1 detected in firmware.
[    0.000000] psci: Using standard PSCI v0.2 function IDs
[    0.000000] psci: MIGRATE_INFO_TYPE not supported.
[    0.000000] psci: SMC Calling Convention v1.2
[    0.000000] Zone ranges:
[    0.000000]   DMA      [mem 0x0000000040000000-0x00000000ffffffff]
[    0.000000]   DMA32    empty
[    0.000000]   Normal   [mem 0x0000000100000000-0x000000013fffffff]
[    0.000000] Movable zone start for each node
[    0.000000] Early memory node ranges
[    0.000000]   node   0: [mem 0x0000000040000000-0x000000013fffffff]
[    0.000000] Initmem setup node 0 [mem 0x0000000040000000-0x000000013fffffff]
[    0.000000] percpu: Embedded 26 pages/cpu s66520 r8192 d31784 u106496
[    0.000000] pcpu-alloc: s66520 r8192 d31784 u106496 alloc=26*4096
[    0.000000] pcpu-alloc: [0] 0 [0] 1 [0] 2 [0] 3 [0] 4 [0] 5 [0] 6 [0] 7 
[    0.000000] Detected VIPT I-cache on CPU0
[    0.000000] CPU features: detected: GICv3 CPU interface
[    0.000000] CPU features: detected: ARM errata 1165522, 1319367, or 1530923
[    0.000000] alternatives: applying boot alternatives
[    0.000000] Kernel command line: console=ttyS0,115200n8 earlycon=uart8250,mmio32,0x02500000 loglevel=8 ignore_loglevel drm_debug=1 root=PARTUUID=db375e07-7682-4d4e-b8bc-a923dd0b027e rootfstype=ext4 rootwait ro rootflags=noload init=/bin/sh
[    0.000000] Unknown kernel command line parameters "drm_debug=1", will be passed to user space.
[    0.000000] printk: log buffer data + meta data: 131072 + 458752 = 589824 bytes
[    0.000000] Dentry cache hash table entries: 524288 (order: 10, 4194304 bytes, linear)
[    0.000000] Inode-cache hash table entries: 262144 (order: 9, 2097152 bytes, linear)
[    0.000000] software IO TLB: area num 8.
[    0.000000] software IO TLB: mapped [mem 0x00000000fa000000-0x00000000fe000000] (64MB)
[    0.000000] Fallback order for Node 0: 0 
[    0.000000] Built 1 zonelists, mobility grouping on.  Total pages: 1048576
[    0.000000] Policy zone: Normal
[    0.000000] mem auto-init: stack:all(zero), heap alloc:off, heap free:off
[    0.000000] SLUB: HWalign=64, Order=0-3, MinObjects=0, CPUs=8, Nodes=1
[    0.000000] rcu: Preemptible hierarchical RCU implementation.
[    0.000000] rcu: 	RCU event tracing is enabled.
[    0.000000] rcu: 	RCU restricting CPUs from NR_CPUS=512 to nr_cpu_ids=8.
[    0.000000] 	Trampoline variant of Tasks RCU enabled.
[    0.000000] 	Tracing variant of Tasks RCU enabled.
[    0.000000] rcu: RCU calculated value of scheduler-enlistment delay is 25 jiffies.
[    0.000000] rcu: Adjusting geometry for rcu_fanout_leaf=16, nr_cpu_ids=8
[    0.000000] RCU Tasks: Setting shift to 3 and lim to 1 rcu_task_cb_adjust=1 rcu_task_cpu_ids=8.
[    0.000000] NR_IRQS: 64, nr_irqs: 64, preallocated irqs: 0
[    0.000000] GICv3: 256 SPIs implemented
[    0.000000] GICv3: 0 Extended SPIs implemented
[    0.000000] Root IRQ handler: gic_handle_irq
[    0.000000] GICv3: GICv3 features: 16 PPIs
[    0.000000] GICv3: GICD_CTLR.DS=0, SCR_EL3.FIQ=0
[    0.000000] GICv3: CPU0: found redistributor 0 region 0:0x0000000003460000
[    0.000000] ITS: No ITS available, not enabling LPIs
[    0.000000] rcu: srcu_init: Setting srcu_struct sizes based on contention.
[    0.000000] arch_timer: cp15 timer running at 24.00MHz (virt).
[    0.000000] clocksource: arch_sys_counter: mask: 0xffffffffffffff max_cycles: 0x588fe9dc0, max_idle_ns: 440795202592 ns
[    0.000000] sched_clock: 56 bits at 24MHz, resolution 41ns, wraps every 4398046511097ns
[    0.008353] Console: colour dummy device 80x25
[    0.012916] Calibrating delay loop (skipped), value calculated using timer frequency.. 48.00 BogoMIPS (lpj=96000)
[    0.023205] pid_max: default: 32768 minimum: 301
[    0.028104] Mount-cache hash table entries: 8192 (order: 4, 65536 bytes, linear)
[    0.035535] Mountpoint-cache hash table entries: 8192 (order: 4, 65536 bytes, linear)
[    0.043661] VFS: Finished mounting rootfs on nullfs
[    0.049315] cacheinfo: Unable to detect cache hierarchy for CPU 0
[    0.056425] rcu: Hierarchical SRCU implementation.
[    0.061251] rcu: 	Max phase no-delay instances is 1000.
[    0.066690] Timer migration: 1 hierarchy levels; 8 children per group; 1 crossnode level
[    0.075200] EFI services will not be available.
[    0.080076] smp: Bringing up secondary CPUs ...
[    0.085101] Detected VIPT I-cache on CPU1
[    0.085162] GICv3: CPU1: found redistributor 100 region 0:0x0000000003480000
[    0.085201] CPU1: Booted secondary processor 0x0000000100 [0x412fd050]
[    0.085790] Detected VIPT I-cache on CPU2
[    0.085845] GICv3: CPU2: found redistributor 200 region 0:0x00000000034a0000
[    0.085878] CPU2: Booted secondary processor 0x0000000200 [0x412fd050]
[    0.086438] Detected VIPT I-cache on CPU3
[    0.086488] GICv3: CPU3: found redistributor 300 region 0:0x00000000034c0000
[    0.086516] CPU3: Booted secondary processor 0x0000000300 [0x412fd050]
[    0.087074] Detected VIPT I-cache on CPU4
[    0.087122] GICv3: CPU4: found redistributor 400 region 0:0x00000000034e0000
[    0.087149] CPU4: Booted secondary processor 0x0000000400 [0x412fd050]
[    0.087720] Detected VIPT I-cache on CPU5
[    0.087770] GICv3: CPU5: found redistributor 500 region 0:0x0000000003500000
[    0.087798] CPU5: Booted secondary processor 0x0000000500 [0x412fd050]
[    0.088384] CPU features: detected: Spectre-v4
[    0.088390] CPU features: detected: Spectre-BHB
[    0.088395] CPU features: detected: SSBS not fully self-synchronizing
[    0.088397] Detected PIPT I-cache on CPU6
[    0.088426] GICv3: CPU6: found redistributor 600 region 0:0x0000000003520000
[    0.088443] CPU6: Booted secondary processor 0x0000000600 [0x414fd0b1]
[    0.088988] Detected PIPT I-cache on CPU7
[    0.089022] GICv3: CPU7: found redistributor 700 region 0:0x0000000003540000
[    0.089040] CPU7: Booted secondary processor 0x0000000700 [0x414fd0b1]
[    0.089123] smp: Brought up 1 node, 8 CPUs
[    0.231822] SMP: Total of 8 processors activated.
[    0.236541] CPU: All CPU(s) started at EL1
[    0.240673] CPU features: detected: 32-bit EL0 Support
[    0.245830] CPU features: detected: Data cache clean to the PoU not required for I/D coherence
[    0.254477] CPU features: detected: Common not Private translations
[    0.260744] CPU features: detected: CRC32 instructions
[    0.265903] CPU features: detected: RCpc load-acquire (LDAPR)
[    0.271663] CPU features: detected: LSE atomic instructions
[    0.277233] CPU features: detected: Privileged Access Never
[    0.282827] CPU features: detected: PMUv3
[    0.286835] CPU features: detected: RAS Extension Support
[    0.292233] CPU features: detected: XNX
[    0.296073] CPU features: detected: Speculative Store Bypassing Safe (SSBS)
[    0.303103] alternatives: applying system-wide alternatives
[    0.312527] CPU features: detected: Hardware dirty bit management on CPU6-7
[    0.319960] Memory: 3966244K/4194304K available (18880K kernel code, 5302K rwdata, 14508K rodata, 3392K init, 718K bss, 190672K reserved, 32768K cma-reserved)
[    0.335591] devtmpfs: initialized
[    0.343589] clocksource: jiffies: mask: 0xffffffff max_cycles: 0xffffffff, max_idle_ns: 7645041785100000 ns
[    0.353369] posixtimers hash table entries: 4096 (order: 4, 65536 bytes, linear)
[    0.360867] futex hash table entries: 2048 (131072 bytes on 1 NUMA nodes, total 128 KiB, linear).
[    0.370064] 22000 pages in range for non-PLT usage
[    0.370073] 513520 pages in range for PLT usage
[    0.376677] DMI: not present or invalid.
[    0.387928] NET: Registered PF_NETLINK/PF_ROUTE protocol family
[    0.394837] DMA: preallocated 512 KiB GFP_KERNEL pool for atomic allocations
[    0.402028] DMA: preallocated 512 KiB GFP_KERNEL|GFP_DMA pool for atomic allocations
[    0.409834] audit: initializing netlink subsys (disabled)
[    0.415364] audit: type=2000 audit(0.260:1): state=initialized audit_enabled=0 res=1
[    0.416325] thermal_sys: Registered thermal governor 'step_wise'
[    0.423199] thermal_sys: Registered thermal governor 'power_allocator'
[    0.429280] cpuidle: using governor menu
[    0.440022] hw-breakpoint: found 6 breakpoint and 4 watchpoint registers.
[    0.446989] ASID allocator initialised with 65536 entries
[    0.454792] Serial: AMBA PL011 UART driver
[    0.460764] /soc/clock-controller@2002000: Fixed dependency cycle(s) with /soc/rtc@7090000
[    0.469073] /soc/clock-controller@7010000: Fixed dependency cycle(s) with /soc/clock-controller@2002000
[    0.478491] /soc/clock-controller@7010000: Fixed dependency cycle(s) with /soc/rtc@7090000
[    0.486800] /soc/rtc@7090000: Fixed dependency cycle(s) with /soc/clock-controller@7010000
[    0.496090] /soc/clock-controller@2002000: Fixed dependency cycle(s) with /soc/rtc@7090000
[    0.505791] /soc/clock-controller@7010000: Fixed dependency cycle(s) with /soc/clock-controller@2002000
[    0.515249] /soc/clock-controller@7010000: Fixed dependency cycle(s) with /soc/rtc@7090000
[    0.523911] /soc/clock-controller@7010000: Fixed dependency cycle(s) with /soc/rtc@7090000
[    0.532257] /soc/clock-controller@2002000: Fixed dependency cycle(s) with /soc/rtc@7090000
[    0.540648] /soc/rtc@7090000: Fixed dependency cycle(s) with /soc/clock-controller@7010000
[    0.550542] HugeTLB: registered 1.00 GiB page size, pre-allocated 0 pages
[    0.557362] HugeTLB: 0 KiB vmemmap can be freed for a 1.00 GiB page
[    0.563644] HugeTLB: registered 32.0 MiB page size, pre-allocated 0 pages
[    0.570446] HugeTLB: 0 KiB vmemmap can be freed for a 32.0 MiB page
[    0.576746] HugeTLB: registered 2.00 MiB page size, pre-allocated 0 pages
[    0.583556] HugeTLB: 0 KiB vmemmap can be freed for a 2.00 MiB page
[    0.589847] HugeTLB: registered 64.0 KiB page size, pre-allocated 0 pages
[    0.596641] HugeTLB: 0 KiB vmemmap can be freed for a 64.0 KiB page
[    0.604858] ACPI: Interpreter disabled.
[    0.610424] iommu: Default domain type: Translated
[    0.615237] iommu: DMA domain TLB invalidation policy: strict mode
[    0.622141] SCSI subsystem initialized
[    0.626075] libata version 3.00 loaded.
[    0.630213] usbcore: registered new interface driver usbfs
[    0.635762] usbcore: registered new interface driver hub
[    0.641115] usbcore: registered new device driver usb
[    0.646648] pps_core: LinuxPPS API ver. 1 registered
[    0.651640] pps_core: Software ver. 5.3.6 - Copyright 2005-2007 Rodolfo Giometti <giometti@linux.it>
[    0.660778] PTP clock support registered
[    0.664834] EDAC MC: Ver: 3.0.0
[    0.668302] scmi_core: SCMI protocol bus registered
[    0.673866] FPGA manager framework
[    0.678419] vgaarb: loaded
[    0.681519] clocksource: Switched to clocksource arch_sys_counter
[    0.687976] VFS: Disk quotas dquot_6.6.0
[    0.691929] VFS: Dquot-cache hash table entries: 512 (order 0, 4096 bytes)
[    0.699205] pnp: PnP ACPI: disabled
[    0.709439] NET: Registered PF_INET protocol family
[    0.714495] IP idents hash table entries: 65536 (order: 7, 524288 bytes, linear)
[    0.724979] tcp_listen_portaddr_hash hash table entries: 2048 (order: 3, 32768 bytes, linear)
[    0.733562] Table-perturb hash table entries: 65536 (order: 6, 262144 bytes, linear)
[    0.741319] TCP established hash table entries: 32768 (order: 6, 262144 bytes, linear)
[    0.749484] TCP bind hash table entries: 32768 (order: 8, 1048576 bytes, linear)
[    0.757649] TCP: Hash tables configured (established 32768 bind 32768)
[    0.764294] UDP hash table entries: 2048 (order: 5, 131072 bytes, linear)
[    0.771325] NET: Registered PF_UNIX/PF_LOCAL protocol family
[    0.777332] RPC: Registered named UNIX socket transport module.
[    0.783282] RPC: Registered udp transport module.
[    0.787989] RPC: Registered tcp transport module.
[    0.792693] RPC: Registered tcp-with-tls transport module.
[    0.798179] RPC: Registered tcp NFSv4.1 backchannel transport module.
[    0.804625] PCI: CLS 0 bytes, default 64
[    0.809012] kvm [1]: HYP mode not available
[    0.814344] Initialise system trusted keyrings
[    0.818928] workingset: timestamp_bits=42 (anon: 38) max_order=20 bucket_order=0 (anon: 0)
[    0.827612] squashfs: version 4.0 (2009/01/31) Phillip Lougher
[    0.833753] NFS: Registering the id_resolver key type
[    0.838841] Key type id_resolver registered
[    0.843028] Key type id_legacy registered
[    0.847092] nfs4filelayout_init: NFSv4 File Layout Driver Registering...
[    0.853797] nfs4flexfilelayout_init: NFSv4 Flexfile Layout Driver Registering...
[    0.861402] 9p: Installing v9fs 9p2000 file system support
[    0.867109] Key type asymmetric registered
[    0.871256] Asymmetric key parser 'x509' registered
[    0.876216] Block layer SCSI generic (bsg) driver version 0.4 loaded (major 244)
[    0.883616] io scheduler mq-deadline registered
[    0.888168] io scheduler kyber registered
[    0.892225] io scheduler bfq registered
[    0.903406] ledtrig-cpu: registered to indicate activity on CPUs
[    0.942726] Serial: 8250/16550 driver, 4 ports, IRQ sharing enabled
[    0.952859] msm_serial: driver initialized
[    0.957493] SuperH (H)SCI(F) driver initialized
[    0.962193] STM32 USART driver initialized
[    0.975290] loop: module loaded
[    0.979495] megasas: 07.734.00.00-rc1
[    0.988934] tun: Universal TUN/TAP device driver, 1.6
[    0.994740] thunder_xcv, ver 1.0
[    0.998048] thunder_bgx, ver 1.0
[    1.001309] nicpf, ver 1.0
[    1.005247] e1000: Intel(R) PRO/1000 Network Driver
[    1.010184] e1000: Copyright (c) 1999-2006 Intel Corporation.
[    1.016000] e1000e: Intel(R) PRO/1000 Network Driver
[    1.020987] e1000e: Copyright(c) 1999 - 2015 Intel Corporation.
[    1.026956] igb: Intel(R) Gigabit Ethernet Network Driver
[    1.032358] igb: Copyright (c) 2007-2014 Intel Corporation.
[    1.037983] igbvf: Intel(R) Gigabit Virtual Function Network Driver
[    1.044270] igbvf: Copyright (c) 2009 - 2012 Intel Corporation.
[    1.050544] sky2: driver version 1.30
[    1.055400] VFIO - User Level meta-driver version: 0.3
[    1.063485] usbcore: registered new interface driver usb-storage
[    1.074601] sun6i-rtc 7090000.rtc: registered as rtc0
[    1.079733] sun6i-rtc 7090000.rtc: setting system clock to 1970-01-02T00:00:08 UTC (86408)
[    1.088519] i2c_dev: i2c /dev entries driver
[    1.102985] SMCCC: SOC_ID: ARCH_SOC_ID not implemented, skipping ....
[    1.110352] usbcore: registered new interface driver usbhid
[    1.115945] usbhid: USB HID core driver
[    1.126284] NET: Registered PF_INET6 protocol family
[    1.131981] Segment Routing with IPv6
[    1.135703] In-situ OAM (IOAM) with IPv6
[    1.139690] NET: Registered PF_PACKET protocol family
[    1.144873] 9pnet: Installing 9P2000 support
[    1.149213] Key type dns_resolver registered
[    1.166075] registered taskstats version 1
[    1.170585] Loading compiled-in X.509 certificates
[    1.186262] Demotion targets for Node 0: null
[    1.207167] gpio gpiochip0: Static allocation of GPIO base is deprecated, use dynamic allocation.
[    1.226989] sun60i-a733-pinctrl 2000000.pinctrl: initialized sunXi PIO driver
[    1.236088] sun60i-a733-pinctrl 2000000.pinctrl: supply vcc-pb not found, using dummy regulator
[    1.245364] printk: legacy console [ttyS0] disabled
[    1.270825] 2500000.serial: ttyS0 at MMIO 0x2500000 (irq = 344, base_baud = 1500000) is a 16550A
[    1.279691] printk: legacy console [ttyS0] enabled
[    1.279691] printk: legacy console [ttyS0] enabled
[    1.289323] printk: legacy bootconsole [uart8250] disabled
[    1.289323] printk: legacy bootconsole [uart8250] disabled
[    1.305602] sun60i-a733-pinctrl 2000000.pinctrl: supply vcc-pf not found, using dummy regulator
[    1.306005] clk: Disabling unused clocks
[    1.314537] sunxi-mmc 4020000.mmc: diag enable begin
[    1.318237] clk-unused: root-begin name=iosc parent=(none) rate=16000000 flags=0x40 enable=0 prepare=0
[    1.332494] clk-unused: child-begin name=iosc-32k parent=iosc rate=31250 flags=0x40 enable=0 prepare=0
[    1.341801] clk-unused: child-begin name=osc32k parent=iosc-32k rate=31250 flags=0x0 enable=0 prepare=0
[    1.351201] clk-unused: child-begin name=irrx parent=osc32k rate=31250 flags=0x0 enable=0 prepare=0
[    1.360245] clk-unused: enable-lock-begin name=irrx parent=osc32k rate=31250 flags=0x0 enable=0 prepare=0
[    1.369809] clk-unused: enable-lock-end name=irrx parent=osc32k rate=31250 flags=0x0 enable=0 prepare=0
[    1.379191] clk-unused: is-enabled-begin name=irrx parent=osc32k rate=31250 flags=0x0 enable=0 prepare=0
[    1.388660] clk-unused: is-enabled-false name=irrx parent=osc32k rate=31250 flags=0x0 enable=0 prepare=0
[    1.398128] clk-unused: unlock-begin name=irrx parent=osc32k rate=31250 flags=0x0 enable=0 prepare=0
[    1.407260] clk-unused: unlock-end name=irrx parent=osc32k rate=31250 flags=0x0 enable=0 prepare=0
[    1.416218] clk-unused: subtree-done name=irrx parent=osc32k rate=31250 flags=0x0 enable=0 prepare=0
[    1.425355] clk-unused: child-end name=irrx parent=osc32k rate=31250 flags=0x0 enable=0 prepare=0
[    1.434230] clk-unused: child-begin name=irtx parent=osc32k rate=31250 flags=0x0 enable=0 prepare=0
[    1.443274] clk-unused: enable-lock-begin name=irtx parent=osc32k rate=31250 flags=0x0 enable=0 prepare=0
[    1.452839] clk-unused: enable-lock-end name=irtx parent=osc32k rate=31250 flags=0x0 enable=0 prepare=0
[    1.462220] clk-unused: is-enabled-begin name=irtx parent=osc32k rate=31250 flags=0x0 enable=0 prepare=0
[    1.471688] clk-unused: is-enabled-false name=irtx parent=osc32k rate=31250 flags=0x0 enable=0 prepare=0
[    1.481155] clk-unused: unlock-begin name=irtx parent=osc32k rate=31250 flags=0x0 enable=0 prepare=0
[    1.490291] clk-unused: unlock-end name=irtx parent=osc32k rate=31250 flags=0x0 enable=0 prepare=0
[    1.499248] clk-unused: subtree-done name=irtx parent=osc32k rate=31250 flags=0x0 enable=0 prepare=0
[    1.508377] clk-unused: child-end name=irtx parent=osc32k rate=31250 flags=0x0 enable=0 prepare=0
[    1.517247] clk-unused: child-begin name=sgpio parent=osc32k rate=31250 flags=0x0 enable=0 prepare=0
[    1.526379] clk-unused: enable-lock-begin name=sgpio parent=osc32k rate=31250 flags=0x0 enable=0 prepare=0
[    1.536029] clk-unused: enable-lock-end name=sgpio parent=osc32k rate=31250 flags=0x0 enable=0 prepare=0
[    1.545496] clk-unused: is-enabled-begin name=sgpio parent=osc32k rate=31250 flags=0x0 enable=0 prepare=0
[    1.555052] clk-unused: is-enabled-false name=sgpio parent=osc32k rate=31250 flags=0x0 enable=0 prepare=0
[    1.564605] clk-unused: unlock-begin name=sgpio parent=osc32k rate=31250 flags=0x0 enable=0 prepare=0
[    1.573846] clk-unused: unlock-end name=sgpio parent=osc32k rate=31250 flags=0x0 enable=0 prepare=0
[    1.582894] clk-unused: subtree-done name=sgpio parent=osc32k rate=31250 flags=0x0 enable=0 prepare=0
[    1.592111] clk-unused: child-end name=sgpio parent=osc32k rate=31250 flags=0x0 enable=0 prepare=0
[    1.601072] clk-unused: child-begin name=usb2-suspend parent=osc32k rate=31250 flags=0x0 enable=0 prepare=0
[    1.610820] clk-unused: enable-lock-begin name=usb2-suspend parent=osc32k rate=31250 flags=0x0 enable=0 prepare=0
[    1.621078] clk-unused: enable-lock-end name=usb2-suspend parent=osc32k rate=31250 flags=0x0 enable=0 prepare=0
[    1.631153] clk-unused: is-enabled-begin name=usb2-suspend parent=osc32k rate=31250 flags=0x0 enable=0 prepare=0
[    1.641314] clk-unused: is-enabled-false name=usb2-suspend parent=osc32k rate=31250 flags=0x0 enable=0 prepare=0
[    1.651475] clk-unused: unlock-begin name=usb2-suspend parent=osc32k rate=31250 flags=0x0 enable=0 prepare=0
[    1.661301] clk-unused: unlock-end name=usb2-suspend parent=osc32k rate=31250 flags=0x0 enable=0 prepare=0
[    1.670952] clk-unused: subtree-done name=usb2-suspend parent=osc32k rate=31250 flags=0x0 enable=0 prepare=0
[    1.680775] clk-unused: child-end name=usb2-suspend parent=osc32k rate=31250 flags=0x0 enable=0 prepare=0
[    1.690338] clk-unused: child-begin name=hdmi-cec parent=osc32k rate=31250 flags=0x0 enable=0 prepare=0
[    1.699729] clk-unused: enable-lock-begin name=hdmi-cec parent=osc32k rate=31250 flags=0x0 enable=0 prepare=0
[    1.709643] clk-unused: enable-lock-end name=hdmi-cec parent=osc32k rate=31250 flags=0x0 enable=0 prepare=0
[    1.719371] clk-unused: is-enabled-begin name=hdmi-cec parent=osc32k rate=31250 flags=0x0 enable=0 prepare=0
[    1.729186] clk-unused: is-enabled-false name=hdmi-cec parent=osc32k rate=31250 flags=0x0 enable=0 prepare=0
[    1.739000] clk-unused: unlock-begin name=hdmi-cec parent=osc32k rate=31250 flags=0x0 enable=0 prepare=0
[    1.748478] clk-unused: unlock-end name=hdmi-cec parent=osc32k rate=31250 flags=0x0 enable=0 prepare=0
[    1.757782] clk-unused: subtree-done name=hdmi-cec parent=osc32k rate=31250 flags=0x0 enable=0 prepare=0
[    1.767258] clk-unused: child-end name=hdmi-cec parent=osc32k rate=31250 flags=0x0 enable=0 prepare=0
[    1.776474] clk-unused: child-begin name=r-ir-rx parent=osc32k rate=31250 flags=0x0 enable=0 prepare=0
[    1.785778] clk-unused: diag-skip-rccu-unused name=r-ir-rx parent=osc32k rate=31250 flags=0x0 enable=0 prepare=0
[    1.795948] clk-unused: child-end name=r-ir-rx parent=osc32k rate=31250 flags=0x0 enable=0 prepare=0
[    1.805079] clk-unused: child-begin name=osc32k-fanout parent=osc32k rate=31250 flags=0x0 enable=0 prepare=0
[    1.814906] clk-unused: child-begin name=fanout0 parent=osc32k-fanout rate=31250 flags=0x0 enable=0 prepare=0
[    1.824817] clk-unused: enable-lock-begin name=fanout0 parent=osc32k-fanout rate=31250 flags=0x0 enable=0 prepare=0
[    1.835255] clk-unused: enable-lock-end name=fanout0 parent=osc32k-fanout rate=31250 flags=0x0 enable=0 prepare=0
[    1.845504] clk-unused: is-enabled-begin name=fanout0 parent=osc32k-fanout rate=31250 flags=0x0 enable=0 prepare=0
[    1.855838] clk-unused: is-enabled-false name=fanout0 parent=osc32k-fanout rate=31250 flags=0x0 enable=0 prepare=0
[    1.866172] clk-unused: unlock-begin name=fanout0 parent=osc32k-fanout rate=31250 flags=0x0 enable=0 prepare=0
[    1.876171] clk-unused: unlock-end name=fanout0 parent=osc32k-fanout rate=31250 flags=0x0 enable=0 prepare=0
[    1.885995] clk-unused: subtree-done name=fanout0 parent=osc32k-fanout rate=31250 flags=0x0 enable=0 prepare=0
[    1.895991] clk-unused: child-end name=fanout0 parent=osc32k-fanout rate=31250 flags=0x0 enable=0 prepare=0
[    1.905728] clk-unused: child-begin name=fanout1 parent=osc32k-fanout rate=31250 flags=0x0 enable=0 prepare=0
[    1.915638] clk-unused: enable-lock-begin name=fanout1 parent=osc32k-fanout rate=31250 flags=0x0 enable=0 prepare=0
[    1.926071] clk-unused: enable-lock-end name=fanout1 parent=osc32k-fanout rate=31250 flags=0x0 enable=0 prepare=0
[    1.936320] clk-unused: is-enabled-begin name=fanout1 parent=osc32k-fanout rate=31250 flags=0x0 enable=0 prepare=0
[    1.946654] clk-unused: is-enabled-false name=fanout1 parent=osc32k-fanout rate=31250 flags=0x0 enable=0 prepare=0
[    1.956989] clk-unused: unlock-begin name=fanout1 parent=osc32k-fanout rate=31250 flags=0x0 enable=0 prepare=0
[    1.966989] clk-unused: unlock-end name=fanout1 parent=osc32k-fanout rate=31250 flags=0x0 enable=0 prepare=0
[    1.976814] clk-unused: subtree-done name=fanout1 parent=osc32k-fanout rate=31250 flags=0x0 enable=0 prepare=0
[    1.986811] clk-unused: child-end name=fanout1 parent=osc32k-fanout rate=31250 flags=0x0 enable=0 prepare=0
[    1.996547] clk-unused: child-begin name=fanout2 parent=osc32k-fanout rate=31250 flags=0x0 enable=0 prepare=0
[    2.006459] clk-unused: enable-lock-begin name=fanout2 parent=osc32k-fanout rate=31250 flags=0x0 enable=0 prepare=0
[    2.016892] clk-unused: enable-lock-end name=fanout2 parent=osc32k-fanout rate=31250 flags=0x0 enable=0 prepare=0
[    2.027140] clk-unused: is-enabled-begin name=fanout2 parent=osc32k-fanout rate=31250 flags=0x0 enable=0 prepare=0
[    2.037475] clk-unused: is-enabled-false name=fanout2 parent=osc32k-fanout rate=31250 flags=0x0 enable=0 prepare=0
[    2.047808] clk-unused: unlock-begin name=fanout2 parent=osc32k-fanout rate=31250 flags=0x0 enable=0 prepare=0
[    2.057812] clk-unused: unlock-end name=fanout2 parent=osc32k-fanout rate=31250 flags=0x0 enable=0 prepare=0
[    2.067635] clk-unused: subtree-done name=fanout2 parent=osc32k-fanout rate=31250 flags=0x0 enable=0 prepare=0
[    2.077632] clk-unused: child-end name=fanout2 parent=osc32k-fanout rate=31250 flags=0x0 enable=0 prepare=0
[    2.087388] clk-unused: child-begin name=fanout3 parent=osc32k-fanout rate=31250 flags=0x0 enable=0 prepare=0
[    2.097421] clk-unused: enable-lock-begin name=fanout3 parent=osc32k-fanout rate=31250 flags=0x0 enable=0 prepare=0
[    2.107856] clk-unused: enable-lock-end name=fanout3 parent=osc32k-fanout rate=31250 flags=0x0 enable=0 prepare=0
[    2.118105] clk-unused: is-enabled-begin name=fanout3 parent=osc32k-fanout rate=31250 flags=0x0 enable=0 prepare=0
[    2.128439] clk-unused: is-enabled-false name=fanout3 parent=osc32k-fanout rate=31250 flags=0x0 enable=0 prepare=0
[    2.138773] clk-unused: unlock-begin name=fanout3 parent=osc32k-fanout rate=31250 flags=0x0 enable=0 prepare=0
[    2.148782] clk-unused: unlock-end name=fanout3 parent=osc32k-fanout rate=31250 flags=0x0 enable=0 prepare=0
[    2.158607] clk-unused: subtree-done name=fanout3 parent=osc32k-fanout rate=31250 flags=0x0 enable=0 prepare=0
[    2.168609] clk-unused: child-end name=fanout3 parent=osc32k-fanout rate=31250 flags=0x0 enable=0 prepare=0
[    2.178348] clk-unused: enable-lock-begin name=osc32k-fanout parent=osc32k rate=31250 flags=0x0 enable=0 prepare=0
[    2.188693] clk-unused: enable-lock-end name=osc32k-fanout parent=osc32k rate=31250 flags=0x0 enable=0 prepare=0
[    2.198855] clk-unused: is-enabled-begin name=osc32k-fanout parent=osc32k rate=31250 flags=0x0 enable=0 prepare=0
[    2.209107] clk-unused: is-enabled-false name=osc32k-fanout parent=osc32k rate=31250 flags=0x0 enable=0 prepare=0
[    2.219354] clk-unused: unlock-begin name=osc32k-fanout parent=osc32k rate=31250 flags=0x0 enable=0 prepare=0
[    2.229266] clk-unused: unlock-end name=osc32k-fanout parent=osc32k rate=31250 flags=0x0 enable=0 prepare=0
[    2.239003] clk-unused: subtree-done name=osc32k-fanout parent=osc32k rate=31250 flags=0x0 enable=0 prepare=0
[    2.248913] clk-unused: child-end name=osc32k-fanout parent=osc32k rate=31250 flags=0x0 enable=0 prepare=0
[    2.258562] clk-unused: child-begin name=rtc-32k parent=osc32k rate=31250 flags=0x0 enable=0 prepare=0
[    2.267866] clk-unused: enable-lock-begin name=rtc-32k parent=osc32k rate=31250 flags=0x0 enable=0 prepare=0
[    2.277692] clk-unused: enable-lock-end name=rtc-32k parent=osc32k rate=31250 flags=0x0 enable=0 prepare=0
[    2.287333] clk-unused: is-enabled-begin name=rtc-32k parent=osc32k rate=31250 flags=0x0 enable=0 prepare=0
[    2.297061] clk-unused: is-enabled-true name=rtc-32k parent=osc32k rate=31250 flags=0x0 enable=0 prepare=0
[    2.306701] clk-unused: disable-begin name=rtc-32k parent=osc32k rate=31250 flags=0x0 enable=0 prepare=0
[    2.316168] clk-unused: disable-end name=rtc-32k parent=osc32k rate=31250 flags=0x0 enable=0 prepare=0
[    2.325461] clk-unused: unlock-begin name=rtc-32k parent=osc32k rate=31250 flags=0x0 enable=0 prepare=0
[    2.334864] clk-unused: unlock-end name=rtc-32k parent=osc32k rate=31250 flags=0x0 enable=0 prepare=0
[    2.344096] clk-unused: subtree-done name=rtc-32k parent=osc32k rate=31250 flags=0x0 enable=0 prepare=0
[    2.353489] clk-unused: child-end name=rtc-32k parent=osc32k rate=31250 flags=0x0 enable=0 prepare=0
[    2.362620] clk-unused: enable-lock-begin name=osc32k parent=iosc-32k rate=31250 flags=0x0 enable=0 prepare=0
[    2.372530] clk-unused: enable-lock-end name=osc32k parent=iosc-32k rate=31250 flags=0x0 enable=0 prepare=0
[    2.382257] clk-unused: is-enabled-begin name=osc32k parent=iosc-32k rate=31250 flags=0x0 enable=0 prepare=0
[    2.392072] clk-unused: is-enabled-true name=osc32k parent=iosc-32k rate=31250 flags=0x0 enable=0 prepare=0
[    2.401799] clk-unused: disable-begin name=osc32k parent=iosc-32k rate=31250 flags=0x0 enable=0 prepare=0
[    2.411353] clk-unused: disable-end name=osc32k parent=iosc-32k rate=31250 flags=0x0 enable=0 prepare=0
[    2.420734] clk-unused: unlock-begin name=osc32k parent=iosc-32k rate=31250 flags=0x0 enable=0 prepare=0
[    2.430215] clk-unused: unlock-end name=osc32k parent=iosc-32k rate=31250 flags=0x0 enable=0 prepare=0
[    2.439519] clk-unused: subtree-done name=osc32k parent=iosc-32k rate=31250 flags=0x0 enable=0 prepare=0
[    2.448996] clk-unused: child-end name=osc32k parent=iosc-32k rate=31250 flags=0x0 enable=0 prepare=0
[    2.458212] clk-unused: enable-lock-begin name=iosc-32k parent=iosc rate=31250 flags=0x40 enable=0 prepare=0
[    2.468035] clk-unused: enable-lock-end name=iosc-32k parent=iosc rate=31250 flags=0x40 enable=0 prepare=0
[    2.477676] clk-unused: is-enabled-begin name=iosc-32k parent=iosc rate=31250 flags=0x40 enable=0 prepare=0
[    2.487403] clk-unused: is-enabled-false name=iosc-32k parent=iosc rate=31250 flags=0x40 enable=0 prepare=0
[    2.497131] clk-unused: unlock-begin name=iosc-32k parent=iosc rate=31250 flags=0x40 enable=0 prepare=0
[    2.506521] clk-unused: unlock-end name=iosc-32k parent=iosc rate=31250 flags=0x40 enable=0 prepare=0
[    2.515738] clk-unused: subtree-done name=iosc-32k parent=iosc rate=31250 flags=0x40 enable=0 prepare=0
[    2.525127] clk-unused: child-end name=iosc-32k parent=iosc rate=31250 flags=0x40 enable=0 prepare=0
[    2.534260] clk-unused: enable-lock-begin name=iosc parent=(none) rate=16000000 flags=0x40 enable=0 prepare=0
[    2.544171] clk-unused: enable-lock-end name=iosc parent=(none) rate=16000000 flags=0x40 enable=0 prepare=0
[    2.553899] clk-unused: is-enabled-begin name=iosc parent=(none) rate=16000000 flags=0x40 enable=0 prepare=0
[    2.563718] clk-unused: is-enabled-true name=iosc parent=(none) rate=16000000 flags=0x40 enable=0 prepare=0
[    2.573446] clk-unused: disable-begin name=iosc parent=(none) rate=16000000 flags=0x40 enable=0 prepare=0
[    2.583005] clk-unused: disable-end name=iosc parent=(none) rate=16000000 flags=0x40 enable=0 prepare=0
[    2.592385] clk-unused: unlock-begin name=iosc parent=(none) rate=16000000 flags=0x40 enable=0 prepare=0
[    2.601871] clk-unused: unlock-end name=iosc parent=(none) rate=16000000 flags=0x40 enable=0 prepare=0
[    2.611175] clk-unused: subtree-done name=iosc parent=(none) rate=16000000 flags=0x40 enable=0 prepare=0
[    2.620652] clk-unused: root-end name=iosc parent=(none) rate=16000000 flags=0x40 enable=0 prepare=0
[    2.629781] clk-unused: root-begin name=osc26M parent=(none) rate=26000000 flags=0x0 enable=1 prepare=1
[    2.639174] clk-unused: child-begin name=hosc-32k-mux parent=osc26M rate=32786 flags=0x0 enable=0 prepare=0
[    2.648912] clk-unused: child-begin name=hosc-32k parent=hosc-32k-mux rate=32786 flags=0x0 enable=0 prepare=0
[    2.658824] clk-unused: enable-lock-begin name=hosc-32k parent=hosc-32k-mux rate=32786 flags=0x0 enable=0 prepare=0
[    2.669261] clk-unused: enable-lock-end name=hosc-32k parent=hosc-32k-mux rate=32786 flags=0x0 enable=0 prepare=0
[    2.679510] clk-unused: is-enabled-begin name=hosc-32k parent=hosc-32k-mux rate=32786 flags=0x0 enable=0 prepare=0
[    2.689849] clk-unused: is-enabled-false name=hosc-32k parent=hosc-32k-mux rate=32786 flags=0x0 enable=0 prepare=0
[    2.700183] clk-unused: unlock-begin name=hosc-32k parent=hosc-32k-mux rate=32786 flags=0x0 enable=0 prepare=0
[    2.710183] clk-unused: unlock-end name=hosc-32k parent=hosc-32k-mux rate=32786 flags=0x0 enable=0 prepare=0
[    2.720006] clk-unused: subtree-done name=hosc-32k parent=hosc-32k-mux rate=32786 flags=0x0 enable=0 prepare=0
[    2.730003] clk-unused: child-end name=hosc-32k parent=hosc-32k-mux rate=32786 flags=0x0 enable=0 prepare=0
[    2.739739] clk-unused: enable-lock-begin name=hosc-32k-mux parent=osc26M rate=32786 flags=0x0 enable=0 prepare=0
[    2.749999] clk-unused: enable-lock-end name=hosc-32k-mux parent=osc26M rate=32786 flags=0x0 enable=0 prepare=0
[    2.760074] clk-unused: is-enabled-begin name=hosc-32k-mux parent=osc26M rate=32786 flags=0x0 enable=0 prepare=0
[    2.770239] clk-unused: is-enabled-true name=hosc-32k-mux parent=osc26M rate=32786 flags=0x0 enable=0 prepare=0
[    2.780313] clk-unused: disable-begin name=hosc-32k-mux parent=osc26M rate=32786 flags=0x0 enable=0 prepare=0
[    2.790218] clk-unused: disable-end name=hosc-32k-mux parent=osc26M rate=32786 flags=0x0 enable=0 prepare=0
[    2.799945] clk-unused: unlock-begin name=hosc-32k-mux parent=osc26M rate=32786 flags=0x0 enable=0 prepare=0
[    2.809770] clk-unused: unlock-end name=hosc-32k-mux parent=osc26M rate=32786 flags=0x0 enable=0 prepare=0
[    2.819420] clk-unused: subtree-done name=hosc-32k-mux parent=osc26M rate=32786 flags=0x0 enable=0 prepare=0
[    2.829243] clk-unused: child-end name=hosc-32k-mux parent=osc26M rate=32786 flags=0x0 enable=0 prepare=0
[    2.838806] clk-unused: child-begin name=hosc parent=osc26M rate=26000000 flags=0x0 enable=1 prepare=1
[    2.848110] clk-unused: child-begin name=pll-ref parent=hosc rate=24000000 flags=0x1 enable=4 prepare=4
[    2.857517] clk-unused: child-begin name=pll-de parent=pll-ref rate=1200000000 flags=0x1 enable=0 prepare=0
[    2.867257] clk-unused: child-begin name=pll-de-3x parent=pll-de rate=600000000 flags=0x0 enable=0 prepare=0
[    2.877081] clk-unused: child-begin name=de parent=pll-de-3x rate=600000000 flags=0x4 enable=0 prepare=0
[    2.886558] clk-unused: enable-lock-begin name=de parent=pll-de-3x rate=600000000 flags=0x4 enable=0 prepare=0
[    2.896555] clk-unused: enable-lock-end name=de parent=pll-de-3x rate=600000000 flags=0x4 enable=0 prepare=0
[    2.906370] clk-unused: is-enabled-begin name=de parent=pll-de-3x rate=600000000 flags=0x4 enable=0 prepare=0
[    2.916271] clk-unused: is-enabled-true name=de parent=pll-de-3x rate=600000000 flags=0x4 enable=0 prepare=0
[    2.926085] clk-unused: disable-begin name=de parent=pll-de-3x rate=600000000 flags=0x4 enable=0 prepare=0
[    2.935726] clk-unused: disable-end name=de parent=pll-de-3x rate=600000000 flags=0x4 enable=0 prepare=0
[    2.945193] clk-unused: unlock-begin name=de parent=pll-de-3x rate=600000000 flags=0x4 enable=0 prepare=0
[    2.954757] clk-unused: unlock-end name=de parent=pll-de-3x rate=600000000 flags=0x4 enable=0 prepare=0
[    2.964151] clk-unused: subtree-done name=de parent=pll-de-3x rate=600000000 flags=0x4 enable=0 prepare=0
[    2.973714] clk-unused: child-end name=de parent=pll-de-3x rate=600000000 flags=0x4 enable=0 prepare=0
[    2.983017] clk-unused: enable-lock-begin name=pll-de-3x parent=pll-de rate=600000000 flags=0x0 enable=0 prepare=0
[    2.993360] clk-unused: enable-lock-end name=pll-de-3x parent=pll-de rate=600000000 flags=0x0 enable=0 prepare=0
[    3.003522] clk-unused: is-enabled-begin name=pll-de-3x parent=pll-de rate=600000000 flags=0x0 enable=0 prepare=0
[    3.013769] clk-unused: is-enabled-true name=pll-de-3x parent=pll-de rate=600000000 flags=0x0 enable=0 prepare=0
[    3.023930] clk-unused: disable-begin name=pll-de-3x parent=pll-de rate=600000000 flags=0x0 enable=0 prepare=0
[    3.033917] clk-unused: disable-end name=pll-de-3x parent=pll-de rate=600000000 flags=0x0 enable=0 prepare=0
[    3.043731] clk-unused: unlock-begin name=pll-de-3x parent=pll-de rate=600000000 flags=0x0 enable=0 prepare=0
[    3.053642] clk-unused: unlock-end name=pll-de-3x parent=pll-de rate=600000000 flags=0x0 enable=0 prepare=0
[    3.063379] clk-unused: subtree-done name=pll-de-3x parent=pll-de rate=600000000 flags=0x0 enable=0 prepare=0
[    3.073292] clk-unused: child-end name=pll-de-3x parent=pll-de rate=600000000 flags=0x0 enable=0 prepare=0
[    3.082942] clk-unused: child-begin name=pll-de-4x parent=pll-de rate=600000000 flags=0x0 enable=0 prepare=0
[    3.092765] clk-unused: enable-lock-begin name=pll-de-4x parent=pll-de rate=600000000 flags=0x0 enable=0 prepare=0
[    3.103108] clk-unused: enable-lock-end name=pll-de-4x parent=pll-de rate=600000000 flags=0x0 enable=0 prepare=0
[    3.113270] clk-unused: is-enabled-begin name=pll-de-4x parent=pll-de rate=600000000 flags=0x0 enable=0 prepare=0
[    3.123517] clk-unused: is-enabled-true name=pll-de-4x parent=pll-de rate=600000000 flags=0x0 enable=0 prepare=0
[    3.133678] clk-unused: disable-begin name=pll-de-4x parent=pll-de rate=600000000 flags=0x0 enable=0 prepare=0
[    3.143665] clk-unused: disable-end name=pll-de-4x parent=pll-de rate=600000000 flags=0x0 enable=0 prepare=0
[    3.153479] clk-unused: unlock-begin name=pll-de-4x parent=pll-de rate=600000000 flags=0x0 enable=0 prepare=0
[    3.163549] clk-unused: unlock-end name=pll-de-4x parent=pll-de rate=600000000 flags=0x0 enable=0 prepare=0
[    3.173293] clk-unused: subtree-done name=pll-de-4x parent=pll-de rate=600000000 flags=0x0 enable=0 prepare=0
[    3.183214] clk-unused: child-end name=pll-de-4x parent=pll-de rate=600000000 flags=0x0 enable=0 prepare=0
[    3.192867] clk-unused: enable-lock-begin name=pll-de parent=pll-ref rate=1200000000 flags=0x1 enable=0 prepare=0
[    3.203125] clk-unused: enable-lock-end name=pll-de parent=pll-ref rate=1200000000 flags=0x1 enable=0 prepare=0
[    3.213200] clk-unused: is-enabled-begin name=pll-de parent=pll-ref rate=1200000000 flags=0x1 enable=0 prepare=0
[    3.223361] clk-unused: is-enabled-true name=pll-de parent=pll-ref rate=1200000000 flags=0x1 enable=0 prepare=0
[    3.233435] clk-unused: disable-begin name=pll-de parent=pll-ref rate=1200000000 flags=0x1 enable=0 prepare=0
[    3.243336] clk-unused: disable-end name=pll-de parent=pll-ref rate=1200000000 flags=0x1 enable=0 prepare=0
[    3.253063] clk-unused: unlock-begin name=pll-de parent=pll-ref rate=1200000000 flags=0x1 enable=0 prepare=0
[    3.262887] clk-unused: unlock-end name=pll-de parent=pll-ref rate=1200000000 flags=0x1 enable=0 prepare=0
[    3.272537] clk-unused: subtree-done name=pll-de parent=pll-ref rate=1200000000 flags=0x1 enable=0 prepare=0
[    3.282360] clk-unused: child-end name=pll-de parent=pll-ref rate=1200000000 flags=0x1 enable=0 prepare=0
[    3.291927] clk-unused: child-begin name=pll-npu parent=pll-ref rate=840000000 flags=0x1 enable=0 prepare=0
[    3.301668] clk-unused: child-begin name=npu parent=pll-npu rate=840000000 flags=0x0 enable=0 prepare=0
[    3.311059] clk-unused: enable-lock-begin name=npu parent=pll-npu rate=840000000 flags=0x0 enable=0 prepare=0
[    3.320970] clk-unused: enable-lock-end name=npu parent=pll-npu rate=840000000 flags=0x0 enable=0 prepare=0
[    3.330698] clk-unused: is-enabled-begin name=npu parent=pll-npu rate=840000000 flags=0x0 enable=0 prepare=0
[    3.340512] clk-unused: is-enabled-false name=npu parent=pll-npu rate=840000000 flags=0x0 enable=0 prepare=0
[    3.350326] clk-unused: unlock-begin name=npu parent=pll-npu rate=840000000 flags=0x0 enable=0 prepare=0
[    3.359803] clk-unused: unlock-end name=npu parent=pll-npu rate=840000000 flags=0x0 enable=0 prepare=0
[    3.369117] clk-unused: subtree-done name=npu parent=pll-npu rate=840000000 flags=0x0 enable=0 prepare=0
[    3.378596] clk-unused: child-end name=npu parent=pll-npu rate=840000000 flags=0x0 enable=0 prepare=0
[    3.387815] clk-unused: enable-lock-begin name=pll-npu parent=pll-ref rate=840000000 flags=0x1 enable=0 prepare=0
[    3.398077] clk-unused: enable-lock-end name=pll-npu parent=pll-ref rate=840000000 flags=0x1 enable=0 prepare=0
[    3.408151] clk-unused: is-enabled-begin name=pll-npu parent=pll-ref rate=840000000 flags=0x1 enable=0 prepare=0
[    3.418313] clk-unused: is-enabled-false name=pll-npu parent=pll-ref rate=840000000 flags=0x1 enable=0 prepare=0
[    3.428473] clk-unused: unlock-begin name=pll-npu parent=pll-ref rate=840000000 flags=0x1 enable=0 prepare=0
[    3.438307] clk-unused: unlock-end name=pll-npu parent=pll-ref rate=840000000 flags=0x1 enable=0 prepare=0
[    3.447959] clk-unused: subtree-done name=pll-npu parent=pll-ref rate=840000000 flags=0x1 enable=0 prepare=0
[    3.457782] clk-unused: child-end name=pll-npu parent=pll-ref rate=840000000 flags=0x1 enable=0 prepare=0
[    3.467345] clk-unused: child-begin name=pll-audio1 parent=pll-ref rate=3072000000 flags=0x1 enable=0 prepare=0
[    3.477429] clk-unused: child-begin name=pll-audio1-div5 parent=pll-audio1 rate=614400000 flags=0x0 enable=0 prepare=0
[    3.488119] clk-unused: enable-lock-begin name=pll-audio1-div5 parent=pll-audio1 rate=614400000 flags=0x0 enable=0 prepare=0
[    3.499331] clk-unused: enable-lock-end name=pll-audio1-div5 parent=pll-audio1 rate=614400000 flags=0x0 enable=0 prepare=0
[    3.510359] clk-unused: is-enabled-begin name=pll-audio1-div5 parent=pll-audio1 rate=614400000 flags=0x0 enable=0 prepare=0
[    3.521473] clk-unused: is-enabled-true name=pll-audio1-div5 parent=pll-audio1 rate=614400000 flags=0x0 enable=0 prepare=0
[    3.532501] clk-unused: disable-begin name=pll-audio1-div5 parent=pll-audio1 rate=614400000 flags=0x0 enable=0 prepare=0
[    3.543355] clk-unused: disable-end name=pll-audio1-div5 parent=pll-audio1 rate=614400000 flags=0x0 enable=0 prepare=0
[    3.554036] clk-unused: unlock-begin name=pll-audio1-div5 parent=pll-audio1 rate=614400000 flags=0x0 enable=0 prepare=0
[    3.564817] clk-unused: unlock-end name=pll-audio1-div5 parent=pll-audio1 rate=614400000 flags=0x0 enable=0 prepare=0
[    3.575421] clk-unused: subtree-done name=pll-audio1-div5 parent=pll-audio1 rate=614400000 flags=0x0 enable=0 prepare=0
[    3.586198] clk-unused: child-end name=pll-audio1-div5 parent=pll-audio1 rate=614400000 flags=0x0 enable=0 prepare=0
[    3.596715] clk-unused: child-begin name=pll-audio1-div2 parent=pll-audio1 rate=1536000000 flags=0x0 enable=0 prepare=0
[    3.607491] clk-unused: enable-lock-begin name=pll-audio1-div2 parent=pll-audio1 rate=1536000000 flags=0x0 enable=0 prepare=0
[    3.618789] clk-unused: enable-lock-end name=pll-audio1-div2 parent=pll-audio1 rate=1536000000 flags=0x0 enable=0 prepare=0
[    3.629904] clk-unused: is-enabled-begin name=pll-audio1-div2 parent=pll-audio1 rate=1536000000 flags=0x0 enable=0 prepare=0
[    3.641105] clk-unused: is-enabled-true name=pll-audio1-div2 parent=pll-audio1 rate=1536000000 flags=0x0 enable=0 prepare=0
[    3.652219] clk-unused: disable-begin name=pll-audio1-div2 parent=pll-audio1 rate=1536000000 flags=0x0 enable=0 prepare=0
[    3.663160] clk-unused: disable-end name=pll-audio1-div2 parent=pll-audio1 rate=1536000000 flags=0x0 enable=0 prepare=0
[    3.673927] clk-unused: unlock-begin name=pll-audio1-div2 parent=pll-audio1 rate=1536000000 flags=0x0 enable=0 prepare=0
[    3.684794] clk-unused: unlock-end name=pll-audio1-div2 parent=pll-audio1 rate=1536000000 flags=0x0 enable=0 prepare=0
[    3.695499] clk-unused: subtree-done name=pll-audio1-div2 parent=pll-audio1 rate=1536000000 flags=0x0 enable=0 prepare=0
[    3.706366] clk-unused: child-end name=pll-audio1-div2 parent=pll-audio1 rate=1536000000 flags=0x0 enable=0 prepare=0
[    3.716970] clk-unused: enable-lock-begin name=pll-audio1 parent=pll-ref rate=3072000000 flags=0x1 enable=0 prepare=0
[    3.727574] clk-unused: enable-lock-end name=pll-audio1 parent=pll-ref rate=3072000000 flags=0x1 enable=0 prepare=0
[    3.737995] clk-unused: is-enabled-begin name=pll-audio1 parent=pll-ref rate=3072000000 flags=0x1 enable=0 prepare=0
[    3.748504] clk-unused: is-enabled-false name=pll-audio1 parent=pll-ref rate=3072000000 flags=0x1 enable=0 prepare=0
[    3.759010] clk-unused: unlock-begin name=pll-audio1 parent=pll-ref rate=3072000000 flags=0x1 enable=0 prepare=0
[    3.769181] clk-unused: unlock-end name=pll-audio1 parent=pll-ref rate=3072000000 flags=0x1 enable=0 prepare=0
[    3.779178] clk-unused: subtree-done name=pll-audio1 parent=pll-ref rate=3072000000 flags=0x1 enable=0 prepare=0
[    3.789351] clk-unused: child-end name=pll-audio1 parent=pll-ref rate=3072000000 flags=0x1 enable=0 prepare=0
[    3.799262] clk-unused: child-begin name=pll-audio0-4x parent=pll-ref rate=98285714 flags=0x1 enable=0 prepare=0
[    3.809432] clk-unused: child-begin name=dmic parent=pll-audio0-4x rate=98285714 flags=0x0 enable=0 prepare=0
[    3.819344] clk-unused: enable-lock-begin name=dmic parent=pll-audio0-4x rate=98285714 flags=0x0 enable=0 prepare=0
[    3.829773] clk-unused: enable-lock-end name=dmic parent=pll-audio0-4x rate=98285714 flags=0x0 enable=0 prepare=0
[    3.840021] clk-unused: is-enabled-begin name=dmic parent=pll-audio0-4x rate=98285714 flags=0x0 enable=0 prepare=0
[    3.850356] clk-unused: is-enabled-false name=dmic parent=pll-audio0-4x rate=98285714 flags=0x0 enable=0 prepare=0
[    3.860689] clk-unused: unlock-begin name=dmic parent=pll-audio0-4x rate=98285714 flags=0x0 enable=0 prepare=0
[    3.870687] clk-unused: unlock-end name=dmic parent=pll-audio0-4x rate=98285714 flags=0x0 enable=0 prepare=0
[    3.880510] clk-unused: subtree-done name=dmic parent=pll-audio0-4x rate=98285714 flags=0x0 enable=0 prepare=0
[    3.890509] clk-unused: child-end name=dmic parent=pll-audio0-4x rate=98285714 flags=0x0 enable=0 prepare=0
[    3.900246] clk-unused: child-begin name=owa_tx parent=pll-audio0-4x rate=98285714 flags=0x0 enable=0 prepare=0
[    3.910330] clk-unused: enable-lock-begin name=owa_tx parent=pll-audio0-4x rate=98285714 flags=0x0 enable=0 prepare=0
[    3.920934] clk-unused: enable-lock-end name=owa_tx parent=pll-audio0-4x rate=98285714 flags=0x0 enable=0 prepare=0
[    3.931356] clk-unused: is-enabled-begin name=owa_tx parent=pll-audio0-4x rate=98285714 flags=0x0 enable=0 prepare=0
[    3.941864] clk-unused: is-enabled-false name=owa_tx parent=pll-audio0-4x rate=98285714 flags=0x0 enable=0 prepare=0
[    3.952371] clk-unused: unlock-begin name=owa_tx parent=pll-audio0-4x rate=98285714 flags=0x0 enable=0 prepare=0
[    3.962548] clk-unused: unlock-end name=owa_tx parent=pll-audio0-4x rate=98285714 flags=0x0 enable=0 prepare=0
[    3.972547] clk-unused: subtree-done name=owa_tx parent=pll-audio0-4x rate=98285714 flags=0x0 enable=0 prepare=0
[    3.982717] clk-unused: child-end name=owa_tx parent=pll-audio0-4x rate=98285714 flags=0x0 enable=0 prepare=0
[    3.992627] clk-unused: child-begin name=i2spcm2_asrc parent=pll-audio0-4x rate=98285714 flags=0x0 enable=0 prepare=0
[    4.003234] clk-unused: enable-lock-begin name=i2spcm2_asrc parent=pll-audio0-4x rate=98285714 flags=0x0 enable=0 prepare=0
[    4.014358] clk-unused: enable-lock-end name=i2spcm2_asrc parent=pll-audio0-4x rate=98285714 flags=0x0 enable=0 prepare=0
[    4.025299] clk-unused: is-enabled-begin name=i2spcm2_asrc parent=pll-audio0-4x rate=98285714 flags=0x0 enable=0 prepare=0
[    4.036328] clk-unused: is-enabled-false name=i2spcm2_asrc parent=pll-audio0-4x rate=98285714 flags=0x0 enable=0 prepare=0
[    4.047355] clk-unused: unlock-begin name=i2spcm2_asrc parent=pll-audio0-4x rate=98285714 flags=0x0 enable=0 prepare=0
[    4.058046] clk-unused: unlock-end name=i2spcm2_asrc parent=pll-audio0-4x rate=98285714 flags=0x0 enable=0 prepare=0
[    4.068563] clk-unused: subtree-done name=i2spcm2_asrc parent=pll-audio0-4x rate=98285714 flags=0x0 enable=0 prepare=0
[    4.079253] clk-unused: child-end name=i2spcm2_asrc parent=pll-audio0-4x rate=98285714 flags=0x0 enable=0 prepare=0
[    4.089683] clk-unused: child-begin name=i2spcm4 parent=pll-audio0-4x rate=98285714 flags=0x0 enable=0 prepare=0
[    4.099853] clk-unused: enable-lock-begin name=i2spcm4 parent=pll-audio0-4x rate=98285714 flags=0x0 enable=0 prepare=0
[    4.110681] clk-unused: enable-lock-end name=i2spcm4 parent=pll-audio0-4x rate=98285714 flags=0x0 enable=0 prepare=0
[    4.121191] clk-unused: is-enabled-begin name=i2spcm4 parent=pll-audio0-4x rate=98285714 flags=0x0 enable=0 prepare=0
[    4.131786] clk-unused: is-enabled-false name=i2spcm4 parent=pll-audio0-4x rate=98285714 flags=0x0 enable=0 prepare=0
[    4.142380] clk-unused: unlock-begin name=i2spcm4 parent=pll-audio0-4x rate=98285714 flags=0x0 enable=0 prepare=0
[    4.152639] clk-unused: unlock-end name=i2spcm4 parent=pll-audio0-4x rate=98285714 flags=0x0 enable=0 prepare=0
[    4.162725] clk-unused: subtree-done name=i2spcm4 parent=pll-audio0-4x rate=98285714 flags=0x0 enable=0 prepare=0
[    4.172982] clk-unused: child-end name=i2spcm4 parent=pll-audio0-4x rate=98285714 flags=0x0 enable=0 prepare=0
[    4.182978] clk-unused: child-begin name=i2spcm3 parent=pll-audio0-4x rate=98285714 flags=0x0 enable=0 prepare=0
[    4.193148] clk-unused: enable-lock-begin name=i2spcm3 parent=pll-audio0-4x rate=98285714 flags=0x0 enable=0 prepare=0
[    4.203846] clk-unused: enable-lock-end name=i2spcm3 parent=pll-audio0-4x rate=98285714 flags=0x0 enable=0 prepare=0
[    4.214354] clk-unused: is-enabled-begin name=i2spcm3 parent=pll-audio0-4x rate=98285714 flags=0x0 enable=0 prepare=0
[    4.224948] clk-unused: is-enabled-false name=i2spcm3 parent=pll-audio0-4x rate=98285714 flags=0x0 enable=0 prepare=0
[    4.235542] clk-unused: unlock-begin name=i2spcm3 parent=pll-audio0-4x rate=98285714 flags=0x0 enable=0 prepare=0
[    4.245813] clk-unused: unlock-end name=i2spcm3 parent=pll-audio0-4x rate=98285714 flags=0x0 enable=0 prepare=0
[    4.255901] clk-unused: subtree-done name=i2spcm3 parent=pll-audio0-4x rate=98285714 flags=0x0 enable=0 prepare=0
[    4.266158] clk-unused: child-end name=i2spcm3 parent=pll-audio0-4x rate=98285714 flags=0x0 enable=0 prepare=0
[    4.276156] clk-unused: child-begin name=i2spcm2 parent=pll-audio0-4x rate=98285714 flags=0x0 enable=0 prepare=0
[    4.286326] clk-unused: enable-lock-begin name=i2spcm2 parent=pll-audio0-4x rate=98285714 flags=0x0 enable=0 prepare=0
[    4.297017] clk-unused: enable-lock-end name=i2spcm2 parent=pll-audio0-4x rate=98285714 flags=0x0 enable=0 prepare=0
[    4.307525] clk-unused: is-enabled-begin name=i2spcm2 parent=pll-audio0-4x rate=98285714 flags=0x0 enable=0 prepare=0
[    4.318120] clk-unused: is-enabled-false name=i2spcm2 parent=pll-audio0-4x rate=98285714 flags=0x0 enable=0 prepare=0
[    4.328714] clk-unused: unlock-begin name=i2spcm2 parent=pll-audio0-4x rate=98285714 flags=0x0 enable=0 prepare=0
[    4.338972] clk-unused: unlock-end name=i2spcm2 parent=pll-audio0-4x rate=98285714 flags=0x0 enable=0 prepare=0
[    4.349057] clk-unused: subtree-done name=i2spcm2 parent=pll-audio0-4x rate=98285714 flags=0x0 enable=0 prepare=0
[    4.359317] clk-unused: child-end name=i2spcm2 parent=pll-audio0-4x rate=98285714 flags=0x0 enable=0 prepare=0
[    4.369314] clk-unused: child-begin name=i2spcm1 parent=pll-audio0-4x rate=98285714 flags=0x0 enable=0 prepare=0
[    4.379485] clk-unused: enable-lock-begin name=i2spcm1 parent=pll-audio0-4x rate=98285714 flags=0x0 enable=0 prepare=0
[    4.390185] clk-unused: enable-lock-end name=i2spcm1 parent=pll-audio0-4x rate=98285714 flags=0x0 enable=0 prepare=0
[    4.400693] clk-unused: is-enabled-begin name=i2spcm1 parent=pll-audio0-4x rate=98285714 flags=0x0 enable=0 prepare=0
[    4.411288] clk-unused: is-enabled-false name=i2spcm1 parent=pll-audio0-4x rate=98285714 flags=0x0 enable=0 prepare=0
[    4.421882] clk-unused: unlock-begin name=i2spcm1 parent=pll-audio0-4x rate=98285714 flags=0x0 enable=0 prepare=0
[    4.432143] clk-unused: unlock-end name=i2spcm1 parent=pll-audio0-4x rate=98285714 flags=0x0 enable=0 prepare=0
[    4.442229] clk-unused: subtree-done name=i2spcm1 parent=pll-audio0-4x rate=98285714 flags=0x0 enable=0 prepare=0
[    4.452485] clk-unused: child-end name=i2spcm1 parent=pll-audio0-4x rate=98285714 flags=0x0 enable=0 prepare=0
[    4.462485] clk-unused: child-begin name=i2spcm0 parent=pll-audio0-4x rate=98285714 flags=0x0 enable=0 prepare=0
[    4.472656] clk-unused: enable-lock-begin name=i2spcm0 parent=pll-audio0-4x rate=98285714 flags=0x0 enable=0 prepare=0
[    4.483347] clk-unused: enable-lock-end name=i2spcm0 parent=pll-audio0-4x rate=98285714 flags=0x0 enable=0 prepare=0
[    4.493855] clk-unused: is-enabled-begin name=i2spcm0 parent=pll-audio0-4x rate=98285714 flags=0x0 enable=0 prepare=0
[    4.504450] clk-unused: is-enabled-false name=i2spcm0 parent=pll-audio0-4x rate=98285714 flags=0x0 enable=0 prepare=0
[    4.515043] clk-unused: unlock-begin name=i2spcm0 parent=pll-audio0-4x rate=98285714 flags=0x0 enable=0 prepare=0
[    4.525307] clk-unused: unlock-end name=i2spcm0 parent=pll-audio0-4x rate=98285714 flags=0x0 enable=0 prepare=0
[    4.535394] clk-unused: subtree-done name=i2spcm0 parent=pll-audio0-4x rate=98285714 flags=0x0 enable=0 prepare=0
[    4.545650] clk-unused: child-end name=i2spcm0 parent=pll-audio0-4x rate=98285714 flags=0x0 enable=0 prepare=0
[    4.555647] clk-unused: enable-lock-begin name=pll-audio0-4x parent=pll-ref rate=98285714 flags=0x1 enable=0 prepare=0
[    4.566340] clk-unused: enable-lock-end name=pll-audio0-4x parent=pll-ref rate=98285714 flags=0x1 enable=0 prepare=0
[    4.576849] clk-unused: is-enabled-begin name=pll-audio0-4x parent=pll-ref rate=98285714 flags=0x1 enable=0 prepare=0
[    4.587444] clk-unused: is-enabled-false name=pll-audio0-4x parent=pll-ref rate=98285714 flags=0x1 enable=0 prepare=0
[    4.598038] clk-unused: unlock-begin name=pll-audio0-4x parent=pll-ref rate=98285714 flags=0x1 enable=0 prepare=0
[    4.608296] clk-unused: unlock-end name=pll-audio0-4x parent=pll-ref rate=98285714 flags=0x1 enable=0 prepare=0
[    4.618380] clk-unused: subtree-done name=pll-audio0-4x parent=pll-ref rate=98285714 flags=0x1 enable=0 prepare=0
[    4.628636] clk-unused: child-end name=pll-audio0-4x parent=pll-ref rate=98285714 flags=0x1 enable=0 prepare=0
[    4.638633] clk-unused: child-begin name=pll-ve1 parent=pll-ref rate=696000000 flags=0x1 enable=0 prepare=0
[    4.648369] clk-unused: child-begin name=ve-dec parent=pll-ve1 rate=696000000 flags=0x4 enable=0 prepare=0
[    4.658019] clk-unused: enable-lock-begin name=ve-dec parent=pll-ve1 rate=696000000 flags=0x4 enable=0 prepare=0
[    4.668191] clk-unused: enable-lock-end name=ve-dec parent=pll-ve1 rate=696000000 flags=0x4 enable=0 prepare=0
[    4.678179] clk-unused: is-enabled-begin name=ve-dec parent=pll-ve1 rate=696000000 flags=0x4 enable=0 prepare=0
[    4.688253] clk-unused: is-enabled-false name=ve-dec parent=pll-ve1 rate=696000000 flags=0x4 enable=0 prepare=0
[    4.698327] clk-unused: unlock-begin name=ve-dec parent=pll-ve1 rate=696000000 flags=0x4 enable=0 prepare=0
[    4.708067] clk-unused: unlock-end name=ve-dec parent=pll-ve1 rate=696000000 flags=0x4 enable=0 prepare=0
[    4.717638] clk-unused: subtree-done name=ve-dec parent=pll-ve1 rate=696000000 flags=0x4 enable=0 prepare=0
[    4.727379] clk-unused: child-end name=ve-dec parent=pll-ve1 rate=696000000 flags=0x4 enable=0 prepare=0
[    4.736856] clk-unused: enable-lock-begin name=pll-ve1 parent=pll-ref rate=696000000 flags=0x1 enable=0 prepare=0
[    4.747113] clk-unused: enable-lock-end name=pll-ve1 parent=pll-ref rate=696000000 flags=0x1 enable=0 prepare=0
[    4.757188] clk-unused: is-enabled-begin name=pll-ve1 parent=pll-ref rate=696000000 flags=0x1 enable=0 prepare=0
[    4.767349] clk-unused: is-enabled-false name=pll-ve1 parent=pll-ref rate=696000000 flags=0x1 enable=0 prepare=0
[    4.777510] clk-unused: unlock-begin name=pll-ve1 parent=pll-ref rate=696000000 flags=0x1 enable=0 prepare=0
[    4.787342] clk-unused: unlock-end name=pll-ve1 parent=pll-ref rate=696000000 flags=0x1 enable=0 prepare=0
[    4.796993] clk-unused: subtree-done name=pll-ve1 parent=pll-ref rate=696000000 flags=0x1 enable=0 prepare=0
[    4.806816] clk-unused: child-end name=pll-ve1 parent=pll-ref rate=696000000 flags=0x1 enable=0 prepare=0
[    4.816383] clk-unused: child-begin name=pll-ve0 parent=pll-ref rate=546000000 flags=0x1 enable=0 prepare=0
[    4.826120] clk-unused: child-begin name=ve-enc parent=pll-ve0 rate=546000000 flags=0x4 enable=0 prepare=0
[    4.835770] clk-unused: enable-lock-begin name=ve-enc parent=pll-ve0 rate=546000000 flags=0x4 enable=0 prepare=0
[    4.845941] clk-unused: enable-lock-end name=ve-enc parent=pll-ve0 rate=546000000 flags=0x4 enable=0 prepare=0
[    4.855930] clk-unused: is-enabled-begin name=ve-enc parent=pll-ve0 rate=546000000 flags=0x4 enable=0 prepare=0
[    4.866004] clk-unused: is-enabled-false name=ve-enc parent=pll-ve0 rate=546000000 flags=0x4 enable=0 prepare=0
[    4.876078] clk-unused: unlock-begin name=ve-enc parent=pll-ve0 rate=546000000 flags=0x4 enable=0 prepare=0
[    4.885814] clk-unused: unlock-end name=ve-enc parent=pll-ve0 rate=546000000 flags=0x4 enable=0 prepare=0
[    4.895377] clk-unused: subtree-done name=ve-enc parent=pll-ve0 rate=546000000 flags=0x4 enable=0 prepare=0
[    4.905115] clk-unused: child-end name=ve-enc parent=pll-ve0 rate=546000000 flags=0x4 enable=0 prepare=0
[    4.914591] clk-unused: enable-lock-begin name=pll-ve0 parent=pll-ref rate=546000000 flags=0x1 enable=0 prepare=0
[    4.924850] clk-unused: enable-lock-end name=pll-ve0 parent=pll-ref rate=546000000 flags=0x1 enable=0 prepare=0
[    4.934924] clk-unused: is-enabled-begin name=pll-ve0 parent=pll-ref rate=546000000 flags=0x1 enable=0 prepare=0
[    4.945086] clk-unused: is-enabled-false name=pll-ve0 parent=pll-ref rate=546000000 flags=0x1 enable=0 prepare=0
[    4.955247] clk-unused: unlock-begin name=pll-ve0 parent=pll-ref rate=546000000 flags=0x1 enable=0 prepare=0
[    4.965071] clk-unused: unlock-end name=pll-ve0 parent=pll-ref rate=546000000 flags=0x1 enable=0 prepare=0
[    4.974721] clk-unused: subtree-done name=pll-ve0 parent=pll-ref rate=546000000 flags=0x1 enable=0 prepare=0
[    4.984544] clk-unused: child-end name=pll-ve0 parent=pll-ref rate=546000000 flags=0x1 enable=0 prepare=0
[    4.994107] clk-unused: child-begin name=pll-video2-8x parent=pll-ref rate=2376000000 flags=0x1 enable=0 prepare=0
[    5.004452] clk-unused: child-begin name=pll-video2-3x parent=pll-video2-8x rate=792000000 flags=0x0 enable=0 prepare=0
[    5.015230] clk-unused: enable-lock-begin name=pll-video2-3x parent=pll-video2-8x rate=792000000 flags=0x0 enable=0 prepare=0
[    5.026530] clk-unused: enable-lock-end name=pll-video2-3x parent=pll-video2-8x rate=792000000 flags=0x0 enable=0 prepare=0
[    5.037645] clk-unused: is-enabled-begin name=pll-video2-3x parent=pll-video2-8x rate=792000000 flags=0x0 enable=0 prepare=0
[    5.048846] clk-unused: is-enabled-true name=pll-video2-3x parent=pll-video2-8x rate=792000000 flags=0x0 enable=0 prepare=0
[    5.059960] clk-unused: disable-begin name=pll-video2-3x parent=pll-video2-8x rate=792000000 flags=0x0 enable=0 prepare=0
[    5.070901] clk-unused: disable-end name=pll-video2-3x parent=pll-video2-8x rate=792000000 flags=0x0 enable=0 prepare=0
[    5.081668] clk-unused: unlock-begin name=pll-video2-3x parent=pll-video2-8x rate=792000000 flags=0x0 enable=0 prepare=0
[    5.092540] clk-unused: unlock-end name=pll-video2-3x parent=pll-video2-8x rate=792000000 flags=0x0 enable=0 prepare=0
[    5.103354] clk-unused: subtree-done name=pll-video2-3x parent=pll-video2-8x rate=792000000 flags=0x0 enable=0 prepare=0
[    5.114223] clk-unused: child-end name=pll-video2-3x parent=pll-video2-8x rate=792000000 flags=0x0 enable=0 prepare=0
[    5.124828] clk-unused: child-begin name=pll-video2-4x parent=pll-video2-8x rate=1188000000 flags=0x0 enable=0 prepare=0
[    5.135696] clk-unused: child-begin name=isp parent=pll-video2-4x rate=297000000 flags=0x0 enable=0 prepare=0
[    5.145609] clk-unused: enable-lock-begin name=isp parent=pll-video2-4x rate=297000000 flags=0x0 enable=0 prepare=0
[    5.156039] clk-unused: enable-lock-end name=isp parent=pll-video2-4x rate=297000000 flags=0x0 enable=0 prepare=0
[    5.166287] clk-unused: is-enabled-begin name=isp parent=pll-video2-4x rate=297000000 flags=0x0 enable=0 prepare=0
[    5.176622] clk-unused: is-enabled-false name=isp parent=pll-video2-4x rate=297000000 flags=0x0 enable=0 prepare=0
[    5.186956] clk-unused: unlock-begin name=isp parent=pll-video2-4x rate=297000000 flags=0x0 enable=0 prepare=0
[    5.196954] clk-unused: unlock-end name=isp parent=pll-video2-4x rate=297000000 flags=0x0 enable=0 prepare=0
[    5.206778] clk-unused: subtree-done name=isp parent=pll-video2-4x rate=297000000 flags=0x0 enable=0 prepare=0
[    5.216775] clk-unused: child-end name=isp parent=pll-video2-4x rate=297000000 flags=0x0 enable=0 prepare=0
[    5.226520] clk-unused: child-begin name=csi parent=pll-video2-4x rate=297000000 flags=0x0 enable=0 prepare=0
[    5.236433] clk-unused: enable-lock-begin name=csi parent=pll-video2-4x rate=297000000 flags=0x0 enable=0 prepare=0
[    5.246869] clk-unused: enable-lock-end name=csi parent=pll-video2-4x rate=297000000 flags=0x0 enable=0 prepare=0
[    5.257117] clk-unused: is-enabled-begin name=csi parent=pll-video2-4x rate=297000000 flags=0x0 enable=0 prepare=0
[    5.267452] clk-unused: is-enabled-false name=csi parent=pll-video2-4x rate=297000000 flags=0x0 enable=0 prepare=0
[    5.277786] clk-unused: unlock-begin name=csi parent=pll-video2-4x rate=297000000 flags=0x0 enable=0 prepare=0
[    5.287785] clk-unused: unlock-end name=csi parent=pll-video2-4x rate=297000000 flags=0x0 enable=0 prepare=0
[    5.297609] clk-unused: subtree-done name=csi parent=pll-video2-4x rate=297000000 flags=0x0 enable=0 prepare=0
[    5.307606] clk-unused: child-end name=csi parent=pll-video2-4x rate=297000000 flags=0x0 enable=0 prepare=0
[    5.317343] clk-unused: enable-lock-begin name=pll-video2-4x parent=pll-video2-8x rate=1188000000 flags=0x0 enable=0 prepare=0
[    5.328727] clk-unused: enable-lock-end name=pll-video2-4x parent=pll-video2-8x rate=1188000000 flags=0x0 enable=0 prepare=0
[    5.339928] clk-unused: is-enabled-begin name=pll-video2-4x parent=pll-video2-8x rate=1188000000 flags=0x0 enable=0 prepare=0
[    5.351216] clk-unused: is-enabled-true name=pll-video2-4x parent=pll-video2-8x rate=1188000000 flags=0x0 enable=0 prepare=0
[    5.362417] clk-unused: disable-begin name=pll-video2-4x parent=pll-video2-8x rate=1188000000 flags=0x0 enable=0 prepare=0
[    5.373444] clk-unused: disable-end name=pll-video2-4x parent=pll-video2-8x rate=1188000000 flags=0x0 enable=0 prepare=0
[    5.384298] clk-unused: unlock-begin name=pll-video2-4x parent=pll-video2-8x rate=1188000000 flags=0x0 enable=0 prepare=0
[    5.395264] clk-unused: unlock-end name=pll-video2-4x parent=pll-video2-8x rate=1188000000 flags=0x0 enable=0 prepare=0
[    5.406045] clk-unused: subtree-done name=pll-video2-4x parent=pll-video2-8x rate=1188000000 flags=0x0 enable=0 prepare=0
[    5.416996] clk-unused: child-end name=pll-video2-4x parent=pll-video2-8x rate=1188000000 flags=0x0 enable=0 prepare=0
[    5.427686] clk-unused: enable-lock-begin name=pll-video2-8x parent=pll-ref rate=2376000000 flags=0x1 enable=0 prepare=0
[    5.438550] clk-unused: enable-lock-end name=pll-video2-8x parent=pll-ref rate=2376000000 flags=0x1 enable=0 prepare=0
[    5.449231] clk-unused: is-enabled-begin name=pll-video2-8x parent=pll-ref rate=2376000000 flags=0x1 enable=0 prepare=0
[    5.459999] clk-unused: is-enabled-true name=pll-video2-8x parent=pll-ref rate=2376000000 flags=0x1 enable=0 prepare=0
[    5.470680] clk-unused: disable-begin name=pll-video2-8x parent=pll-ref rate=2376000000 flags=0x1 enable=0 prepare=0
[    5.481188] clk-unused: disable-end name=pll-video2-8x parent=pll-ref rate=2376000000 flags=0x1 enable=0 prepare=0
[    5.491522] clk-unused: unlock-begin name=pll-video2-8x parent=pll-ref rate=2376000000 flags=0x1 enable=0 prepare=0
[    5.501957] clk-unused: unlock-end name=pll-video2-8x parent=pll-ref rate=2376000000 flags=0x1 enable=0 prepare=0
[    5.512214] clk-unused: subtree-done name=pll-video2-8x parent=pll-ref rate=2376000000 flags=0x1 enable=0 prepare=0
[    5.522643] clk-unused: child-end name=pll-video2-8x parent=pll-ref rate=2376000000 flags=0x1 enable=0 prepare=0
[    5.532813] clk-unused: child-begin name=pll-video1-8x parent=pll-ref rate=2376000000 flags=0x1 enable=0 prepare=0
[    5.543157] clk-unused: child-begin name=pll-video1-3x parent=pll-video1-8x rate=792000000 flags=0x0 enable=0 prepare=0
[    5.553935] clk-unused: enable-lock-begin name=pll-video1-3x parent=pll-video1-8x rate=792000000 flags=0x0 enable=0 prepare=0
[    5.565232] clk-unused: enable-lock-end name=pll-video1-3x parent=pll-video1-8x rate=792000000 flags=0x0 enable=0 prepare=0
[    5.576347] clk-unused: is-enabled-begin name=pll-video1-3x parent=pll-video1-8x rate=792000000 flags=0x0 enable=0 prepare=0
[    5.587548] clk-unused: is-enabled-true name=pll-video1-3x parent=pll-video1-8x rate=792000000 flags=0x0 enable=0 prepare=0
[    5.598662] clk-unused: disable-begin name=pll-video1-3x parent=pll-video1-8x rate=792000000 flags=0x0 enable=0 prepare=0
[    5.609603] clk-unused: disable-end name=pll-video1-3x parent=pll-video1-8x rate=792000000 flags=0x0 enable=0 prepare=0
[    5.620370] clk-unused: unlock-begin name=pll-video1-3x parent=pll-video1-8x rate=792000000 flags=0x0 enable=0 prepare=0
[    5.631237] clk-unused: unlock-end name=pll-video1-3x parent=pll-video1-8x rate=792000000 flags=0x0 enable=0 prepare=0
[    5.641928] clk-unused: subtree-done name=pll-video1-3x parent=pll-video1-8x rate=792000000 flags=0x0 enable=0 prepare=0
[    5.652798] clk-unused: child-end name=pll-video1-3x parent=pll-video1-8x rate=792000000 flags=0x0 enable=0 prepare=0
[    5.663403] clk-unused: child-begin name=pll-video1-4x parent=pll-video1-8x rate=1188000000 flags=0x0 enable=0 prepare=0
[    5.674267] clk-unused: enable-lock-begin name=pll-video1-4x parent=pll-video1-8x rate=1188000000 flags=0x0 enable=0 prepare=0
[    5.685652] clk-unused: enable-lock-end name=pll-video1-4x parent=pll-video1-8x rate=1188000000 flags=0x0 enable=0 prepare=0
[    5.696853] clk-unused: is-enabled-begin name=pll-video1-4x parent=pll-video1-8x rate=1188000000 flags=0x0 enable=0 prepare=0
[    5.708141] clk-unused: is-enabled-true name=pll-video1-4x parent=pll-video1-8x rate=1188000000 flags=0x0 enable=0 prepare=0
[    5.719342] clk-unused: disable-begin name=pll-video1-4x parent=pll-video1-8x rate=1188000000 flags=0x0 enable=0 prepare=0
[    5.730369] clk-unused: disable-end name=pll-video1-4x parent=pll-video1-8x rate=1188000000 flags=0x0 enable=0 prepare=0
[    5.741223] clk-unused: unlock-begin name=pll-video1-4x parent=pll-video1-8x rate=1188000000 flags=0x0 enable=0 prepare=0
[    5.752183] clk-unused: unlock-end name=pll-video1-4x parent=pll-video1-8x rate=1188000000 flags=0x0 enable=0 prepare=0
[    5.762962] clk-unused: subtree-done name=pll-video1-4x parent=pll-video1-8x rate=1188000000 flags=0x0 enable=0 prepare=0
[    5.773914] clk-unused: child-end name=pll-video1-4x parent=pll-video1-8x rate=1188000000 flags=0x0 enable=0 prepare=0
[    5.784605] clk-unused: enable-lock-begin name=pll-video1-8x parent=pll-ref rate=2376000000 flags=0x1 enable=0 prepare=0
[    5.795468] clk-unused: enable-lock-end name=pll-video1-8x parent=pll-ref rate=2376000000 flags=0x1 enable=0 prepare=0
[    5.806150] clk-unused: is-enabled-begin name=pll-video1-8x parent=pll-ref rate=2376000000 flags=0x1 enable=0 prepare=0
[    5.816918] clk-unused: is-enabled-true name=pll-video1-8x parent=pll-ref rate=2376000000 flags=0x1 enable=0 prepare=0
[    5.827598] clk-unused: disable-begin name=pll-video1-8x parent=pll-ref rate=2376000000 flags=0x1 enable=0 prepare=0
[    5.838106] clk-unused: disable-end name=pll-video1-8x parent=pll-ref rate=2376000000 flags=0x1 enable=0 prepare=0
[    5.848440] clk-unused: unlock-begin name=pll-video1-8x parent=pll-ref rate=2376000000 flags=0x1 enable=0 prepare=0
[    5.858875] clk-unused: unlock-end name=pll-video1-8x parent=pll-ref rate=2376000000 flags=0x1 enable=0 prepare=0
[    5.869132] clk-unused: subtree-done name=pll-video1-8x parent=pll-ref rate=2376000000 flags=0x1 enable=0 prepare=0
[    5.879562] clk-unused: child-end name=pll-video1-8x parent=pll-ref rate=2376000000 flags=0x1 enable=0 prepare=0
[    5.889732] clk-unused: child-begin name=pll-video0-8x parent=pll-ref rate=2376000000 flags=0x1 enable=0 prepare=0
[    5.900076] clk-unused: child-begin name=pll-video0-3x parent=pll-video0-8x rate=792000000 flags=0x0 enable=0 prepare=0
[    5.910861] clk-unused: child-begin name=lpc parent=pll-video0-3x rate=792000000 flags=0x0 enable=0 prepare=0
[    5.920772] clk-unused: enable-lock-begin name=lpc parent=pll-video0-3x rate=792000000 flags=0x0 enable=0 prepare=0
[    5.931203] clk-unused: enable-lock-end name=lpc parent=pll-video0-3x rate=792000000 flags=0x0 enable=0 prepare=0
[    5.941451] clk-unused: is-enabled-begin name=lpc parent=pll-video0-3x rate=792000000 flags=0x0 enable=0 prepare=0
[    5.951785] clk-unused: is-enabled-false name=lpc parent=pll-video0-3x rate=792000000 flags=0x0 enable=0 prepare=0
[    5.962119] clk-unused: unlock-begin name=lpc parent=pll-video0-3x rate=792000000 flags=0x0 enable=0 prepare=0
[    5.972120] clk-unused: unlock-end name=lpc parent=pll-video0-3x rate=792000000 flags=0x0 enable=0 prepare=0
[    5.981944] clk-unused: subtree-done name=lpc parent=pll-video0-3x rate=792000000 flags=0x0 enable=0 prepare=0
[    5.991940] clk-unused: child-end name=lpc parent=pll-video0-3x rate=792000000 flags=0x0 enable=0 prepare=0
[    6.001677] clk-unused: enable-lock-begin name=pll-video0-3x parent=pll-video0-8x rate=792000000 flags=0x0 enable=0 prepare=0
[    6.012974] clk-unused: enable-lock-end name=pll-video0-3x parent=pll-video0-8x rate=792000000 flags=0x0 enable=0 prepare=0
[    6.024088] clk-unused: is-enabled-begin name=pll-video0-3x parent=pll-video0-8x rate=792000000 flags=0x0 enable=0 prepare=0
[    6.035290] clk-unused: is-enabled-true name=pll-video0-3x parent=pll-video0-8x rate=792000000 flags=0x0 enable=0 prepare=0
[    6.046404] clk-unused: disable-begin name=pll-video0-3x parent=pll-video0-8x rate=792000000 flags=0x0 enable=0 prepare=0
[    6.057345] clk-unused: disable-end name=pll-video0-3x parent=pll-video0-8x rate=792000000 flags=0x0 enable=0 prepare=0
[    6.068112] clk-unused: unlock-begin name=pll-video0-3x parent=pll-video0-8x rate=792000000 flags=0x0 enable=0 prepare=0
[    6.078979] clk-unused: unlock-end name=pll-video0-3x parent=pll-video0-8x rate=792000000 flags=0x0 enable=0 prepare=0
[    6.089779] clk-unused: subtree-done name=pll-video0-3x parent=pll-video0-8x rate=792000000 flags=0x0 enable=0 prepare=0
[    6.100648] clk-unused: child-end name=pll-video0-3x parent=pll-video0-8x rate=792000000 flags=0x0 enable=0 prepare=0
[    6.111253] clk-unused: child-begin name=pll-video0-4x parent=pll-video0-8x rate=1188000000 flags=0x0 enable=0 prepare=0
[    6.122117] clk-unused: child-begin name=fanout-27M parent=pll-video0-4x rate=1188000000 flags=0x0 enable=0 prepare=0
[    6.132723] clk-unused: enable-lock-begin name=fanout-27M parent=pll-video0-4x rate=1188000000 flags=0x0 enable=0 prepare=0
[    6.143846] clk-unused: enable-lock-end name=fanout-27M parent=pll-video0-4x rate=1188000000 flags=0x0 enable=0 prepare=0
[    6.154787] clk-unused: is-enabled-begin name=fanout-27M parent=pll-video0-4x rate=1188000000 flags=0x0 enable=0 prepare=0
[    6.165816] clk-unused: is-enabled-false name=fanout-27M parent=pll-video0-4x rate=1188000000 flags=0x0 enable=0 prepare=0
[    6.176843] clk-unused: unlock-begin name=fanout-27M parent=pll-video0-4x rate=1188000000 flags=0x0 enable=0 prepare=0
[    6.187545] clk-unused: unlock-end name=fanout-27M parent=pll-video0-4x rate=1188000000 flags=0x0 enable=0 prepare=0
[    6.198064] clk-unused: subtree-done name=fanout-27M parent=pll-video0-4x rate=1188000000 flags=0x0 enable=0 prepare=0
[    6.208755] clk-unused: child-end name=fanout-27M parent=pll-video0-4x rate=1188000000 flags=0x0 enable=0 prepare=0
[    6.219185] clk-unused: child-begin name=hdmi-tv parent=pll-video0-4x rate=1188000000 flags=0x0 enable=0 prepare=0
[    6.229529] clk-unused: enable-lock-begin name=hdmi-tv parent=pll-video0-4x rate=1188000000 flags=0x0 enable=0 prepare=0
[    6.240393] clk-unused: enable-lock-end name=hdmi-tv parent=pll-video0-4x rate=1188000000 flags=0x0 enable=0 prepare=0
[    6.251074] clk-unused: is-enabled-begin name=hdmi-tv parent=pll-video0-4x rate=1188000000 flags=0x0 enable=0 prepare=0
[    6.261842] clk-unused: is-enabled-false name=hdmi-tv parent=pll-video0-4x rate=1188000000 flags=0x0 enable=0 prepare=0
[    6.272610] clk-unused: unlock-begin name=hdmi-tv parent=pll-video0-4x rate=1188000000 flags=0x0 enable=0 prepare=0
[    6.283047] clk-unused: unlock-end name=hdmi-tv parent=pll-video0-4x rate=1188000000 flags=0x0 enable=0 prepare=0
[    6.293311] clk-unused: subtree-done name=hdmi-tv parent=pll-video0-4x rate=1188000000 flags=0x0 enable=0 prepare=0
[    6.303742] clk-unused: child-end name=hdmi-tv parent=pll-video0-4x rate=1188000000 flags=0x0 enable=0 prepare=0
[    6.313913] clk-unused: child-begin name=edp-tv parent=pll-video0-4x rate=1188000000 flags=0x0 enable=0 prepare=0
[    6.324171] clk-unused: enable-lock-begin name=edp-tv parent=pll-video0-4x rate=1188000000 flags=0x0 enable=0 prepare=0
[    6.334948] clk-unused: enable-lock-end name=edp-tv parent=pll-video0-4x rate=1188000000 flags=0x0 enable=0 prepare=0
[    6.345542] clk-unused: is-enabled-begin name=edp-tv parent=pll-video0-4x rate=1188000000 flags=0x0 enable=0 prepare=0
[    6.356224] clk-unused: is-enabled-false name=edp-tv parent=pll-video0-4x rate=1188000000 flags=0x0 enable=0 prepare=0
[    6.366905] clk-unused: unlock-begin name=edp-tv parent=pll-video0-4x rate=1188000000 flags=0x0 enable=0 prepare=0
[    6.377249] clk-unused: unlock-end name=edp-tv parent=pll-video0-4x rate=1188000000 flags=0x0 enable=0 prepare=0
[    6.387419] clk-unused: subtree-done name=edp-tv parent=pll-video0-4x rate=1188000000 flags=0x0 enable=0 prepare=0
[    6.397765] clk-unused: child-end name=edp-tv parent=pll-video0-4x rate=1188000000 flags=0x0 enable=0 prepare=0
[    6.407858] clk-unused: child-begin name=combphy1 parent=pll-video0-4x rate=1188000000 flags=0x0 enable=0 prepare=0
[    6.418292] clk-unused: enable-lock-begin name=combphy1 parent=pll-video0-4x rate=1188000000 flags=0x0 enable=0 prepare=0
[    6.429250] clk-unused: enable-lock-end name=combphy1 parent=pll-video0-4x rate=1188000000 flags=0x0 enable=0 prepare=0
[    6.440019] clk-unused: is-enabled-begin name=combphy1 parent=pll-video0-4x rate=1188000000 flags=0x0 enable=0 prepare=0
[    6.450873] clk-unused: is-enabled-false name=combphy1 parent=pll-video0-4x rate=1188000000 flags=0x0 enable=0 prepare=0
[    6.461728] clk-unused: unlock-begin name=combphy1 parent=pll-video0-4x rate=1188000000 flags=0x0 enable=0 prepare=0
[    6.472252] clk-unused: unlock-end name=combphy1 parent=pll-video0-4x rate=1188000000 flags=0x0 enable=0 prepare=0
[    6.482598] clk-unused: subtree-done name=combphy1 parent=pll-video0-4x rate=1188000000 flags=0x0 enable=0 prepare=0
[    6.493115] clk-unused: child-end name=combphy1 parent=pll-video0-4x rate=1188000000 flags=0x0 enable=0 prepare=0
[    6.503375] clk-unused: child-begin name=combphy0 parent=pll-video0-4x rate=1188000000 flags=0x0 enable=0 prepare=0
[    6.513806] clk-unused: enable-lock-begin name=combphy0 parent=pll-video0-4x rate=1188000000 flags=0x0 enable=0 prepare=0
[    6.524756] clk-unused: enable-lock-end name=combphy0 parent=pll-video0-4x rate=1188000000 flags=0x0 enable=0 prepare=0
[    6.535524] clk-unused: is-enabled-begin name=combphy0 parent=pll-video0-4x rate=1188000000 flags=0x0 enable=0 prepare=0
[    6.546380] clk-unused: is-enabled-false name=combphy0 parent=pll-video0-4x rate=1188000000 flags=0x0 enable=0 prepare=0
[    6.557234] clk-unused: unlock-begin name=combphy0 parent=pll-video0-4x rate=1188000000 flags=0x0 enable=0 prepare=0
[    6.567751] clk-unused: unlock-end name=combphy0 parent=pll-video0-4x rate=1188000000 flags=0x0 enable=0 prepare=0
[    6.578095] clk-unused: subtree-done name=combphy0 parent=pll-video0-4x rate=1188000000 flags=0x0 enable=0 prepare=0
[    6.588611] clk-unused: child-end name=combphy0 parent=pll-video0-4x rate=1188000000 flags=0x0 enable=0 prepare=0
[    6.598868] clk-unused: child-begin name=tcon-lcd2 parent=pll-video0-4x rate=1188000000 flags=0x0 enable=0 prepare=0
[    6.609388] clk-unused: enable-lock-begin name=tcon-lcd2 parent=pll-video0-4x rate=1188000000 flags=0x0 enable=0 prepare=0
[    6.620426] clk-unused: enable-lock-end name=tcon-lcd2 parent=pll-video0-4x rate=1188000000 flags=0x0 enable=0 prepare=0
[    6.631281] clk-unused: is-enabled-begin name=tcon-lcd2 parent=pll-video0-4x rate=1188000000 flags=0x0 enable=0 prepare=0
[    6.642222] clk-unused: is-enabled-false name=tcon-lcd2 parent=pll-video0-4x rate=1188000000 flags=0x0 enable=0 prepare=0
[    6.653163] clk-unused: unlock-begin name=tcon-lcd2 parent=pll-video0-4x rate=1188000000 flags=0x0 enable=0 prepare=0
[    6.663766] clk-unused: unlock-end name=tcon-lcd2 parent=pll-video0-4x rate=1188000000 flags=0x0 enable=0 prepare=0
[    6.674197] clk-unused: subtree-done name=tcon-lcd2 parent=pll-video0-4x rate=1188000000 flags=0x0 enable=0 prepare=0
[    6.684801] clk-unused: child-end name=tcon-lcd2 parent=pll-video0-4x rate=1188000000 flags=0x0 enable=0 prepare=0
[    6.695144] clk-unused: child-begin name=tcon-lcd1 parent=pll-video0-4x rate=1188000000 flags=0x0 enable=0 prepare=0
[    6.705661] clk-unused: enable-lock-begin name=tcon-lcd1 parent=pll-video0-4x rate=1188000000 flags=0x0 enable=0 prepare=0
[    6.716701] clk-unused: enable-lock-end name=tcon-lcd1 parent=pll-video0-4x rate=1188000000 flags=0x0 enable=0 prepare=0
[    6.727556] clk-unused: is-enabled-begin name=tcon-lcd1 parent=pll-video0-4x rate=1188000000 flags=0x0 enable=0 prepare=0
[    6.738498] clk-unused: is-enabled-false name=tcon-lcd1 parent=pll-video0-4x rate=1188000000 flags=0x0 enable=0 prepare=0
[    6.749438] clk-unused: unlock-begin name=tcon-lcd1 parent=pll-video0-4x rate=1188000000 flags=0x0 enable=0 prepare=0
[    6.760050] clk-unused: unlock-end name=tcon-lcd1 parent=pll-video0-4x rate=1188000000 flags=0x0 enable=0 prepare=0
[    6.770482] clk-unused: subtree-done name=tcon-lcd1 parent=pll-video0-4x rate=1188000000 flags=0x0 enable=0 prepare=0
[    6.781086] clk-unused: child-end name=tcon-lcd1 parent=pll-video0-4x rate=1188000000 flags=0x0 enable=0 prepare=0
[    6.791437] clk-unused: child-begin name=tcon-lcd0 parent=pll-video0-4x rate=1188000000 flags=0x0 enable=0 prepare=0
[    6.801958] clk-unused: enable-lock-begin name=tcon-lcd0 parent=pll-video0-4x rate=1188000000 flags=0x0 enable=0 prepare=0
[    6.812997] clk-unused: enable-lock-end name=tcon-lcd0 parent=pll-video0-4x rate=1188000000 flags=0x0 enable=0 prepare=0
[    6.823852] clk-unused: is-enabled-begin name=tcon-lcd0 parent=pll-video0-4x rate=1188000000 flags=0x0 enable=0 prepare=0
[    6.834793] clk-unused: is-enabled-false name=tcon-lcd0 parent=pll-video0-4x rate=1188000000 flags=0x0 enable=0 prepare=0
[    6.845734] clk-unused: unlock-begin name=tcon-lcd0 parent=pll-video0-4x rate=1188000000 flags=0x0 enable=0 prepare=0
[    6.856341] clk-unused: unlock-end name=tcon-lcd0 parent=pll-video0-4x rate=1188000000 flags=0x0 enable=0 prepare=0
[    6.866773] clk-unused: subtree-done name=tcon-lcd0 parent=pll-video0-4x rate=1188000000 flags=0x0 enable=0 prepare=0
[    6.877376] clk-unused: child-end name=tcon-lcd0 parent=pll-video0-4x rate=1188000000 flags=0x0 enable=0 prepare=0
[    6.887720] clk-unused: child-begin name=eink-panel parent=pll-video0-4x rate=1188000000 flags=0x4 enable=0 prepare=0
[    6.898323] clk-unused: enable-lock-begin name=eink-panel parent=pll-video0-4x rate=1188000000 flags=0x4 enable=0 prepare=0
[    6.909447] clk-unused: enable-lock-end name=eink-panel parent=pll-video0-4x rate=1188000000 flags=0x4 enable=0 prepare=0
[    6.920388] clk-unused: is-enabled-begin name=eink-panel parent=pll-video0-4x rate=1188000000 flags=0x4 enable=0 prepare=0
[    6.931416] clk-unused: is-enabled-false name=eink-panel parent=pll-video0-4x rate=1188000000 flags=0x4 enable=0 prepare=0
[    6.942443] clk-unused: unlock-begin name=eink-panel parent=pll-video0-4x rate=1188000000 flags=0x4 enable=0 prepare=0
[    6.953134] clk-unused: unlock-end name=eink-panel parent=pll-video0-4x rate=1188000000 flags=0x4 enable=0 prepare=0
[    6.963654] clk-unused: subtree-done name=eink-panel parent=pll-video0-4x rate=1188000000 flags=0x4 enable=0 prepare=0
[    6.974344] clk-unused: child-end name=eink-panel parent=pll-video0-4x rate=1188000000 flags=0x4 enable=0 prepare=0
[    6.984774] clk-unused: enable-lock-begin name=pll-video0-4x parent=pll-video0-8x rate=1188000000 flags=0x0 enable=0 prepare=0
[    6.996157] clk-unused: enable-lock-end name=pll-video0-4x parent=pll-video0-8x rate=1188000000 flags=0x0 enable=0 prepare=0
[    7.007359] clk-unused: is-enabled-begin name=pll-video0-4x parent=pll-video0-8x rate=1188000000 flags=0x0 enable=0 prepare=0
[    7.018646] clk-unused: is-enabled-true name=pll-video0-4x parent=pll-video0-8x rate=1188000000 flags=0x0 enable=0 prepare=0
[    7.029847] clk-unused: disable-begin name=pll-video0-4x parent=pll-video0-8x rate=1188000000 flags=0x0 enable=0 prepare=0
[    7.040874] clk-unused: disable-end name=pll-video0-4x parent=pll-video0-8x rate=1188000000 flags=0x0 enable=0 prepare=0
[    7.051728] clk-unused: unlock-begin name=pll-video0-4x parent=pll-video0-8x rate=1188000000 flags=0x0 enable=0 prepare=0
[    7.062687] clk-unused: unlock-end name=pll-video0-4x parent=pll-video0-8x rate=1188000000 flags=0x0 enable=0 prepare=0
[    7.073468] clk-unused: subtree-done name=pll-video0-4x parent=pll-video0-8x rate=1188000000 flags=0x0 enable=0 prepare=0
[    7.084419] clk-unused: child-end name=pll-video0-4x parent=pll-video0-8x rate=1188000000 flags=0x0 enable=0 prepare=0
[    7.095109] clk-unused: enable-lock-begin name=pll-video0-8x parent=pll-ref rate=2376000000 flags=0x1 enable=0 prepare=0
[    7.105973] clk-unused: enable-lock-end name=pll-video0-8x parent=pll-ref rate=2376000000 flags=0x1 enable=0 prepare=0
[    7.116655] clk-unused: is-enabled-begin name=pll-video0-8x parent=pll-ref rate=2376000000 flags=0x1 enable=0 prepare=0
[    7.127423] clk-unused: is-enabled-true name=pll-video0-8x parent=pll-ref rate=2376000000 flags=0x1 enable=0 prepare=0
[    7.138103] clk-unused: disable-begin name=pll-video0-8x parent=pll-ref rate=2376000000 flags=0x1 enable=0 prepare=0
[    7.148611] clk-unused: disable-end name=pll-video0-8x parent=pll-ref rate=2376000000 flags=0x1 enable=0 prepare=0
[    7.158945] clk-unused: unlock-begin name=pll-video0-8x parent=pll-ref rate=2376000000 flags=0x1 enable=0 prepare=0
[    7.169471] clk-unused: unlock-end name=pll-video0-8x parent=pll-ref rate=2376000000 flags=0x1 enable=0 prepare=0
[    7.179737] clk-unused: subtree-done name=pll-video0-8x parent=pll-ref rate=2376000000 flags=0x1 enable=0 prepare=0
[    7.190169] clk-unused: child-end name=pll-video0-8x parent=pll-ref rate=2376000000 flags=0x1 enable=0 prepare=0
[    7.200340] clk-unused: child-begin name=pll-gpu parent=pll-ref rate=840000000 flags=0x1 enable=0 prepare=0
[    7.210077] clk-unused: child-begin name=gpu parent=pll-gpu rate=840000000 flags=0x0 enable=0 prepare=0
[    7.219469] clk-unused: enable-lock-begin name=gpu parent=pll-gpu rate=840000000 flags=0x0 enable=0 prepare=0
[    7.229379] clk-unused: enable-lock-end name=gpu parent=pll-gpu rate=840000000 flags=0x0 enable=0 prepare=0
[    7.239107] clk-unused: is-enabled-begin name=gpu parent=pll-gpu rate=840000000 flags=0x0 enable=0 prepare=0
[    7.248922] clk-unused: is-enabled-false name=gpu parent=pll-gpu rate=840000000 flags=0x0 enable=0 prepare=0
[    7.258736] clk-unused: unlock-begin name=gpu parent=pll-gpu rate=840000000 flags=0x0 enable=0 prepare=0
[    7.268212] clk-unused: unlock-end name=gpu parent=pll-gpu rate=840000000 flags=0x0 enable=0 prepare=0
[    7.277516] clk-unused: subtree-done name=gpu parent=pll-gpu rate=840000000 flags=0x0 enable=0 prepare=0
[    7.286996] clk-unused: child-end name=gpu parent=pll-gpu rate=840000000 flags=0x0 enable=0 prepare=0
[    7.296213] clk-unused: enable-lock-begin name=pll-gpu parent=pll-ref rate=840000000 flags=0x1 enable=0 prepare=0
[    7.306478] clk-unused: enable-lock-end name=pll-gpu parent=pll-ref rate=840000000 flags=0x1 enable=0 prepare=0
[    7.316552] clk-unused: is-enabled-begin name=pll-gpu parent=pll-ref rate=840000000 flags=0x1 enable=0 prepare=0
[    7.326714] clk-unused: is-enabled-false name=pll-gpu parent=pll-ref rate=840000000 flags=0x1 enable=0 prepare=0
[    7.336874] clk-unused: unlock-begin name=pll-gpu parent=pll-ref rate=840000000 flags=0x1 enable=0 prepare=0
[    7.346709] clk-unused: unlock-end name=pll-gpu parent=pll-ref rate=840000000 flags=0x1 enable=0 prepare=0
[    7.356361] clk-unused: subtree-done name=pll-gpu parent=pll-ref rate=840000000 flags=0x1 enable=0 prepare=0
[    7.366184] clk-unused: child-end name=pll-gpu parent=pll-ref rate=840000000 flags=0x1 enable=0 prepare=0
[    7.375748] clk-unused: child-begin name=pll-periph1-4x parent=pll-ref rate=2400000000 flags=0x1 enable=1 prepare=1
[    7.386179] clk-unused: child-begin name=pll-periph1-480M parent=pll-periph1-4x rate=480000000 flags=0x0 enable=0 prepare=0
[    7.397308] clk-unused: child-begin name=pll-periph1-160M parent=pll-periph1-480M rate=160000000 flags=0x0 enable=0 prepare=0
[    7.408606] clk-unused: enable-lock-begin name=pll-periph1-160M parent=pll-periph1-480M rate=160000000 flags=0x0 enable=0 prepare=0
[    7.420422] clk-unused: enable-lock-end name=pll-periph1-160M parent=pll-periph1-480M rate=160000000 flags=0x0 enable=0 prepare=0
[    7.432057] clk-unused: is-enabled-begin name=pll-periph1-160M parent=pll-periph1-480M rate=160000000 flags=0x0 enable=0 prepare=0
[    7.443778] clk-unused: is-enabled-false name=pll-periph1-160M parent=pll-periph1-480M rate=160000000 flags=0x0 enable=0 prepare=0
[    7.455499] clk-unused: unlock-begin name=pll-periph1-160M parent=pll-periph1-480M rate=160000000 flags=0x0 enable=0 prepare=0
[    7.466884] clk-unused: unlock-end name=pll-periph1-160M parent=pll-periph1-480M rate=160000000 flags=0x0 enable=0 prepare=0
[    7.478097] clk-unused: subtree-done name=pll-periph1-160M parent=pll-periph1-480M rate=160000000 flags=0x0 enable=0 prepare=0
[    7.489481] clk-unused: child-end name=pll-periph1-160M parent=pll-periph1-480M rate=160000000 flags=0x0 enable=0 prepare=0
[    7.500607] clk-unused: enable-lock-begin name=pll-periph1-480M parent=pll-periph1-4x rate=480000000 flags=0x0 enable=0 prepare=0
[    7.512251] clk-unused: enable-lock-end name=pll-periph1-480M parent=pll-periph1-4x rate=480000000 flags=0x0 enable=0 prepare=0
[    7.523712] clk-unused: is-enabled-begin name=pll-periph1-480M parent=pll-periph1-4x rate=480000000 flags=0x0 enable=0 prepare=0
[    7.535260] clk-unused: is-enabled-true name=pll-periph1-480M parent=pll-periph1-4x rate=480000000 flags=0x0 enable=0 prepare=0
[    7.546721] clk-unused: disable-begin name=pll-periph1-480M parent=pll-periph1-4x rate=480000000 flags=0x0 enable=0 prepare=0
[    7.558008] clk-unused: disable-end name=pll-periph1-480M parent=pll-periph1-4x rate=480000000 flags=0x0 enable=0 prepare=0
[    7.569122] clk-unused: unlock-begin name=pll-periph1-480M parent=pll-periph1-4x rate=480000000 flags=0x0 enable=0 prepare=0
[    7.580333] clk-unused: unlock-end name=pll-periph1-480M parent=pll-periph1-4x rate=480000000 flags=0x0 enable=0 prepare=0
[    7.591370] clk-unused: subtree-done name=pll-periph1-480M parent=pll-periph1-4x rate=480000000 flags=0x0 enable=0 prepare=0
[    7.602590] clk-unused: child-end name=pll-periph1-480M parent=pll-periph1-4x rate=480000000 flags=0x0 enable=0 prepare=0
[    7.613542] clk-unused: child-begin name=pll-periph1-800M parent=pll-periph1-4x rate=800000000 flags=0x0 enable=0 prepare=0
[    7.624666] clk-unused: enable-lock-begin name=pll-periph1-800M parent=pll-periph1-4x rate=800000000 flags=0x0 enable=0 prepare=0
[    7.636310] clk-unused: enable-lock-end name=pll-periph1-800M parent=pll-periph1-4x rate=800000000 flags=0x0 enable=0 prepare=0
[    7.647772] clk-unused: is-enabled-begin name=pll-periph1-800M parent=pll-periph1-4x rate=800000000 flags=0x0 enable=0 prepare=0
[    7.659320] clk-unused: is-enabled-true name=pll-periph1-800M parent=pll-periph1-4x rate=800000000 flags=0x0 enable=0 prepare=0
[    7.670780] clk-unused: disable-begin name=pll-periph1-800M parent=pll-periph1-4x rate=800000000 flags=0x0 enable=0 prepare=0
[    7.682068] clk-unused: disable-end name=pll-periph1-800M parent=pll-periph1-4x rate=800000000 flags=0x0 enable=0 prepare=0
[    7.693182] clk-unused: unlock-begin name=pll-periph1-800M parent=pll-periph1-4x rate=800000000 flags=0x0 enable=0 prepare=0
[    7.704393] clk-unused: unlock-end name=pll-periph1-800M parent=pll-periph1-4x rate=800000000 flags=0x0 enable=0 prepare=0
[    7.715433] clk-unused: subtree-done name=pll-periph1-800M parent=pll-periph1-4x rate=800000000 flags=0x0 enable=0 prepare=0
